-- The CXX compiler identification is GNU 13.3.0
-- Detecting CXX compiler ABI info
-- Detecting CXX compiler ABI info - done
-- Check for working CXX compiler: /usr/bin/c++ - skipped
-- Detecting CXX compile features
-- Detecting CXX compile features - done
-- Using the single-header code from /home/ws/build/fields2cover/_deps/json-src/single_include/
-- The C compiler identification is GNU 13.3.0
-- Detecting C compiler ABI info
-- Detecting C compiler ABI info - done
-- Check for working C compiler: /usr/bin/cc - skipped
-- Detecting C compile features
-- Detecting C compile features - done
-- Found Python3: /usr/bin/python3 (found version "3.12.3") found components: Interpreter Development Development.Module Development.Embed 
-- Found Python3: /usr/include/python3.12 (found version "3.12.3") found components: NumPy Interpreter Development.Module 
-- Found GDAL: /usr/lib/x86_64-linux-gnu/libgdal.so (found suitable version "3.8.4", minimum required is "3.0") 
-- Found GTest: /usr/lib/x86_64-linux-gnu/cmake/GTest/GTestConfig.cmake (found version "1.14.0")  
-- Configuring done (10.3s)
-- Generating done (0.0s)
-- Build files have been written to: /home/ws/build/fields2cover
[  4%] [32mBuilding CXX object _deps/steering_functions-build/CMakeFiles/steering_functions.dir/src/dubins_state_space/dubins_state_space.cpp.o[0m
[  4%] [32mBuilding CXX object _deps/steering_functions-build/CMakeFiles/steering_functions.dir/src/hc_cc_state_space/cc00_dubins_state_space.cpp.o[0m
[  4%] [32mBuilding CXX object _deps/tinyxml2-build/CMakeFiles/tinyxml2.dir/tinyxml2.cpp.o[0m
[  4%] [32mBuilding CXX object _deps/steering_functions-build/CMakeFiles/steering_functions.dir/src/utilities/utilities.cpp.o[0m
[  4%] [32mBuilding CXX object _deps/steering_functions-build/CMakeFiles/steering_functions.dir/src/reeds_shepp_state_space/reeds_shepp_state_space.cpp.o[0m
[  5%] [32mBuilding CXX object _deps/steering_functions-build/CMakeFiles/steering_functions.dir/src/hc_cc_state_space/cc00_reeds_shepp_state_space.cpp.o[0m
[  6%] [32mBuilding CXX object _deps/steering_functions-build/CMakeFiles/steering_functions.dir/src/hc_cc_state_space/cc_dubins_state_space.cpp.o[0m
[  7%] [32mBuilding CXX object _deps/steering_functions-build/CMakeFiles/steering_functions.dir/src/hc_cc_state_space/cc0pm_dubins_state_space.cpp.o[0m
[  8%] [32mBuilding CXX object _deps/steering_functions-build/CMakeFiles/steering_functions.dir/src/hc_cc_state_space/ccpm0_dubins_state_space.cpp.o[0m
[  8%] [32mBuilding CXX object _deps/steering_functions-build/CMakeFiles/steering_functions.dir/src/hc_cc_state_space/ccpmpm_dubins_state_space.cpp.o[0m
[  9%] [32mBuilding CXX object _deps/steering_functions-build/CMakeFiles/steering_functions.dir/src/hc_cc_state_space/hc00_reeds_shepp_state_space.cpp.o[0m
[ 10%] [32mBuilding CXX object _deps/steering_functions-build/CMakeFiles/steering_functions.dir/src/hc_cc_state_space/configuration.cpp.o[0m
[ 11%] [32mBuilding CXX object _deps/steering_functions-build/CMakeFiles/steering_functions.dir/src/hc_cc_state_space/hc0pm_reeds_shepp_state_space.cpp.o[0m
[ 12%] [32mBuilding CXX object _deps/steering_functions-build/CMakeFiles/steering_functions.dir/src/hc_cc_state_space/hc_cc_circle.cpp.o[0m
[ 12%] [32mBuilding CXX object _deps/steering_functions-build/CMakeFiles/steering_functions.dir/src/hc_cc_state_space/hc_cc_state_space.cpp.o[0m
[ 13%] [32mBuilding CXX object _deps/steering_functions-build/CMakeFiles/steering_functions.dir/src/hc_cc_state_space/hc_reeds_shepp_state_space.cpp.o[0m
[ 14%] [32mBuilding CXX object _deps/steering_functions-build/CMakeFiles/steering_functions.dir/src/hc_cc_state_space/hcpm0_reeds_shepp_state_space.cpp.o[0m
[ 15%] [32mBuilding CXX object _deps/steering_functions-build/CMakeFiles/steering_functions.dir/src/hc_cc_state_space/hcpmpm_reeds_shepp_state_space.cpp.o[0m
[ 16%] [32mBuilding CXX object _deps/steering_functions-build/CMakeFiles/steering_functions.dir/src/hc_cc_state_space/paths.cpp.o[0m
[ 17%] [32m[1mLinking CXX shared library libtinyxml2.so[0m
[ 17%] Built target tinyxml2
[ 18%] [32mBuilding CXX object _deps/tinyxml2-build/CMakeFiles/xmltest.dir/xmltest.cpp.o[0m
[ 18%] [32m[1mLinking CXX shared library libsteering_functions.so[0m
[ 18%] Built target steering_functions
[ 19%] [32mBuilding CXX object CMakeFiles/Fields2Cover.dir/src/fields2cover/objectives/field_coverage.cpp.o[0m
[ 19%] [32mBuilding CXX object CMakeFiles/Fields2Cover.dir/src/fields2cover/headland_generator/constant_headland.cpp.o[0m
[ 20%] [32mBuilding CXX object CMakeFiles/Fields2Cover.dir/src/fields2cover/objectives/direct_dist_path_obj.cpp.o[0m
[ 21%] [32mBuilding CXX object CMakeFiles/Fields2Cover.dir/src/fields2cover/objectives/hg_objective.cpp.o[0m
[ 22%] [32mBuilding CXX object CMakeFiles/Fields2Cover.dir/src/fields2cover/objectives/path_length.cpp.o[0m
[ 23%] [32mBuilding CXX object CMakeFiles/Fields2Cover.dir/src/fields2cover/objectives/n_swath.cpp.o[0m
[ 24%] [32mBuilding CXX object CMakeFiles/Fields2Cover.dir/src/fields2cover/objectives/overlaps.cpp.o[0m
[ 24%] [32mBuilding CXX object CMakeFiles/Fields2Cover.dir/src/fields2cover/objectives/pp_objective.cpp.o[0m
[ 26%] [32mBuilding CXX object CMakeFiles/Fields2Cover.dir/src/fields2cover/objectives/rem_area.cpp.o[0m
[ 26%] [32mBuilding CXX object CMakeFiles/Fields2Cover.dir/src/fields2cover/objectives/sg_objective.cpp.o[0m
[ 27%] [32mBuilding CXX object CMakeFiles/Fields2Cover.dir/src/fields2cover/objectives/rp_objective.cpp.o[0m
[ 28%] [32m[1mLinking CXX executable xmltest[0m
[ 28%] Built target xmltest
[ 29%] [32mBuilding CXX object CMakeFiles/Fields2Cover.dir/src/fields2cover/objectives/swath_length.cpp.o[0m
[ 29%] [32mBuilding CXX object CMakeFiles/Fields2Cover.dir/src/fields2cover/path_planning/dubins_curves.cpp.o[0m
[ 30%] [32mBuilding CXX object CMakeFiles/Fields2Cover.dir/src/fields2cover/path_planning/dubins_curves_cc.cpp.o[0m
[ 31%] [32mBuilding CXX object CMakeFiles/Fields2Cover.dir/src/fields2cover/path_planning/path_planning.cpp.o[0m
[ 32%] [32mBuilding CXX object CMakeFiles/Fields2Cover.dir/src/fields2cover/path_planning/reeds_shepp_curves.cpp.o[0m
[ 33%] [32mBuilding CXX object CMakeFiles/Fields2Cover.dir/src/fields2cover/path_planning/reeds_shepp_curves_hc.cpp.o[0m
[ 34%] [32mBuilding CXX object CMakeFiles/Fields2Cover.dir/src/fields2cover/path_planning/turning_base.cpp.o[0m
[ 34%] [32mBuilding CXX object CMakeFiles/Fields2Cover.dir/src/fields2cover/route_planning/boustrophedon_order.cpp.o[0m
[ 35%] [32mBuilding CXX object CMakeFiles/Fields2Cover.dir/src/fields2cover/route_planning/custom_order.cpp.o[0m
[ 36%] [32mBuilding CXX object CMakeFiles/Fields2Cover.dir/src/fields2cover/route_planning/single_cell_swaths_order_base.cpp.o[0m
[ 37%] [32mBuilding CXX object CMakeFiles/Fields2Cover.dir/src/fields2cover/route_planning/snake_order.cpp.o[0m
[ 38%] [32mBuilding CXX object CMakeFiles/Fields2Cover.dir/src/fields2cover/route_planning/spiral_order.cpp.o[0m
[ 38%] [32mBuilding CXX object CMakeFiles/Fields2Cover.dir/src/fields2cover/swath_generator/brute_force.cpp.o[0m
[ 39%] [32mBuilding CXX object CMakeFiles/Fields2Cover.dir/src/fields2cover/types/Cell.cpp.o[0m
[ 40%] [32mBuilding CXX object CMakeFiles/Fields2Cover.dir/src/fields2cover/types/Cells.cpp.o[0m
[ 41%] [32mBuilding CXX object CMakeFiles/Fields2Cover.dir/src/fields2cover/types/Field.cpp.o[0m
[ 42%] [32mBuilding CXX object CMakeFiles/Fields2Cover.dir/src/fields2cover/types/LineString.cpp.o[0m
[ 42%] [32mBuilding CXX object CMakeFiles/Fields2Cover.dir/src/fields2cover/types/LinearRing.cpp.o[0m
[ 43%] [32mBuilding CXX object CMakeFiles/Fields2Cover.dir/src/fields2cover/types/MultiLineString.cpp.o[0m
[ 44%] [32mBuilding CXX object CMakeFiles/Fields2Cover.dir/src/fields2cover/types/MultiPoint.cpp.o[0m
[ 45%] [32mBuilding CXX object CMakeFiles/Fields2Cover.dir/src/fields2cover/types/Path.cpp.o[0m
[ 46%] [32mBuilding CXX object CMakeFiles/Fields2Cover.dir/src/fields2cover/types/Point.cpp.o[0m
[ 47%] [32mBuilding CXX object CMakeFiles/Fields2Cover.dir/src/fields2cover/types/Route.cpp.o[0m
[ 47%] [32mBuilding CXX object CMakeFiles/Fields2Cover.dir/src/fields2cover/types/Strip.cpp.o[0m
[ 48%] [32mBuilding CXX object CMakeFiles/Fields2Cover.dir/src/fields2cover/types/Swath.cpp.o[0m
[ 49%] [32mBuilding CXX object CMakeFiles/Fields2Cover.dir/src/fields2cover/types/Swaths.cpp.o[0m
[ 50%] [32mBuilding CXX object CMakeFiles/Fields2Cover.dir/src/fields2cover/utils/parser.cpp.o[0m
[ 51%] [32mBuilding CXX object CMakeFiles/Fields2Cover.dir/src/fields2cover/utils/random.cpp.o[0m
[ 51%] [32mBuilding CXX object CMakeFiles/Fields2Cover.dir/src/fields2cover/utils/transformation.cpp.o[0m
[ 52%] [32mBuilding CXX object CMakeFiles/Fields2Cover.dir/src/fields2cover/utils/visualizer.cpp.o[0m
[ 53%] [32m[1mLinking CXX shared library lib/libFields2Cover.so[0m
[ 53%] Built target Fields2Cover
[ 55%] [32mBuilding CXX object tutorials/CMakeFiles/2_objective_functions_tutorial.dir/2_objective_functions.cpp.o[0m
[ 55%] [32mBuilding CXX object tutorials/CMakeFiles/4_swath_generator_tutorial.dir/4_swath_generator.cpp.o[0m
[ 56%] [32mBuilding CXX object tutorials/CMakeFiles/5_route_planning_tutorial.dir/5_route_planning.cpp.o[0m
[ 56%] [32mBuilding CXX object tutorials/CMakeFiles/1_basic_types_tutorial.dir/1_basic_types.cpp.o[0m
[ 57%] [32mBuilding CXX object tutorials/CMakeFiles/3_headland_generator_tutorial.dir/3_headland_generator.cpp.o[0m
[ 58%] [32mBuilding CXX object tests/CMakeFiles/unittests.dir/cpp/headland_generator/const_hl_test.cpp.o[0m
[ 59%] [32mBuilding CXX object tests/CMakeFiles/unittests.dir/cpp/objectives/direct_dist_path_obj_test.cpp.o[0m
[ 60%] [32mBuilding CXX object tests/CMakeFiles/unittests.dir/cpp/objectives/complete_turn_path_obj_test.cpp.o[0m
[ 60%] [32mBuilding CXX object tutorials/CMakeFiles/6_path_planning_tutorial.dir/6_path_planning.cpp.o[0m
[ 60%] [32mBuilding CXX object tests/CMakeFiles/unittests.dir/cpp/objectives/field_coverage_test.cpp.o[0m
[ 61%] [32mBuilding CXX object tutorials/CMakeFiles/7_complete_flow.dir/7_complete_flow.cpp.o[0m
[ 62%] [32mBuilding CXX object tests/CMakeFiles/unittests.dir/cpp/objectives/n_swath_test.cpp.o[0m
[ 62%] [32m[1mLinking CXX executable 3_headland_generator_tutorial[0m
[ 63%] [32m[1mLinking CXX executable 2_objective_functions_tutorial[0m
[ 64%] [32mBuilding CXX object tests/CMakeFiles/unittests.dir/cpp/objectives/overlaps_test.cpp.o[0m
[ 65%] [32m[1mLinking CXX executable 5_route_planning_tutorial[0m
[ 66%] [32m[1mLinking CXX executable 7_complete_flow[0m
[ 67%] [32m[1mLinking CXX executable 1_basic_types_tutorial[0m
[ 67%] Built target 3_headland_generator_tutorial
[ 68%] [32mBuilding CXX object tests/CMakeFiles/unittests.dir/cpp/objectives/path_length_test.cpp.o[0m
[ 69%] [32m[1mLinking CXX executable 4_swath_generator_tutorial[0m
[ 70%] [32m[1mLinking CXX executable 6_path_planning_tutorial[0m
[ 71%] [32mBuilding CXX object tests/CMakeFiles/unittests.dir/cpp/objectives/pp_obj_test.cpp.o[0m
[ 71%] Built target 2_objective_functions_tutorial
[ 71%] [32mBuilding CXX object tests/CMakeFiles/unittests.dir/cpp/objectives/rem_area_test.cpp.o[0m
[ 71%] Built target 5_route_planning_tutorial
[ 72%] [32mBuilding CXX object tests/CMakeFiles/unittests.dir/cpp/objectives/rp_obj_test.cpp.o[0m
[ 72%] Built target 7_complete_flow
[ 73%] [32mBuilding CXX object tests/CMakeFiles/unittests.dir/cpp/objectives/sg_obj_test.cpp.o[0m
[ 74%] [32mBuilding CXX object tests/CMakeFiles/unittests.dir/cpp/objectives/swath_length_test.cpp.o[0m
[ 74%] Built target 4_swath_generator_tutorial
[ 75%] [32mBuilding CXX object tests/CMakeFiles/unittests.dir/cpp/path_planning/dubins_cc_test.cpp.o[0m
[ 75%] Built target 1_basic_types_tutorial
[ 75%] [32mBuilding CXX object tests/CMakeFiles/unittests.dir/cpp/path_planning/dubins_test.cpp.o[0m
[ 76%] [32mBuilding CXX object tests/CMakeFiles/unittests.dir/cpp/path_planning/path_planning_test.cpp.o[0m
[ 76%] Built target 6_path_planning_tutorial
[ 77%] [32mBuilding CXX object tests/CMakeFiles/unittests.dir/cpp/path_planning/reeds_shepp_hc_test.cpp.o[0m
[ 78%] [32mBuilding CXX object tests/CMakeFiles/unittests.dir/cpp/path_planning/reeds_shepp_test.cpp.o[0m
[ 79%] [32mBuilding CXX object tests/CMakeFiles/unittests.dir/cpp/route_planning/boustrophedon_order_test.cpp.o[0m
[ 80%] [32mBuilding CXX object tests/CMakeFiles/unittests.dir/cpp/route_planning/custom_order.cpp.o[0m
[ 80%] [32mBuilding CXX object tests/CMakeFiles/unittests.dir/cpp/route_planning/snake_order_test.cpp.o[0m
[ 81%] [32mBuilding CXX object tests/CMakeFiles/unittests.dir/cpp/route_planning/spiral_order_test.cpp.o[0m
[ 82%] [32mBuilding CXX object tests/CMakeFiles/unittests.dir/cpp/swath_generator/brute_force_test.cpp.o[0m
[ 83%] [32mBuilding CXX object tests/CMakeFiles/unittests.dir/cpp/types/Cell_test.cpp.o[0m
[ 84%] [32mBuilding CXX object tests/CMakeFiles/unittests.dir/cpp/types/Cells_test.cpp.o[0m
[ 84%] [32mBuilding CXX object tests/CMakeFiles/unittests.dir/cpp/types/Field_test.cpp.o[0m
[ 85%] [32mBuilding CXX object tests/CMakeFiles/unittests.dir/cpp/types/Geometries_test.cpp.o[0m
[ 86%] [32mBuilding CXX object tests/CMakeFiles/unittests.dir/cpp/types/Geometry_test.cpp.o[0m
[ 87%] [32mBuilding CXX object tests/CMakeFiles/unittests.dir/cpp/types/LineString_test.cpp.o[0m
[ 88%] [32mBuilding CXX object tests/CMakeFiles/unittests.dir/cpp/types/LinearRing_test.cpp.o[0m
[ 88%] [32mBuilding CXX object tests/CMakeFiles/unittests.dir/cpp/types/MultiLineString_test.cpp.o[0m
[ 89%] [32mBuilding CXX object tests/CMakeFiles/unittests.dir/cpp/types/MultiPoint_test.cpp.o[0m
[ 90%] [32mBuilding CXX object tests/CMakeFiles/unittests.dir/cpp/types/Path_test.cpp.o[0m
[ 91%] [32mBuilding CXX object tests/CMakeFiles/unittests.dir/cpp/types/Point_test.cpp.o[0m
[ 92%] [32mBuilding CXX object tests/CMakeFiles/unittests.dir/cpp/types/Robot_test.cpp.o[0m
[ 93%] [32mBuilding CXX object tests/CMakeFiles/unittests.dir/cpp/types/Route_test.cpp.o[0m
[ 93%] [32mBuilding CXX object tests/CMakeFiles/unittests.dir/cpp/types/Strip_test.cpp.o[0m
[ 94%] [32mBuilding CXX object tests/CMakeFiles/unittests.dir/cpp/types/Swath_test.cpp.o[0m
[ 95%] [32mBuilding CXX object tests/CMakeFiles/unittests.dir/cpp/types/Swaths_test.cpp.o[0m
[ 96%] [32mBuilding CXX object tests/CMakeFiles/unittests.dir/cpp/utils/parser_test.cpp.o[0m
[ 97%] [32mBuilding CXX object tests/CMakeFiles/unittests.dir/cpp/utils/random_test.cpp.o[0m
[ 97%] [32mBuilding CXX object tests/CMakeFiles/unittests.dir/cpp/utils/transform_test.cpp.o[0m
[ 98%] [32mBuilding CXX object tests/CMakeFiles/unittests.dir/cpp/utils/visualizer_test.cpp.o[0m
[ 99%] [32mBuilding CXX object tests/CMakeFiles/unittests.dir/unittests.cpp.o[0m
[100%] [32m[1mLinking CXX executable unittests[0m
[100%] Built target unittests
-- Install configuration: "Release"
-- Installing: /home/ws/install/fields2cover/lib/libtinyxml2.so.9.0.0
-- Installing: /home/ws/install/fields2cover/lib/libtinyxml2.so.9
-- Installing: /home/ws/install/fields2cover/lib/libtinyxml2.so
-- Installing: /home/ws/install/fields2cover/lib/cmake/tinyxml2/tinyxml2-shared-targets.cmake
-- Installing: /home/ws/install/fields2cover/lib/cmake/tinyxml2/tinyxml2-shared-targets-release.cmake
-- Installing: /home/ws/install/fields2cover/lib/cmake/tinyxml2/tinyxml2-config.cmake
-- Installing: /home/ws/install/fields2cover/lib/cmake/tinyxml2/tinyxml2-config-version.cmake
-- Installing: /home/ws/install/fields2cover/include/tinyxml2.h
-- Installing: /home/ws/install/fields2cover/lib/pkgconfig/tinyxml2.pc
-- Installing: /home/ws/install/fields2cover/lib/libsteering_functions.so
-- Installing: /home/ws/install/fields2cover/cmake/spline/splineTargets.cmake
-- Installing: /home/ws/install/fields2cover/cmake/spline/splineConfig.cmake
-- Installing: /home/ws/install/fields2cover/include/spline.h
-- Installing: /home/ws/install/fields2cover/cmake/matplotlib_cpp/matplotlib_cppTargets.cmake
-- Installing: /home/ws/install/fields2cover/cmake/matplotlib_cpp/matplotlib_cppConfig.cmake
-- Installing: /home/ws/install/fields2cover/include/matplotlibcpp.h
-- Installing: /home/ws/install/fields2cover/lib/libFields2Cover.so
-- Set non-toolchain portion of runtime path of "/home/ws/install/fields2cover/lib/libFields2Cover.so" to ""
-- Installing: /home/ws/install/fields2cover/include/fields2cover.h
-- Up-to-date: /home/ws/install/fields2cover/lib/libtinyxml2.so.9.0.0
-- Up-to-date: /home/ws/install/fields2cover/lib/libtinyxml2.so.9
-- Up-to-date: /home/ws/install/fields2cover/lib/libtinyxml2.so
-- Up-to-date: /home/ws/install/fields2cover/lib/libsteering_functions.so
-- Installing: /home/ws/install/fields2cover/cmake/fields2cover/Fields2Cover-shared-Targets.cmake
-- Installing: /home/ws/install/fields2cover/cmake/fields2cover/Fields2Cover-shared-Targets-release.cmake
-- Installing: /home/ws/install/fields2cover/cmake/fields2cover/Fields2CoverConfig.cmake
-- Installing: /home/ws/install/fields2cover/cmake/fields2cover/Fields2CoverConfigVersion.cmake
-- Installing: /home/ws/install/fields2cover/share/Fields2Cover/package.xml
-- Up-to-date: /home/ws/install/fields2cover/include
-- Installing: /home/ws/install/fields2cover/include/fields2cover
-- Installing: /home/ws/install/fields2cover/include/fields2cover/objectives
-- Installing: /home/ws/install/fields2cover/include/fields2cover/objectives/overlaps.h
-- Installing: /home/ws/install/fields2cover/include/fields2cover/objectives/sg_objective.h
-- Installing: /home/ws/install/fields2cover/include/fields2cover/objectives/rem_area.h
-- Installing: /home/ws/install/fields2cover/include/fields2cover/objectives/base_objective.h
-- Installing: /home/ws/install/fields2cover/include/fields2cover/objectives/pp_objective.h
-- Installing: /home/ws/install/fields2cover/include/fields2cover/objectives/complete_turn_path_obj.h
-- Installing: /home/ws/install/fields2cover/include/fields2cover/objectives/field_coverage.h
-- Installing: /home/ws/install/fields2cover/include/fields2cover/objectives/path_length.h
-- Installing: /home/ws/install/fields2cover/include/fields2cover/objectives/n_swath.h
-- Installing: /home/ws/install/fields2cover/include/fields2cover/objectives/hg_objective.h
-- Installing: /home/ws/install/fields2cover/include/fields2cover/objectives/rp_objective.h
-- Installing: /home/ws/install/fields2cover/include/fields2cover/objectives/swath_length.h
-- Installing: /home/ws/install/fields2cover/include/fields2cover/objectives/direct_dist_path_obj.h
-- Installing: /home/ws/install/fields2cover/include/fields2cover/swath_generator
-- Installing: /home/ws/install/fields2cover/include/fields2cover/swath_generator/swath_generator_base.h
-- Installing: /home/ws/install/fields2cover/include/fields2cover/swath_generator/brute_force.h
-- Installing: /home/ws/install/fields2cover/include/fields2cover/swath_generator/swath_generator_base_impl.hpp
-- Installing: /home/ws/install/fields2cover/include/fields2cover/utils
-- Installing: /home/ws/install/fields2cover/include/fields2cover/utils/transformation.h
-- Installing: /home/ws/install/fields2cover/include/fields2cover/utils/parser.h
-- Installing: /home/ws/install/fields2cover/include/fields2cover/utils/random.h
-- Installing: /home/ws/install/fields2cover/include/fields2cover/utils/visualizer.h
-- Installing: /home/ws/install/fields2cover/include/fields2cover/path_planning
-- Installing: /home/ws/install/fields2cover/include/fields2cover/path_planning/turning_base.h
-- Installing: /home/ws/install/fields2cover/include/fields2cover/path_planning/reeds_shepp_curves_hc.h
-- Installing: /home/ws/install/fields2cover/include/fields2cover/path_planning/dubins_curves.h
-- Installing: /home/ws/install/fields2cover/include/fields2cover/path_planning/steer_to_path.hpp
-- Installing: /home/ws/install/fields2cover/include/fields2cover/path_planning/reeds_shepp_curves.h
-- Installing: /home/ws/install/fields2cover/include/fields2cover/path_planning/dubins_curves_cc.h
-- Installing: /home/ws/install/fields2cover/include/fields2cover/path_planning/path_planning.h
-- Installing: /home/ws/install/fields2cover/include/fields2cover/types.h
-- Installing: /home/ws/install/fields2cover/include/fields2cover/headland_generator
-- Installing: /home/ws/install/fields2cover/include/fields2cover/headland_generator/headland_generator_base.h
-- Installing: /home/ws/install/fields2cover/include/fields2cover/headland_generator/constant_headland.h
-- Installing: /home/ws/install/fields2cover/include/fields2cover/types
-- Installing: /home/ws/install/fields2cover/include/fields2cover/types/MultiPoint.h
-- Installing: /home/ws/install/fields2cover/include/fields2cover/types/Route.h
-- Installing: /home/ws/install/fields2cover/include/fields2cover/types/Geometries.h
-- Installing: /home/ws/install/fields2cover/include/fields2cover/types/Swaths.h
-- Installing: /home/ws/install/fields2cover/include/fields2cover/types/Robot.h
-- Installing: /home/ws/install/fields2cover/include/fields2cover/types/MultiLineString.h
-- Installing: /home/ws/install/fields2cover/include/fields2cover/types/Path.h
-- Installing: /home/ws/install/fields2cover/include/fields2cover/types/Geometry.h
-- Installing: /home/ws/install/fields2cover/include/fields2cover/types/Cell.h
-- Installing: /home/ws/install/fields2cover/include/fields2cover/types/Geometries_impl.hpp
-- Installing: /home/ws/install/fields2cover/include/fields2cover/types/Strip.h
-- Installing: /home/ws/install/fields2cover/include/fields2cover/types/Cells.h
-- Installing: /home/ws/install/fields2cover/include/fields2cover/types/Field.h
-- Installing: /home/ws/install/fields2cover/include/fields2cover/types/Geometry_impl.hpp
-- Installing: /home/ws/install/fields2cover/include/fields2cover/types/Swath.h
-- Installing: /home/ws/install/fields2cover/include/fields2cover/types/LinearRing.h
-- Installing: /home/ws/install/fields2cover/include/fields2cover/types/OptimizationParams.h
-- Installing: /home/ws/install/fields2cover/include/fields2cover/types/Point.h
-- Installing: /home/ws/install/fields2cover/include/fields2cover/types/LineString.h
-- Installing: /home/ws/install/fields2cover/include/fields2cover/route_planning
-- Installing: /home/ws/install/fields2cover/include/fields2cover/route_planning/boustrophedon_order.h
-- Installing: /home/ws/install/fields2cover/include/fields2cover/route_planning/custom_order.h
-- Installing: /home/ws/install/fields2cover/include/fields2cover/route_planning/single_cell_swaths_order_base.h
-- Installing: /home/ws/install/fields2cover/include/fields2cover/route_planning/snake_order.h
-- Installing: /home/ws/install/fields2cover/include/fields2cover/route_planning/spiral_order.h
-- Up-to-date: /home/ws/install/fields2cover/include/fields2cover.h
