[0.006s] Invoking command in '/home/ws/build/fields2cover': CMAKE_PREFIX_PATH=${CMAKE_PREFIX_PATH}:/opt/ros/jazzy /usr/bin/cmake /home/ws/src/Fields2Cover -DCMAKE_INSTALL_PREFIX=/home/ws/install/fields2cover
[0.054s] -- The CXX compiler identification is GNU 13.3.0
[0.066s] -- Detecting CXX compiler ABI info
[0.144s] -- Detecting CXX compiler ABI info - done
[0.149s] -- Check for working CXX compiler: /usr/bin/c++ - skipped
[0.149s] -- Detecting CXX compile features
[0.149s] -- Detecting CXX compile features - done
[1.058s] [0mCMake Deprecation Warning at /home/ws/build/fields2cover/_deps/json-src/CMakeLists.txt:1 (cmake_minimum_required):
[1.058s]   Compatibility with CMake < 3.5 will be removed from a future version of
[1.058s]   CMake.
[1.058s] 
[1.058s]   Update the VERSION argument <min> value or use a ...<max> suffix to tell
[1.058s]   CMake that the project does not need compatibility with older versions.
[1.058s] 
[1.058s] [0m
[1.061s] -- Using the single-header code from /home/ws/build/fields2cover/_deps/json-src/single_include/
[3.110s] -- The C compiler identification is GNU 13.3.0
[3.121s] -- Detecting C compiler ABI info
[3.207s] -- Detecting C compiler ABI info - done
[3.214s] -- Check for working C compiler: /usr/bin/cc - skipped
[3.214s] -- Detecting C compile features
[3.214s] -- Detecting C compile features - done
[10.051s] -- Found Python3: /usr/bin/python3 (found version "3.12.3") found components: Interpreter Development Development.Module Development.Embed 
[10.194s] -- Found Python3: /usr/include/python3.12 (found version "3.12.3") found components: NumPy Interpreter Development.Module 
[10.201s] -- Found GDAL: /usr/lib/x86_64-linux-gnu/libgdal.so (found suitable version "3.8.4", minimum required is "3.0") 
[10.295s] -- Found GTest: /usr/lib/x86_64-linux-gnu/cmake/GTest/GTestConfig.cmake (found version "1.14.0")  
[10.300s] -- Configuring done (10.3s)
[10.336s] -- Generating done (0.0s)
[10.345s] -- Build files have been written to: /home/ws/build/fields2cover
[10.350s] Invoked command in '/home/ws/build/fields2cover' returned '0': CMAKE_PREFIX_PATH=${CMAKE_PREFIX_PATH}:/opt/ros/jazzy /usr/bin/cmake /home/ws/src/Fields2Cover -DCMAKE_INSTALL_PREFIX=/home/ws/install/fields2cover
[10.351s] Invoking command in '/home/ws/build/fields2cover': CMAKE_PREFIX_PATH=${CMAKE_PREFIX_PATH}:/opt/ros/jazzy /usr/bin/cmake --build /home/ws/build/fields2cover -- -j12 -l12
[10.396s] [  4%] [32mBuilding CXX object _deps/steering_functions-build/CMakeFiles/steering_functions.dir/src/dubins_state_space/dubins_state_space.cpp.o[0m
[10.396s] [  4%] [32mBuilding CXX object _deps/steering_functions-build/CMakeFiles/steering_functions.dir/src/hc_cc_state_space/cc00_dubins_state_space.cpp.o[0m
[10.396s] [  4%] [32mBuilding CXX object _deps/tinyxml2-build/CMakeFiles/tinyxml2.dir/tinyxml2.cpp.o[0m
[10.396s] [  4%] [32mBuilding CXX object _deps/steering_functions-build/CMakeFiles/steering_functions.dir/src/utilities/utilities.cpp.o[0m
[10.396s] [  4%] [32mBuilding CXX object _deps/steering_functions-build/CMakeFiles/steering_functions.dir/src/reeds_shepp_state_space/reeds_shepp_state_space.cpp.o[0m
[10.397s] [  5%] [32mBuilding CXX object _deps/steering_functions-build/CMakeFiles/steering_functions.dir/src/hc_cc_state_space/cc00_reeds_shepp_state_space.cpp.o[0m
[10.398s] [  6%] [32mBuilding CXX object _deps/steering_functions-build/CMakeFiles/steering_functions.dir/src/hc_cc_state_space/cc_dubins_state_space.cpp.o[0m
[10.400s] [  7%] [32mBuilding CXX object _deps/steering_functions-build/CMakeFiles/steering_functions.dir/src/hc_cc_state_space/cc0pm_dubins_state_space.cpp.o[0m
[10.405s] [  8%] [32mBuilding CXX object _deps/steering_functions-build/CMakeFiles/steering_functions.dir/src/hc_cc_state_space/ccpm0_dubins_state_space.cpp.o[0m
[10.405s] [  8%] [32mBuilding CXX object _deps/steering_functions-build/CMakeFiles/steering_functions.dir/src/hc_cc_state_space/ccpmpm_dubins_state_space.cpp.o[0m
[10.418s] [  9%] [32mBuilding CXX object _deps/steering_functions-build/CMakeFiles/steering_functions.dir/src/hc_cc_state_space/hc00_reeds_shepp_state_space.cpp.o[0m
[10.426s] [ 10%] [32mBuilding CXX object _deps/steering_functions-build/CMakeFiles/steering_functions.dir/src/hc_cc_state_space/configuration.cpp.o[0m
[10.805s] [ 11%] [32mBuilding CXX object _deps/steering_functions-build/CMakeFiles/steering_functions.dir/src/hc_cc_state_space/hc0pm_reeds_shepp_state_space.cpp.o[0m
[11.026s] [ 12%] [32mBuilding CXX object _deps/steering_functions-build/CMakeFiles/steering_functions.dir/src/hc_cc_state_space/hc_cc_circle.cpp.o[0m
[11.111s] [ 12%] [32mBuilding CXX object _deps/steering_functions-build/CMakeFiles/steering_functions.dir/src/hc_cc_state_space/hc_cc_state_space.cpp.o[0m
[11.135s] [ 13%] [32mBuilding CXX object _deps/steering_functions-build/CMakeFiles/steering_functions.dir/src/hc_cc_state_space/hc_reeds_shepp_state_space.cpp.o[0m
[11.150s] [ 14%] [32mBuilding CXX object _deps/steering_functions-build/CMakeFiles/steering_functions.dir/src/hc_cc_state_space/hcpm0_reeds_shepp_state_space.cpp.o[0m
[11.160s] [ 15%] [32mBuilding CXX object _deps/steering_functions-build/CMakeFiles/steering_functions.dir/src/hc_cc_state_space/hcpmpm_reeds_shepp_state_space.cpp.o[0m
[11.169s] [ 16%] [32mBuilding CXX object _deps/steering_functions-build/CMakeFiles/steering_functions.dir/src/hc_cc_state_space/paths.cpp.o[0m
[11.619s] [ 17%] [32m[1mLinking CXX shared library libtinyxml2.so[0m
[11.708s] [ 17%] Built target tinyxml2
[11.731s] [ 18%] [32mBuilding CXX object _deps/tinyxml2-build/CMakeFiles/xmltest.dir/xmltest.cpp.o[0m
[11.807s] [01m[K/home/ws/build/fields2cover/_deps/tinyxml2-src/xmltest.cpp:[m[K In function ‘[01m[Kint[01;32m[K main[m[K(int, const char**)[m[K’:
[11.807s] [01m[K/home/ws/build/fields2cover/_deps/tinyxml2-src/xmltest.cpp:711:38:[m[K [01;35m[Kwarning: [m[Kignoring return value of ‘[01m[Kchar*[01;32m[K fgets[m[K(char*, int, FILE*)[m[K’ declared with attribute ‘[01m[Kwarn_unused_result[m[K’ [[01;35m[K]8;;https://gcc.gnu.org/onlinedocs/gcc/Warning-Options.html#index-Wunused-result-Wunused-result]8;;[m[K]
[11.807s]   711 |                                 [01;35m[Kfgets( savedBuf, 256, saved )[m[K;
[11.807s]       |                                 [01;35m[K~~~~~^~~~~~~~~~~~~~~~~~~~~~~~[m[K
[11.807s] [01m[K/home/ws/build/fields2cover/_deps/tinyxml2-src/xmltest.cpp:1195:30:[m[K [01;35m[Kwarning: [m[Kignoring return value of ‘[01m[Kchar*[01;32m[K fgets[m[K(char*, int, FILE*)[m[K’ declared with attribute ‘[01m[Kwarn_unused_result[m[K’ [[01;35m[K]8;;https://gcc.gnu.org/onlinedocs/gcc/Warning-Options.html#index-Wunused-result-Wunused-result]8;;[m[K]
[11.807s]  1195 |                         [01;35m[Kfgets( buf, 1024, textfile )[m[K;
[11.807s]       |                         [01;35m[K~~~~~^~~~~~~~~~~~~~~~~~~~~~~[m[K
[12.238s] [ 18%] [32m[1mLinking CXX shared library libsteering_functions.so[0m
[12.326s] [ 18%] Built target steering_functions
[12.356s] [ 19%] [32mBuilding CXX object CMakeFiles/Fields2Cover.dir/src/fields2cover/objectives/field_coverage.cpp.o[0m
[12.356s] [ 19%] [32mBuilding CXX object CMakeFiles/Fields2Cover.dir/src/fields2cover/headland_generator/constant_headland.cpp.o[0m
[12.356s] [ 20%] [32mBuilding CXX object CMakeFiles/Fields2Cover.dir/src/fields2cover/objectives/direct_dist_path_obj.cpp.o[0m
[12.356s] [ 21%] [32mBuilding CXX object CMakeFiles/Fields2Cover.dir/src/fields2cover/objectives/hg_objective.cpp.o[0m
[12.360s] [ 22%] [32mBuilding CXX object CMakeFiles/Fields2Cover.dir/src/fields2cover/objectives/path_length.cpp.o[0m
[12.360s] [ 23%] [32mBuilding CXX object CMakeFiles/Fields2Cover.dir/src/fields2cover/objectives/n_swath.cpp.o[0m
[12.361s] [ 24%] [32mBuilding CXX object CMakeFiles/Fields2Cover.dir/src/fields2cover/objectives/overlaps.cpp.o[0m
[12.362s] [ 24%] [32mBuilding CXX object CMakeFiles/Fields2Cover.dir/src/fields2cover/objectives/pp_objective.cpp.o[0m
[12.374s] [ 26%] [32mBuilding CXX object CMakeFiles/Fields2Cover.dir/src/fields2cover/objectives/rem_area.cpp.o[0m
[12.374s] [ 26%] [32mBuilding CXX object CMakeFiles/Fields2Cover.dir/src/fields2cover/objectives/sg_objective.cpp.o[0m
[12.377s] [ 27%] [32mBuilding CXX object CMakeFiles/Fields2Cover.dir/src/fields2cover/objectives/rp_objective.cpp.o[0m
[12.859s] [ 28%] [32m[1mLinking CXX executable xmltest[0m
[13.101s] [ 28%] Built target xmltest
[13.126s] [ 29%] [32mBuilding CXX object CMakeFiles/Fields2Cover.dir/src/fields2cover/objectives/swath_length.cpp.o[0m
[13.543s] [ 29%] [32mBuilding CXX object CMakeFiles/Fields2Cover.dir/src/fields2cover/path_planning/dubins_curves.cpp.o[0m
[13.623s] [ 30%] [32mBuilding CXX object CMakeFiles/Fields2Cover.dir/src/fields2cover/path_planning/dubins_curves_cc.cpp.o[0m
[13.644s] [ 31%] [32mBuilding CXX object CMakeFiles/Fields2Cover.dir/src/fields2cover/path_planning/path_planning.cpp.o[0m
[13.815s] [ 32%] [32mBuilding CXX object CMakeFiles/Fields2Cover.dir/src/fields2cover/path_planning/reeds_shepp_curves.cpp.o[0m
[13.845s] [ 33%] [32mBuilding CXX object CMakeFiles/Fields2Cover.dir/src/fields2cover/path_planning/reeds_shepp_curves_hc.cpp.o[0m
[13.869s] [ 34%] [32mBuilding CXX object CMakeFiles/Fields2Cover.dir/src/fields2cover/path_planning/turning_base.cpp.o[0m
[13.913s] [ 34%] [32mBuilding CXX object CMakeFiles/Fields2Cover.dir/src/fields2cover/route_planning/boustrophedon_order.cpp.o[0m
[13.954s] [ 35%] [32mBuilding CXX object CMakeFiles/Fields2Cover.dir/src/fields2cover/route_planning/custom_order.cpp.o[0m
[14.060s] [ 36%] [32mBuilding CXX object CMakeFiles/Fields2Cover.dir/src/fields2cover/route_planning/single_cell_swaths_order_base.cpp.o[0m
[14.258s] [ 37%] [32mBuilding CXX object CMakeFiles/Fields2Cover.dir/src/fields2cover/route_planning/snake_order.cpp.o[0m
[14.286s] [ 38%] [32mBuilding CXX object CMakeFiles/Fields2Cover.dir/src/fields2cover/route_planning/spiral_order.cpp.o[0m
[14.295s] [ 38%] [32mBuilding CXX object CMakeFiles/Fields2Cover.dir/src/fields2cover/swath_generator/brute_force.cpp.o[0m
[14.890s] [ 39%] [32mBuilding CXX object CMakeFiles/Fields2Cover.dir/src/fields2cover/types/Cell.cpp.o[0m
[15.045s] [ 40%] [32mBuilding CXX object CMakeFiles/Fields2Cover.dir/src/fields2cover/types/Cells.cpp.o[0m
[15.186s] [ 41%] [32mBuilding CXX object CMakeFiles/Fields2Cover.dir/src/fields2cover/types/Field.cpp.o[0m
[15.310s] [ 42%] [32mBuilding CXX object CMakeFiles/Fields2Cover.dir/src/fields2cover/types/LineString.cpp.o[0m
[15.367s] [ 42%] [32mBuilding CXX object CMakeFiles/Fields2Cover.dir/src/fields2cover/types/LinearRing.cpp.o[0m
[15.451s] [ 43%] [32mBuilding CXX object CMakeFiles/Fields2Cover.dir/src/fields2cover/types/MultiLineString.cpp.o[0m
[15.465s] [ 44%] [32mBuilding CXX object CMakeFiles/Fields2Cover.dir/src/fields2cover/types/MultiPoint.cpp.o[0m
[15.488s] [ 45%] [32mBuilding CXX object CMakeFiles/Fields2Cover.dir/src/fields2cover/types/Path.cpp.o[0m
[15.816s] [ 46%] [32mBuilding CXX object CMakeFiles/Fields2Cover.dir/src/fields2cover/types/Point.cpp.o[0m
[15.881s] [ 47%] [32mBuilding CXX object CMakeFiles/Fields2Cover.dir/src/fields2cover/types/Route.cpp.o[0m
[15.897s] [ 47%] [32mBuilding CXX object CMakeFiles/Fields2Cover.dir/src/fields2cover/types/Strip.cpp.o[0m
[15.908s] [ 48%] [32mBuilding CXX object CMakeFiles/Fields2Cover.dir/src/fields2cover/types/Swath.cpp.o[0m
[16.453s] [ 49%] [32mBuilding CXX object CMakeFiles/Fields2Cover.dir/src/fields2cover/types/Swaths.cpp.o[0m
[16.611s] [ 50%] [32mBuilding CXX object CMakeFiles/Fields2Cover.dir/src/fields2cover/utils/parser.cpp.o[0m
[16.635s] [ 51%] [32mBuilding CXX object CMakeFiles/Fields2Cover.dir/src/fields2cover/utils/random.cpp.o[0m
[16.794s] [ 51%] [32mBuilding CXX object CMakeFiles/Fields2Cover.dir/src/fields2cover/utils/transformation.cpp.o[0m
[16.809s] [ 52%] [32mBuilding CXX object CMakeFiles/Fields2Cover.dir/src/fields2cover/utils/visualizer.cpp.o[0m
[18.449s] [ 53%] [32m[1mLinking CXX shared library lib/libFields2Cover.so[0m
[19.607s] [ 53%] Built target Fields2Cover
[19.631s] [ 55%] [32mBuilding CXX object tutorials/CMakeFiles/2_objective_functions_tutorial.dir/2_objective_functions.cpp.o[0m
[19.631s] [ 55%] [32mBuilding CXX object tutorials/CMakeFiles/4_swath_generator_tutorial.dir/4_swath_generator.cpp.o[0m
[19.632s] [ 56%] [32mBuilding CXX object tutorials/CMakeFiles/5_route_planning_tutorial.dir/5_route_planning.cpp.o[0m
[19.632s] [ 56%] [32mBuilding CXX object tutorials/CMakeFiles/1_basic_types_tutorial.dir/1_basic_types.cpp.o[0m
[19.632s] [ 57%] [32mBuilding CXX object tutorials/CMakeFiles/3_headland_generator_tutorial.dir/3_headland_generator.cpp.o[0m
[19.632s] [ 58%] [32mBuilding CXX object tests/CMakeFiles/unittests.dir/cpp/headland_generator/const_hl_test.cpp.o[0m
[19.632s] [ 59%] [32mBuilding CXX object tests/CMakeFiles/unittests.dir/cpp/objectives/direct_dist_path_obj_test.cpp.o[0m
[19.632s] [ 60%] [32mBuilding CXX object tests/CMakeFiles/unittests.dir/cpp/objectives/complete_turn_path_obj_test.cpp.o[0m
[19.636s] [ 60%] [32mBuilding CXX object tutorials/CMakeFiles/6_path_planning_tutorial.dir/6_path_planning.cpp.o[0m
[19.639s] [ 60%] [32mBuilding CXX object tests/CMakeFiles/unittests.dir/cpp/objectives/field_coverage_test.cpp.o[0m
[19.645s] [ 61%] [32mBuilding CXX object tutorials/CMakeFiles/7_complete_flow.dir/7_complete_flow.cpp.o[0m
[19.653s] [ 62%] [32mBuilding CXX object tests/CMakeFiles/unittests.dir/cpp/objectives/n_swath_test.cpp.o[0m
[21.132s] [ 62%] [32m[1mLinking CXX executable 3_headland_generator_tutorial[0m
[21.373s] [ 63%] [32m[1mLinking CXX executable 2_objective_functions_tutorial[0m
[21.534s] [ 64%] [32mBuilding CXX object tests/CMakeFiles/unittests.dir/cpp/objectives/overlaps_test.cpp.o[0m
[21.549s] [ 65%] [32m[1mLinking CXX executable 5_route_planning_tutorial[0m
[21.561s] [ 66%] [32m[1mLinking CXX executable 7_complete_flow[0m
[21.605s] [ 67%] [32m[1mLinking CXX executable 1_basic_types_tutorial[0m
[21.621s] [ 67%] Built target 3_headland_generator_tutorial
[21.647s] [ 68%] [32mBuilding CXX object tests/CMakeFiles/unittests.dir/cpp/objectives/path_length_test.cpp.o[0m
[21.747s] [ 69%] [32m[1mLinking CXX executable 4_swath_generator_tutorial[0m
[21.775s] [ 70%] [32m[1mLinking CXX executable 6_path_planning_tutorial[0m
[21.783s] [ 71%] [32mBuilding CXX object tests/CMakeFiles/unittests.dir/cpp/objectives/pp_obj_test.cpp.o[0m
[21.859s] [ 71%] Built target 2_objective_functions_tutorial
[21.885s] [ 71%] [32mBuilding CXX object tests/CMakeFiles/unittests.dir/cpp/objectives/rem_area_test.cpp.o[0m
[21.916s] [ 71%] Built target 5_route_planning_tutorial
[21.927s] [ 72%] [32mBuilding CXX object tests/CMakeFiles/unittests.dir/cpp/objectives/rp_obj_test.cpp.o[0m
[21.931s] [ 72%] Built target 7_complete_flow
[21.962s] [ 73%] [32mBuilding CXX object tests/CMakeFiles/unittests.dir/cpp/objectives/sg_obj_test.cpp.o[0m
[22.041s] [ 74%] [32mBuilding CXX object tests/CMakeFiles/unittests.dir/cpp/objectives/swath_length_test.cpp.o[0m
[22.098s] [ 74%] Built target 4_swath_generator_tutorial
[22.108s] [ 75%] [32mBuilding CXX object tests/CMakeFiles/unittests.dir/cpp/path_planning/dubins_cc_test.cpp.o[0m
[22.108s] [ 75%] Built target 1_basic_types_tutorial
[22.125s] [ 75%] [32mBuilding CXX object tests/CMakeFiles/unittests.dir/cpp/path_planning/dubins_test.cpp.o[0m
[22.165s] [ 76%] [32mBuilding CXX object tests/CMakeFiles/unittests.dir/cpp/path_planning/path_planning_test.cpp.o[0m
[22.205s] [ 76%] Built target 6_path_planning_tutorial
[22.233s] [ 77%] [32mBuilding CXX object tests/CMakeFiles/unittests.dir/cpp/path_planning/reeds_shepp_hc_test.cpp.o[0m
[22.482s] [ 78%] [32mBuilding CXX object tests/CMakeFiles/unittests.dir/cpp/path_planning/reeds_shepp_test.cpp.o[0m
[23.223s] [ 79%] [32mBuilding CXX object tests/CMakeFiles/unittests.dir/cpp/route_planning/boustrophedon_order_test.cpp.o[0m
[23.669s] [ 80%] [32mBuilding CXX object tests/CMakeFiles/unittests.dir/cpp/route_planning/custom_order.cpp.o[0m
[23.784s] [ 80%] [32mBuilding CXX object tests/CMakeFiles/unittests.dir/cpp/route_planning/snake_order_test.cpp.o[0m
[23.836s] [ 81%] [32mBuilding CXX object tests/CMakeFiles/unittests.dir/cpp/route_planning/spiral_order_test.cpp.o[0m
[23.851s] [ 82%] [32mBuilding CXX object tests/CMakeFiles/unittests.dir/cpp/swath_generator/brute_force_test.cpp.o[0m
[24.071s] [ 83%] [32mBuilding CXX object tests/CMakeFiles/unittests.dir/cpp/types/Cell_test.cpp.o[0m
[24.309s] [ 84%] [32mBuilding CXX object tests/CMakeFiles/unittests.dir/cpp/types/Cells_test.cpp.o[0m
[24.321s] [ 84%] [32mBuilding CXX object tests/CMakeFiles/unittests.dir/cpp/types/Field_test.cpp.o[0m
[24.407s] [ 85%] [32mBuilding CXX object tests/CMakeFiles/unittests.dir/cpp/types/Geometries_test.cpp.o[0m
[24.537s] [ 86%] [32mBuilding CXX object tests/CMakeFiles/unittests.dir/cpp/types/Geometry_test.cpp.o[0m
[24.603s] [ 87%] [32mBuilding CXX object tests/CMakeFiles/unittests.dir/cpp/types/LineString_test.cpp.o[0m
[24.624s] [ 88%] [32mBuilding CXX object tests/CMakeFiles/unittests.dir/cpp/types/LinearRing_test.cpp.o[0m
[25.506s] [ 88%] [32mBuilding CXX object tests/CMakeFiles/unittests.dir/cpp/types/MultiLineString_test.cpp.o[0m
[25.657s] [ 89%] [32mBuilding CXX object tests/CMakeFiles/unittests.dir/cpp/types/MultiPoint_test.cpp.o[0m
[26.057s] [ 90%] [32mBuilding CXX object tests/CMakeFiles/unittests.dir/cpp/types/Path_test.cpp.o[0m
[26.220s] [ 91%] [32mBuilding CXX object tests/CMakeFiles/unittests.dir/cpp/types/Point_test.cpp.o[0m
[26.577s] [ 92%] [32mBuilding CXX object tests/CMakeFiles/unittests.dir/cpp/types/Robot_test.cpp.o[0m
[26.676s] [ 93%] [32mBuilding CXX object tests/CMakeFiles/unittests.dir/cpp/types/Route_test.cpp.o[0m
[26.874s] [ 93%] [32mBuilding CXX object tests/CMakeFiles/unittests.dir/cpp/types/Strip_test.cpp.o[0m
[27.069s] [ 94%] [32mBuilding CXX object tests/CMakeFiles/unittests.dir/cpp/types/Swath_test.cpp.o[0m
[27.092s] [ 95%] [32mBuilding CXX object tests/CMakeFiles/unittests.dir/cpp/types/Swaths_test.cpp.o[0m
[27.430s] [ 96%] [32mBuilding CXX object tests/CMakeFiles/unittests.dir/cpp/utils/parser_test.cpp.o[0m
[27.475s] [ 97%] [32mBuilding CXX object tests/CMakeFiles/unittests.dir/cpp/utils/random_test.cpp.o[0m
[27.932s] [ 97%] [32mBuilding CXX object tests/CMakeFiles/unittests.dir/cpp/utils/transform_test.cpp.o[0m
[28.394s] [ 98%] [32mBuilding CXX object tests/CMakeFiles/unittests.dir/cpp/utils/visualizer_test.cpp.o[0m
[28.771s] [ 99%] [32mBuilding CXX object tests/CMakeFiles/unittests.dir/unittests.cpp.o[0m
[30.812s] [100%] [32m[1mLinking CXX executable unittests[0m
[31.040s] [100%] Built target unittests
[31.051s] Invoked command in '/home/ws/build/fields2cover' returned '0': CMAKE_PREFIX_PATH=${CMAKE_PREFIX_PATH}:/opt/ros/jazzy /usr/bin/cmake --build /home/ws/build/fields2cover -- -j12 -l12
[31.052s] Invoking command in '/home/ws/build/fields2cover': CMAKE_PREFIX_PATH=${CMAKE_PREFIX_PATH}:/opt/ros/jazzy /usr/bin/cmake --install /home/ws/build/fields2cover
[31.059s] -- Install configuration: "Release"
[31.059s] -- Installing: /home/ws/install/fields2cover/lib/libtinyxml2.so.9.0.0
[31.059s] -- Installing: /home/ws/install/fields2cover/lib/libtinyxml2.so.9
[31.059s] -- Installing: /home/ws/install/fields2cover/lib/libtinyxml2.so
[31.059s] -- Installing: /home/ws/install/fields2cover/lib/cmake/tinyxml2/tinyxml2-shared-targets.cmake
[31.059s] -- Installing: /home/ws/install/fields2cover/lib/cmake/tinyxml2/tinyxml2-shared-targets-release.cmake
[31.059s] -- Installing: /home/ws/install/fields2cover/lib/cmake/tinyxml2/tinyxml2-config.cmake
[31.060s] -- Installing: /home/ws/install/fields2cover/lib/cmake/tinyxml2/tinyxml2-config-version.cmake
[31.060s] -- Installing: /home/ws/install/fields2cover/include/tinyxml2.h
[31.060s] -- Installing: /home/ws/install/fields2cover/lib/pkgconfig/tinyxml2.pc
[31.060s] -- Installing: /home/ws/install/fields2cover/lib/libsteering_functions.so
[31.061s] -- Installing: /home/ws/install/fields2cover/cmake/spline/splineTargets.cmake
[31.061s] -- Installing: /home/ws/install/fields2cover/cmake/spline/splineConfig.cmake
[31.061s] -- Installing: /home/ws/install/fields2cover/include/spline.h
[31.061s] -- Installing: /home/ws/install/fields2cover/cmake/matplotlib_cpp/matplotlib_cppTargets.cmake
[31.061s] -- Installing: /home/ws/install/fields2cover/cmake/matplotlib_cpp/matplotlib_cppConfig.cmake
[31.061s] -- Installing: /home/ws/install/fields2cover/include/matplotlibcpp.h
[31.061s] -- Installing: /home/ws/install/fields2cover/lib/libFields2Cover.so
[31.062s] -- Set non-toolchain portion of runtime path of "/home/ws/install/fields2cover/lib/libFields2Cover.so" to ""
[31.062s] -- Installing: /home/ws/install/fields2cover/include/fields2cover.h
[31.062s] -- Up-to-date: /home/ws/install/fields2cover/lib/libtinyxml2.so.9.0.0
[31.062s] -- Up-to-date: /home/ws/install/fields2cover/lib/libtinyxml2.so.9
[31.062s] -- Up-to-date: /home/ws/install/fields2cover/lib/libtinyxml2.so
[31.062s] -- Up-to-date: /home/ws/install/fields2cover/lib/libsteering_functions.so
[31.063s] -- Installing: /home/ws/install/fields2cover/cmake/fields2cover/Fields2Cover-shared-Targets.cmake
[31.063s] -- Installing: /home/ws/install/fields2cover/cmake/fields2cover/Fields2Cover-shared-Targets-release.cmake
[31.063s] -- Installing: /home/ws/install/fields2cover/cmake/fields2cover/Fields2CoverConfig.cmake
[31.063s] -- Installing: /home/ws/install/fields2cover/cmake/fields2cover/Fields2CoverConfigVersion.cmake
[31.063s] -- Installing: /home/ws/install/fields2cover/share/Fields2Cover/package.xml
[31.063s] -- Up-to-date: /home/ws/install/fields2cover/include
[31.063s] -- Installing: /home/ws/install/fields2cover/include/fields2cover
[31.063s] -- Installing: /home/ws/install/fields2cover/include/fields2cover/objectives
[31.063s] -- Installing: /home/ws/install/fields2cover/include/fields2cover/objectives/overlaps.h
[31.063s] -- Installing: /home/ws/install/fields2cover/include/fields2cover/objectives/sg_objective.h
[31.063s] -- Installing: /home/ws/install/fields2cover/include/fields2cover/objectives/rem_area.h
[31.063s] -- Installing: /home/ws/install/fields2cover/include/fields2cover/objectives/base_objective.h
[31.064s] -- Installing: /home/ws/install/fields2cover/include/fields2cover/objectives/pp_objective.h
[31.064s] -- Installing: /home/ws/install/fields2cover/include/fields2cover/objectives/complete_turn_path_obj.h
[31.064s] -- Installing: /home/ws/install/fields2cover/include/fields2cover/objectives/field_coverage.h
[31.064s] -- Installing: /home/ws/install/fields2cover/include/fields2cover/objectives/path_length.h
[31.064s] -- Installing: /home/ws/install/fields2cover/include/fields2cover/objectives/n_swath.h
[31.064s] -- Installing: /home/ws/install/fields2cover/include/fields2cover/objectives/hg_objective.h
[31.064s] -- Installing: /home/ws/install/fields2cover/include/fields2cover/objectives/rp_objective.h
[31.064s] -- Installing: /home/ws/install/fields2cover/include/fields2cover/objectives/swath_length.h
[31.064s] -- Installing: /home/ws/install/fields2cover/include/fields2cover/objectives/direct_dist_path_obj.h
[31.064s] -- Installing: /home/ws/install/fields2cover/include/fields2cover/swath_generator
[31.064s] -- Installing: /home/ws/install/fields2cover/include/fields2cover/swath_generator/swath_generator_base.h
[31.064s] -- Installing: /home/ws/install/fields2cover/include/fields2cover/swath_generator/brute_force.h
[31.064s] -- Installing: /home/ws/install/fields2cover/include/fields2cover/swath_generator/swath_generator_base_impl.hpp
[31.064s] -- Installing: /home/ws/install/fields2cover/include/fields2cover/utils
[31.065s] -- Installing: /home/ws/install/fields2cover/include/fields2cover/utils/transformation.h
[31.065s] -- Installing: /home/ws/install/fields2cover/include/fields2cover/utils/parser.h
[31.065s] -- Installing: /home/ws/install/fields2cover/include/fields2cover/utils/random.h
[31.065s] -- Installing: /home/ws/install/fields2cover/include/fields2cover/utils/visualizer.h
[31.065s] -- Installing: /home/ws/install/fields2cover/include/fields2cover/path_planning
[31.065s] -- Installing: /home/ws/install/fields2cover/include/fields2cover/path_planning/turning_base.h
[31.065s] -- Installing: /home/ws/install/fields2cover/include/fields2cover/path_planning/reeds_shepp_curves_hc.h
[31.065s] -- Installing: /home/ws/install/fields2cover/include/fields2cover/path_planning/dubins_curves.h
[31.065s] -- Installing: /home/ws/install/fields2cover/include/fields2cover/path_planning/steer_to_path.hpp
[31.065s] -- Installing: /home/ws/install/fields2cover/include/fields2cover/path_planning/reeds_shepp_curves.h
[31.065s] -- Installing: /home/ws/install/fields2cover/include/fields2cover/path_planning/dubins_curves_cc.h
[31.065s] -- Installing: /home/ws/install/fields2cover/include/fields2cover/path_planning/path_planning.h
[31.065s] -- Installing: /home/ws/install/fields2cover/include/fields2cover/types.h
[31.065s] -- Installing: /home/ws/install/fields2cover/include/fields2cover/headland_generator
[31.066s] -- Installing: /home/ws/install/fields2cover/include/fields2cover/headland_generator/headland_generator_base.h
[31.066s] -- Installing: /home/ws/install/fields2cover/include/fields2cover/headland_generator/constant_headland.h
[31.066s] -- Installing: /home/ws/install/fields2cover/include/fields2cover/types
[31.066s] -- Installing: /home/ws/install/fields2cover/include/fields2cover/types/MultiPoint.h
[31.066s] -- Installing: /home/ws/install/fields2cover/include/fields2cover/types/Route.h
[31.066s] -- Installing: /home/ws/install/fields2cover/include/fields2cover/types/Geometries.h
[31.066s] -- Installing: /home/ws/install/fields2cover/include/fields2cover/types/Swaths.h
[31.066s] -- Installing: /home/ws/install/fields2cover/include/fields2cover/types/Robot.h
[31.066s] -- Installing: /home/ws/install/fields2cover/include/fields2cover/types/MultiLineString.h
[31.066s] -- Installing: /home/ws/install/fields2cover/include/fields2cover/types/Path.h
[31.066s] -- Installing: /home/ws/install/fields2cover/include/fields2cover/types/Geometry.h
[31.066s] -- Installing: /home/ws/install/fields2cover/include/fields2cover/types/Cell.h
[31.066s] -- Installing: /home/ws/install/fields2cover/include/fields2cover/types/Geometries_impl.hpp
[31.066s] -- Installing: /home/ws/install/fields2cover/include/fields2cover/types/Strip.h
[31.067s] -- Installing: /home/ws/install/fields2cover/include/fields2cover/types/Cells.h
[31.067s] -- Installing: /home/ws/install/fields2cover/include/fields2cover/types/Field.h
[31.067s] -- Installing: /home/ws/install/fields2cover/include/fields2cover/types/Geometry_impl.hpp
[31.067s] -- Installing: /home/ws/install/fields2cover/include/fields2cover/types/Swath.h
[31.067s] -- Installing: /home/ws/install/fields2cover/include/fields2cover/types/LinearRing.h
[31.067s] -- Installing: /home/ws/install/fields2cover/include/fields2cover/types/OptimizationParams.h
[31.067s] -- Installing: /home/ws/install/fields2cover/include/fields2cover/types/Point.h
[31.067s] -- Installing: /home/ws/install/fields2cover/include/fields2cover/types/LineString.h
[31.067s] -- Installing: /home/ws/install/fields2cover/include/fields2cover/route_planning
[31.067s] -- Installing: /home/ws/install/fields2cover/include/fields2cover/route_planning/boustrophedon_order.h
[31.067s] -- Installing: /home/ws/install/fields2cover/include/fields2cover/route_planning/custom_order.h
[31.067s] -- Installing: /home/ws/install/fields2cover/include/fields2cover/route_planning/single_cell_swaths_order_base.h
[31.068s] -- Installing: /home/ws/install/fields2cover/include/fields2cover/route_planning/snake_order.h
[31.068s] -- Installing: /home/ws/install/fields2cover/include/fields2cover/route_planning/spiral_order.h
[31.068s] -- Up-to-date: /home/ws/install/fields2cover/include/fields2cover.h
[31.069s] Invoked command in '/home/ws/build/fields2cover' returned '0': CMAKE_PREFIX_PATH=${CMAKE_PREFIX_PATH}:/opt/ros/jazzy /usr/bin/cmake --install /home/ws/build/fields2cover
