[0.011s] Invoking command in '/home/ws/build/opennav_coverage_msgs': CMAKE_PREFIX_PATH=${CMAKE_PREFIX_PATH}:/opt/ros/jazzy /usr/bin/cmake --build /home/ws/build/opennav_coverage_msgs -- -j12 -l12
[0.060s] [  1%] Built target opennav_coverage_msgs__rosidl_generator_type_description
[0.070s] [  1%] Built target ament_cmake_python_copy_opennav_coverage_msgs
[0.079s] [  1%] Built target opennav_coverage_msgs__cpp
[0.096s] [ 27%] Built target opennav_coverage_msgs__rosidl_generator_c
[0.130s] [ 37%] Built target opennav_coverage_msgs__rosidl_typesupport_c
[0.133s] [ 46%] Built target opennav_coverage_msgs__rosidl_typesupport_introspection_c
[0.136s] [ 56%] Built target opennav_coverage_msgs__rosidl_typesupport_introspection_cpp
[0.139s] [ 74%] Built target opennav_coverage_msgs__rosidl_typesupport_cpp
[0.139s] [ 75%] Built target opennav_coverage_msgs__rosidl_typesupport_fastrtps_c
[0.142s] [ 85%] Built target opennav_coverage_msgs__rosidl_typesupport_fastrtps_cpp
[0.160s] [ 85%] Built target opennav_coverage_msgs
[0.179s] [ 86%] Built target opennav_coverage_msgs__py
[0.201s] running egg_info
[0.210s] writing opennav_coverage_msgs.egg-info/PKG-INFO
[0.210s] writing dependency_links to opennav_coverage_msgs.egg-info/dependency_links.txt
[0.211s] writing top-level names to opennav_coverage_msgs.egg-info/top_level.txt
[0.213s] [ 95%] Built target opennav_coverage_msgs__rosidl_generator_py
[0.241s] [ 97%] Built target opennav_coverage_msgs_s__rosidl_typesupport_c
[0.241s] [ 99%] Built target opennav_coverage_msgs_s__rosidl_typesupport_introspection_c
[0.241s] reading manifest file 'opennav_coverage_msgs.egg-info/SOURCES.txt'
[0.241s] [100%] Built target opennav_coverage_msgs_s__rosidl_typesupport_fastrtps_c
[0.242s] writing manifest file 'opennav_coverage_msgs.egg-info/SOURCES.txt'
[0.279s] [100%] Built target ament_cmake_python_build_opennav_coverage_msgs_egg
[0.289s] Invoked command in '/home/ws/build/opennav_coverage_msgs' returned '0': CMAKE_PREFIX_PATH=${CMAKE_PREFIX_PATH}:/opt/ros/jazzy /usr/bin/cmake --build /home/ws/build/opennav_coverage_msgs -- -j12 -l12
[0.297s] Invoking command in '/home/ws/build/opennav_coverage_msgs': CMAKE_PREFIX_PATH=${CMAKE_PREFIX_PATH}:/opt/ros/jazzy /usr/bin/cmake --install /home/ws/build/opennav_coverage_msgs
[0.305s] -- Install configuration: ""
[0.305s] -- Up-to-date: /home/ws/install/opennav_coverage_msgs/share/ament_index/resource_index/rosidl_interfaces/opennav_coverage_msgs
[0.305s] -- Up-to-date: /home/ws/install/opennav_coverage_msgs/share/opennav_coverage_msgs/msg/Coordinate.json
[0.305s] -- Up-to-date: /home/ws/install/opennav_coverage_msgs/share/opennav_coverage_msgs/msg/Coordinates.json
[0.305s] -- Up-to-date: /home/ws/install/opennav_coverage_msgs/share/opennav_coverage_msgs/msg/HeadlandMode.json
[0.305s] -- Up-to-date: /home/ws/install/opennav_coverage_msgs/share/opennav_coverage_msgs/msg/SwathMode.json
[0.305s] -- Up-to-date: /home/ws/install/opennav_coverage_msgs/share/opennav_coverage_msgs/msg/RowSwathMode.json
[0.305s] -- Up-to-date: /home/ws/install/opennav_coverage_msgs/share/opennav_coverage_msgs/msg/RouteMode.json
[0.305s] -- Up-to-date: /home/ws/install/opennav_coverage_msgs/share/opennav_coverage_msgs/msg/PathMode.json
[0.305s] -- Up-to-date: /home/ws/install/opennav_coverage_msgs/share/opennav_coverage_msgs/msg/Swath.json
[0.305s] -- Up-to-date: /home/ws/install/opennav_coverage_msgs/share/opennav_coverage_msgs/msg/PathComponents.json
[0.305s] -- Up-to-date: /home/ws/install/opennav_coverage_msgs/share/opennav_coverage_msgs/action/ComputeCoveragePath.json
[0.305s] -- Up-to-date: /home/ws/install/opennav_coverage_msgs/share/opennav_coverage_msgs/action/NavigateCompleteCoverage.json
[0.305s] -- Up-to-date: /home/ws/install/opennav_coverage_msgs/include/opennav_coverage_msgs/opennav_coverage_msgs
[0.305s] -- Up-to-date: /home/ws/install/opennav_coverage_msgs/include/opennav_coverage_msgs/opennav_coverage_msgs/action
[0.305s] -- Up-to-date: /home/ws/install/opennav_coverage_msgs/include/opennav_coverage_msgs/opennav_coverage_msgs/action/compute_coverage_path.h
[0.306s] -- Up-to-date: /home/ws/install/opennav_coverage_msgs/include/opennav_coverage_msgs/opennav_coverage_msgs/action/navigate_complete_coverage.h
[0.306s] -- Up-to-date: /home/ws/install/opennav_coverage_msgs/include/opennav_coverage_msgs/opennav_coverage_msgs/action/detail
[0.306s] -- Up-to-date: /home/ws/install/opennav_coverage_msgs/include/opennav_coverage_msgs/opennav_coverage_msgs/action/detail/navigate_complete_coverage__struct.h
[0.306s] -- Up-to-date: /home/ws/install/opennav_coverage_msgs/include/opennav_coverage_msgs/opennav_coverage_msgs/action/detail/navigate_complete_coverage__functions.h
[0.306s] -- Up-to-date: /home/ws/install/opennav_coverage_msgs/include/opennav_coverage_msgs/opennav_coverage_msgs/action/detail/compute_coverage_path__functions.c
[0.306s] -- Up-to-date: /home/ws/install/opennav_coverage_msgs/include/opennav_coverage_msgs/opennav_coverage_msgs/action/detail/navigate_complete_coverage__type_support.c
[0.306s] -- Up-to-date: /home/ws/install/opennav_coverage_msgs/include/opennav_coverage_msgs/opennav_coverage_msgs/action/detail/compute_coverage_path__description.c
[0.306s] -- Up-to-date: /home/ws/install/opennav_coverage_msgs/include/opennav_coverage_msgs/opennav_coverage_msgs/action/detail/compute_coverage_path__functions.h
[0.306s] -- Up-to-date: /home/ws/install/opennav_coverage_msgs/include/opennav_coverage_msgs/opennav_coverage_msgs/action/detail/navigate_complete_coverage__description.c
[0.306s] -- Up-to-date: /home/ws/install/opennav_coverage_msgs/include/opennav_coverage_msgs/opennav_coverage_msgs/action/detail/navigate_complete_coverage__type_support.h
[0.306s] -- Up-to-date: /home/ws/install/opennav_coverage_msgs/include/opennav_coverage_msgs/opennav_coverage_msgs/action/detail/compute_coverage_path__type_support.h
[0.306s] -- Up-to-date: /home/ws/install/opennav_coverage_msgs/include/opennav_coverage_msgs/opennav_coverage_msgs/action/detail/compute_coverage_path__type_support.c
[0.306s] -- Up-to-date: /home/ws/install/opennav_coverage_msgs/include/opennav_coverage_msgs/opennav_coverage_msgs/action/detail/compute_coverage_path__struct.h
[0.306s] -- Up-to-date: /home/ws/install/opennav_coverage_msgs/include/opennav_coverage_msgs/opennav_coverage_msgs/action/detail/navigate_complete_coverage__functions.c
[0.306s] -- Up-to-date: /home/ws/install/opennav_coverage_msgs/include/opennav_coverage_msgs/opennav_coverage_msgs/msg
[0.306s] -- Up-to-date: /home/ws/install/opennav_coverage_msgs/include/opennav_coverage_msgs/opennav_coverage_msgs/msg/path_mode.h
[0.306s] -- Up-to-date: /home/ws/install/opennav_coverage_msgs/include/opennav_coverage_msgs/opennav_coverage_msgs/msg/headland_mode.h
[0.306s] -- Up-to-date: /home/ws/install/opennav_coverage_msgs/include/opennav_coverage_msgs/opennav_coverage_msgs/msg/swath_mode.h
[0.307s] -- Up-to-date: /home/ws/install/opennav_coverage_msgs/include/opennav_coverage_msgs/opennav_coverage_msgs/msg/coordinate.h
[0.307s] -- Up-to-date: /home/ws/install/opennav_coverage_msgs/include/opennav_coverage_msgs/opennav_coverage_msgs/msg/path_components.h
[0.307s] -- Up-to-date: /home/ws/install/opennav_coverage_msgs/include/opennav_coverage_msgs/opennav_coverage_msgs/msg/route_mode.h
[0.307s] -- Up-to-date: /home/ws/install/opennav_coverage_msgs/include/opennav_coverage_msgs/opennav_coverage_msgs/msg/detail
[0.307s] -- Up-to-date: /home/ws/install/opennav_coverage_msgs/include/opennav_coverage_msgs/opennav_coverage_msgs/msg/detail/path_components__description.c
[0.307s] -- Up-to-date: /home/ws/install/opennav_coverage_msgs/include/opennav_coverage_msgs/opennav_coverage_msgs/msg/detail/path_mode__type_support.h
[0.307s] -- Up-to-date: /home/ws/install/opennav_coverage_msgs/include/opennav_coverage_msgs/opennav_coverage_msgs/msg/detail/route_mode__type_support.h
[0.307s] -- Up-to-date: /home/ws/install/opennav_coverage_msgs/include/opennav_coverage_msgs/opennav_coverage_msgs/msg/detail/swath_mode__functions.h
[0.307s] -- Up-to-date: /home/ws/install/opennav_coverage_msgs/include/opennav_coverage_msgs/opennav_coverage_msgs/msg/detail/swath__description.c
[0.307s] -- Up-to-date: /home/ws/install/opennav_coverage_msgs/include/opennav_coverage_msgs/opennav_coverage_msgs/msg/detail/path_mode__functions.h
[0.307s] -- Up-to-date: /home/ws/install/opennav_coverage_msgs/include/opennav_coverage_msgs/opennav_coverage_msgs/msg/detail/path_components__functions.h
[0.307s] -- Up-to-date: /home/ws/install/opennav_coverage_msgs/include/opennav_coverage_msgs/opennav_coverage_msgs/msg/detail/coordinates__description.c
[0.307s] -- Up-to-date: /home/ws/install/opennav_coverage_msgs/include/opennav_coverage_msgs/opennav_coverage_msgs/msg/detail/swath__functions.c
[0.307s] -- Up-to-date: /home/ws/install/opennav_coverage_msgs/include/opennav_coverage_msgs/opennav_coverage_msgs/msg/detail/route_mode__functions.c
[0.307s] -- Up-to-date: /home/ws/install/opennav_coverage_msgs/include/opennav_coverage_msgs/opennav_coverage_msgs/msg/detail/swath_mode__type_support.h
[0.307s] -- Up-to-date: /home/ws/install/opennav_coverage_msgs/include/opennav_coverage_msgs/opennav_coverage_msgs/msg/detail/row_swath_mode__type_support.c
[0.307s] -- Up-to-date: /home/ws/install/opennav_coverage_msgs/include/opennav_coverage_msgs/opennav_coverage_msgs/msg/detail/path_mode__type_support.c
[0.307s] -- Up-to-date: /home/ws/install/opennav_coverage_msgs/include/opennav_coverage_msgs/opennav_coverage_msgs/msg/detail/row_swath_mode__functions.c
[0.307s] -- Up-to-date: /home/ws/install/opennav_coverage_msgs/include/opennav_coverage_msgs/opennav_coverage_msgs/msg/detail/route_mode__struct.h
[0.307s] -- Up-to-date: /home/ws/install/opennav_coverage_msgs/include/opennav_coverage_msgs/opennav_coverage_msgs/msg/detail/coordinates__functions.h
[0.307s] -- Up-to-date: /home/ws/install/opennav_coverage_msgs/include/opennav_coverage_msgs/opennav_coverage_msgs/msg/detail/swath_mode__struct.h
[0.308s] -- Up-to-date: /home/ws/install/opennav_coverage_msgs/include/opennav_coverage_msgs/opennav_coverage_msgs/msg/detail/coordinate__description.c
[0.308s] -- Up-to-date: /home/ws/install/opennav_coverage_msgs/include/opennav_coverage_msgs/opennav_coverage_msgs/msg/detail/headland_mode__functions.h
[0.308s] -- Up-to-date: /home/ws/install/opennav_coverage_msgs/include/opennav_coverage_msgs/opennav_coverage_msgs/msg/detail/path_mode__functions.c
[0.308s] -- Up-to-date: /home/ws/install/opennav_coverage_msgs/include/opennav_coverage_msgs/opennav_coverage_msgs/msg/detail/coordinates__functions.c
[0.308s] -- Up-to-date: /home/ws/install/opennav_coverage_msgs/include/opennav_coverage_msgs/opennav_coverage_msgs/msg/detail/path_components__type_support.c
[0.308s] -- Up-to-date: /home/ws/install/opennav_coverage_msgs/include/opennav_coverage_msgs/opennav_coverage_msgs/msg/detail/route_mode__functions.h
[0.308s] -- Up-to-date: /home/ws/install/opennav_coverage_msgs/include/opennav_coverage_msgs/opennav_coverage_msgs/msg/detail/swath_mode__functions.c
[0.308s] -- Up-to-date: /home/ws/install/opennav_coverage_msgs/include/opennav_coverage_msgs/opennav_coverage_msgs/msg/detail/coordinate__struct.h
[0.308s] -- Up-to-date: /home/ws/install/opennav_coverage_msgs/include/opennav_coverage_msgs/opennav_coverage_msgs/msg/detail/path_mode__struct.h
[0.308s] -- Up-to-date: /home/ws/install/opennav_coverage_msgs/include/opennav_coverage_msgs/opennav_coverage_msgs/msg/detail/headland_mode__description.c
[0.308s] -- Up-to-date: /home/ws/install/opennav_coverage_msgs/include/opennav_coverage_msgs/opennav_coverage_msgs/msg/detail/row_swath_mode__type_support.h
[0.308s] -- Up-to-date: /home/ws/install/opennav_coverage_msgs/include/opennav_coverage_msgs/opennav_coverage_msgs/msg/detail/headland_mode__type_support.h
[0.308s] -- Up-to-date: /home/ws/install/opennav_coverage_msgs/include/opennav_coverage_msgs/opennav_coverage_msgs/msg/detail/path_components__struct.h
[0.308s] -- Up-to-date: /home/ws/install/opennav_coverage_msgs/include/opennav_coverage_msgs/opennav_coverage_msgs/msg/detail/swath_mode__type_support.c
[0.308s] -- Up-to-date: /home/ws/install/opennav_coverage_msgs/include/opennav_coverage_msgs/opennav_coverage_msgs/msg/detail/path_components__type_support.h
[0.308s] -- Up-to-date: /home/ws/install/opennav_coverage_msgs/include/opennav_coverage_msgs/opennav_coverage_msgs/msg/detail/swath__struct.h
[0.309s] -- Up-to-date: /home/ws/install/opennav_coverage_msgs/include/opennav_coverage_msgs/opennav_coverage_msgs/msg/detail/coordinates__type_support.h
[0.309s] -- Up-to-date: /home/ws/install/opennav_coverage_msgs/include/opennav_coverage_msgs/opennav_coverage_msgs/msg/detail/swath__type_support.c
[0.309s] -- Up-to-date: /home/ws/install/opennav_coverage_msgs/include/opennav_coverage_msgs/opennav_coverage_msgs/msg/detail/swath_mode__description.c
[0.309s] -- Up-to-date: /home/ws/install/opennav_coverage_msgs/include/opennav_coverage_msgs/opennav_coverage_msgs/msg/detail/route_mode__type_support.c
[0.309s] -- Up-to-date: /home/ws/install/opennav_coverage_msgs/include/opennav_coverage_msgs/opennav_coverage_msgs/msg/detail/route_mode__description.c
[0.309s] -- Up-to-date: /home/ws/install/opennav_coverage_msgs/include/opennav_coverage_msgs/opennav_coverage_msgs/msg/detail/coordinate__type_support.c
[0.309s] -- Up-to-date: /home/ws/install/opennav_coverage_msgs/include/opennav_coverage_msgs/opennav_coverage_msgs/msg/detail/headland_mode__struct.h
[0.309s] -- Up-to-date: /home/ws/install/opennav_coverage_msgs/include/opennav_coverage_msgs/opennav_coverage_msgs/msg/detail/headland_mode__functions.c
[0.309s] -- Up-to-date: /home/ws/install/opennav_coverage_msgs/include/opennav_coverage_msgs/opennav_coverage_msgs/msg/detail/path_components__functions.c
[0.309s] -- Up-to-date: /home/ws/install/opennav_coverage_msgs/include/opennav_coverage_msgs/opennav_coverage_msgs/msg/detail/row_swath_mode__description.c
[0.309s] -- Up-to-date: /home/ws/install/opennav_coverage_msgs/include/opennav_coverage_msgs/opennav_coverage_msgs/msg/detail/coordinates__type_support.c
[0.309s] -- Up-to-date: /home/ws/install/opennav_coverage_msgs/include/opennav_coverage_msgs/opennav_coverage_msgs/msg/detail/row_swath_mode__struct.h
[0.309s] -- Up-to-date: /home/ws/install/opennav_coverage_msgs/include/opennav_coverage_msgs/opennav_coverage_msgs/msg/detail/row_swath_mode__functions.h
[0.309s] -- Up-to-date: /home/ws/install/opennav_coverage_msgs/include/opennav_coverage_msgs/opennav_coverage_msgs/msg/detail/coordinate__type_support.h
[0.309s] -- Up-to-date: /home/ws/install/opennav_coverage_msgs/include/opennav_coverage_msgs/opennav_coverage_msgs/msg/detail/coordinates__struct.h
[0.309s] -- Up-to-date: /home/ws/install/opennav_coverage_msgs/include/opennav_coverage_msgs/opennav_coverage_msgs/msg/detail/swath__functions.h
[0.309s] -- Up-to-date: /home/ws/install/opennav_coverage_msgs/include/opennav_coverage_msgs/opennav_coverage_msgs/msg/detail/path_mode__description.c
[0.309s] -- Up-to-date: /home/ws/install/opennav_coverage_msgs/include/opennav_coverage_msgs/opennav_coverage_msgs/msg/detail/swath__type_support.h
[0.309s] -- Up-to-date: /home/ws/install/opennav_coverage_msgs/include/opennav_coverage_msgs/opennav_coverage_msgs/msg/detail/headland_mode__type_support.c
[0.309s] -- Up-to-date: /home/ws/install/opennav_coverage_msgs/include/opennav_coverage_msgs/opennav_coverage_msgs/msg/detail/coordinate__functions.c
[0.309s] -- Up-to-date: /home/ws/install/opennav_coverage_msgs/include/opennav_coverage_msgs/opennav_coverage_msgs/msg/detail/coordinate__functions.h
[0.309s] -- Up-to-date: /home/ws/install/opennav_coverage_msgs/include/opennav_coverage_msgs/opennav_coverage_msgs/msg/coordinates.h
[0.310s] -- Up-to-date: /home/ws/install/opennav_coverage_msgs/include/opennav_coverage_msgs/opennav_coverage_msgs/msg/swath.h
[0.310s] -- Up-to-date: /home/ws/install/opennav_coverage_msgs/include/opennav_coverage_msgs/opennav_coverage_msgs/msg/rosidl_generator_c__visibility_control.h
[0.310s] -- Up-to-date: /home/ws/install/opennav_coverage_msgs/include/opennav_coverage_msgs/opennav_coverage_msgs/msg/row_swath_mode.h
[0.310s] -- Up-to-date: /home/ws/install/opennav_coverage_msgs/share/opennav_coverage_msgs/environment/library_path.sh
[0.310s] -- Up-to-date: /home/ws/install/opennav_coverage_msgs/share/opennav_coverage_msgs/environment/library_path.dsv
[0.310s] -- Up-to-date: /home/ws/install/opennav_coverage_msgs/lib/libopennav_coverage_msgs__rosidl_generator_c.so
[0.310s] -- Up-to-date: /home/ws/install/opennav_coverage_msgs/include/opennav_coverage_msgs/opennav_coverage_msgs
[0.310s] -- Up-to-date: /home/ws/install/opennav_coverage_msgs/include/opennav_coverage_msgs/opennav_coverage_msgs/action
[0.310s] -- Up-to-date: /home/ws/install/opennav_coverage_msgs/include/opennav_coverage_msgs/opennav_coverage_msgs/action/detail
[0.310s] -- Up-to-date: /home/ws/install/opennav_coverage_msgs/include/opennav_coverage_msgs/opennav_coverage_msgs/action/detail/navigate_complete_coverage__rosidl_typesupport_fastrtps_c.h
[0.310s] -- Up-to-date: /home/ws/install/opennav_coverage_msgs/include/opennav_coverage_msgs/opennav_coverage_msgs/action/detail/compute_coverage_path__rosidl_typesupport_fastrtps_c.h
[0.310s] -- Up-to-date: /home/ws/install/opennav_coverage_msgs/include/opennav_coverage_msgs/opennav_coverage_msgs/msg
[0.310s] -- Up-to-date: /home/ws/install/opennav_coverage_msgs/include/opennav_coverage_msgs/opennav_coverage_msgs/msg/rosidl_typesupport_fastrtps_c__visibility_control.h
[0.310s] -- Up-to-date: /home/ws/install/opennav_coverage_msgs/include/opennav_coverage_msgs/opennav_coverage_msgs/msg/detail
[0.310s] -- Up-to-date: /home/ws/install/opennav_coverage_msgs/include/opennav_coverage_msgs/opennav_coverage_msgs/msg/detail/coordinates__rosidl_typesupport_fastrtps_c.h
[0.310s] -- Up-to-date: /home/ws/install/opennav_coverage_msgs/include/opennav_coverage_msgs/opennav_coverage_msgs/msg/detail/path_components__rosidl_typesupport_fastrtps_c.h
[0.310s] -- Up-to-date: /home/ws/install/opennav_coverage_msgs/include/opennav_coverage_msgs/opennav_coverage_msgs/msg/detail/coordinate__rosidl_typesupport_fastrtps_c.h
[0.310s] -- Up-to-date: /home/ws/install/opennav_coverage_msgs/include/opennav_coverage_msgs/opennav_coverage_msgs/msg/detail/row_swath_mode__rosidl_typesupport_fastrtps_c.h
[0.310s] -- Up-to-date: /home/ws/install/opennav_coverage_msgs/include/opennav_coverage_msgs/opennav_coverage_msgs/msg/detail/route_mode__rosidl_typesupport_fastrtps_c.h
[0.310s] -- Up-to-date: /home/ws/install/opennav_coverage_msgs/include/opennav_coverage_msgs/opennav_coverage_msgs/msg/detail/swath__rosidl_typesupport_fastrtps_c.h
[0.310s] -- Up-to-date: /home/ws/install/opennav_coverage_msgs/include/opennav_coverage_msgs/opennav_coverage_msgs/msg/detail/path_mode__rosidl_typesupport_fastrtps_c.h
[0.310s] -- Up-to-date: /home/ws/install/opennav_coverage_msgs/include/opennav_coverage_msgs/opennav_coverage_msgs/msg/detail/swath_mode__rosidl_typesupport_fastrtps_c.h
[0.310s] -- Up-to-date: /home/ws/install/opennav_coverage_msgs/include/opennav_coverage_msgs/opennav_coverage_msgs/msg/detail/headland_mode__rosidl_typesupport_fastrtps_c.h
[0.310s] -- Up-to-date: /home/ws/install/opennav_coverage_msgs/lib/libopennav_coverage_msgs__rosidl_typesupport_fastrtps_c.so
[0.310s] -- Up-to-date: /home/ws/install/opennav_coverage_msgs/include/opennav_coverage_msgs/opennav_coverage_msgs
[0.310s] -- Up-to-date: /home/ws/install/opennav_coverage_msgs/include/opennav_coverage_msgs/opennav_coverage_msgs/action
[0.311s] -- Up-to-date: /home/ws/install/opennav_coverage_msgs/include/opennav_coverage_msgs/opennav_coverage_msgs/action/navigate_complete_coverage.hpp
[0.311s] -- Up-to-date: /home/ws/install/opennav_coverage_msgs/include/opennav_coverage_msgs/opennav_coverage_msgs/action/compute_coverage_path.hpp
[0.311s] -- Up-to-date: /home/ws/install/opennav_coverage_msgs/include/opennav_coverage_msgs/opennav_coverage_msgs/action/detail
[0.311s] -- Up-to-date: /home/ws/install/opennav_coverage_msgs/include/opennav_coverage_msgs/opennav_coverage_msgs/action/detail/navigate_complete_coverage__traits.hpp
[0.311s] -- Up-to-date: /home/ws/install/opennav_coverage_msgs/include/opennav_coverage_msgs/opennav_coverage_msgs/action/detail/navigate_complete_coverage__struct.hpp
[0.311s] -- Up-to-date: /home/ws/install/opennav_coverage_msgs/include/opennav_coverage_msgs/opennav_coverage_msgs/action/detail/navigate_complete_coverage__type_support.hpp
[0.311s] -- Up-to-date: /home/ws/install/opennav_coverage_msgs/include/opennav_coverage_msgs/opennav_coverage_msgs/action/detail/compute_coverage_path__struct.hpp
[0.311s] -- Up-to-date: /home/ws/install/opennav_coverage_msgs/include/opennav_coverage_msgs/opennav_coverage_msgs/action/detail/compute_coverage_path__traits.hpp
[0.311s] -- Up-to-date: /home/ws/install/opennav_coverage_msgs/include/opennav_coverage_msgs/opennav_coverage_msgs/action/detail/compute_coverage_path__builder.hpp
[0.311s] -- Up-to-date: /home/ws/install/opennav_coverage_msgs/include/opennav_coverage_msgs/opennav_coverage_msgs/action/detail/compute_coverage_path__type_support.hpp
[0.311s] -- Up-to-date: /home/ws/install/opennav_coverage_msgs/include/opennav_coverage_msgs/opennav_coverage_msgs/action/detail/navigate_complete_coverage__builder.hpp
[0.311s] -- Up-to-date: /home/ws/install/opennav_coverage_msgs/include/opennav_coverage_msgs/opennav_coverage_msgs/msg
[0.311s] -- Up-to-date: /home/ws/install/opennav_coverage_msgs/include/opennav_coverage_msgs/opennav_coverage_msgs/msg/path_mode.hpp
[0.311s] -- Up-to-date: /home/ws/install/opennav_coverage_msgs/include/opennav_coverage_msgs/opennav_coverage_msgs/msg/coordinate.hpp
[0.311s] -- Up-to-date: /home/ws/install/opennav_coverage_msgs/include/opennav_coverage_msgs/opennav_coverage_msgs/msg/swath_mode.hpp
[0.311s] -- Up-to-date: /home/ws/install/opennav_coverage_msgs/include/opennav_coverage_msgs/opennav_coverage_msgs/msg/path_components.hpp
[0.311s] -- Up-to-date: /home/ws/install/opennav_coverage_msgs/include/opennav_coverage_msgs/opennav_coverage_msgs/msg/row_swath_mode.hpp
[0.311s] -- Up-to-date: /home/ws/install/opennav_coverage_msgs/include/opennav_coverage_msgs/opennav_coverage_msgs/msg/headland_mode.hpp
[0.311s] -- Up-to-date: /home/ws/install/opennav_coverage_msgs/include/opennav_coverage_msgs/opennav_coverage_msgs/msg/swath.hpp
[0.311s] -- Up-to-date: /home/ws/install/opennav_coverage_msgs/include/opennav_coverage_msgs/opennav_coverage_msgs/msg/coordinates.hpp
[0.311s] -- Up-to-date: /home/ws/install/opennav_coverage_msgs/include/opennav_coverage_msgs/opennav_coverage_msgs/msg/route_mode.hpp
[0.311s] -- Up-to-date: /home/ws/install/opennav_coverage_msgs/include/opennav_coverage_msgs/opennav_coverage_msgs/msg/detail
[0.311s] -- Up-to-date: /home/ws/install/opennav_coverage_msgs/include/opennav_coverage_msgs/opennav_coverage_msgs/msg/detail/headland_mode__builder.hpp
[0.311s] -- Up-to-date: /home/ws/install/opennav_coverage_msgs/include/opennav_coverage_msgs/opennav_coverage_msgs/msg/detail/swath_mode__type_support.hpp
[0.311s] -- Up-to-date: /home/ws/install/opennav_coverage_msgs/include/opennav_coverage_msgs/opennav_coverage_msgs/msg/detail/path_components__struct.hpp
[0.312s] -- Up-to-date: /home/ws/install/opennav_coverage_msgs/include/opennav_coverage_msgs/opennav_coverage_msgs/msg/detail/headland_mode__type_support.hpp
[0.312s] -- Up-to-date: /home/ws/install/opennav_coverage_msgs/include/opennav_coverage_msgs/opennav_coverage_msgs/msg/detail/coordinate__builder.hpp
[0.312s] -- Up-to-date: /home/ws/install/opennav_coverage_msgs/include/opennav_coverage_msgs/opennav_coverage_msgs/msg/detail/route_mode__traits.hpp
[0.312s] -- Up-to-date: /home/ws/install/opennav_coverage_msgs/include/opennav_coverage_msgs/opennav_coverage_msgs/msg/detail/path_mode__type_support.hpp
[0.312s] -- Up-to-date: /home/ws/install/opennav_coverage_msgs/include/opennav_coverage_msgs/opennav_coverage_msgs/msg/detail/path_mode__builder.hpp
[0.312s] -- Up-to-date: /home/ws/install/opennav_coverage_msgs/include/opennav_coverage_msgs/opennav_coverage_msgs/msg/detail/route_mode__builder.hpp
[0.312s] -- Up-to-date: /home/ws/install/opennav_coverage_msgs/include/opennav_coverage_msgs/opennav_coverage_msgs/msg/detail/coordinate__type_support.hpp
[0.312s] -- Up-to-date: /home/ws/install/opennav_coverage_msgs/include/opennav_coverage_msgs/opennav_coverage_msgs/msg/detail/row_swath_mode__builder.hpp
[0.312s] -- Up-to-date: /home/ws/install/opennav_coverage_msgs/include/opennav_coverage_msgs/opennav_coverage_msgs/msg/detail/coordinates__type_support.hpp
[0.312s] -- Up-to-date: /home/ws/install/opennav_coverage_msgs/include/opennav_coverage_msgs/opennav_coverage_msgs/msg/detail/swath_mode__traits.hpp
[0.312s] -- Up-to-date: /home/ws/install/opennav_coverage_msgs/include/opennav_coverage_msgs/opennav_coverage_msgs/msg/detail/row_swath_mode__struct.hpp
[0.312s] -- Up-to-date: /home/ws/install/opennav_coverage_msgs/include/opennav_coverage_msgs/opennav_coverage_msgs/msg/detail/coordinates__builder.hpp
[0.312s] -- Up-to-date: /home/ws/install/opennav_coverage_msgs/include/opennav_coverage_msgs/opennav_coverage_msgs/msg/detail/path_mode__struct.hpp
[0.312s] -- Up-to-date: /home/ws/install/opennav_coverage_msgs/include/opennav_coverage_msgs/opennav_coverage_msgs/msg/detail/headland_mode__struct.hpp
[0.312s] -- Up-to-date: /home/ws/install/opennav_coverage_msgs/include/opennav_coverage_msgs/opennav_coverage_msgs/msg/detail/path_components__builder.hpp
[0.312s] -- Up-to-date: /home/ws/install/opennav_coverage_msgs/include/opennav_coverage_msgs/opennav_coverage_msgs/msg/detail/path_components__traits.hpp
[0.312s] -- Up-to-date: /home/ws/install/opennav_coverage_msgs/include/opennav_coverage_msgs/opennav_coverage_msgs/msg/detail/swath__builder.hpp
[0.312s] -- Up-to-date: /home/ws/install/opennav_coverage_msgs/include/opennav_coverage_msgs/opennav_coverage_msgs/msg/detail/coordinates__traits.hpp
[0.312s] -- Up-to-date: /home/ws/install/opennav_coverage_msgs/include/opennav_coverage_msgs/opennav_coverage_msgs/msg/detail/path_components__type_support.hpp
[0.312s] -- Up-to-date: /home/ws/install/opennav_coverage_msgs/include/opennav_coverage_msgs/opennav_coverage_msgs/msg/detail/row_swath_mode__traits.hpp
[0.312s] -- Up-to-date: /home/ws/install/opennav_coverage_msgs/include/opennav_coverage_msgs/opennav_coverage_msgs/msg/detail/path_mode__traits.hpp
[0.312s] -- Up-to-date: /home/ws/install/opennav_coverage_msgs/include/opennav_coverage_msgs/opennav_coverage_msgs/msg/detail/route_mode__struct.hpp
[0.312s] -- Up-to-date: /home/ws/install/opennav_coverage_msgs/include/opennav_coverage_msgs/opennav_coverage_msgs/msg/detail/coordinate__struct.hpp
[0.312s] -- Up-to-date: /home/ws/install/opennav_coverage_msgs/include/opennav_coverage_msgs/opennav_coverage_msgs/msg/detail/coordinates__struct.hpp
[0.313s] -- Up-to-date: /home/ws/install/opennav_coverage_msgs/include/opennav_coverage_msgs/opennav_coverage_msgs/msg/detail/swath__struct.hpp
[0.313s] -- Up-to-date: /home/ws/install/opennav_coverage_msgs/include/opennav_coverage_msgs/opennav_coverage_msgs/msg/detail/coordinate__traits.hpp
[0.313s] -- Up-to-date: /home/ws/install/opennav_coverage_msgs/include/opennav_coverage_msgs/opennav_coverage_msgs/msg/detail/headland_mode__traits.hpp
[0.313s] -- Up-to-date: /home/ws/install/opennav_coverage_msgs/include/opennav_coverage_msgs/opennav_coverage_msgs/msg/detail/swath__traits.hpp
[0.313s] -- Up-to-date: /home/ws/install/opennav_coverage_msgs/include/opennav_coverage_msgs/opennav_coverage_msgs/msg/detail/swath_mode__builder.hpp
[0.313s] -- Up-to-date: /home/ws/install/opennav_coverage_msgs/include/opennav_coverage_msgs/opennav_coverage_msgs/msg/detail/swath_mode__struct.hpp
[0.313s] -- Up-to-date: /home/ws/install/opennav_coverage_msgs/include/opennav_coverage_msgs/opennav_coverage_msgs/msg/detail/row_swath_mode__type_support.hpp
[0.313s] -- Up-to-date: /home/ws/install/opennav_coverage_msgs/include/opennav_coverage_msgs/opennav_coverage_msgs/msg/detail/route_mode__type_support.hpp
[0.313s] -- Up-to-date: /home/ws/install/opennav_coverage_msgs/include/opennav_coverage_msgs/opennav_coverage_msgs/msg/detail/swath__type_support.hpp
[0.313s] -- Up-to-date: /home/ws/install/opennav_coverage_msgs/include/opennav_coverage_msgs/opennav_coverage_msgs/msg/rosidl_generator_cpp__visibility_control.hpp
[0.313s] -- Up-to-date: /home/ws/install/opennav_coverage_msgs/include/opennav_coverage_msgs/opennav_coverage_msgs
[0.313s] -- Up-to-date: /home/ws/install/opennav_coverage_msgs/include/opennav_coverage_msgs/opennav_coverage_msgs/action
[0.313s] -- Up-to-date: /home/ws/install/opennav_coverage_msgs/include/opennav_coverage_msgs/opennav_coverage_msgs/action/detail
[0.313s] -- Up-to-date: /home/ws/install/opennav_coverage_msgs/include/opennav_coverage_msgs/opennav_coverage_msgs/action/detail/navigate_complete_coverage__rosidl_typesupport_fastrtps_cpp.hpp
[0.313s] -- Up-to-date: /home/ws/install/opennav_coverage_msgs/include/opennav_coverage_msgs/opennav_coverage_msgs/action/detail/dds_fastrtps
[0.313s] -- Up-to-date: /home/ws/install/opennav_coverage_msgs/include/opennav_coverage_msgs/opennav_coverage_msgs/action/detail/compute_coverage_path__rosidl_typesupport_fastrtps_cpp.hpp
[0.313s] -- Up-to-date: /home/ws/install/opennav_coverage_msgs/include/opennav_coverage_msgs/opennav_coverage_msgs/msg
[0.313s] -- Up-to-date: /home/ws/install/opennav_coverage_msgs/include/opennav_coverage_msgs/opennav_coverage_msgs/msg/rosidl_typesupport_fastrtps_cpp__visibility_control.h
[0.313s] -- Up-to-date: /home/ws/install/opennav_coverage_msgs/include/opennav_coverage_msgs/opennav_coverage_msgs/msg/detail
[0.313s] -- Up-to-date: /home/ws/install/opennav_coverage_msgs/include/opennav_coverage_msgs/opennav_coverage_msgs/msg/detail/headland_mode__rosidl_typesupport_fastrtps_cpp.hpp
[0.313s] -- Up-to-date: /home/ws/install/opennav_coverage_msgs/include/opennav_coverage_msgs/opennav_coverage_msgs/msg/detail/row_swath_mode__rosidl_typesupport_fastrtps_cpp.hpp
[0.313s] -- Up-to-date: /home/ws/install/opennav_coverage_msgs/include/opennav_coverage_msgs/opennav_coverage_msgs/msg/detail/dds_fastrtps
[0.313s] -- Up-to-date: /home/ws/install/opennav_coverage_msgs/include/opennav_coverage_msgs/opennav_coverage_msgs/msg/detail/swath__rosidl_typesupport_fastrtps_cpp.hpp
[0.313s] -- Up-to-date: /home/ws/install/opennav_coverage_msgs/include/opennav_coverage_msgs/opennav_coverage_msgs/msg/detail/path_mode__rosidl_typesupport_fastrtps_cpp.hpp
[0.314s] -- Up-to-date: /home/ws/install/opennav_coverage_msgs/include/opennav_coverage_msgs/opennav_coverage_msgs/msg/detail/route_mode__rosidl_typesupport_fastrtps_cpp.hpp
[0.314s] -- Up-to-date: /home/ws/install/opennav_coverage_msgs/include/opennav_coverage_msgs/opennav_coverage_msgs/msg/detail/coordinates__rosidl_typesupport_fastrtps_cpp.hpp
[0.314s] -- Up-to-date: /home/ws/install/opennav_coverage_msgs/include/opennav_coverage_msgs/opennav_coverage_msgs/msg/detail/swath_mode__rosidl_typesupport_fastrtps_cpp.hpp
[0.314s] -- Up-to-date: /home/ws/install/opennav_coverage_msgs/include/opennav_coverage_msgs/opennav_coverage_msgs/msg/detail/path_components__rosidl_typesupport_fastrtps_cpp.hpp
[0.314s] -- Up-to-date: /home/ws/install/opennav_coverage_msgs/include/opennav_coverage_msgs/opennav_coverage_msgs/msg/detail/coordinate__rosidl_typesupport_fastrtps_cpp.hpp
[0.314s] -- Up-to-date: /home/ws/install/opennav_coverage_msgs/lib/libopennav_coverage_msgs__rosidl_typesupport_fastrtps_cpp.so
[0.314s] -- Up-to-date: /home/ws/install/opennav_coverage_msgs/include/opennav_coverage_msgs/opennav_coverage_msgs
[0.314s] -- Up-to-date: /home/ws/install/opennav_coverage_msgs/include/opennav_coverage_msgs/opennav_coverage_msgs/action
[0.314s] -- Up-to-date: /home/ws/install/opennav_coverage_msgs/include/opennav_coverage_msgs/opennav_coverage_msgs/action/detail
[0.314s] -- Up-to-date: /home/ws/install/opennav_coverage_msgs/include/opennav_coverage_msgs/opennav_coverage_msgs/action/detail/compute_coverage_path__rosidl_typesupport_introspection_c.h
[0.314s] -- Up-to-date: /home/ws/install/opennav_coverage_msgs/include/opennav_coverage_msgs/opennav_coverage_msgs/action/detail/navigate_complete_coverage__type_support.c
[0.314s] -- Up-to-date: /home/ws/install/opennav_coverage_msgs/include/opennav_coverage_msgs/opennav_coverage_msgs/action/detail/compute_coverage_path__type_support.c
[0.314s] -- Up-to-date: /home/ws/install/opennav_coverage_msgs/include/opennav_coverage_msgs/opennav_coverage_msgs/action/detail/navigate_complete_coverage__rosidl_typesupport_introspection_c.h
[0.314s] -- Up-to-date: /home/ws/install/opennav_coverage_msgs/include/opennav_coverage_msgs/opennav_coverage_msgs/msg
[0.314s] -- Up-to-date: /home/ws/install/opennav_coverage_msgs/include/opennav_coverage_msgs/opennav_coverage_msgs/msg/rosidl_typesupport_introspection_c__visibility_control.h
[0.314s] -- Up-to-date: /home/ws/install/opennav_coverage_msgs/include/opennav_coverage_msgs/opennav_coverage_msgs/msg/detail
[0.314s] -- Up-to-date: /home/ws/install/opennav_coverage_msgs/include/opennav_coverage_msgs/opennav_coverage_msgs/msg/detail/headland_mode__rosidl_typesupport_introspection_c.h
[0.314s] -- Up-to-date: /home/ws/install/opennav_coverage_msgs/include/opennav_coverage_msgs/opennav_coverage_msgs/msg/detail/coordinates__rosidl_typesupport_introspection_c.h
[0.314s] -- Up-to-date: /home/ws/install/opennav_coverage_msgs/include/opennav_coverage_msgs/opennav_coverage_msgs/msg/detail/swath__rosidl_typesupport_introspection_c.h
[0.314s] -- Up-to-date: /home/ws/install/opennav_coverage_msgs/include/opennav_coverage_msgs/opennav_coverage_msgs/msg/detail/path_components__rosidl_typesupport_introspection_c.h
[0.315s] -- Up-to-date: /home/ws/install/opennav_coverage_msgs/include/opennav_coverage_msgs/opennav_coverage_msgs/msg/detail/row_swath_mode__type_support.c
[0.315s] -- Up-to-date: /home/ws/install/opennav_coverage_msgs/include/opennav_coverage_msgs/opennav_coverage_msgs/msg/detail/path_mode__type_support.c
[0.315s] -- Up-to-date: /home/ws/install/opennav_coverage_msgs/include/opennav_coverage_msgs/opennav_coverage_msgs/msg/detail/row_swath_mode__rosidl_typesupport_introspection_c.h
[0.315s] -- Up-to-date: /home/ws/install/opennav_coverage_msgs/include/opennav_coverage_msgs/opennav_coverage_msgs/msg/detail/route_mode__rosidl_typesupport_introspection_c.h
[0.315s] -- Up-to-date: /home/ws/install/opennav_coverage_msgs/include/opennav_coverage_msgs/opennav_coverage_msgs/msg/detail/path_components__type_support.c
[0.315s] -- Up-to-date: /home/ws/install/opennav_coverage_msgs/include/opennav_coverage_msgs/opennav_coverage_msgs/msg/detail/coordinate__rosidl_typesupport_introspection_c.h
[0.315s] -- Up-to-date: /home/ws/install/opennav_coverage_msgs/include/opennav_coverage_msgs/opennav_coverage_msgs/msg/detail/swath_mode__type_support.c
[0.315s] -- Up-to-date: /home/ws/install/opennav_coverage_msgs/include/opennav_coverage_msgs/opennav_coverage_msgs/msg/detail/path_mode__rosidl_typesupport_introspection_c.h
[0.315s] -- Up-to-date: /home/ws/install/opennav_coverage_msgs/include/opennav_coverage_msgs/opennav_coverage_msgs/msg/detail/swath_mode__rosidl_typesupport_introspection_c.h
[0.315s] -- Up-to-date: /home/ws/install/opennav_coverage_msgs/include/opennav_coverage_msgs/opennav_coverage_msgs/msg/detail/swath__type_support.c
[0.315s] -- Up-to-date: /home/ws/install/opennav_coverage_msgs/include/opennav_coverage_msgs/opennav_coverage_msgs/msg/detail/route_mode__type_support.c
[0.315s] -- Up-to-date: /home/ws/install/opennav_coverage_msgs/include/opennav_coverage_msgs/opennav_coverage_msgs/msg/detail/coordinate__type_support.c
[0.315s] -- Up-to-date: /home/ws/install/opennav_coverage_msgs/include/opennav_coverage_msgs/opennav_coverage_msgs/msg/detail/coordinates__type_support.c
[0.315s] -- Up-to-date: /home/ws/install/opennav_coverage_msgs/include/opennav_coverage_msgs/opennav_coverage_msgs/msg/detail/headland_mode__type_support.c
[0.315s] -- Up-to-date: /home/ws/install/opennav_coverage_msgs/lib/libopennav_coverage_msgs__rosidl_typesupport_introspection_c.so
[0.315s] -- Up-to-date: /home/ws/install/opennav_coverage_msgs/lib/libopennav_coverage_msgs__rosidl_typesupport_c.so
[0.315s] -- Up-to-date: /home/ws/install/opennav_coverage_msgs/include/opennav_coverage_msgs/opennav_coverage_msgs
[0.315s] -- Up-to-date: /home/ws/install/opennav_coverage_msgs/include/opennav_coverage_msgs/opennav_coverage_msgs/action
[0.315s] -- Up-to-date: /home/ws/install/opennav_coverage_msgs/include/opennav_coverage_msgs/opennav_coverage_msgs/action/detail
[0.315s] -- Up-to-date: /home/ws/install/opennav_coverage_msgs/include/opennav_coverage_msgs/opennav_coverage_msgs/action/detail/compute_coverage_path__type_support.cpp
[0.315s] -- Up-to-date: /home/ws/install/opennav_coverage_msgs/include/opennav_coverage_msgs/opennav_coverage_msgs/action/detail/navigate_complete_coverage__type_support.cpp
[0.316s] -- Up-to-date: /home/ws/install/opennav_coverage_msgs/include/opennav_coverage_msgs/opennav_coverage_msgs/action/detail/compute_coverage_path__rosidl_typesupport_introspection_cpp.hpp
[0.316s] -- Up-to-date: /home/ws/install/opennav_coverage_msgs/include/opennav_coverage_msgs/opennav_coverage_msgs/action/detail/navigate_complete_coverage__rosidl_typesupport_introspection_cpp.hpp
[0.316s] -- Up-to-date: /home/ws/install/opennav_coverage_msgs/include/opennav_coverage_msgs/opennav_coverage_msgs/msg
[0.316s] -- Up-to-date: /home/ws/install/opennav_coverage_msgs/include/opennav_coverage_msgs/opennav_coverage_msgs/msg/detail
[0.316s] -- Up-to-date: /home/ws/install/opennav_coverage_msgs/include/opennav_coverage_msgs/opennav_coverage_msgs/msg/detail/path_mode__rosidl_typesupport_introspection_cpp.hpp
[0.316s] -- Up-to-date: /home/ws/install/opennav_coverage_msgs/include/opennav_coverage_msgs/opennav_coverage_msgs/msg/detail/route_mode__rosidl_typesupport_introspection_cpp.hpp
[0.316s] -- Up-to-date: /home/ws/install/opennav_coverage_msgs/include/opennav_coverage_msgs/opennav_coverage_msgs/msg/detail/coordinate__rosidl_typesupport_introspection_cpp.hpp
[0.316s] -- Up-to-date: /home/ws/install/opennav_coverage_msgs/include/opennav_coverage_msgs/opennav_coverage_msgs/msg/detail/headland_mode__rosidl_typesupport_introspection_cpp.hpp
[0.316s] -- Up-to-date: /home/ws/install/opennav_coverage_msgs/include/opennav_coverage_msgs/opennav_coverage_msgs/msg/detail/coordinates__rosidl_typesupport_introspection_cpp.hpp
[0.316s] -- Up-to-date: /home/ws/install/opennav_coverage_msgs/include/opennav_coverage_msgs/opennav_coverage_msgs/msg/detail/coordinates__type_support.cpp
[0.316s] -- Up-to-date: /home/ws/install/opennav_coverage_msgs/include/opennav_coverage_msgs/opennav_coverage_msgs/msg/detail/swath_mode__type_support.cpp
[0.316s] -- Up-to-date: /home/ws/install/opennav_coverage_msgs/include/opennav_coverage_msgs/opennav_coverage_msgs/msg/detail/swath__rosidl_typesupport_introspection_cpp.hpp
[0.316s] -- Up-to-date: /home/ws/install/opennav_coverage_msgs/include/opennav_coverage_msgs/opennav_coverage_msgs/msg/detail/path_mode__type_support.cpp
[0.316s] -- Up-to-date: /home/ws/install/opennav_coverage_msgs/include/opennav_coverage_msgs/opennav_coverage_msgs/msg/detail/path_components__rosidl_typesupport_introspection_cpp.hpp
[0.316s] -- Up-to-date: /home/ws/install/opennav_coverage_msgs/include/opennav_coverage_msgs/opennav_coverage_msgs/msg/detail/headland_mode__type_support.cpp
[0.316s] -- Up-to-date: /home/ws/install/opennav_coverage_msgs/include/opennav_coverage_msgs/opennav_coverage_msgs/msg/detail/row_swath_mode__type_support.cpp
[0.316s] -- Up-to-date: /home/ws/install/opennav_coverage_msgs/include/opennav_coverage_msgs/opennav_coverage_msgs/msg/detail/swath__type_support.cpp
[0.316s] -- Up-to-date: /home/ws/install/opennav_coverage_msgs/include/opennav_coverage_msgs/opennav_coverage_msgs/msg/detail/route_mode__type_support.cpp
[0.316s] -- Up-to-date: /home/ws/install/opennav_coverage_msgs/include/opennav_coverage_msgs/opennav_coverage_msgs/msg/detail/path_components__type_support.cpp
[0.316s] -- Up-to-date: /home/ws/install/opennav_coverage_msgs/include/opennav_coverage_msgs/opennav_coverage_msgs/msg/detail/row_swath_mode__rosidl_typesupport_introspection_cpp.hpp
[0.316s] -- Up-to-date: /home/ws/install/opennav_coverage_msgs/include/opennav_coverage_msgs/opennav_coverage_msgs/msg/detail/coordinate__type_support.cpp
[0.316s] -- Up-to-date: /home/ws/install/opennav_coverage_msgs/include/opennav_coverage_msgs/opennav_coverage_msgs/msg/detail/swath_mode__rosidl_typesupport_introspection_cpp.hpp
[0.316s] -- Up-to-date: /home/ws/install/opennav_coverage_msgs/lib/libopennav_coverage_msgs__rosidl_typesupport_introspection_cpp.so
[0.316s] -- Up-to-date: /home/ws/install/opennav_coverage_msgs/lib/libopennav_coverage_msgs__rosidl_typesupport_cpp.so
[0.316s] -- Up-to-date: /home/ws/install/opennav_coverage_msgs/share/opennav_coverage_msgs/environment/pythonpath.sh
[0.316s] -- Up-to-date: /home/ws/install/opennav_coverage_msgs/share/opennav_coverage_msgs/environment/pythonpath.dsv
[0.317s] -- Up-to-date: /home/ws/install/opennav_coverage_msgs/lib/python3.12/site-packages/opennav_coverage_msgs-0.0.1-py3.12.egg-info
[0.317s] -- Installing: /home/ws/install/opennav_coverage_msgs/lib/python3.12/site-packages/opennav_coverage_msgs-0.0.1-py3.12.egg-info/SOURCES.txt
[0.317s] -- Installing: /home/ws/install/opennav_coverage_msgs/lib/python3.12/site-packages/opennav_coverage_msgs-0.0.1-py3.12.egg-info/top_level.txt
[0.317s] -- Installing: /home/ws/install/opennav_coverage_msgs/lib/python3.12/site-packages/opennav_coverage_msgs-0.0.1-py3.12.egg-info/dependency_links.txt
[0.317s] -- Installing: /home/ws/install/opennav_coverage_msgs/lib/python3.12/site-packages/opennav_coverage_msgs-0.0.1-py3.12.egg-info/PKG-INFO
[0.317s] -- Up-to-date: /home/ws/install/opennav_coverage_msgs/lib/python3.12/site-packages/opennav_coverage_msgs
[0.317s] -- Up-to-date: /home/ws/install/opennav_coverage_msgs/lib/python3.12/site-packages/opennav_coverage_msgs/_opennav_coverage_msgs_s.ep.rosidl_typesupport_fastrtps_c.c
[0.317s] -- Up-to-date: /home/ws/install/opennav_coverage_msgs/lib/python3.12/site-packages/opennav_coverage_msgs/_opennav_coverage_msgs_s.ep.rosidl_typesupport_introspection_c.c
[0.317s] -- Up-to-date: /home/ws/install/opennav_coverage_msgs/lib/python3.12/site-packages/opennav_coverage_msgs/action
[0.317s] -- Up-to-date: /home/ws/install/opennav_coverage_msgs/lib/python3.12/site-packages/opennav_coverage_msgs/action/_navigate_complete_coverage_s.c
[0.317s] -- Up-to-date: /home/ws/install/opennav_coverage_msgs/lib/python3.12/site-packages/opennav_coverage_msgs/action/_compute_coverage_path.py
[0.317s] -- Up-to-date: /home/ws/install/opennav_coverage_msgs/lib/python3.12/site-packages/opennav_coverage_msgs/action/_navigate_complete_coverage.py
[0.317s] -- Up-to-date: /home/ws/install/opennav_coverage_msgs/lib/python3.12/site-packages/opennav_coverage_msgs/action/__init__.py
[0.317s] -- Up-to-date: /home/ws/install/opennav_coverage_msgs/lib/python3.12/site-packages/opennav_coverage_msgs/action/_compute_coverage_path_s.c
[0.317s] -- Up-to-date: /home/ws/install/opennav_coverage_msgs/lib/python3.12/site-packages/opennav_coverage_msgs/msg
[0.317s] -- Up-to-date: /home/ws/install/opennav_coverage_msgs/lib/python3.12/site-packages/opennav_coverage_msgs/msg/_swath_s.c
[0.317s] -- Up-to-date: /home/ws/install/opennav_coverage_msgs/lib/python3.12/site-packages/opennav_coverage_msgs/msg/_route_mode.py
[0.317s] -- Up-to-date: /home/ws/install/opennav_coverage_msgs/lib/python3.12/site-packages/opennav_coverage_msgs/msg/_coordinates_s.c
[0.317s] -- Up-to-date: /home/ws/install/opennav_coverage_msgs/lib/python3.12/site-packages/opennav_coverage_msgs/msg/_swath_mode_s.c
[0.317s] -- Up-to-date: /home/ws/install/opennav_coverage_msgs/lib/python3.12/site-packages/opennav_coverage_msgs/msg/_swath.py
[0.317s] -- Up-to-date: /home/ws/install/opennav_coverage_msgs/lib/python3.12/site-packages/opennav_coverage_msgs/msg/_swath_mode.py
[0.317s] -- Up-to-date: /home/ws/install/opennav_coverage_msgs/lib/python3.12/site-packages/opennav_coverage_msgs/msg/_path_mode.py
[0.317s] -- Up-to-date: /home/ws/install/opennav_coverage_msgs/lib/python3.12/site-packages/opennav_coverage_msgs/msg/_path_components_s.c
[0.317s] -- Up-to-date: /home/ws/install/opennav_coverage_msgs/lib/python3.12/site-packages/opennav_coverage_msgs/msg/_coordinates.py
[0.317s] -- Up-to-date: /home/ws/install/opennav_coverage_msgs/lib/python3.12/site-packages/opennav_coverage_msgs/msg/_row_swath_mode.py
[0.317s] -- Up-to-date: /home/ws/install/opennav_coverage_msgs/lib/python3.12/site-packages/opennav_coverage_msgs/msg/_path_components.py
[0.317s] -- Up-to-date: /home/ws/install/opennav_coverage_msgs/lib/python3.12/site-packages/opennav_coverage_msgs/msg/_coordinate_s.c
[0.317s] -- Up-to-date: /home/ws/install/opennav_coverage_msgs/lib/python3.12/site-packages/opennav_coverage_msgs/msg/_headland_mode_s.c
[0.317s] -- Up-to-date: /home/ws/install/opennav_coverage_msgs/lib/python3.12/site-packages/opennav_coverage_msgs/msg/__init__.py
[0.317s] -- Up-to-date: /home/ws/install/opennav_coverage_msgs/lib/python3.12/site-packages/opennav_coverage_msgs/msg/_path_mode_s.c
[0.317s] -- Up-to-date: /home/ws/install/opennav_coverage_msgs/lib/python3.12/site-packages/opennav_coverage_msgs/msg/_row_swath_mode_s.c
[0.318s] -- Up-to-date: /home/ws/install/opennav_coverage_msgs/lib/python3.12/site-packages/opennav_coverage_msgs/msg/_route_mode_s.c
[0.318s] -- Up-to-date: /home/ws/install/opennav_coverage_msgs/lib/python3.12/site-packages/opennav_coverage_msgs/msg/_coordinate.py
[0.318s] -- Up-to-date: /home/ws/install/opennav_coverage_msgs/lib/python3.12/site-packages/opennav_coverage_msgs/msg/_headland_mode.py
[0.318s] -- Up-to-date: /home/ws/install/opennav_coverage_msgs/lib/python3.12/site-packages/opennav_coverage_msgs/opennav_coverage_msgs_s__rosidl_typesupport_fastrtps_c.so
[0.318s] -- Up-to-date: /home/ws/install/opennav_coverage_msgs/lib/python3.12/site-packages/opennav_coverage_msgs/opennav_coverage_msgs_s__rosidl_typesupport_introspection_c.so
[0.318s] -- Up-to-date: /home/ws/install/opennav_coverage_msgs/lib/python3.12/site-packages/opennav_coverage_msgs/opennav_coverage_msgs_s__rosidl_typesupport_c.so
[0.318s] -- Up-to-date: /home/ws/install/opennav_coverage_msgs/lib/python3.12/site-packages/opennav_coverage_msgs/__init__.py
[0.318s] -- Up-to-date: /home/ws/install/opennav_coverage_msgs/lib/python3.12/site-packages/opennav_coverage_msgs/_opennav_coverage_msgs_s.ep.rosidl_typesupport_c.c
[0.335s] Listing '/home/ws/install/opennav_coverage_msgs/lib/python3.12/site-packages/opennav_coverage_msgs'...
[0.335s] Listing '/home/ws/install/opennav_coverage_msgs/lib/python3.12/site-packages/opennav_coverage_msgs/action'...
[0.335s] Listing '/home/ws/install/opennav_coverage_msgs/lib/python3.12/site-packages/opennav_coverage_msgs/msg'...
[0.338s] -- Up-to-date: /home/ws/install/opennav_coverage_msgs/lib/python3.12/site-packages/opennav_coverage_msgs/opennav_coverage_msgs_s__rosidl_typesupport_fastrtps_c.so
[0.338s] -- Up-to-date: /home/ws/install/opennav_coverage_msgs/lib/python3.12/site-packages/opennav_coverage_msgs/opennav_coverage_msgs_s__rosidl_typesupport_introspection_c.so
[0.339s] -- Up-to-date: /home/ws/install/opennav_coverage_msgs/lib/python3.12/site-packages/opennav_coverage_msgs/opennav_coverage_msgs_s__rosidl_typesupport_c.so
[0.339s] -- Up-to-date: /home/ws/install/opennav_coverage_msgs/lib/libopennav_coverage_msgs__rosidl_generator_py.so
[0.339s] -- Up-to-date: /home/ws/install/opennav_coverage_msgs/share/opennav_coverage_msgs/msg/Coordinate.idl
[0.339s] -- Up-to-date: /home/ws/install/opennav_coverage_msgs/share/opennav_coverage_msgs/msg/Coordinates.idl
[0.339s] -- Up-to-date: /home/ws/install/opennav_coverage_msgs/share/opennav_coverage_msgs/msg/HeadlandMode.idl
[0.339s] -- Up-to-date: /home/ws/install/opennav_coverage_msgs/share/opennav_coverage_msgs/msg/SwathMode.idl
[0.339s] -- Up-to-date: /home/ws/install/opennav_coverage_msgs/share/opennav_coverage_msgs/msg/RowSwathMode.idl
[0.340s] -- Up-to-date: /home/ws/install/opennav_coverage_msgs/share/opennav_coverage_msgs/msg/RouteMode.idl
[0.340s] -- Up-to-date: /home/ws/install/opennav_coverage_msgs/share/opennav_coverage_msgs/msg/PathMode.idl
[0.340s] -- Up-to-date: /home/ws/install/opennav_coverage_msgs/share/opennav_coverage_msgs/msg/Swath.idl
[0.340s] -- Up-to-date: /home/ws/install/opennav_coverage_msgs/share/opennav_coverage_msgs/msg/PathComponents.idl
[0.340s] -- Up-to-date: /home/ws/install/opennav_coverage_msgs/share/opennav_coverage_msgs/action/ComputeCoveragePath.idl
[0.340s] -- Up-to-date: /home/ws/install/opennav_coverage_msgs/share/opennav_coverage_msgs/action/NavigateCompleteCoverage.idl
[0.340s] -- Up-to-date: /home/ws/install/opennav_coverage_msgs/share/opennav_coverage_msgs/msg/Coordinate.msg
[0.340s] -- Up-to-date: /home/ws/install/opennav_coverage_msgs/share/opennav_coverage_msgs/msg/Coordinates.msg
[0.340s] -- Up-to-date: /home/ws/install/opennav_coverage_msgs/share/opennav_coverage_msgs/msg/HeadlandMode.msg
[0.340s] -- Up-to-date: /home/ws/install/opennav_coverage_msgs/share/opennav_coverage_msgs/msg/SwathMode.msg
[0.340s] -- Up-to-date: /home/ws/install/opennav_coverage_msgs/share/opennav_coverage_msgs/msg/RowSwathMode.msg
[0.340s] -- Up-to-date: /home/ws/install/opennav_coverage_msgs/share/opennav_coverage_msgs/msg/RouteMode.msg
[0.340s] -- Up-to-date: /home/ws/install/opennav_coverage_msgs/share/opennav_coverage_msgs/msg/PathMode.msg
[0.340s] -- Up-to-date: /home/ws/install/opennav_coverage_msgs/share/opennav_coverage_msgs/msg/Swath.msg
[0.340s] -- Up-to-date: /home/ws/install/opennav_coverage_msgs/share/opennav_coverage_msgs/msg/PathComponents.msg
[0.340s] -- Up-to-date: /home/ws/install/opennav_coverage_msgs/share/opennav_coverage_msgs/action/ComputeCoveragePath.action
[0.340s] -- Up-to-date: /home/ws/install/opennav_coverage_msgs/share/opennav_coverage_msgs/action/NavigateCompleteCoverage.action
[0.340s] -- Up-to-date: /home/ws/install/opennav_coverage_msgs/share/ament_index/resource_index/package_run_dependencies/opennav_coverage_msgs
[0.341s] -- Up-to-date: /home/ws/install/opennav_coverage_msgs/share/ament_index/resource_index/parent_prefix_path/opennav_coverage_msgs
[0.341s] -- Up-to-date: /home/ws/install/opennav_coverage_msgs/share/opennav_coverage_msgs/environment/ament_prefix_path.sh
[0.341s] -- Up-to-date: /home/ws/install/opennav_coverage_msgs/share/opennav_coverage_msgs/environment/ament_prefix_path.dsv
[0.341s] -- Up-to-date: /home/ws/install/opennav_coverage_msgs/share/opennav_coverage_msgs/environment/path.sh
[0.341s] -- Up-to-date: /home/ws/install/opennav_coverage_msgs/share/opennav_coverage_msgs/environment/path.dsv
[0.341s] -- Up-to-date: /home/ws/install/opennav_coverage_msgs/share/opennav_coverage_msgs/local_setup.bash
[0.341s] -- Up-to-date: /home/ws/install/opennav_coverage_msgs/share/opennav_coverage_msgs/local_setup.sh
[0.341s] -- Up-to-date: /home/ws/install/opennav_coverage_msgs/share/opennav_coverage_msgs/local_setup.zsh
[0.341s] -- Up-to-date: /home/ws/install/opennav_coverage_msgs/share/opennav_coverage_msgs/local_setup.dsv
[0.341s] -- Installing: /home/ws/install/opennav_coverage_msgs/share/opennav_coverage_msgs/package.dsv
[0.341s] -- Up-to-date: /home/ws/install/opennav_coverage_msgs/share/ament_index/resource_index/packages/opennav_coverage_msgs
[0.341s] -- Up-to-date: /home/ws/install/opennav_coverage_msgs/share/opennav_coverage_msgs/cmake/export_opennav_coverage_msgs__rosidl_generator_cExport.cmake
[0.341s] -- Up-to-date: /home/ws/install/opennav_coverage_msgs/share/opennav_coverage_msgs/cmake/export_opennav_coverage_msgs__rosidl_generator_cExport-noconfig.cmake
[0.341s] -- Up-to-date: /home/ws/install/opennav_coverage_msgs/share/opennav_coverage_msgs/cmake/export_opennav_coverage_msgs__rosidl_typesupport_fastrtps_cExport.cmake
[0.341s] -- Up-to-date: /home/ws/install/opennav_coverage_msgs/share/opennav_coverage_msgs/cmake/export_opennav_coverage_msgs__rosidl_typesupport_fastrtps_cExport-noconfig.cmake
[0.341s] -- Up-to-date: /home/ws/install/opennav_coverage_msgs/share/opennav_coverage_msgs/cmake/export_opennav_coverage_msgs__rosidl_generator_cppExport.cmake
[0.341s] -- Up-to-date: /home/ws/install/opennav_coverage_msgs/share/opennav_coverage_msgs/cmake/export_opennav_coverage_msgs__rosidl_typesupport_fastrtps_cppExport.cmake
[0.341s] -- Up-to-date: /home/ws/install/opennav_coverage_msgs/share/opennav_coverage_msgs/cmake/export_opennav_coverage_msgs__rosidl_typesupport_fastrtps_cppExport-noconfig.cmake
[0.341s] -- Up-to-date: /home/ws/install/opennav_coverage_msgs/share/opennav_coverage_msgs/cmake/opennav_coverage_msgs__rosidl_typesupport_introspection_cExport.cmake
[0.341s] -- Up-to-date: /home/ws/install/opennav_coverage_msgs/share/opennav_coverage_msgs/cmake/opennav_coverage_msgs__rosidl_typesupport_introspection_cExport-noconfig.cmake
[0.342s] -- Up-to-date: /home/ws/install/opennav_coverage_msgs/share/opennav_coverage_msgs/cmake/opennav_coverage_msgs__rosidl_typesupport_cExport.cmake
[0.342s] -- Up-to-date: /home/ws/install/opennav_coverage_msgs/share/opennav_coverage_msgs/cmake/opennav_coverage_msgs__rosidl_typesupport_cExport-noconfig.cmake
[0.342s] -- Up-to-date: /home/ws/install/opennav_coverage_msgs/share/opennav_coverage_msgs/cmake/opennav_coverage_msgs__rosidl_typesupport_introspection_cppExport.cmake
[0.342s] -- Up-to-date: /home/ws/install/opennav_coverage_msgs/share/opennav_coverage_msgs/cmake/opennav_coverage_msgs__rosidl_typesupport_introspection_cppExport-noconfig.cmake
[0.342s] -- Up-to-date: /home/ws/install/opennav_coverage_msgs/share/opennav_coverage_msgs/cmake/opennav_coverage_msgs__rosidl_typesupport_cppExport.cmake
[0.342s] -- Up-to-date: /home/ws/install/opennav_coverage_msgs/share/opennav_coverage_msgs/cmake/opennav_coverage_msgs__rosidl_typesupport_cppExport-noconfig.cmake
[0.342s] -- Up-to-date: /home/ws/install/opennav_coverage_msgs/share/opennav_coverage_msgs/cmake/export_opennav_coverage_msgs__rosidl_generator_pyExport.cmake
[0.342s] -- Up-to-date: /home/ws/install/opennav_coverage_msgs/share/opennav_coverage_msgs/cmake/export_opennav_coverage_msgs__rosidl_generator_pyExport-noconfig.cmake
[0.342s] -- Up-to-date: /home/ws/install/opennav_coverage_msgs/share/opennav_coverage_msgs/cmake/rosidl_cmake-extras.cmake
[0.342s] -- Up-to-date: /home/ws/install/opennav_coverage_msgs/share/opennav_coverage_msgs/cmake/ament_cmake_export_dependencies-extras.cmake
[0.342s] -- Up-to-date: /home/ws/install/opennav_coverage_msgs/share/opennav_coverage_msgs/cmake/ament_cmake_export_include_directories-extras.cmake
[0.342s] -- Up-to-date: /home/ws/install/opennav_coverage_msgs/share/opennav_coverage_msgs/cmake/ament_cmake_export_libraries-extras.cmake
[0.342s] -- Up-to-date: /home/ws/install/opennav_coverage_msgs/share/opennav_coverage_msgs/cmake/ament_cmake_export_targets-extras.cmake
[0.342s] -- Up-to-date: /home/ws/install/opennav_coverage_msgs/share/opennav_coverage_msgs/cmake/rosidl_cmake_export_typesupport_targets-extras.cmake
[0.342s] -- Up-to-date: /home/ws/install/opennav_coverage_msgs/share/opennav_coverage_msgs/cmake/rosidl_cmake_export_typesupport_libraries-extras.cmake
[0.342s] -- Up-to-date: /home/ws/install/opennav_coverage_msgs/share/opennav_coverage_msgs/cmake/opennav_coverage_msgsConfig.cmake
[0.342s] -- Up-to-date: /home/ws/install/opennav_coverage_msgs/share/opennav_coverage_msgs/cmake/opennav_coverage_msgsConfig-version.cmake
[0.342s] -- Up-to-date: /home/ws/install/opennav_coverage_msgs/share/opennav_coverage_msgs/package.xml
[0.344s] Invoked command in '/home/ws/build/opennav_coverage_msgs' returned '0': CMAKE_PREFIX_PATH=${CMAKE_PREFIX_PATH}:/opt/ros/jazzy /usr/bin/cmake --install /home/ws/build/opennav_coverage_msgs
