/home/ws/install/opennav_coverage_demo/lib/python3.12/site-packages/opennav_coverage_demo/demo_row_coverage.py
/home/ws/install/opennav_coverage_demo/lib/python3.12/site-packages/opennav_coverage_demo/demo_coverage.py
/home/ws/install/opennav_coverage_demo/lib/python3.12/site-packages/opennav_coverage_demo/__init__.py
/home/ws/install/opennav_coverage_demo/lib/python3.12/site-packages/opennav_coverage_demo/__pycache__/demo_row_coverage.cpython-312.pyc
/home/ws/install/opennav_coverage_demo/lib/python3.12/site-packages/opennav_coverage_demo/__pycache__/demo_coverage.cpython-312.pyc
/home/ws/install/opennav_coverage_demo/lib/python3.12/site-packages/opennav_coverage_demo/__pycache__/__init__.cpython-312.pyc
/home/ws/install/opennav_coverage_demo/share/ament_index/resource_index/packages/opennav_coverage_demo
/home/ws/install/opennav_coverage_demo/share/opennav_coverage_demo/package.xml
/home/ws/install/opennav_coverage_demo/share/opennav_coverage_demo/row_bringup_launch.py
/home/ws/install/opennav_coverage_demo/share/opennav_coverage_demo/bringup_launch.py
/home/ws/install/opennav_coverage_demo/share/opennav_coverage_demo/coverage_demo_launch.py
/home/ws/install/opennav_coverage_demo/share/opennav_coverage_demo/row_coverage_demo_launch.py
/home/ws/install/opennav_coverage_demo/share/opennav_coverage_demo/blank.world
/home/ws/install/opennav_coverage_demo/share/opennav_coverage_demo/demo_params.yaml
/home/ws/install/opennav_coverage_demo/share/opennav_coverage_demo/rviz_config.rviz
/home/ws/install/opennav_coverage_demo/lib/python3.12/site-packages/opennav_coverage_demo-1.0.0-py3.12.egg-info/SOURCES.txt
/home/ws/install/opennav_coverage_demo/lib/python3.12/site-packages/opennav_coverage_demo-1.0.0-py3.12.egg-info/top_level.txt
/home/ws/install/opennav_coverage_demo/lib/python3.12/site-packages/opennav_coverage_demo-1.0.0-py3.12.egg-info/dependency_links.txt
/home/ws/install/opennav_coverage_demo/lib/python3.12/site-packages/opennav_coverage_demo-1.0.0-py3.12.egg-info/zip-safe
/home/ws/install/opennav_coverage_demo/lib/python3.12/site-packages/opennav_coverage_demo-1.0.0-py3.12.egg-info/PKG-INFO
/home/ws/install/opennav_coverage_demo/lib/python3.12/site-packages/opennav_coverage_demo-1.0.0-py3.12.egg-info/entry_points.txt
/home/ws/install/opennav_coverage_demo/lib/python3.12/site-packages/opennav_coverage_demo-1.0.0-py3.12.egg-info/requires.txt
/home/ws/install/opennav_coverage_demo/lib/opennav_coverage_demo/demo_coverage
/home/ws/install/opennav_coverage_demo/lib/opennav_coverage_demo/demo_row_coverage
