[ 15%] Built target gtest_main
[ 30%] Built target gtest
[ 53%] Built target opennav_row_coverage_core
[ 69%] Built target opennav_row_coverage
[ 84%] Built target test_utils
[100%] Built target test_swath_generator
-- Install configuration: ""
-- Installing: /home/ws/install/opennav_row_coverage/lib/libopennav_row_coverage_core.so
-- Set non-toolchain portion of runtime path of "/home/ws/install/opennav_row_coverage/lib/libopennav_row_coverage_core.so" to ""
-- Installing: /home/ws/install/opennav_row_coverage/lib/opennav_row_coverage/opennav_row_coverage
-- Set non-toolchain portion of runtime path of "/home/ws/install/opennav_row_coverage/lib/opennav_row_coverage/opennav_row_coverage" to ""
-- Installing: /home/ws/install/opennav_row_coverage/include/
-- Installing: /home/ws/install/opennav_row_coverage/include//opennav_row_coverage
-- Installing: /home/ws/install/opennav_row_coverage/include//opennav_row_coverage/row_swath_generator.hpp
-- Installing: /home/ws/install/opennav_row_coverage/include//opennav_row_coverage/utils.hpp
-- Installing: /home/ws/install/opennav_row_coverage/include//opennav_row_coverage/types.hpp
-- Installing: /home/ws/install/opennav_row_coverage/include//opennav_row_coverage/row_coverage_server.hpp
-- Installing: /home/ws/install/opennav_row_coverage/share/opennav_row_coverage/environment/library_path.sh
-- Installing: /home/ws/install/opennav_row_coverage/share/opennav_row_coverage/environment/library_path.dsv
-- Installing: /home/ws/install/opennav_row_coverage/share/ament_index/resource_index/package_run_dependencies/opennav_row_coverage
-- Installing: /home/ws/install/opennav_row_coverage/share/ament_index/resource_index/parent_prefix_path/opennav_row_coverage
-- Installing: /home/ws/install/opennav_row_coverage/share/opennav_row_coverage/environment/ament_prefix_path.sh
-- Installing: /home/ws/install/opennav_row_coverage/share/opennav_row_coverage/environment/ament_prefix_path.dsv
-- Installing: /home/ws/install/opennav_row_coverage/share/opennav_row_coverage/environment/path.sh
-- Installing: /home/ws/install/opennav_row_coverage/share/opennav_row_coverage/environment/path.dsv
-- Installing: /home/ws/install/opennav_row_coverage/share/opennav_row_coverage/local_setup.bash
-- Installing: /home/ws/install/opennav_row_coverage/share/opennav_row_coverage/local_setup.sh
-- Installing: /home/ws/install/opennav_row_coverage/share/opennav_row_coverage/local_setup.zsh
-- Installing: /home/ws/install/opennav_row_coverage/share/opennav_row_coverage/local_setup.dsv
-- Installing: /home/ws/install/opennav_row_coverage/share/opennav_row_coverage/package.dsv
-- Installing: /home/ws/install/opennav_row_coverage/share/ament_index/resource_index/packages/opennav_row_coverage
-- Installing: /home/ws/install/opennav_row_coverage/share/ament_index/resource_index/rclcpp_components/opennav_row_coverage
-- Installing: /home/ws/install/opennav_row_coverage/share/opennav_row_coverage/cmake/ament_cmake_export_include_directories-extras.cmake
-- Installing: /home/ws/install/opennav_row_coverage/share/opennav_row_coverage/cmake/ament_cmake_export_libraries-extras.cmake
-- Installing: /home/ws/install/opennav_row_coverage/share/opennav_row_coverage/cmake/ament_cmake_export_dependencies-extras.cmake
-- Installing: /home/ws/install/opennav_row_coverage/share/opennav_row_coverage/cmake/opennav_row_coverageConfig.cmake
-- Installing: /home/ws/install/opennav_row_coverage/share/opennav_row_coverage/cmake/opennav_row_coverageConfig-version.cmake
-- Installing: /home/ws/install/opennav_row_coverage/share/opennav_row_coverage/package.xml
