[0.012s] Invoking command in '/home/ws/build/opennav_row_coverage': CMAKE_PREFIX_PATH=/home/ws/install/opennav_coverage:/home/ws/install/opennav_coverage_msgs:/home/ws/install/fields2cover:/home/ws/install/opennav_coverage_bt:/opt/ros/jazzy/opt/gz_sim_vendor:/opt/ros/jazzy/opt/gz_sensors_vendor:/opt/ros/jazzy/opt/gz_physics_vendor:/opt/ros/jazzy/opt/sdformat_vendor:/opt/ros/jazzy/opt/gz_gui_vendor:/opt/ros/jazzy/opt/gz_transport_vendor:/opt/ros/jazzy/opt/gz_rendering_vendor:/opt/ros/jazzy/opt/gz_plugin_vendor:/opt/ros/jazzy/opt/gz_fuel_tools_vendor:/opt/ros/jazzy/opt/gz_msgs_vendor:/opt/ros/jazzy/opt/gz_common_vendor:/opt/ros/jazzy/opt/gz_math_vendor:/opt/ros/jazzy/opt/gz_utils_vendor:/opt/ros/jazzy/opt/gz_tools_vendor:/opt/ros/jazzy/opt/gz_ogre_next_vendor:/opt/ros/jazzy/opt/gz_dartsim_vendor:/opt/ros/jazzy/opt/gz_cmake_vendor:/opt/ros/jazzy LD_LIBRARY_PATH=/home/ws/install/opennav_coverage/lib:/home/ws/install/opennav_coverage_msgs/lib:/home/ws/install/fields2cover/lib:/home/ws/install/opennav_coverage_bt/lib:/opt/ros/jazzy/opt/gz_sim_vendor/lib:/opt/ros/jazzy/opt/gz_sensors_vendor/lib:/opt/ros/jazzy/opt/gz_physics_vendor/lib:/opt/ros/jazzy/opt/sdformat_vendor/lib:/opt/ros/jazzy/opt/rviz_ogre_vendor/lib:/opt/ros/jazzy/lib/x86_64-linux-gnu:/opt/ros/jazzy/opt/gz_gui_vendor/lib:/opt/ros/jazzy/opt/gz_transport_vendor/lib:/opt/ros/jazzy/opt/gz_rendering_vendor/lib:/opt/ros/jazzy/opt/gz_plugin_vendor/lib:/opt/ros/jazzy/opt/gz_fuel_tools_vendor/lib:/opt/ros/jazzy/opt/gz_msgs_vendor/lib:/opt/ros/jazzy/opt/gz_common_vendor/lib:/opt/ros/jazzy/opt/gz_math_vendor/lib:/opt/ros/jazzy/opt/gz_utils_vendor/lib:/opt/ros/jazzy/opt/gz_tools_vendor/lib:/opt/ros/jazzy/opt/gz_ogre_next_vendor/lib:/opt/ros/jazzy/opt/gz_dartsim_vendor/lib:/opt/ros/jazzy/opt/gz_cmake_vendor/lib:/opt/ros/jazzy/lib /usr/bin/cmake --build /home/ws/build/opennav_row_coverage -- -j12 -l12
[0.070s] [ 15%] Built target gtest_main
[0.070s] [ 30%] Built target gtest
[0.095s] [ 53%] Built target opennav_row_coverage_core
[0.138s] [ 69%] Built target opennav_row_coverage
[0.139s] [ 84%] Built target test_utils
[0.140s] [100%] Built target test_swath_generator
[0.151s] Invoked command in '/home/ws/build/opennav_row_coverage' returned '0': CMAKE_PREFIX_PATH=/home/ws/install/opennav_coverage:/home/ws/install/opennav_coverage_msgs:/home/ws/install/fields2cover:/home/ws/install/opennav_coverage_bt:/opt/ros/jazzy/opt/gz_sim_vendor:/opt/ros/jazzy/opt/gz_sensors_vendor:/opt/ros/jazzy/opt/gz_physics_vendor:/opt/ros/jazzy/opt/sdformat_vendor:/opt/ros/jazzy/opt/gz_gui_vendor:/opt/ros/jazzy/opt/gz_transport_vendor:/opt/ros/jazzy/opt/gz_rendering_vendor:/opt/ros/jazzy/opt/gz_plugin_vendor:/opt/ros/jazzy/opt/gz_fuel_tools_vendor:/opt/ros/jazzy/opt/gz_msgs_vendor:/opt/ros/jazzy/opt/gz_common_vendor:/opt/ros/jazzy/opt/gz_math_vendor:/opt/ros/jazzy/opt/gz_utils_vendor:/opt/ros/jazzy/opt/gz_tools_vendor:/opt/ros/jazzy/opt/gz_ogre_next_vendor:/opt/ros/jazzy/opt/gz_dartsim_vendor:/opt/ros/jazzy/opt/gz_cmake_vendor:/opt/ros/jazzy LD_LIBRARY_PATH=/home/ws/install/opennav_coverage/lib:/home/ws/install/opennav_coverage_msgs/lib:/home/ws/install/fields2cover/lib:/home/ws/install/opennav_coverage_bt/lib:/opt/ros/jazzy/opt/gz_sim_vendor/lib:/opt/ros/jazzy/opt/gz_sensors_vendor/lib:/opt/ros/jazzy/opt/gz_physics_vendor/lib:/opt/ros/jazzy/opt/sdformat_vendor/lib:/opt/ros/jazzy/opt/rviz_ogre_vendor/lib:/opt/ros/jazzy/lib/x86_64-linux-gnu:/opt/ros/jazzy/opt/gz_gui_vendor/lib:/opt/ros/jazzy/opt/gz_transport_vendor/lib:/opt/ros/jazzy/opt/gz_rendering_vendor/lib:/opt/ros/jazzy/opt/gz_plugin_vendor/lib:/opt/ros/jazzy/opt/gz_fuel_tools_vendor/lib:/opt/ros/jazzy/opt/gz_msgs_vendor/lib:/opt/ros/jazzy/opt/gz_common_vendor/lib:/opt/ros/jazzy/opt/gz_math_vendor/lib:/opt/ros/jazzy/opt/gz_utils_vendor/lib:/opt/ros/jazzy/opt/gz_tools_vendor/lib:/opt/ros/jazzy/opt/gz_ogre_next_vendor/lib:/opt/ros/jazzy/opt/gz_dartsim_vendor/lib:/opt/ros/jazzy/opt/gz_cmake_vendor/lib:/opt/ros/jazzy/lib /usr/bin/cmake --build /home/ws/build/opennav_row_coverage -- -j12 -l12
[0.152s] Invoking command in '/home/ws/build/opennav_row_coverage': CMAKE_PREFIX_PATH=/home/ws/install/opennav_coverage:/home/ws/install/opennav_coverage_msgs:/home/ws/install/fields2cover:/home/ws/install/opennav_coverage_bt:/opt/ros/jazzy/opt/gz_sim_vendor:/opt/ros/jazzy/opt/gz_sensors_vendor:/opt/ros/jazzy/opt/gz_physics_vendor:/opt/ros/jazzy/opt/sdformat_vendor:/opt/ros/jazzy/opt/gz_gui_vendor:/opt/ros/jazzy/opt/gz_transport_vendor:/opt/ros/jazzy/opt/gz_rendering_vendor:/opt/ros/jazzy/opt/gz_plugin_vendor:/opt/ros/jazzy/opt/gz_fuel_tools_vendor:/opt/ros/jazzy/opt/gz_msgs_vendor:/opt/ros/jazzy/opt/gz_common_vendor:/opt/ros/jazzy/opt/gz_math_vendor:/opt/ros/jazzy/opt/gz_utils_vendor:/opt/ros/jazzy/opt/gz_tools_vendor:/opt/ros/jazzy/opt/gz_ogre_next_vendor:/opt/ros/jazzy/opt/gz_dartsim_vendor:/opt/ros/jazzy/opt/gz_cmake_vendor:/opt/ros/jazzy LD_LIBRARY_PATH=/home/ws/install/opennav_coverage/lib:/home/ws/install/opennav_coverage_msgs/lib:/home/ws/install/fields2cover/lib:/home/ws/install/opennav_coverage_bt/lib:/opt/ros/jazzy/opt/gz_sim_vendor/lib:/opt/ros/jazzy/opt/gz_sensors_vendor/lib:/opt/ros/jazzy/opt/gz_physics_vendor/lib:/opt/ros/jazzy/opt/sdformat_vendor/lib:/opt/ros/jazzy/opt/rviz_ogre_vendor/lib:/opt/ros/jazzy/lib/x86_64-linux-gnu:/opt/ros/jazzy/opt/gz_gui_vendor/lib:/opt/ros/jazzy/opt/gz_transport_vendor/lib:/opt/ros/jazzy/opt/gz_rendering_vendor/lib:/opt/ros/jazzy/opt/gz_plugin_vendor/lib:/opt/ros/jazzy/opt/gz_fuel_tools_vendor/lib:/opt/ros/jazzy/opt/gz_msgs_vendor/lib:/opt/ros/jazzy/opt/gz_common_vendor/lib:/opt/ros/jazzy/opt/gz_math_vendor/lib:/opt/ros/jazzy/opt/gz_utils_vendor/lib:/opt/ros/jazzy/opt/gz_tools_vendor/lib:/opt/ros/jazzy/opt/gz_ogre_next_vendor/lib:/opt/ros/jazzy/opt/gz_dartsim_vendor/lib:/opt/ros/jazzy/opt/gz_cmake_vendor/lib:/opt/ros/jazzy/lib /usr/bin/cmake --install /home/ws/build/opennav_row_coverage
[0.159s] -- Install configuration: ""
[0.159s] -- Installing: /home/ws/install/opennav_row_coverage/lib/libopennav_row_coverage_core.so
[0.163s] -- Set non-toolchain portion of runtime path of "/home/ws/install/opennav_row_coverage/lib/libopennav_row_coverage_core.so" to ""
[0.163s] -- Installing: /home/ws/install/opennav_row_coverage/lib/opennav_row_coverage/opennav_row_coverage
[0.163s] -- Set non-toolchain portion of runtime path of "/home/ws/install/opennav_row_coverage/lib/opennav_row_coverage/opennav_row_coverage" to ""
[0.163s] -- Installing: /home/ws/install/opennav_row_coverage/include/
[0.163s] -- Installing: /home/ws/install/opennav_row_coverage/include//opennav_row_coverage
[0.163s] -- Installing: /home/ws/install/opennav_row_coverage/include//opennav_row_coverage/row_swath_generator.hpp
[0.163s] -- Installing: /home/ws/install/opennav_row_coverage/include//opennav_row_coverage/utils.hpp
[0.163s] -- Installing: /home/ws/install/opennav_row_coverage/include//opennav_row_coverage/types.hpp
[0.164s] -- Installing: /home/ws/install/opennav_row_coverage/include//opennav_row_coverage/row_coverage_server.hpp
[0.164s] -- Installing: /home/ws/install/opennav_row_coverage/share/opennav_row_coverage/environment/library_path.sh
[0.164s] -- Installing: /home/ws/install/opennav_row_coverage/share/opennav_row_coverage/environment/library_path.dsv
[0.164s] -- Installing: /home/ws/install/opennav_row_coverage/share/ament_index/resource_index/package_run_dependencies/opennav_row_coverage
[0.164s] -- Installing: /home/ws/install/opennav_row_coverage/share/ament_index/resource_index/parent_prefix_path/opennav_row_coverage
[0.164s] -- Installing: /home/ws/install/opennav_row_coverage/share/opennav_row_coverage/environment/ament_prefix_path.sh
[0.164s] -- Installing: /home/ws/install/opennav_row_coverage/share/opennav_row_coverage/environment/ament_prefix_path.dsv
[0.165s] -- Installing: /home/ws/install/opennav_row_coverage/share/opennav_row_coverage/environment/path.sh
[0.165s] -- Installing: /home/ws/install/opennav_row_coverage/share/opennav_row_coverage/environment/path.dsv
[0.165s] -- Installing: /home/ws/install/opennav_row_coverage/share/opennav_row_coverage/local_setup.bash
[0.165s] -- Installing: /home/ws/install/opennav_row_coverage/share/opennav_row_coverage/local_setup.sh
[0.165s] -- Installing: /home/ws/install/opennav_row_coverage/share/opennav_row_coverage/local_setup.zsh
[0.165s] -- Installing: /home/ws/install/opennav_row_coverage/share/opennav_row_coverage/local_setup.dsv
[0.165s] -- Installing: /home/ws/install/opennav_row_coverage/share/opennav_row_coverage/package.dsv
[0.165s] -- Installing: /home/ws/install/opennav_row_coverage/share/ament_index/resource_index/packages/opennav_row_coverage
[0.165s] -- Installing: /home/ws/install/opennav_row_coverage/share/ament_index/resource_index/rclcpp_components/opennav_row_coverage
[0.165s] -- Installing: /home/ws/install/opennav_row_coverage/share/opennav_row_coverage/cmake/ament_cmake_export_include_directories-extras.cmake
[0.165s] -- Installing: /home/ws/install/opennav_row_coverage/share/opennav_row_coverage/cmake/ament_cmake_export_libraries-extras.cmake
[0.166s] -- Installing: /home/ws/install/opennav_row_coverage/share/opennav_row_coverage/cmake/ament_cmake_export_dependencies-extras.cmake
[0.166s] -- Installing: /home/ws/install/opennav_row_coverage/share/opennav_row_coverage/cmake/opennav_row_coverageConfig.cmake
[0.166s] -- Installing: /home/ws/install/opennav_row_coverage/share/opennav_row_coverage/cmake/opennav_row_coverageConfig-version.cmake
[0.166s] -- Installing: /home/ws/install/opennav_row_coverage/share/opennav_row_coverage/package.xml
[0.168s] Invoked command in '/home/ws/build/opennav_row_coverage' returned '0': CMAKE_PREFIX_PATH=/home/ws/install/opennav_coverage:/home/ws/install/opennav_coverage_msgs:/home/ws/install/fields2cover:/home/ws/install/opennav_coverage_bt:/opt/ros/jazzy/opt/gz_sim_vendor:/opt/ros/jazzy/opt/gz_sensors_vendor:/opt/ros/jazzy/opt/gz_physics_vendor:/opt/ros/jazzy/opt/sdformat_vendor:/opt/ros/jazzy/opt/gz_gui_vendor:/opt/ros/jazzy/opt/gz_transport_vendor:/opt/ros/jazzy/opt/gz_rendering_vendor:/opt/ros/jazzy/opt/gz_plugin_vendor:/opt/ros/jazzy/opt/gz_fuel_tools_vendor:/opt/ros/jazzy/opt/gz_msgs_vendor:/opt/ros/jazzy/opt/gz_common_vendor:/opt/ros/jazzy/opt/gz_math_vendor:/opt/ros/jazzy/opt/gz_utils_vendor:/opt/ros/jazzy/opt/gz_tools_vendor:/opt/ros/jazzy/opt/gz_ogre_next_vendor:/opt/ros/jazzy/opt/gz_dartsim_vendor:/opt/ros/jazzy/opt/gz_cmake_vendor:/opt/ros/jazzy LD_LIBRARY_PATH=/home/ws/install/opennav_coverage/lib:/home/ws/install/opennav_coverage_msgs/lib:/home/ws/install/fields2cover/lib:/home/ws/install/opennav_coverage_bt/lib:/opt/ros/jazzy/opt/gz_sim_vendor/lib:/opt/ros/jazzy/opt/gz_sensors_vendor/lib:/opt/ros/jazzy/opt/gz_physics_vendor/lib:/opt/ros/jazzy/opt/sdformat_vendor/lib:/opt/ros/jazzy/opt/rviz_ogre_vendor/lib:/opt/ros/jazzy/lib/x86_64-linux-gnu:/opt/ros/jazzy/opt/gz_gui_vendor/lib:/opt/ros/jazzy/opt/gz_transport_vendor/lib:/opt/ros/jazzy/opt/gz_rendering_vendor/lib:/opt/ros/jazzy/opt/gz_plugin_vendor/lib:/opt/ros/jazzy/opt/gz_fuel_tools_vendor/lib:/opt/ros/jazzy/opt/gz_msgs_vendor/lib:/opt/ros/jazzy/opt/gz_common_vendor/lib:/opt/ros/jazzy/opt/gz_math_vendor/lib:/opt/ros/jazzy/opt/gz_utils_vendor/lib:/opt/ros/jazzy/opt/gz_tools_vendor/lib:/opt/ros/jazzy/opt/gz_ogre_next_vendor/lib:/opt/ros/jazzy/opt/gz_dartsim_vendor/lib:/opt/ros/jazzy/opt/gz_cmake_vendor/lib:/opt/ros/jazzy/lib /usr/bin/cmake --install /home/ws/build/opennav_row_coverage
