[0.009s] Invoking command in '/home/ws/build/opennav_coverage': CMAKE_PREFIX_PATH=/home/ws/install/opennav_coverage_msgs:/home/ws/install/fields2cover:/home/ws/install/temizlik_navigation:/home/ws/install/opennav_row_coverage:/home/ws/install/opennav_coverage_navigator:/home/ws/install/opennav_coverage_bt:/home/ws/install/opennav_coverage:/opt/ros/jazzy/opt/gz_sim_vendor:/opt/ros/jazzy/opt/gz_sensors_vendor:/opt/ros/jazzy/opt/gz_physics_vendor:/opt/ros/jazzy/opt/sdformat_vendor:/opt/ros/jazzy/opt/gz_gui_vendor:/opt/ros/jazzy/opt/gz_transport_vendor:/opt/ros/jazzy/opt/gz_rendering_vendor:/opt/ros/jazzy/opt/gz_plugin_vendor:/opt/ros/jazzy/opt/gz_fuel_tools_vendor:/opt/ros/jazzy/opt/gz_msgs_vendor:/opt/ros/jazzy/opt/gz_common_vendor:/opt/ros/jazzy/opt/gz_math_vendor:/opt/ros/jazzy/opt/gz_utils_vendor:/opt/ros/jazzy/opt/gz_tools_vendor:/opt/ros/jazzy/opt/gz_ogre_next_vendor:/opt/ros/jazzy/opt/gz_dartsim_vendor:/opt/ros/jazzy/opt/gz_cmake_vendor:/home/ws/install/opennav_coverage_demo:/opt/ros/jazzy LD_LIBRARY_PATH=/home/ws/install/opennav_coverage_msgs/lib:/home/ws/install/fields2cover/lib:/home/ws/install/opennav_row_coverage/lib:/home/ws/install/opennav_coverage_navigator/lib:/home/ws/install/opennav_coverage_bt/lib:/home/ws/install/opennav_coverage/lib:/opt/ros/jazzy/opt/gz_sim_vendor/lib:/opt/ros/jazzy/opt/gz_sensors_vendor/lib:/opt/ros/jazzy/opt/gz_physics_vendor/lib:/opt/ros/jazzy/opt/sdformat_vendor/lib:/opt/ros/jazzy/opt/rviz_ogre_vendor/lib:/opt/ros/jazzy/lib/x86_64-linux-gnu:/opt/ros/jazzy/opt/gz_gui_vendor/lib:/opt/ros/jazzy/opt/gz_transport_vendor/lib:/opt/ros/jazzy/opt/gz_rendering_vendor/lib:/opt/ros/jazzy/opt/gz_plugin_vendor/lib:/opt/ros/jazzy/opt/gz_fuel_tools_vendor/lib:/opt/ros/jazzy/opt/gz_msgs_vendor/lib:/opt/ros/jazzy/opt/gz_common_vendor/lib:/opt/ros/jazzy/opt/gz_math_vendor/lib:/opt/ros/jazzy/opt/gz_utils_vendor/lib:/opt/ros/jazzy/opt/gz_tools_vendor/lib:/opt/ros/jazzy/opt/gz_ogre_next_vendor/lib:/opt/ros/jazzy/opt/gz_dartsim_vendor/lib:/opt/ros/jazzy/opt/gz_cmake_vendor/lib:/opt/ros/jazzy/lib PYTHONPATH=/home/ws/install/opennav_coverage_msgs/lib/python3.12/site-packages:/home/ws/install/opennav_coverage_demo/lib/python3.12/site-packages:/opt/ros/jazzy/lib/python3.12/site-packages /usr/bin/cmake --build /home/ws/build/opennav_coverage -- -j12 -l12
[0.064s] [  6%] Built target gtest
[0.065s] [ 13%] Built target gtest_main
[0.084s] [ 37%] Built target opennav_coverage_core
[0.122s] [ 48%] Built target opennav_coverage
[0.122s] [ 51%] Built target test_swath
[0.123s] [ 58%] Built target test_utils
[0.123s] [ 65%] Built target test_robot
[0.123s] [ 75%] Built target test_viz
[0.123s] [ 79%] Built target test_headland
[0.124s] [ 86%] Built target test_route
[0.125s] [ 93%] Built target test_path
[0.125s] [100%] Built target test_server
[0.141s] Invoked command in '/home/ws/build/opennav_coverage' returned '0': CMAKE_PREFIX_PATH=/home/ws/install/opennav_coverage_msgs:/home/ws/install/fields2cover:/home/ws/install/temizlik_navigation:/home/ws/install/opennav_row_coverage:/home/ws/install/opennav_coverage_navigator:/home/ws/install/opennav_coverage_bt:/home/ws/install/opennav_coverage:/opt/ros/jazzy/opt/gz_sim_vendor:/opt/ros/jazzy/opt/gz_sensors_vendor:/opt/ros/jazzy/opt/gz_physics_vendor:/opt/ros/jazzy/opt/sdformat_vendor:/opt/ros/jazzy/opt/gz_gui_vendor:/opt/ros/jazzy/opt/gz_transport_vendor:/opt/ros/jazzy/opt/gz_rendering_vendor:/opt/ros/jazzy/opt/gz_plugin_vendor:/opt/ros/jazzy/opt/gz_fuel_tools_vendor:/opt/ros/jazzy/opt/gz_msgs_vendor:/opt/ros/jazzy/opt/gz_common_vendor:/opt/ros/jazzy/opt/gz_math_vendor:/opt/ros/jazzy/opt/gz_utils_vendor:/opt/ros/jazzy/opt/gz_tools_vendor:/opt/ros/jazzy/opt/gz_ogre_next_vendor:/opt/ros/jazzy/opt/gz_dartsim_vendor:/opt/ros/jazzy/opt/gz_cmake_vendor:/home/ws/install/opennav_coverage_demo:/opt/ros/jazzy LD_LIBRARY_PATH=/home/ws/install/opennav_coverage_msgs/lib:/home/ws/install/fields2cover/lib:/home/ws/install/opennav_row_coverage/lib:/home/ws/install/opennav_coverage_navigator/lib:/home/ws/install/opennav_coverage_bt/lib:/home/ws/install/opennav_coverage/lib:/opt/ros/jazzy/opt/gz_sim_vendor/lib:/opt/ros/jazzy/opt/gz_sensors_vendor/lib:/opt/ros/jazzy/opt/gz_physics_vendor/lib:/opt/ros/jazzy/opt/sdformat_vendor/lib:/opt/ros/jazzy/opt/rviz_ogre_vendor/lib:/opt/ros/jazzy/lib/x86_64-linux-gnu:/opt/ros/jazzy/opt/gz_gui_vendor/lib:/opt/ros/jazzy/opt/gz_transport_vendor/lib:/opt/ros/jazzy/opt/gz_rendering_vendor/lib:/opt/ros/jazzy/opt/gz_plugin_vendor/lib:/opt/ros/jazzy/opt/gz_fuel_tools_vendor/lib:/opt/ros/jazzy/opt/gz_msgs_vendor/lib:/opt/ros/jazzy/opt/gz_common_vendor/lib:/opt/ros/jazzy/opt/gz_math_vendor/lib:/opt/ros/jazzy/opt/gz_utils_vendor/lib:/opt/ros/jazzy/opt/gz_tools_vendor/lib:/opt/ros/jazzy/opt/gz_ogre_next_vendor/lib:/opt/ros/jazzy/opt/gz_dartsim_vendor/lib:/opt/ros/jazzy/opt/gz_cmake_vendor/lib:/opt/ros/jazzy/lib PYTHONPATH=/home/ws/install/opennav_coverage_msgs/lib/python3.12/site-packages:/home/ws/install/opennav_coverage_demo/lib/python3.12/site-packages:/opt/ros/jazzy/lib/python3.12/site-packages /usr/bin/cmake --build /home/ws/build/opennav_coverage -- -j12 -l12
[0.141s] Invoking command in '/home/ws/build/opennav_coverage': CMAKE_PREFIX_PATH=/home/ws/install/opennav_coverage_msgs:/home/ws/install/fields2cover:/home/ws/install/temizlik_navigation:/home/ws/install/opennav_row_coverage:/home/ws/install/opennav_coverage_navigator:/home/ws/install/opennav_coverage_bt:/home/ws/install/opennav_coverage:/opt/ros/jazzy/opt/gz_sim_vendor:/opt/ros/jazzy/opt/gz_sensors_vendor:/opt/ros/jazzy/opt/gz_physics_vendor:/opt/ros/jazzy/opt/sdformat_vendor:/opt/ros/jazzy/opt/gz_gui_vendor:/opt/ros/jazzy/opt/gz_transport_vendor:/opt/ros/jazzy/opt/gz_rendering_vendor:/opt/ros/jazzy/opt/gz_plugin_vendor:/opt/ros/jazzy/opt/gz_fuel_tools_vendor:/opt/ros/jazzy/opt/gz_msgs_vendor:/opt/ros/jazzy/opt/gz_common_vendor:/opt/ros/jazzy/opt/gz_math_vendor:/opt/ros/jazzy/opt/gz_utils_vendor:/opt/ros/jazzy/opt/gz_tools_vendor:/opt/ros/jazzy/opt/gz_ogre_next_vendor:/opt/ros/jazzy/opt/gz_dartsim_vendor:/opt/ros/jazzy/opt/gz_cmake_vendor:/home/ws/install/opennav_coverage_demo:/opt/ros/jazzy LD_LIBRARY_PATH=/home/ws/install/opennav_coverage_msgs/lib:/home/ws/install/fields2cover/lib:/home/ws/install/opennav_row_coverage/lib:/home/ws/install/opennav_coverage_navigator/lib:/home/ws/install/opennav_coverage_bt/lib:/home/ws/install/opennav_coverage/lib:/opt/ros/jazzy/opt/gz_sim_vendor/lib:/opt/ros/jazzy/opt/gz_sensors_vendor/lib:/opt/ros/jazzy/opt/gz_physics_vendor/lib:/opt/ros/jazzy/opt/sdformat_vendor/lib:/opt/ros/jazzy/opt/rviz_ogre_vendor/lib:/opt/ros/jazzy/lib/x86_64-linux-gnu:/opt/ros/jazzy/opt/gz_gui_vendor/lib:/opt/ros/jazzy/opt/gz_transport_vendor/lib:/opt/ros/jazzy/opt/gz_rendering_vendor/lib:/opt/ros/jazzy/opt/gz_plugin_vendor/lib:/opt/ros/jazzy/opt/gz_fuel_tools_vendor/lib:/opt/ros/jazzy/opt/gz_msgs_vendor/lib:/opt/ros/jazzy/opt/gz_common_vendor/lib:/opt/ros/jazzy/opt/gz_math_vendor/lib:/opt/ros/jazzy/opt/gz_utils_vendor/lib:/opt/ros/jazzy/opt/gz_tools_vendor/lib:/opt/ros/jazzy/opt/gz_ogre_next_vendor/lib:/opt/ros/jazzy/opt/gz_dartsim_vendor/lib:/opt/ros/jazzy/opt/gz_cmake_vendor/lib:/opt/ros/jazzy/lib PYTHONPATH=/home/ws/install/opennav_coverage_msgs/lib/python3.12/site-packages:/home/ws/install/opennav_coverage_demo/lib/python3.12/site-packages:/opt/ros/jazzy/lib/python3.12/site-packages /usr/bin/cmake --install /home/ws/build/opennav_coverage
[0.149s] -- Install configuration: ""
[0.149s] -- Up-to-date: /home/ws/install/opennav_coverage/lib/libopennav_coverage_core.so
[0.149s] -- Up-to-date: /home/ws/install/opennav_coverage/lib/opennav_coverage/opennav_coverage
[0.149s] -- Up-to-date: /home/ws/install/opennav_coverage/include/
[0.149s] -- Up-to-date: /home/ws/install/opennav_coverage/include//opennav_coverage
[0.150s] -- Up-to-date: /home/ws/install/opennav_coverage/include//opennav_coverage/visualizer.hpp
[0.150s] -- Up-to-date: /home/ws/install/opennav_coverage/include//opennav_coverage/coverage_server.hpp
[0.150s] -- Up-to-date: /home/ws/install/opennav_coverage/include//opennav_coverage/headland_generator.hpp
[0.150s] -- Up-to-date: /home/ws/install/opennav_coverage/include//opennav_coverage/utils.hpp
[0.150s] -- Up-to-date: /home/ws/install/opennav_coverage/include//opennav_coverage/swath_generator.hpp
[0.150s] -- Up-to-date: /home/ws/install/opennav_coverage/include//opennav_coverage/robot_params.hpp
[0.150s] -- Up-to-date: /home/ws/install/opennav_coverage/include//opennav_coverage/types.hpp
[0.150s] -- Up-to-date: /home/ws/install/opennav_coverage/include//opennav_coverage/path_generator.hpp
[0.150s] -- Up-to-date: /home/ws/install/opennav_coverage/include//opennav_coverage/route_generator.hpp
[0.150s] -- Up-to-date: /home/ws/install/opennav_coverage/share/opennav_coverage/test_field.xml
[0.150s] -- Up-to-date: /home/ws/install/opennav_coverage/share/opennav_coverage/cartesian_test_field.xml
[0.150s] -- Up-to-date: /home/ws/install/opennav_coverage/share/opennav_coverage/irregular_test_field.xml
[0.150s] -- Up-to-date: /home/ws/install/opennav_coverage/share/opennav_coverage/environment/library_path.sh
[0.150s] -- Up-to-date: /home/ws/install/opennav_coverage/share/opennav_coverage/environment/library_path.dsv
[0.150s] -- Up-to-date: /home/ws/install/opennav_coverage/share/ament_index/resource_index/package_run_dependencies/opennav_coverage
[0.151s] -- Up-to-date: /home/ws/install/opennav_coverage/share/ament_index/resource_index/parent_prefix_path/opennav_coverage
[0.151s] -- Up-to-date: /home/ws/install/opennav_coverage/share/opennav_coverage/environment/ament_prefix_path.sh
[0.151s] -- Up-to-date: /home/ws/install/opennav_coverage/share/opennav_coverage/environment/ament_prefix_path.dsv
[0.151s] -- Up-to-date: /home/ws/install/opennav_coverage/share/opennav_coverage/environment/path.sh
[0.151s] -- Up-to-date: /home/ws/install/opennav_coverage/share/opennav_coverage/environment/path.dsv
[0.151s] -- Up-to-date: /home/ws/install/opennav_coverage/share/opennav_coverage/local_setup.bash
[0.151s] -- Up-to-date: /home/ws/install/opennav_coverage/share/opennav_coverage/local_setup.sh
[0.151s] -- Up-to-date: /home/ws/install/opennav_coverage/share/opennav_coverage/local_setup.zsh
[0.151s] -- Up-to-date: /home/ws/install/opennav_coverage/share/opennav_coverage/local_setup.dsv
[0.151s] -- Installing: /home/ws/install/opennav_coverage/share/opennav_coverage/package.dsv
[0.151s] -- Up-to-date: /home/ws/install/opennav_coverage/share/ament_index/resource_index/packages/opennav_coverage
[0.151s] -- Up-to-date: /home/ws/install/opennav_coverage/share/ament_index/resource_index/rclcpp_components/opennav_coverage
[0.151s] -- Up-to-date: /home/ws/install/opennav_coverage/share/opennav_coverage/cmake/ament_cmake_export_include_directories-extras.cmake
[0.151s] -- Up-to-date: /home/ws/install/opennav_coverage/share/opennav_coverage/cmake/ament_cmake_export_libraries-extras.cmake
[0.151s] -- Up-to-date: /home/ws/install/opennav_coverage/share/opennav_coverage/cmake/ament_cmake_export_dependencies-extras.cmake
[0.151s] -- Up-to-date: /home/ws/install/opennav_coverage/share/opennav_coverage/cmake/opennav_coverageConfig.cmake
[0.151s] -- Up-to-date: /home/ws/install/opennav_coverage/share/opennav_coverage/cmake/opennav_coverageConfig-version.cmake
[0.151s] -- Up-to-date: /home/ws/install/opennav_coverage/share/opennav_coverage/package.xml
[0.152s] Invoked command in '/home/ws/build/opennav_coverage' returned '0': CMAKE_PREFIX_PATH=/home/ws/install/opennav_coverage_msgs:/home/ws/install/fields2cover:/home/ws/install/temizlik_navigation:/home/ws/install/opennav_row_coverage:/home/ws/install/opennav_coverage_navigator:/home/ws/install/opennav_coverage_bt:/home/ws/install/opennav_coverage:/opt/ros/jazzy/opt/gz_sim_vendor:/opt/ros/jazzy/opt/gz_sensors_vendor:/opt/ros/jazzy/opt/gz_physics_vendor:/opt/ros/jazzy/opt/sdformat_vendor:/opt/ros/jazzy/opt/gz_gui_vendor:/opt/ros/jazzy/opt/gz_transport_vendor:/opt/ros/jazzy/opt/gz_rendering_vendor:/opt/ros/jazzy/opt/gz_plugin_vendor:/opt/ros/jazzy/opt/gz_fuel_tools_vendor:/opt/ros/jazzy/opt/gz_msgs_vendor:/opt/ros/jazzy/opt/gz_common_vendor:/opt/ros/jazzy/opt/gz_math_vendor:/opt/ros/jazzy/opt/gz_utils_vendor:/opt/ros/jazzy/opt/gz_tools_vendor:/opt/ros/jazzy/opt/gz_ogre_next_vendor:/opt/ros/jazzy/opt/gz_dartsim_vendor:/opt/ros/jazzy/opt/gz_cmake_vendor:/home/ws/install/opennav_coverage_demo:/opt/ros/jazzy LD_LIBRARY_PATH=/home/ws/install/opennav_coverage_msgs/lib:/home/ws/install/fields2cover/lib:/home/ws/install/opennav_row_coverage/lib:/home/ws/install/opennav_coverage_navigator/lib:/home/ws/install/opennav_coverage_bt/lib:/home/ws/install/opennav_coverage/lib:/opt/ros/jazzy/opt/gz_sim_vendor/lib:/opt/ros/jazzy/opt/gz_sensors_vendor/lib:/opt/ros/jazzy/opt/gz_physics_vendor/lib:/opt/ros/jazzy/opt/sdformat_vendor/lib:/opt/ros/jazzy/opt/rviz_ogre_vendor/lib:/opt/ros/jazzy/lib/x86_64-linux-gnu:/opt/ros/jazzy/opt/gz_gui_vendor/lib:/opt/ros/jazzy/opt/gz_transport_vendor/lib:/opt/ros/jazzy/opt/gz_rendering_vendor/lib:/opt/ros/jazzy/opt/gz_plugin_vendor/lib:/opt/ros/jazzy/opt/gz_fuel_tools_vendor/lib:/opt/ros/jazzy/opt/gz_msgs_vendor/lib:/opt/ros/jazzy/opt/gz_common_vendor/lib:/opt/ros/jazzy/opt/gz_math_vendor/lib:/opt/ros/jazzy/opt/gz_utils_vendor/lib:/opt/ros/jazzy/opt/gz_tools_vendor/lib:/opt/ros/jazzy/opt/gz_ogre_next_vendor/lib:/opt/ros/jazzy/opt/gz_dartsim_vendor/lib:/opt/ros/jazzy/opt/gz_cmake_vendor/lib:/opt/ros/jazzy/lib PYTHONPATH=/home/ws/install/opennav_coverage_msgs/lib/python3.12/site-packages:/home/ws/install/opennav_coverage_demo/lib/python3.12/site-packages:/opt/ros/jazzy/lib/python3.12/site-packages /usr/bin/cmake --install /home/ws/build/opennav_coverage
