[0.011s] Invoking command in '/home/ws/build/opennav_row_coverage': CMAKE_PREFIX_PATH=/home/ws/install/opennav_coverage:/home/ws/install/opennav_coverage_msgs:/home/ws/install/fields2cover:/home/ws/install/opennav_coverage_bt:/home/ws/install/temizlik_navigation:/opt/ros/jazzy/opt/gz_sim_vendor:/opt/ros/jazzy/opt/gz_sensors_vendor:/opt/ros/jazzy/opt/gz_physics_vendor:/opt/ros/jazzy/opt/sdformat_vendor:/opt/ros/jazzy/opt/gz_gui_vendor:/opt/ros/jazzy/opt/gz_transport_vendor:/opt/ros/jazzy/opt/gz_rendering_vendor:/opt/ros/jazzy/opt/gz_plugin_vendor:/opt/ros/jazzy/opt/gz_fuel_tools_vendor:/opt/ros/jazzy/opt/gz_msgs_vendor:/opt/ros/jazzy/opt/gz_common_vendor:/opt/ros/jazzy/opt/gz_math_vendor:/opt/ros/jazzy/opt/gz_utils_vendor:/opt/ros/jazzy/opt/gz_tools_vendor:/opt/ros/jazzy/opt/gz_ogre_next_vendor:/opt/ros/jazzy/opt/gz_dartsim_vendor:/opt/ros/jazzy/opt/gz_cmake_vendor:/opt/ros/jazzy LD_LIBRARY_PATH=/home/ws/install/opennav_coverage/lib:/home/ws/install/opennav_coverage_msgs/lib:/home/ws/install/fields2cover/lib:/home/ws/install/opennav_coverage_bt/lib:/opt/ros/jazzy/opt/gz_sim_vendor/lib:/opt/ros/jazzy/opt/gz_sensors_vendor/lib:/opt/ros/jazzy/opt/gz_physics_vendor/lib:/opt/ros/jazzy/opt/sdformat_vendor/lib:/opt/ros/jazzy/opt/rviz_ogre_vendor/lib:/opt/ros/jazzy/lib/x86_64-linux-gnu:/opt/ros/jazzy/opt/gz_gui_vendor/lib:/opt/ros/jazzy/opt/gz_transport_vendor/lib:/opt/ros/jazzy/opt/gz_rendering_vendor/lib:/opt/ros/jazzy/opt/gz_plugin_vendor/lib:/opt/ros/jazzy/opt/gz_fuel_tools_vendor/lib:/opt/ros/jazzy/opt/gz_msgs_vendor/lib:/opt/ros/jazzy/opt/gz_common_vendor/lib:/opt/ros/jazzy/opt/gz_math_vendor/lib:/opt/ros/jazzy/opt/gz_utils_vendor/lib:/opt/ros/jazzy/opt/gz_tools_vendor/lib:/opt/ros/jazzy/opt/gz_ogre_next_vendor/lib:/opt/ros/jazzy/opt/gz_dartsim_vendor/lib:/opt/ros/jazzy/opt/gz_cmake_vendor/lib:/opt/ros/jazzy/lib /usr/bin/cmake /home/ws/src/opennav_coverage/opennav_row_coverage -DCMAKE_INSTALL_PREFIX=/home/ws/install/opennav_row_coverage
[0.053s] -- The C compiler identification is GNU 13.3.0
[0.092s] -- The CXX compiler identification is GNU 13.3.0
[0.104s] -- Detecting C compiler ABI info
[0.172s] -- Detecting C compiler ABI info - done
[0.178s] -- Check for working C compiler: /usr/bin/cc - skipped
[0.178s] -- Detecting C compile features
[0.178s] -- Detecting C compile features - done
[0.185s] -- Detecting CXX compiler ABI info
[0.259s] -- Detecting CXX compiler ABI info - done
[0.265s] -- Check for working CXX compiler: /usr/bin/c++ - skipped
[0.265s] -- Detecting CXX compile features
[0.265s] -- Detecting CXX compile features - done
[0.271s] -- Found ament_cmake: 2.5.5 (/opt/ros/jazzy/share/ament_cmake/cmake)
[0.384s] -- Found Python3: /usr/bin/python3 (found version "3.12.3") found components: Interpreter 
[0.494s] -- Found rclcpp: 28.1.16 (/opt/ros/jazzy/share/rclcpp/cmake)
[0.548s] -- Found rosidl_generator_c: 4.6.7 (/opt/ros/jazzy/share/rosidl_generator_c/cmake)
[0.567s] -- Found rosidl_generator_cpp: 4.6.7 (/opt/ros/jazzy/share/rosidl_generator_cpp/cmake)
[0.587s] -- Using all available rosidl_typesupport_c: rosidl_typesupport_fastrtps_c;rosidl_typesupport_introspection_c
[0.607s] -- Using all available rosidl_typesupport_cpp: rosidl_typesupport_fastrtps_cpp;rosidl_typesupport_introspection_cpp
[0.687s] -- Found rmw_implementation_cmake: 7.3.3 (/opt/ros/jazzy/share/rmw_implementation_cmake/cmake)
[0.693s] -- Found rmw_fastrtps_cpp: 8.4.3 (/opt/ros/jazzy/share/rmw_fastrtps_cpp/cmake)
[0.769s] -- Found OpenSSL: /usr/lib/x86_64-linux-gnu/libcrypto.so (found version "3.0.13")  
[0.786s] -- Found FastRTPS: /opt/ros/jazzy/include (Required is at least version "2.13") 
[0.803s] -- Using RMW implementation 'rmw_fastrtps_cpp' as default
[0.879s] -- Found rclcpp_components: 28.1.16 (/opt/ros/jazzy/share/rclcpp_components/cmake)
[0.918s] -- Found rclcpp_lifecycle: 28.1.16 (/opt/ros/jazzy/share/rclcpp_lifecycle/cmake)
[0.948s] -- Found nav2_util: 1.3.10 (/opt/ros/jazzy/share/nav2_util/cmake)
[1.192s] -- Found eigen3_cmake_module: 0.3.0 (/opt/ros/jazzy/share/eigen3_cmake_module/cmake)
[1.193s] -- Found Eigen3: TRUE (found version "3.4.0") 
[1.193s] -- Ensuring Eigen3 include directory is part of orocos-kdl CMake target
[1.254s] -- Found GDAL: /usr/lib/x86_64-linux-gnu/libgdal.so (found suitable version "3.8.4", minimum required is "3.0") 
[1.255s] -- Found opennav_coverage: 0.0.1 (/home/ws/install/opennav_coverage/share/opennav_coverage/cmake)
[1.372s] -- Found ament_lint_auto: 0.17.4 (/opt/ros/jazzy/share/ament_lint_auto/cmake)
[1.378s] -- Found ament_cmake_gtest: 2.5.5 (/opt/ros/jazzy/share/ament_cmake_gtest/cmake)
[1.479s] -- Found gtest sources under '/opt/ros/jazzy/src/gtest_vendor': C++ tests using 'Google Test' will be built
[1.481s] -- Performing Test CMAKE_HAVE_LIBC_PTHREAD
[1.555s] -- Performing Test CMAKE_HAVE_LIBC_PTHREAD - Success
[1.556s] -- Found Threads: TRUE  
[1.597s] -- Added test 'copyright' to check source files copyright and LICENSE
[1.599s] -- Added test 'cppcheck' to perform static code analysis on C / C++ code
[1.599s] -- Configured cppcheck include dirs: /home/ws/src/opennav_coverage/opennav_row_coverage/include
[1.599s] -- Configured cppcheck exclude dirs and/or files: 
[1.600s] -- Added test 'cpplint' to check C / C++ code against the Google style
[1.601s] -- Configured cpplint exclude dirs and/or files: 
[1.601s] -- Added test 'flake8' to check Python code syntax and style conventions
[1.601s] -- Configured 'flake8' exclude dirs and/or files: 
[1.602s] -- Added test 'lint_cmake' to check CMake code style
[1.603s] -- Added test 'pep257' to check Python code against some of the docstring style conventions in PEP 257
[1.604s] -- Added test 'uncrustify' to check C / C++ code style
[1.604s] -- Configured uncrustify additional arguments: 
[1.605s] -- Added test 'xmllint' to check XML markup files
[1.608s] -- Configuring done (1.6s)
[1.737s] -- Generating done (0.1s)
[1.748s] -- Build files have been written to: /home/ws/build/opennav_row_coverage
[1.760s] Invoked command in '/home/ws/build/opennav_row_coverage' returned '0': CMAKE_PREFIX_PATH=/home/ws/install/opennav_coverage:/home/ws/install/opennav_coverage_msgs:/home/ws/install/fields2cover:/home/ws/install/opennav_coverage_bt:/home/ws/install/temizlik_navigation:/opt/ros/jazzy/opt/gz_sim_vendor:/opt/ros/jazzy/opt/gz_sensors_vendor:/opt/ros/jazzy/opt/gz_physics_vendor:/opt/ros/jazzy/opt/sdformat_vendor:/opt/ros/jazzy/opt/gz_gui_vendor:/opt/ros/jazzy/opt/gz_transport_vendor:/opt/ros/jazzy/opt/gz_rendering_vendor:/opt/ros/jazzy/opt/gz_plugin_vendor:/opt/ros/jazzy/opt/gz_fuel_tools_vendor:/opt/ros/jazzy/opt/gz_msgs_vendor:/opt/ros/jazzy/opt/gz_common_vendor:/opt/ros/jazzy/opt/gz_math_vendor:/opt/ros/jazzy/opt/gz_utils_vendor:/opt/ros/jazzy/opt/gz_tools_vendor:/opt/ros/jazzy/opt/gz_ogre_next_vendor:/opt/ros/jazzy/opt/gz_dartsim_vendor:/opt/ros/jazzy/opt/gz_cmake_vendor:/opt/ros/jazzy LD_LIBRARY_PATH=/home/ws/install/opennav_coverage/lib:/home/ws/install/opennav_coverage_msgs/lib:/home/ws/install/fields2cover/lib:/home/ws/install/opennav_coverage_bt/lib:/opt/ros/jazzy/opt/gz_sim_vendor/lib:/opt/ros/jazzy/opt/gz_sensors_vendor/lib:/opt/ros/jazzy/opt/gz_physics_vendor/lib:/opt/ros/jazzy/opt/sdformat_vendor/lib:/opt/ros/jazzy/opt/rviz_ogre_vendor/lib:/opt/ros/jazzy/lib/x86_64-linux-gnu:/opt/ros/jazzy/opt/gz_gui_vendor/lib:/opt/ros/jazzy/opt/gz_transport_vendor/lib:/opt/ros/jazzy/opt/gz_rendering_vendor/lib:/opt/ros/jazzy/opt/gz_plugin_vendor/lib:/opt/ros/jazzy/opt/gz_fuel_tools_vendor/lib:/opt/ros/jazzy/opt/gz_msgs_vendor/lib:/opt/ros/jazzy/opt/gz_common_vendor/lib:/opt/ros/jazzy/opt/gz_math_vendor/lib:/opt/ros/jazzy/opt/gz_utils_vendor/lib:/opt/ros/jazzy/opt/gz_tools_vendor/lib:/opt/ros/jazzy/opt/gz_ogre_next_vendor/lib:/opt/ros/jazzy/opt/gz_dartsim_vendor/lib:/opt/ros/jazzy/opt/gz_cmake_vendor/lib:/opt/ros/jazzy/lib /usr/bin/cmake /home/ws/src/opennav_coverage/opennav_row_coverage -DCMAKE_INSTALL_PREFIX=/home/ws/install/opennav_row_coverage
[1.761s] Invoking command in '/home/ws/build/opennav_row_coverage': CMAKE_PREFIX_PATH=/home/ws/install/opennav_coverage:/home/ws/install/opennav_coverage_msgs:/home/ws/install/fields2cover:/home/ws/install/opennav_coverage_bt:/home/ws/install/temizlik_navigation:/opt/ros/jazzy/opt/gz_sim_vendor:/opt/ros/jazzy/opt/gz_sensors_vendor:/opt/ros/jazzy/opt/gz_physics_vendor:/opt/ros/jazzy/opt/sdformat_vendor:/opt/ros/jazzy/opt/gz_gui_vendor:/opt/ros/jazzy/opt/gz_transport_vendor:/opt/ros/jazzy/opt/gz_rendering_vendor:/opt/ros/jazzy/opt/gz_plugin_vendor:/opt/ros/jazzy/opt/gz_fuel_tools_vendor:/opt/ros/jazzy/opt/gz_msgs_vendor:/opt/ros/jazzy/opt/gz_common_vendor:/opt/ros/jazzy/opt/gz_math_vendor:/opt/ros/jazzy/opt/gz_utils_vendor:/opt/ros/jazzy/opt/gz_tools_vendor:/opt/ros/jazzy/opt/gz_ogre_next_vendor:/opt/ros/jazzy/opt/gz_dartsim_vendor:/opt/ros/jazzy/opt/gz_cmake_vendor:/opt/ros/jazzy LD_LIBRARY_PATH=/home/ws/install/opennav_coverage/lib:/home/ws/install/opennav_coverage_msgs/lib:/home/ws/install/fields2cover/lib:/home/ws/install/opennav_coverage_bt/lib:/opt/ros/jazzy/opt/gz_sim_vendor/lib:/opt/ros/jazzy/opt/gz_sensors_vendor/lib:/opt/ros/jazzy/opt/gz_physics_vendor/lib:/opt/ros/jazzy/opt/sdformat_vendor/lib:/opt/ros/jazzy/opt/rviz_ogre_vendor/lib:/opt/ros/jazzy/lib/x86_64-linux-gnu:/opt/ros/jazzy/opt/gz_gui_vendor/lib:/opt/ros/jazzy/opt/gz_transport_vendor/lib:/opt/ros/jazzy/opt/gz_rendering_vendor/lib:/opt/ros/jazzy/opt/gz_plugin_vendor/lib:/opt/ros/jazzy/opt/gz_fuel_tools_vendor/lib:/opt/ros/jazzy/opt/gz_msgs_vendor/lib:/opt/ros/jazzy/opt/gz_common_vendor/lib:/opt/ros/jazzy/opt/gz_math_vendor/lib:/opt/ros/jazzy/opt/gz_utils_vendor/lib:/opt/ros/jazzy/opt/gz_tools_vendor/lib:/opt/ros/jazzy/opt/gz_ogre_next_vendor/lib:/opt/ros/jazzy/opt/gz_dartsim_vendor/lib:/opt/ros/jazzy/opt/gz_cmake_vendor/lib:/opt/ros/jazzy/lib /usr/bin/cmake --build /home/ws/build/opennav_row_coverage -- -j12 -l12
[1.816s] [ 15%] [32mBuilding CXX object gtest/CMakeFiles/gtest_main.dir/src/gtest_main.cc.o[0m
[1.816s] [ 15%] [32mBuilding CXX object CMakeFiles/opennav_row_coverage_core.dir/src/row_coverage_server.cpp.o[0m
[1.817s] [ 23%] [32mBuilding CXX object CMakeFiles/opennav_row_coverage_core.dir/src/row_swath_generator.cpp.o[0m
[1.818s] [ 30%] [32mBuilding CXX object gtest/CMakeFiles/gtest.dir/src/gtest-all.cc.o[0m
[2.441s] [ 38%] [32m[1mLinking CXX static library libgtest_main.a[0m
[2.489s] [ 38%] Built target gtest_main
[4.149s] [ 46%] [32m[1mLinking CXX static library libgtest.a[0m
[4.207s] [ 46%] Built target gtest
[7.759s] [ 53%] [32m[1mLinking CXX shared library libopennav_row_coverage_core.so[0m
[8.105s] [ 53%] Built target opennav_row_coverage_core
[8.124s] [ 76%] [32mBuilding CXX object CMakeFiles/opennav_row_coverage.dir/src/main.cpp.o[0m
[8.124s] [ 76%] [32mBuilding CXX object test/CMakeFiles/test_utils.dir/test_utils.cpp.o[0m
[8.124s] [ 76%] [32mBuilding CXX object test/CMakeFiles/test_swath_generator.dir/test_swath_generator.cpp.o[0m
[11.328s] [ 84%] [32m[1mLinking CXX executable test_utils[0m
[11.469s] [ 92%] [32m[1mLinking CXX executable opennav_row_coverage[0m
[11.588s] [100%] [32m[1mLinking CXX executable test_swath_generator[0m
[11.754s] [100%] Built target test_utils
[11.874s] [100%] Built target opennav_row_coverage
[12.121s] [100%] Built target test_swath_generator
