[ 25%] Built target gtest_main
[ 50%] Built target gtest
[ 75%] Built target opennav_coverage_navigator
[100%] Built target test_coverage_navigator
-- Install configuration: ""
-- Up-to-date: /home/ws/install/opennav_coverage_navigator/share/opennav_coverage_navigator/navigator_plugins.xml
-- Up-to-date: /home/ws/install/opennav_coverage_navigator/lib/libopennav_coverage_navigator.so
-- Up-to-date: /home/ws/install/opennav_coverage_navigator/include/
-- Up-to-date: /home/ws/install/opennav_coverage_navigator/include//opennav_coverage_navigator
-- Up-to-date: /home/ws/install/opennav_coverage_navigator/include//opennav_coverage_navigator/coverage_navigator.hpp
-- Up-to-date: /home/ws/install/opennav_coverage_navigator/share/opennav_coverage_navigator/environment/library_path.sh
-- Up-to-date: /home/ws/install/opennav_coverage_navigator/share/opennav_coverage_navigator/environment/library_path.dsv
-- Up-to-date: /home/ws/install/opennav_coverage_navigator/share/ament_index/resource_index/package_run_dependencies/opennav_coverage_navigator
-- Up-to-date: /home/ws/install/opennav_coverage_navigator/share/ament_index/resource_index/parent_prefix_path/opennav_coverage_navigator
-- Up-to-date: /home/ws/install/opennav_coverage_navigator/share/opennav_coverage_navigator/environment/ament_prefix_path.sh
-- Up-to-date: /home/ws/install/opennav_coverage_navigator/share/opennav_coverage_navigator/environment/ament_prefix_path.dsv
-- Up-to-date: /home/ws/install/opennav_coverage_navigator/share/opennav_coverage_navigator/environment/path.sh
-- Up-to-date: /home/ws/install/opennav_coverage_navigator/share/opennav_coverage_navigator/environment/path.dsv
-- Up-to-date: /home/ws/install/opennav_coverage_navigator/share/opennav_coverage_navigator/local_setup.bash
-- Up-to-date: /home/ws/install/opennav_coverage_navigator/share/opennav_coverage_navigator/local_setup.sh
-- Up-to-date: /home/ws/install/opennav_coverage_navigator/share/opennav_coverage_navigator/local_setup.zsh
-- Up-to-date: /home/ws/install/opennav_coverage_navigator/share/opennav_coverage_navigator/local_setup.dsv
-- Installing: /home/ws/install/opennav_coverage_navigator/share/opennav_coverage_navigator/package.dsv
-- Up-to-date: /home/ws/install/opennav_coverage_navigator/share/ament_index/resource_index/packages/opennav_coverage_navigator
-- Up-to-date: /home/ws/install/opennav_coverage_navigator/share/ament_index/resource_index/nav2_core__pluginlib__plugin/opennav_coverage_navigator
-- Up-to-date: /home/ws/install/opennav_coverage_navigator/share/opennav_coverage_navigator/cmake/ament_cmake_export_include_directories-extras.cmake
-- Up-to-date: /home/ws/install/opennav_coverage_navigator/share/opennav_coverage_navigator/cmake/ament_cmake_export_libraries-extras.cmake
-- Up-to-date: /home/ws/install/opennav_coverage_navigator/share/opennav_coverage_navigator/cmake/ament_cmake_export_dependencies-extras.cmake
-- Up-to-date: /home/ws/install/opennav_coverage_navigator/share/opennav_coverage_navigator/cmake/opennav_coverage_navigatorConfig.cmake
-- Up-to-date: /home/ws/install/opennav_coverage_navigator/share/opennav_coverage_navigator/cmake/opennav_coverage_navigatorConfig-version.cmake
-- Up-to-date: /home/ws/install/opennav_coverage_navigator/share/opennav_coverage_navigator/package.xml
