[ 25%] Built target gtest_main
[ 33%] Built target gtest
[ 66%] Built target opennav_cancel_complete_coverage_action_bt_node
[ 66%] Built target opennav_compute_complete_coverage_action_bt_node
[ 83%] Built target test_cancel_complete_coverage
[100%] Built target test_compute_coverage_path
-- Install configuration: ""
-- Up-to-date: /home/ws/install/opennav_coverage_bt/lib/libopennav_compute_complete_coverage_action_bt_node.so
-- Up-to-date: /home/ws/install/opennav_coverage_bt/lib/libopennav_cancel_complete_coverage_action_bt_node.so
-- Up-to-date: /home/ws/install/opennav_coverage_bt/include/
-- Up-to-date: /home/ws/install/opennav_coverage_bt/include//opennav_coverage_bt
-- Up-to-date: /home/ws/install/opennav_coverage_bt/include//opennav_coverage_bt/compute_complete_coverage_path.hpp
-- Up-to-date: /home/ws/install/opennav_coverage_bt/include//opennav_coverage_bt/utils.hpp
-- Up-to-date: /home/ws/install/opennav_coverage_bt/include//opennav_coverage_bt/cancel_complete_coverage_path.hpp
-- Up-to-date: /home/ws/install/opennav_coverage_bt/share/opennav_coverage_bt/behavior_trees
-- Up-to-date: /home/ws/install/opennav_coverage_bt/share/opennav_coverage_bt/behavior_trees/navigate_w_basic_row_complete_coverage.xml
-- Up-to-date: /home/ws/install/opennav_coverage_bt/share/opennav_coverage_bt/behavior_trees/navigate_w_basic_complete_coverage_nav_to_start.xml
-- Up-to-date: /home/ws/install/opennav_coverage_bt/share/opennav_coverage_bt/behavior_trees/navigate_w_basic_complete_coverage.xml
-- Up-to-date: /home/ws/install/opennav_coverage_bt/share/opennav_coverage_bt/environment/library_path.sh
-- Up-to-date: /home/ws/install/opennav_coverage_bt/share/opennav_coverage_bt/environment/library_path.dsv
-- Up-to-date: /home/ws/install/opennav_coverage_bt/share/ament_index/resource_index/package_run_dependencies/opennav_coverage_bt
-- Up-to-date: /home/ws/install/opennav_coverage_bt/share/ament_index/resource_index/parent_prefix_path/opennav_coverage_bt
-- Up-to-date: /home/ws/install/opennav_coverage_bt/share/opennav_coverage_bt/environment/ament_prefix_path.sh
-- Up-to-date: /home/ws/install/opennav_coverage_bt/share/opennav_coverage_bt/environment/ament_prefix_path.dsv
-- Up-to-date: /home/ws/install/opennav_coverage_bt/share/opennav_coverage_bt/environment/path.sh
-- Up-to-date: /home/ws/install/opennav_coverage_bt/share/opennav_coverage_bt/environment/path.dsv
-- Up-to-date: /home/ws/install/opennav_coverage_bt/share/opennav_coverage_bt/local_setup.bash
-- Up-to-date: /home/ws/install/opennav_coverage_bt/share/opennav_coverage_bt/local_setup.sh
-- Up-to-date: /home/ws/install/opennav_coverage_bt/share/opennav_coverage_bt/local_setup.zsh
-- Up-to-date: /home/ws/install/opennav_coverage_bt/share/opennav_coverage_bt/local_setup.dsv
-- Installing: /home/ws/install/opennav_coverage_bt/share/opennav_coverage_bt/package.dsv
-- Up-to-date: /home/ws/install/opennav_coverage_bt/share/ament_index/resource_index/packages/opennav_coverage_bt
-- Up-to-date: /home/ws/install/opennav_coverage_bt/share/opennav_coverage_bt/cmake/ament_cmake_export_include_directories-extras.cmake
-- Up-to-date: /home/ws/install/opennav_coverage_bt/share/opennav_coverage_bt/cmake/ament_cmake_export_libraries-extras.cmake
-- Up-to-date: /home/ws/install/opennav_coverage_bt/share/opennav_coverage_bt/cmake/ament_cmake_export_dependencies-extras.cmake
-- Up-to-date: /home/ws/install/opennav_coverage_bt/share/opennav_coverage_bt/cmake/opennav_coverage_btConfig.cmake
-- Up-to-date: /home/ws/install/opennav_coverage_bt/share/opennav_coverage_bt/cmake/opennav_coverage_btConfig-version.cmake
-- Up-to-date: /home/ws/install/opennav_coverage_bt/share/opennav_coverage_bt/package.xml
