-- The C compiler identification is GNU 13.3.0
-- The CXX compiler identification is GNU 13.3.0
-- Detecting C compiler ABI info
-- Detecting C compiler ABI info - done
-- Check for working C compiler: /usr/bin/cc - skipped
-- Detecting C compile features
-- Detecting C compile features - done
-- Detecting CXX compiler ABI info
-- Detecting CXX compiler ABI info - done
-- Check for working CXX compiler: /usr/bin/c++ - skipped
-- Detecting CXX compile features
-- Detecting CXX compile features - done
-- Found ament_cmake: 2.5.5 (/opt/ros/jazzy/share/ament_cmake/cmake)
-- Found Python3: /usr/bin/python3 (found version "3.12.3") found components: Interpreter 
-- Found ament_index_cpp: 1.8.2 (/opt/ros/jazzy/share/ament_index_cpp/cmake)
-- Found rclcpp: 28.1.16 (/opt/ros/jazzy/share/rclcpp/cmake)
-- Found rosidl_generator_c: 4.6.7 (/opt/ros/jazzy/share/rosidl_generator_c/cmake)
-- Found rosidl_generator_cpp: 4.6.7 (/opt/ros/jazzy/share/rosidl_generator_cpp/cmake)
-- Using all available rosidl_typesupport_c: rosidl_typesupport_fastrtps_c;rosidl_typesupport_introspection_c
-- Using all available rosidl_typesupport_cpp: rosidl_typesupport_fastrtps_cpp;rosidl_typesupport_introspection_cpp
-- Found rmw_implementation_cmake: 7.3.3 (/opt/ros/jazzy/share/rmw_implementation_cmake/cmake)
-- Found rmw_fastrtps_cpp: 8.4.3 (/opt/ros/jazzy/share/rmw_fastrtps_cpp/cmake)
-- Found OpenSSL: /usr/lib/x86_64-linux-gnu/libcrypto.so (found version "3.0.13")  
-- Found FastRTPS: /opt/ros/jazzy/include (Required is at least version "2.13") 
-- Using RMW implementation 'rmw_fastrtps_cpp' as default
-- Found rclcpp_action: 28.1.16 (/opt/ros/jazzy/share/rclcpp_action/cmake)
-- Found rclcpp_lifecycle: 28.1.16 (/opt/ros/jazzy/share/rclcpp_lifecycle/cmake)
-- Found rclcpp_components: 28.1.16 (/opt/ros/jazzy/share/rclcpp_components/cmake)
-- Found std_msgs: 5.3.6 (/opt/ros/jazzy/share/std_msgs/cmake)
-- Found visualization_msgs: 5.3.6 (/opt/ros/jazzy/share/visualization_msgs/cmake)
-- Found nav2_util: 1.3.10 (/opt/ros/jazzy/share/nav2_util/cmake)
-- Found eigen3_cmake_module: 0.3.0 (/opt/ros/jazzy/share/eigen3_cmake_module/cmake)
-- Found Eigen3: TRUE (found version "3.4.0") 
-- Ensuring Eigen3 include directory is part of orocos-kdl CMake target
-- Found opennav_coverage_msgs: 0.0.1 (/home/ws/install/opennav_coverage_msgs/share/opennav_coverage_msgs/cmake)
-- Found GDAL: /usr/lib/x86_64-linux-gnu/libgdal.so (found suitable version "3.8.4", minimum required is "3.0") 
-- Found ament_lint_auto: 0.17.4 (/opt/ros/jazzy/share/ament_lint_auto/cmake)
-- Found ament_cmake_gtest: 2.5.5 (/opt/ros/jazzy/share/ament_cmake_gtest/cmake)
-- Found gtest sources under '/opt/ros/jazzy/src/gtest_vendor': C++ tests using 'Google Test' will be built
-- Performing Test CMAKE_HAVE_LIBC_PTHREAD
-- Performing Test CMAKE_HAVE_LIBC_PTHREAD - Success
-- Found Threads: TRUE  
-- Added test 'copyright' to check source files copyright and LICENSE
-- Added test 'cppcheck' to perform static code analysis on C / C++ code
-- Configured cppcheck include dirs: /home/ws/src/opennav_coverage/opennav_coverage/include
-- Configured cppcheck exclude dirs and/or files: 
-- Added test 'cpplint' to check C / C++ code against the Google style
-- Configured cpplint exclude dirs and/or files: 
-- Added test 'flake8' to check Python code syntax and style conventions
-- Configured 'flake8' exclude dirs and/or files: 
-- Added test 'lint_cmake' to check CMake code style
-- Added test 'pep257' to check Python code against some of the docstring style conventions in PEP 257
-- Added test 'uncrustify' to check C / C++ code style
-- Configured uncrustify additional arguments: 
-- Added test 'xmllint' to check XML markup files
-- Configuring done (1.5s)
-- Generating done (0.0s)
-- Build files have been written to: /home/ws/build/opennav_coverage
[  3%] [32mBuilding CXX object CMakeFiles/opennav_coverage_core.dir/src/swath_generator.cpp.o[0m
[  6%] [32mBuilding CXX object gtest/CMakeFiles/gtest.dir/src/gtest-all.cc.o[0m
[ 10%] [32mBuilding CXX object gtest/CMakeFiles/gtest_main.dir/src/gtest_main.cc.o[0m
[ 13%] [32mBuilding CXX object CMakeFiles/opennav_coverage_core.dir/src/headland_generator.cpp.o[0m
[ 17%] [32mBuilding CXX object CMakeFiles/opennav_coverage_core.dir/src/coverage_server.cpp.o[0m
[ 20%] [32mBuilding CXX object CMakeFiles/opennav_coverage_core.dir/src/route_generator.cpp.o[0m
[ 24%] [32mBuilding CXX object CMakeFiles/opennav_coverage_core.dir/src/visualizer.cpp.o[0m
[ 27%] [32mBuilding CXX object CMakeFiles/opennav_coverage_core.dir/src/path_generator.cpp.o[0m
[ 31%] [32m[1mLinking CXX static library libgtest_main.a[0m
[ 31%] Built target gtest_main
[ 34%] [32m[1mLinking CXX static library libgtest.a[0m
[ 34%] Built target gtest
[ 37%] [32m[1mLinking CXX shared library libopennav_coverage_core.so[0m
[ 37%] Built target opennav_coverage_core
[ 44%] [32mBuilding CXX object test/CMakeFiles/test_robot.dir/test_robot.cpp.o[0m
[ 44%] [32mBuilding CXX object test/CMakeFiles/test_server.dir/test_server.cpp.o[0m
[ 48%] [32mBuilding CXX object test/CMakeFiles/test_utils.dir/test_utils.cpp.o[0m
[ 55%] [32mBuilding CXX object test/CMakeFiles/test_swath.dir/test_swath.cpp.o[0m
[ 55%] [32mBuilding CXX object test/CMakeFiles/test_viz.dir/test_viz.cpp.o[0m
[ 58%] [32mBuilding CXX object test/CMakeFiles/test_headland.dir/test_headland.cpp.o[0m
[ 62%] [32mBuilding CXX object CMakeFiles/opennav_coverage.dir/src/main.cpp.o[0m
[ 65%] [32mBuilding CXX object test/CMakeFiles/test_route.dir/test_route.cpp.o[0m
[ 68%] [32mBuilding CXX object test/CMakeFiles/test_path.dir/test_path.cpp.o[0m
[ 72%] [32m[1mLinking CXX executable test_route[0m
[ 75%] [32m[1mLinking CXX executable test_path[0m
[ 79%] [32m[1mLinking CXX executable opennav_coverage[0m
[ 82%] [32m[1mLinking CXX executable test_swath[0m
[ 82%] Built target test_route
[ 86%] [32m[1mLinking CXX executable test_headland[0m
[ 89%] [32m[1mLinking CXX executable test_robot[0m
[ 89%] Built target test_path
[ 93%] [32m[1mLinking CXX executable test_utils[0m
[ 93%] Built target test_robot
[ 93%] Built target opennav_coverage
[ 93%] Built target test_swath
[ 93%] Built target test_headland
[ 93%] Built target test_utils
[ 96%] [32m[1mLinking CXX executable test_server[0m
[ 96%] Built target test_server
[100%] [32m[1mLinking CXX executable test_viz[0m
[100%] Built target test_viz
-- Install configuration: ""
-- Installing: /home/ws/install/opennav_coverage/lib/libopennav_coverage_core.so
-- Set non-toolchain portion of runtime path of "/home/ws/install/opennav_coverage/lib/libopennav_coverage_core.so" to ""
-- Installing: /home/ws/install/opennav_coverage/lib/opennav_coverage/opennav_coverage
-- Set non-toolchain portion of runtime path of "/home/ws/install/opennav_coverage/lib/opennav_coverage/opennav_coverage" to ""
-- Installing: /home/ws/install/opennav_coverage/include/
-- Installing: /home/ws/install/opennav_coverage/include//opennav_coverage
-- Installing: /home/ws/install/opennav_coverage/include//opennav_coverage/visualizer.hpp
-- Installing: /home/ws/install/opennav_coverage/include//opennav_coverage/coverage_server.hpp
-- Installing: /home/ws/install/opennav_coverage/include//opennav_coverage/headland_generator.hpp
-- Installing: /home/ws/install/opennav_coverage/include//opennav_coverage/utils.hpp
-- Installing: /home/ws/install/opennav_coverage/include//opennav_coverage/swath_generator.hpp
-- Installing: /home/ws/install/opennav_coverage/include//opennav_coverage/robot_params.hpp
-- Installing: /home/ws/install/opennav_coverage/include//opennav_coverage/types.hpp
-- Installing: /home/ws/install/opennav_coverage/include//opennav_coverage/path_generator.hpp
-- Installing: /home/ws/install/opennav_coverage/include//opennav_coverage/route_generator.hpp
-- Installing: /home/ws/install/opennav_coverage/share/opennav_coverage/test_field.xml
-- Installing: /home/ws/install/opennav_coverage/share/opennav_coverage/cartesian_test_field.xml
-- Installing: /home/ws/install/opennav_coverage/share/opennav_coverage/irregular_test_field.xml
-- Installing: /home/ws/install/opennav_coverage/share/opennav_coverage/environment/library_path.sh
-- Installing: /home/ws/install/opennav_coverage/share/opennav_coverage/environment/library_path.dsv
-- Installing: /home/ws/install/opennav_coverage/share/ament_index/resource_index/package_run_dependencies/opennav_coverage
-- Installing: /home/ws/install/opennav_coverage/share/ament_index/resource_index/parent_prefix_path/opennav_coverage
-- Installing: /home/ws/install/opennav_coverage/share/opennav_coverage/environment/ament_prefix_path.sh
-- Installing: /home/ws/install/opennav_coverage/share/opennav_coverage/environment/ament_prefix_path.dsv
-- Installing: /home/ws/install/opennav_coverage/share/opennav_coverage/environment/path.sh
-- Installing: /home/ws/install/opennav_coverage/share/opennav_coverage/environment/path.dsv
-- Installing: /home/ws/install/opennav_coverage/share/opennav_coverage/local_setup.bash
-- Installing: /home/ws/install/opennav_coverage/share/opennav_coverage/local_setup.sh
-- Installing: /home/ws/install/opennav_coverage/share/opennav_coverage/local_setup.zsh
-- Installing: /home/ws/install/opennav_coverage/share/opennav_coverage/local_setup.dsv
-- Installing: /home/ws/install/opennav_coverage/share/opennav_coverage/package.dsv
-- Installing: /home/ws/install/opennav_coverage/share/ament_index/resource_index/packages/opennav_coverage
-- Installing: /home/ws/install/opennav_coverage/share/ament_index/resource_index/rclcpp_components/opennav_coverage
-- Installing: /home/ws/install/opennav_coverage/share/opennav_coverage/cmake/ament_cmake_export_include_directories-extras.cmake
-- Installing: /home/ws/install/opennav_coverage/share/opennav_coverage/cmake/ament_cmake_export_libraries-extras.cmake
-- Installing: /home/ws/install/opennav_coverage/share/opennav_coverage/cmake/ament_cmake_export_dependencies-extras.cmake
-- Installing: /home/ws/install/opennav_coverage/share/opennav_coverage/cmake/opennav_coverageConfig.cmake
-- Installing: /home/ws/install/opennav_coverage/share/opennav_coverage/cmake/opennav_coverageConfig-version.cmake
-- Installing: /home/ws/install/opennav_coverage/share/opennav_coverage/package.xml
