[0.008s] Invoking command in '/home/ws/build/opennav_coverage': CMAKE_PREFIX_PATH=/home/ws/install/opennav_coverage_msgs:/home/ws/install/fields2cover:/home/ws/install/opennav_coverage_bt:/home/ws/install/opennav_coverage:/home/ws/install/temizlik_navigation:/opt/ros/jazzy/opt/gz_sim_vendor:/opt/ros/jazzy/opt/gz_sensors_vendor:/opt/ros/jazzy/opt/gz_physics_vendor:/opt/ros/jazzy/opt/sdformat_vendor:/opt/ros/jazzy/opt/gz_gui_vendor:/opt/ros/jazzy/opt/gz_transport_vendor:/opt/ros/jazzy/opt/gz_rendering_vendor:/opt/ros/jazzy/opt/gz_plugin_vendor:/opt/ros/jazzy/opt/gz_fuel_tools_vendor:/opt/ros/jazzy/opt/gz_msgs_vendor:/opt/ros/jazzy/opt/gz_common_vendor:/opt/ros/jazzy/opt/gz_math_vendor:/opt/ros/jazzy/opt/gz_utils_vendor:/opt/ros/jazzy/opt/gz_tools_vendor:/opt/ros/jazzy/opt/gz_ogre_next_vendor:/opt/ros/jazzy/opt/gz_dartsim_vendor:/opt/ros/jazzy/opt/gz_cmake_vendor:/opt/ros/jazzy LD_LIBRARY_PATH=/home/ws/install/opennav_coverage_msgs/lib:/home/ws/install/fields2cover/lib:/home/ws/install/opennav_coverage_bt/lib:/home/ws/install/opennav_coverage/lib:/opt/ros/jazzy/opt/gz_sim_vendor/lib:/opt/ros/jazzy/opt/gz_sensors_vendor/lib:/opt/ros/jazzy/opt/gz_physics_vendor/lib:/opt/ros/jazzy/opt/sdformat_vendor/lib:/opt/ros/jazzy/opt/rviz_ogre_vendor/lib:/opt/ros/jazzy/lib/x86_64-linux-gnu:/opt/ros/jazzy/opt/gz_gui_vendor/lib:/opt/ros/jazzy/opt/gz_transport_vendor/lib:/opt/ros/jazzy/opt/gz_rendering_vendor/lib:/opt/ros/jazzy/opt/gz_plugin_vendor/lib:/opt/ros/jazzy/opt/gz_fuel_tools_vendor/lib:/opt/ros/jazzy/opt/gz_msgs_vendor/lib:/opt/ros/jazzy/opt/gz_common_vendor/lib:/opt/ros/jazzy/opt/gz_math_vendor/lib:/opt/ros/jazzy/opt/gz_utils_vendor/lib:/opt/ros/jazzy/opt/gz_tools_vendor/lib:/opt/ros/jazzy/opt/gz_ogre_next_vendor/lib:/opt/ros/jazzy/opt/gz_dartsim_vendor/lib:/opt/ros/jazzy/opt/gz_cmake_vendor/lib:/opt/ros/jazzy/lib /usr/bin/cmake /home/ws/src/opennav_coverage/opennav_coverage -DCMAKE_INSTALL_PREFIX=/home/ws/install/opennav_coverage
[0.050s] -- The C compiler identification is GNU 13.3.0
[0.089s] -- The CXX compiler identification is GNU 13.3.0
[0.103s] -- Detecting C compiler ABI info
[0.177s] -- Detecting C compiler ABI info - done
[0.183s] -- Check for working C compiler: /usr/bin/cc - skipped
[0.183s] -- Detecting C compile features
[0.183s] -- Detecting C compile features - done
[0.191s] -- Detecting CXX compiler ABI info
[0.272s] -- Detecting CXX compiler ABI info - done
[0.278s] -- Check for working CXX compiler: /usr/bin/c++ - skipped
[0.278s] -- Detecting CXX compile features
[0.279s] -- Detecting CXX compile features - done
[0.284s] -- Found ament_cmake: 2.5.5 (/opt/ros/jazzy/share/ament_cmake/cmake)
[0.396s] -- Found Python3: /usr/bin/python3 (found version "3.12.3") found components: Interpreter 
[0.505s] -- Found ament_index_cpp: 1.8.2 (/opt/ros/jazzy/share/ament_index_cpp/cmake)
[0.510s] -- Found rclcpp: 28.1.16 (/opt/ros/jazzy/share/rclcpp/cmake)
[0.565s] -- Found rosidl_generator_c: 4.6.7 (/opt/ros/jazzy/share/rosidl_generator_c/cmake)
[0.583s] -- Found rosidl_generator_cpp: 4.6.7 (/opt/ros/jazzy/share/rosidl_generator_cpp/cmake)
[0.602s] -- Using all available rosidl_typesupport_c: rosidl_typesupport_fastrtps_c;rosidl_typesupport_introspection_c
[0.623s] -- Using all available rosidl_typesupport_cpp: rosidl_typesupport_fastrtps_cpp;rosidl_typesupport_introspection_cpp
[0.701s] -- Found rmw_implementation_cmake: 7.3.3 (/opt/ros/jazzy/share/rmw_implementation_cmake/cmake)
[0.706s] -- Found rmw_fastrtps_cpp: 8.4.3 (/opt/ros/jazzy/share/rmw_fastrtps_cpp/cmake)
[0.788s] -- Found OpenSSL: /usr/lib/x86_64-linux-gnu/libcrypto.so (found version "3.0.13")  
[0.803s] -- Found FastRTPS: /opt/ros/jazzy/include (Required is at least version "2.13") 
[0.819s] -- Using RMW implementation 'rmw_fastrtps_cpp' as default
[0.884s] -- Found rclcpp_action: 28.1.16 (/opt/ros/jazzy/share/rclcpp_action/cmake)
[0.925s] -- Found rclcpp_lifecycle: 28.1.16 (/opt/ros/jazzy/share/rclcpp_lifecycle/cmake)
[0.954s] -- Found rclcpp_components: 28.1.16 (/opt/ros/jazzy/share/rclcpp_components/cmake)
[0.992s] -- Found std_msgs: 5.3.6 (/opt/ros/jazzy/share/std_msgs/cmake)
[1.004s] -- Found visualization_msgs: 5.3.6 (/opt/ros/jazzy/share/visualization_msgs/cmake)
[1.062s] -- Found nav2_util: 1.3.10 (/opt/ros/jazzy/share/nav2_util/cmake)
[1.230s] -- Found eigen3_cmake_module: 0.3.0 (/opt/ros/jazzy/share/eigen3_cmake_module/cmake)
[1.231s] -- Found Eigen3: TRUE (found version "3.4.0") 
[1.231s] -- Ensuring Eigen3 include directory is part of orocos-kdl CMake target
[1.272s] -- Found opennav_coverage_msgs: 0.0.1 (/home/ws/install/opennav_coverage_msgs/share/opennav_coverage_msgs/cmake)
[1.314s] -- Found GDAL: /usr/lib/x86_64-linux-gnu/libgdal.so (found suitable version "3.8.4", minimum required is "3.0") 
[1.326s] -- Found ament_lint_auto: 0.17.4 (/opt/ros/jazzy/share/ament_lint_auto/cmake)
[1.330s] -- Found ament_cmake_gtest: 2.5.5 (/opt/ros/jazzy/share/ament_cmake_gtest/cmake)
[1.428s] -- Found gtest sources under '/opt/ros/jazzy/src/gtest_vendor': C++ tests using 'Google Test' will be built
[1.429s] -- Performing Test CMAKE_HAVE_LIBC_PTHREAD
[1.503s] -- Performing Test CMAKE_HAVE_LIBC_PTHREAD - Success
[1.504s] -- Found Threads: TRUE  
[1.538s] -- Added test 'copyright' to check source files copyright and LICENSE
[1.540s] -- Added test 'cppcheck' to perform static code analysis on C / C++ code
[1.540s] -- Configured cppcheck include dirs: /home/ws/src/opennav_coverage/opennav_coverage/include
[1.540s] -- Configured cppcheck exclude dirs and/or files: 
[1.542s] -- Added test 'cpplint' to check C / C++ code against the Google style
[1.542s] -- Configured cpplint exclude dirs and/or files: 
[1.543s] -- Added test 'flake8' to check Python code syntax and style conventions
[1.543s] -- Configured 'flake8' exclude dirs and/or files: 
[1.544s] -- Added test 'lint_cmake' to check CMake code style
[1.544s] -- Added test 'pep257' to check Python code against some of the docstring style conventions in PEP 257
[1.546s] -- Added test 'uncrustify' to check C / C++ code style
[1.546s] -- Configured uncrustify additional arguments: 
[1.547s] -- Added test 'xmllint' to check XML markup files
[1.549s] -- Configuring done (1.5s)
[1.613s] -- Generating done (0.0s)
[1.629s] -- Build files have been written to: /home/ws/build/opennav_coverage
[1.638s] Invoked command in '/home/ws/build/opennav_coverage' returned '0': CMAKE_PREFIX_PATH=/home/ws/install/opennav_coverage_msgs:/home/ws/install/fields2cover:/home/ws/install/opennav_coverage_bt:/home/ws/install/opennav_coverage:/home/ws/install/temizlik_navigation:/opt/ros/jazzy/opt/gz_sim_vendor:/opt/ros/jazzy/opt/gz_sensors_vendor:/opt/ros/jazzy/opt/gz_physics_vendor:/opt/ros/jazzy/opt/sdformat_vendor:/opt/ros/jazzy/opt/gz_gui_vendor:/opt/ros/jazzy/opt/gz_transport_vendor:/opt/ros/jazzy/opt/gz_rendering_vendor:/opt/ros/jazzy/opt/gz_plugin_vendor:/opt/ros/jazzy/opt/gz_fuel_tools_vendor:/opt/ros/jazzy/opt/gz_msgs_vendor:/opt/ros/jazzy/opt/gz_common_vendor:/opt/ros/jazzy/opt/gz_math_vendor:/opt/ros/jazzy/opt/gz_utils_vendor:/opt/ros/jazzy/opt/gz_tools_vendor:/opt/ros/jazzy/opt/gz_ogre_next_vendor:/opt/ros/jazzy/opt/gz_dartsim_vendor:/opt/ros/jazzy/opt/gz_cmake_vendor:/opt/ros/jazzy LD_LIBRARY_PATH=/home/ws/install/opennav_coverage_msgs/lib:/home/ws/install/fields2cover/lib:/home/ws/install/opennav_coverage_bt/lib:/home/ws/install/opennav_coverage/lib:/opt/ros/jazzy/opt/gz_sim_vendor/lib:/opt/ros/jazzy/opt/gz_sensors_vendor/lib:/opt/ros/jazzy/opt/gz_physics_vendor/lib:/opt/ros/jazzy/opt/sdformat_vendor/lib:/opt/ros/jazzy/opt/rviz_ogre_vendor/lib:/opt/ros/jazzy/lib/x86_64-linux-gnu:/opt/ros/jazzy/opt/gz_gui_vendor/lib:/opt/ros/jazzy/opt/gz_transport_vendor/lib:/opt/ros/jazzy/opt/gz_rendering_vendor/lib:/opt/ros/jazzy/opt/gz_plugin_vendor/lib:/opt/ros/jazzy/opt/gz_fuel_tools_vendor/lib:/opt/ros/jazzy/opt/gz_msgs_vendor/lib:/opt/ros/jazzy/opt/gz_common_vendor/lib:/opt/ros/jazzy/opt/gz_math_vendor/lib:/opt/ros/jazzy/opt/gz_utils_vendor/lib:/opt/ros/jazzy/opt/gz_tools_vendor/lib:/opt/ros/jazzy/opt/gz_ogre_next_vendor/lib:/opt/ros/jazzy/opt/gz_dartsim_vendor/lib:/opt/ros/jazzy/opt/gz_cmake_vendor/lib:/opt/ros/jazzy/lib /usr/bin/cmake /home/ws/src/opennav_coverage/opennav_coverage -DCMAKE_INSTALL_PREFIX=/home/ws/install/opennav_coverage
[1.639s] Invoking command in '/home/ws/build/opennav_coverage': CMAKE_PREFIX_PATH=/home/ws/install/opennav_coverage_msgs:/home/ws/install/fields2cover:/home/ws/install/opennav_coverage_bt:/home/ws/install/opennav_coverage:/home/ws/install/temizlik_navigation:/opt/ros/jazzy/opt/gz_sim_vendor:/opt/ros/jazzy/opt/gz_sensors_vendor:/opt/ros/jazzy/opt/gz_physics_vendor:/opt/ros/jazzy/opt/sdformat_vendor:/opt/ros/jazzy/opt/gz_gui_vendor:/opt/ros/jazzy/opt/gz_transport_vendor:/opt/ros/jazzy/opt/gz_rendering_vendor:/opt/ros/jazzy/opt/gz_plugin_vendor:/opt/ros/jazzy/opt/gz_fuel_tools_vendor:/opt/ros/jazzy/opt/gz_msgs_vendor:/opt/ros/jazzy/opt/gz_common_vendor:/opt/ros/jazzy/opt/gz_math_vendor:/opt/ros/jazzy/opt/gz_utils_vendor:/opt/ros/jazzy/opt/gz_tools_vendor:/opt/ros/jazzy/opt/gz_ogre_next_vendor:/opt/ros/jazzy/opt/gz_dartsim_vendor:/opt/ros/jazzy/opt/gz_cmake_vendor:/opt/ros/jazzy LD_LIBRARY_PATH=/home/ws/install/opennav_coverage_msgs/lib:/home/ws/install/fields2cover/lib:/home/ws/install/opennav_coverage_bt/lib:/home/ws/install/opennav_coverage/lib:/opt/ros/jazzy/opt/gz_sim_vendor/lib:/opt/ros/jazzy/opt/gz_sensors_vendor/lib:/opt/ros/jazzy/opt/gz_physics_vendor/lib:/opt/ros/jazzy/opt/sdformat_vendor/lib:/opt/ros/jazzy/opt/rviz_ogre_vendor/lib:/opt/ros/jazzy/lib/x86_64-linux-gnu:/opt/ros/jazzy/opt/gz_gui_vendor/lib:/opt/ros/jazzy/opt/gz_transport_vendor/lib:/opt/ros/jazzy/opt/gz_rendering_vendor/lib:/opt/ros/jazzy/opt/gz_plugin_vendor/lib:/opt/ros/jazzy/opt/gz_fuel_tools_vendor/lib:/opt/ros/jazzy/opt/gz_msgs_vendor/lib:/opt/ros/jazzy/opt/gz_common_vendor/lib:/opt/ros/jazzy/opt/gz_math_vendor/lib:/opt/ros/jazzy/opt/gz_utils_vendor/lib:/opt/ros/jazzy/opt/gz_tools_vendor/lib:/opt/ros/jazzy/opt/gz_ogre_next_vendor/lib:/opt/ros/jazzy/opt/gz_dartsim_vendor/lib:/opt/ros/jazzy/opt/gz_cmake_vendor/lib:/opt/ros/jazzy/lib /usr/bin/cmake --build /home/ws/build/opennav_coverage -- -j12 -l12
[1.688s] [  3%] [32mBuilding CXX object CMakeFiles/opennav_coverage_core.dir/src/swath_generator.cpp.o[0m
[1.689s] [  6%] [32mBuilding CXX object gtest/CMakeFiles/gtest.dir/src/gtest-all.cc.o[0m
[1.689s] [ 10%] [32mBuilding CXX object gtest/CMakeFiles/gtest_main.dir/src/gtest_main.cc.o[0m
[1.689s] [ 13%] [32mBuilding CXX object CMakeFiles/opennav_coverage_core.dir/src/headland_generator.cpp.o[0m
[1.689s] [ 17%] [32mBuilding CXX object CMakeFiles/opennav_coverage_core.dir/src/coverage_server.cpp.o[0m
[1.689s] [ 20%] [32mBuilding CXX object CMakeFiles/opennav_coverage_core.dir/src/route_generator.cpp.o[0m
[1.689s] [ 24%] [32mBuilding CXX object CMakeFiles/opennav_coverage_core.dir/src/visualizer.cpp.o[0m
[1.690s] [ 27%] [32mBuilding CXX object CMakeFiles/opennav_coverage_core.dir/src/path_generator.cpp.o[0m
[2.286s] [ 31%] [32m[1mLinking CXX static library libgtest_main.a[0m
[2.324s] [ 31%] Built target gtest_main
[4.778s] [ 34%] [32m[1mLinking CXX static library libgtest.a[0m
[4.863s] [ 34%] Built target gtest
[8.020s] [ 37%] [32m[1mLinking CXX shared library libopennav_coverage_core.so[0m
[8.287s] [ 37%] Built target opennav_coverage_core
[8.309s] [ 44%] [32mBuilding CXX object test/CMakeFiles/test_robot.dir/test_robot.cpp.o[0m
[8.309s] [ 44%] [32mBuilding CXX object test/CMakeFiles/test_server.dir/test_server.cpp.o[0m
[8.309s] [ 48%] [32mBuilding CXX object test/CMakeFiles/test_utils.dir/test_utils.cpp.o[0m
[8.310s] [ 55%] [32mBuilding CXX object test/CMakeFiles/test_swath.dir/test_swath.cpp.o[0m
[8.310s] [ 55%] [32mBuilding CXX object test/CMakeFiles/test_viz.dir/test_viz.cpp.o[0m
[8.310s] [ 58%] [32mBuilding CXX object test/CMakeFiles/test_headland.dir/test_headland.cpp.o[0m
[8.310s] [ 62%] [32mBuilding CXX object CMakeFiles/opennav_coverage.dir/src/main.cpp.o[0m
[8.310s] [ 65%] [32mBuilding CXX object test/CMakeFiles/test_route.dir/test_route.cpp.o[0m
[8.310s] [ 68%] [32mBuilding CXX object test/CMakeFiles/test_path.dir/test_path.cpp.o[0m
[12.546s] [ 72%] [32m[1mLinking CXX executable test_route[0m
[12.577s] [ 75%] [32m[1mLinking CXX executable test_path[0m
[12.915s] [ 79%] [32m[1mLinking CXX executable opennav_coverage[0m
[13.006s] [ 82%] [32m[1mLinking CXX executable test_swath[0m
[13.057s] [ 82%] Built target test_route
[13.071s] [ 86%] [32m[1mLinking CXX executable test_headland[0m
[13.108s] [ 89%] [32m[1mLinking CXX executable test_robot[0m
[13.196s] [ 89%] Built target test_path
[13.249s] [ 93%] [32m[1mLinking CXX executable test_utils[0m
[13.329s] [ 93%] Built target test_robot
[13.424s] [ 93%] Built target opennav_coverage
[13.525s] [ 93%] Built target test_swath
[13.573s] [ 93%] Built target test_headland
[13.603s] [ 93%] Built target test_utils
[14.024s] [ 96%] [32m[1mLinking CXX executable test_server[0m
[14.467s] [ 96%] Built target test_server
[18.475s] [100%] [32m[1mLinking CXX executable test_viz[0m
[19.114s] [100%] Built target test_viz
[19.126s] Invoked command in '/home/ws/build/opennav_coverage' returned '0': CMAKE_PREFIX_PATH=/home/ws/install/opennav_coverage_msgs:/home/ws/install/fields2cover:/home/ws/install/opennav_coverage_bt:/home/ws/install/opennav_coverage:/home/ws/install/temizlik_navigation:/opt/ros/jazzy/opt/gz_sim_vendor:/opt/ros/jazzy/opt/gz_sensors_vendor:/opt/ros/jazzy/opt/gz_physics_vendor:/opt/ros/jazzy/opt/sdformat_vendor:/opt/ros/jazzy/opt/gz_gui_vendor:/opt/ros/jazzy/opt/gz_transport_vendor:/opt/ros/jazzy/opt/gz_rendering_vendor:/opt/ros/jazzy/opt/gz_plugin_vendor:/opt/ros/jazzy/opt/gz_fuel_tools_vendor:/opt/ros/jazzy/opt/gz_msgs_vendor:/opt/ros/jazzy/opt/gz_common_vendor:/opt/ros/jazzy/opt/gz_math_vendor:/opt/ros/jazzy/opt/gz_utils_vendor:/opt/ros/jazzy/opt/gz_tools_vendor:/opt/ros/jazzy/opt/gz_ogre_next_vendor:/opt/ros/jazzy/opt/gz_dartsim_vendor:/opt/ros/jazzy/opt/gz_cmake_vendor:/opt/ros/jazzy LD_LIBRARY_PATH=/home/ws/install/opennav_coverage_msgs/lib:/home/ws/install/fields2cover/lib:/home/ws/install/opennav_coverage_bt/lib:/home/ws/install/opennav_coverage/lib:/opt/ros/jazzy/opt/gz_sim_vendor/lib:/opt/ros/jazzy/opt/gz_sensors_vendor/lib:/opt/ros/jazzy/opt/gz_physics_vendor/lib:/opt/ros/jazzy/opt/sdformat_vendor/lib:/opt/ros/jazzy/opt/rviz_ogre_vendor/lib:/opt/ros/jazzy/lib/x86_64-linux-gnu:/opt/ros/jazzy/opt/gz_gui_vendor/lib:/opt/ros/jazzy/opt/gz_transport_vendor/lib:/opt/ros/jazzy/opt/gz_rendering_vendor/lib:/opt/ros/jazzy/opt/gz_plugin_vendor/lib:/opt/ros/jazzy/opt/gz_fuel_tools_vendor/lib:/opt/ros/jazzy/opt/gz_msgs_vendor/lib:/opt/ros/jazzy/opt/gz_common_vendor/lib:/opt/ros/jazzy/opt/gz_math_vendor/lib:/opt/ros/jazzy/opt/gz_utils_vendor/lib:/opt/ros/jazzy/opt/gz_tools_vendor/lib:/opt/ros/jazzy/opt/gz_ogre_next_vendor/lib:/opt/ros/jazzy/opt/gz_dartsim_vendor/lib:/opt/ros/jazzy/opt/gz_cmake_vendor/lib:/opt/ros/jazzy/lib /usr/bin/cmake --build /home/ws/build/opennav_coverage -- -j12 -l12
[19.127s] Invoking command in '/home/ws/build/opennav_coverage': CMAKE_PREFIX_PATH=/home/ws/install/opennav_coverage_msgs:/home/ws/install/fields2cover:/home/ws/install/opennav_coverage_bt:/home/ws/install/opennav_coverage:/home/ws/install/temizlik_navigation:/opt/ros/jazzy/opt/gz_sim_vendor:/opt/ros/jazzy/opt/gz_sensors_vendor:/opt/ros/jazzy/opt/gz_physics_vendor:/opt/ros/jazzy/opt/sdformat_vendor:/opt/ros/jazzy/opt/gz_gui_vendor:/opt/ros/jazzy/opt/gz_transport_vendor:/opt/ros/jazzy/opt/gz_rendering_vendor:/opt/ros/jazzy/opt/gz_plugin_vendor:/opt/ros/jazzy/opt/gz_fuel_tools_vendor:/opt/ros/jazzy/opt/gz_msgs_vendor:/opt/ros/jazzy/opt/gz_common_vendor:/opt/ros/jazzy/opt/gz_math_vendor:/opt/ros/jazzy/opt/gz_utils_vendor:/opt/ros/jazzy/opt/gz_tools_vendor:/opt/ros/jazzy/opt/gz_ogre_next_vendor:/opt/ros/jazzy/opt/gz_dartsim_vendor:/opt/ros/jazzy/opt/gz_cmake_vendor:/opt/ros/jazzy LD_LIBRARY_PATH=/home/ws/install/opennav_coverage_msgs/lib:/home/ws/install/fields2cover/lib:/home/ws/install/opennav_coverage_bt/lib:/home/ws/install/opennav_coverage/lib:/opt/ros/jazzy/opt/gz_sim_vendor/lib:/opt/ros/jazzy/opt/gz_sensors_vendor/lib:/opt/ros/jazzy/opt/gz_physics_vendor/lib:/opt/ros/jazzy/opt/sdformat_vendor/lib:/opt/ros/jazzy/opt/rviz_ogre_vendor/lib:/opt/ros/jazzy/lib/x86_64-linux-gnu:/opt/ros/jazzy/opt/gz_gui_vendor/lib:/opt/ros/jazzy/opt/gz_transport_vendor/lib:/opt/ros/jazzy/opt/gz_rendering_vendor/lib:/opt/ros/jazzy/opt/gz_plugin_vendor/lib:/opt/ros/jazzy/opt/gz_fuel_tools_vendor/lib:/opt/ros/jazzy/opt/gz_msgs_vendor/lib:/opt/ros/jazzy/opt/gz_common_vendor/lib:/opt/ros/jazzy/opt/gz_math_vendor/lib:/opt/ros/jazzy/opt/gz_utils_vendor/lib:/opt/ros/jazzy/opt/gz_tools_vendor/lib:/opt/ros/jazzy/opt/gz_ogre_next_vendor/lib:/opt/ros/jazzy/opt/gz_dartsim_vendor/lib:/opt/ros/jazzy/opt/gz_cmake_vendor/lib:/opt/ros/jazzy/lib /usr/bin/cmake --install /home/ws/build/opennav_coverage
[19.134s] -- Install configuration: ""
[19.134s] -- Installing: /home/ws/install/opennav_coverage/lib/libopennav_coverage_core.so
[19.138s] -- Set non-toolchain portion of runtime path of "/home/ws/install/opennav_coverage/lib/libopennav_coverage_core.so" to ""
[19.139s] -- Installing: /home/ws/install/opennav_coverage/lib/opennav_coverage/opennav_coverage
[19.139s] -- Set non-toolchain portion of runtime path of "/home/ws/install/opennav_coverage/lib/opennav_coverage/opennav_coverage" to ""
[19.139s] -- Installing: /home/ws/install/opennav_coverage/include/
[19.139s] -- Installing: /home/ws/install/opennav_coverage/include//opennav_coverage
[19.139s] -- Installing: /home/ws/install/opennav_coverage/include//opennav_coverage/visualizer.hpp
[19.139s] -- Installing: /home/ws/install/opennav_coverage/include//opennav_coverage/coverage_server.hpp
[19.139s] -- Installing: /home/ws/install/opennav_coverage/include//opennav_coverage/headland_generator.hpp
[19.139s] -- Installing: /home/ws/install/opennav_coverage/include//opennav_coverage/utils.hpp
[19.139s] -- Installing: /home/ws/install/opennav_coverage/include//opennav_coverage/swath_generator.hpp
[19.139s] -- Installing: /home/ws/install/opennav_coverage/include//opennav_coverage/robot_params.hpp
[19.139s] -- Installing: /home/ws/install/opennav_coverage/include//opennav_coverage/types.hpp
[19.139s] -- Installing: /home/ws/install/opennav_coverage/include//opennav_coverage/path_generator.hpp
[19.140s] -- Installing: /home/ws/install/opennav_coverage/include//opennav_coverage/route_generator.hpp
[19.140s] -- Installing: /home/ws/install/opennav_coverage/share/opennav_coverage/test_field.xml
[19.140s] -- Installing: /home/ws/install/opennav_coverage/share/opennav_coverage/cartesian_test_field.xml
[19.140s] -- Installing: /home/ws/install/opennav_coverage/share/opennav_coverage/irregular_test_field.xml
[19.140s] -- Installing: /home/ws/install/opennav_coverage/share/opennav_coverage/environment/library_path.sh
[19.140s] -- Installing: /home/ws/install/opennav_coverage/share/opennav_coverage/environment/library_path.dsv
[19.140s] -- Installing: /home/ws/install/opennav_coverage/share/ament_index/resource_index/package_run_dependencies/opennav_coverage
[19.140s] -- Installing: /home/ws/install/opennav_coverage/share/ament_index/resource_index/parent_prefix_path/opennav_coverage
[19.141s] -- Installing: /home/ws/install/opennav_coverage/share/opennav_coverage/environment/ament_prefix_path.sh
[19.141s] -- Installing: /home/ws/install/opennav_coverage/share/opennav_coverage/environment/ament_prefix_path.dsv
[19.141s] -- Installing: /home/ws/install/opennav_coverage/share/opennav_coverage/environment/path.sh
[19.141s] -- Installing: /home/ws/install/opennav_coverage/share/opennav_coverage/environment/path.dsv
[19.141s] -- Installing: /home/ws/install/opennav_coverage/share/opennav_coverage/local_setup.bash
[19.141s] -- Installing: /home/ws/install/opennav_coverage/share/opennav_coverage/local_setup.sh
[19.141s] -- Installing: /home/ws/install/opennav_coverage/share/opennav_coverage/local_setup.zsh
[19.141s] -- Installing: /home/ws/install/opennav_coverage/share/opennav_coverage/local_setup.dsv
[19.141s] -- Installing: /home/ws/install/opennav_coverage/share/opennav_coverage/package.dsv
[19.142s] -- Installing: /home/ws/install/opennav_coverage/share/ament_index/resource_index/packages/opennav_coverage
[19.142s] -- Installing: /home/ws/install/opennav_coverage/share/ament_index/resource_index/rclcpp_components/opennav_coverage
[19.142s] -- Installing: /home/ws/install/opennav_coverage/share/opennav_coverage/cmake/ament_cmake_export_include_directories-extras.cmake
[19.142s] -- Installing: /home/ws/install/opennav_coverage/share/opennav_coverage/cmake/ament_cmake_export_libraries-extras.cmake
[19.142s] -- Installing: /home/ws/install/opennav_coverage/share/opennav_coverage/cmake/ament_cmake_export_dependencies-extras.cmake
[19.142s] -- Installing: /home/ws/install/opennav_coverage/share/opennav_coverage/cmake/opennav_coverageConfig.cmake
[19.142s] -- Installing: /home/ws/install/opennav_coverage/share/opennav_coverage/cmake/opennav_coverageConfig-version.cmake
[19.142s] -- Installing: /home/ws/install/opennav_coverage/share/opennav_coverage/package.xml
[19.144s] Invoked command in '/home/ws/build/opennav_coverage' returned '0': CMAKE_PREFIX_PATH=/home/ws/install/opennav_coverage_msgs:/home/ws/install/fields2cover:/home/ws/install/opennav_coverage_bt:/home/ws/install/opennav_coverage:/home/ws/install/temizlik_navigation:/opt/ros/jazzy/opt/gz_sim_vendor:/opt/ros/jazzy/opt/gz_sensors_vendor:/opt/ros/jazzy/opt/gz_physics_vendor:/opt/ros/jazzy/opt/sdformat_vendor:/opt/ros/jazzy/opt/gz_gui_vendor:/opt/ros/jazzy/opt/gz_transport_vendor:/opt/ros/jazzy/opt/gz_rendering_vendor:/opt/ros/jazzy/opt/gz_plugin_vendor:/opt/ros/jazzy/opt/gz_fuel_tools_vendor:/opt/ros/jazzy/opt/gz_msgs_vendor:/opt/ros/jazzy/opt/gz_common_vendor:/opt/ros/jazzy/opt/gz_math_vendor:/opt/ros/jazzy/opt/gz_utils_vendor:/opt/ros/jazzy/opt/gz_tools_vendor:/opt/ros/jazzy/opt/gz_ogre_next_vendor:/opt/ros/jazzy/opt/gz_dartsim_vendor:/opt/ros/jazzy/opt/gz_cmake_vendor:/opt/ros/jazzy LD_LIBRARY_PATH=/home/ws/install/opennav_coverage_msgs/lib:/home/ws/install/fields2cover/lib:/home/ws/install/opennav_coverage_bt/lib:/home/ws/install/opennav_coverage/lib:/opt/ros/jazzy/opt/gz_sim_vendor/lib:/opt/ros/jazzy/opt/gz_sensors_vendor/lib:/opt/ros/jazzy/opt/gz_physics_vendor/lib:/opt/ros/jazzy/opt/sdformat_vendor/lib:/opt/ros/jazzy/opt/rviz_ogre_vendor/lib:/opt/ros/jazzy/lib/x86_64-linux-gnu:/opt/ros/jazzy/opt/gz_gui_vendor/lib:/opt/ros/jazzy/opt/gz_transport_vendor/lib:/opt/ros/jazzy/opt/gz_rendering_vendor/lib:/opt/ros/jazzy/opt/gz_plugin_vendor/lib:/opt/ros/jazzy/opt/gz_fuel_tools_vendor/lib:/opt/ros/jazzy/opt/gz_msgs_vendor/lib:/opt/ros/jazzy/opt/gz_common_vendor/lib:/opt/ros/jazzy/opt/gz_math_vendor/lib:/opt/ros/jazzy/opt/gz_utils_vendor/lib:/opt/ros/jazzy/opt/gz_tools_vendor/lib:/opt/ros/jazzy/opt/gz_ogre_next_vendor/lib:/opt/ros/jazzy/opt/gz_dartsim_vendor/lib:/opt/ros/jazzy/opt/gz_cmake_vendor/lib:/opt/ros/jazzy/lib /usr/bin/cmake --install /home/ws/build/opennav_coverage
