[ 25%] [32mBuilding CXX object CMakeFiles/f2c_smoke_test.dir/src/f2c_smoke_test.cpp.o[0m
[ 50%] [32mBuilding CXX object CMakeFiles/f2c_nav2_waypoint_node.dir/src/f2c_nav2_waypoint_node.cpp.o[0m
[ 75%] [32m[1mLinking CXX executable f2c_smoke_test[0m
[ 75%] Built target f2c_smoke_test
[100%] [32m[1mLinking CXX executable f2c_nav2_waypoint_node[0m
[100%] Built target f2c_nav2_waypoint_node
-- Install configuration: ""
-- Installing: /home/ws/install/temizlik_navigation/lib/temizlik_navigation/f2c_smoke_test
-- Set non-toolchain portion of runtime path of "/home/ws/install/temizlik_navigation/lib/temizlik_navigation/f2c_smoke_test" to ""
-- Installing: /home/ws/install/temizlik_navigation/lib/temizlik_navigation/f2c_nav2_waypoint_node
-- Set non-toolchain portion of runtime path of "/home/ws/install/temizlik_navigation/lib/temizlik_navigation/f2c_nav2_waypoint_node" to ""
-- Installing: /home/ws/install/temizlik_navigation/share/temizlik_navigation/launch
-- Installing: /home/ws/install/temizlik_navigation/share/temizlik_navigation/launch/turtlebot3_nav2.launch.py
-- Installing: /home/ws/install/temizlik_navigation/share/temizlik_navigation/launch/turtlebot3_f2c_nav2.launch.py
-- Installing: /home/ws/install/temizlik_navigation/share/temizlik_navigation/launch/turtlebot3_nav2_coverage_server.launch.py
-- Installing: /home/ws/install/temizlik_navigation/share/temizlik_navigation/launch/__pycache__
-- Installing: /home/ws/install/temizlik_navigation/share/temizlik_navigation/launch/__pycache__/turtlebot3_gazebo_nav2.launch.cpython-310.pyc
-- Installing: /home/ws/install/temizlik_navigation/share/temizlik_navigation/launch/__pycache__/turtlebot3_nav2_coverage_server.launch.cpython-310.pyc
-- Installing: /home/ws/install/temizlik_navigation/share/temizlik_navigation/launch/__pycache__/turtlebot3_nav2.launch.cpython-310.pyc
-- Installing: /home/ws/install/temizlik_navigation/share/temizlik_navigation/launch/__pycache__/turtlebot3_f2c_nav2.launch.cpython-310.pyc
-- Installing: /home/ws/install/temizlik_navigation/share/temizlik_navigation/launch/turtlebot3_gazebo_nav2.launch.py
-- Installing: /home/ws/install/temizlik_navigation/share/temizlik_navigation/config
-- Installing: /home/ws/install/temizlik_navigation/share/temizlik_navigation/config/f2c_nav2_params.yaml
-- Installing: /home/ws/install/temizlik_navigation/share/temizlik_navigation/config/nav2_coverage_server_params.yaml
-- Installing: /home/ws/install/temizlik_navigation/share/ament_index/resource_index/package_run_dependencies/temizlik_navigation
-- Installing: /home/ws/install/temizlik_navigation/share/ament_index/resource_index/parent_prefix_path/temizlik_navigation
-- Installing: /home/ws/install/temizlik_navigation/share/temizlik_navigation/environment/ament_prefix_path.sh
-- Installing: /home/ws/install/temizlik_navigation/share/temizlik_navigation/environment/ament_prefix_path.dsv
-- Installing: /home/ws/install/temizlik_navigation/share/temizlik_navigation/environment/path.sh
-- Installing: /home/ws/install/temizlik_navigation/share/temizlik_navigation/environment/path.dsv
-- Installing: /home/ws/install/temizlik_navigation/share/temizlik_navigation/local_setup.bash
-- Installing: /home/ws/install/temizlik_navigation/share/temizlik_navigation/local_setup.sh
-- Installing: /home/ws/install/temizlik_navigation/share/temizlik_navigation/local_setup.zsh
-- Installing: /home/ws/install/temizlik_navigation/share/temizlik_navigation/local_setup.dsv
-- Installing: /home/ws/install/temizlik_navigation/share/temizlik_navigation/package.dsv
-- Installing: /home/ws/install/temizlik_navigation/share/ament_index/resource_index/packages/temizlik_navigation
-- Installing: /home/ws/install/temizlik_navigation/share/temizlik_navigation/cmake/temizlik_navigationConfig.cmake
-- Installing: /home/ws/install/temizlik_navigation/share/temizlik_navigation/cmake/temizlik_navigationConfig-version.cmake
-- Installing: /home/ws/install/temizlik_navigation/share/temizlik_navigation/package.xml
