[0.012s] Invoking command in '/home/ws/build/temizlik_navigation': CMAKE_PREFIX_PATH=/home/ws/install/opennav_coverage:/home/ws/install/opennav_coverage_msgs:/home/ws/install/fields2cover:/home/ws/install/opennav_coverage_bt:/opt/ros/jazzy/opt/gz_sim_vendor:/opt/ros/jazzy/opt/gz_sensors_vendor:/opt/ros/jazzy/opt/gz_physics_vendor:/opt/ros/jazzy/opt/sdformat_vendor:/opt/ros/jazzy/opt/gz_gui_vendor:/opt/ros/jazzy/opt/gz_transport_vendor:/opt/ros/jazzy/opt/gz_rendering_vendor:/opt/ros/jazzy/opt/gz_plugin_vendor:/opt/ros/jazzy/opt/gz_fuel_tools_vendor:/opt/ros/jazzy/opt/gz_msgs_vendor:/opt/ros/jazzy/opt/gz_common_vendor:/opt/ros/jazzy/opt/gz_math_vendor:/opt/ros/jazzy/opt/gz_utils_vendor:/opt/ros/jazzy/opt/gz_tools_vendor:/opt/ros/jazzy/opt/gz_ogre_next_vendor:/opt/ros/jazzy/opt/gz_dartsim_vendor:/opt/ros/jazzy/opt/gz_cmake_vendor:/opt/ros/jazzy LD_LIBRARY_PATH=/home/ws/install/opennav_coverage/lib:/home/ws/install/opennav_coverage_msgs/lib:/home/ws/install/fields2cover/lib:/home/ws/install/opennav_coverage_bt/lib:/opt/ros/jazzy/opt/gz_sim_vendor/lib:/opt/ros/jazzy/opt/gz_sensors_vendor/lib:/opt/ros/jazzy/opt/gz_physics_vendor/lib:/opt/ros/jazzy/opt/sdformat_vendor/lib:/opt/ros/jazzy/opt/rviz_ogre_vendor/lib:/opt/ros/jazzy/lib/x86_64-linux-gnu:/opt/ros/jazzy/opt/gz_gui_vendor/lib:/opt/ros/jazzy/opt/gz_transport_vendor/lib:/opt/ros/jazzy/opt/gz_rendering_vendor/lib:/opt/ros/jazzy/opt/gz_plugin_vendor/lib:/opt/ros/jazzy/opt/gz_fuel_tools_vendor/lib:/opt/ros/jazzy/opt/gz_msgs_vendor/lib:/opt/ros/jazzy/opt/gz_common_vendor/lib:/opt/ros/jazzy/opt/gz_math_vendor/lib:/opt/ros/jazzy/opt/gz_utils_vendor/lib:/opt/ros/jazzy/opt/gz_tools_vendor/lib:/opt/ros/jazzy/opt/gz_ogre_next_vendor/lib:/opt/ros/jazzy/opt/gz_dartsim_vendor/lib:/opt/ros/jazzy/opt/gz_cmake_vendor/lib:/opt/ros/jazzy/lib /usr/bin/cmake --build /home/ws/build/temizlik_navigation -- -j12 -l12
[0.073s] [ 25%] [32mBuilding CXX object CMakeFiles/f2c_smoke_test.dir/src/f2c_smoke_test.cpp.o[0m
[0.082s] [ 50%] [32mBuilding CXX object CMakeFiles/f2c_nav2_waypoint_node.dir/src/f2c_nav2_waypoint_node.cpp.o[0m
[0.851s] [ 75%] [32m[1mLinking CXX executable f2c_smoke_test[0m
[1.040s] [ 75%] Built target f2c_smoke_test
[5.006s] [100%] [32m[1mLinking CXX executable f2c_nav2_waypoint_node[0m
[5.359s] [100%] Built target f2c_nav2_waypoint_node
[5.369s] Invoked command in '/home/ws/build/temizlik_navigation' returned '0': CMAKE_PREFIX_PATH=/home/ws/install/opennav_coverage:/home/ws/install/opennav_coverage_msgs:/home/ws/install/fields2cover:/home/ws/install/opennav_coverage_bt:/opt/ros/jazzy/opt/gz_sim_vendor:/opt/ros/jazzy/opt/gz_sensors_vendor:/opt/ros/jazzy/opt/gz_physics_vendor:/opt/ros/jazzy/opt/sdformat_vendor:/opt/ros/jazzy/opt/gz_gui_vendor:/opt/ros/jazzy/opt/gz_transport_vendor:/opt/ros/jazzy/opt/gz_rendering_vendor:/opt/ros/jazzy/opt/gz_plugin_vendor:/opt/ros/jazzy/opt/gz_fuel_tools_vendor:/opt/ros/jazzy/opt/gz_msgs_vendor:/opt/ros/jazzy/opt/gz_common_vendor:/opt/ros/jazzy/opt/gz_math_vendor:/opt/ros/jazzy/opt/gz_utils_vendor:/opt/ros/jazzy/opt/gz_tools_vendor:/opt/ros/jazzy/opt/gz_ogre_next_vendor:/opt/ros/jazzy/opt/gz_dartsim_vendor:/opt/ros/jazzy/opt/gz_cmake_vendor:/opt/ros/jazzy LD_LIBRARY_PATH=/home/ws/install/opennav_coverage/lib:/home/ws/install/opennav_coverage_msgs/lib:/home/ws/install/fields2cover/lib:/home/ws/install/opennav_coverage_bt/lib:/opt/ros/jazzy/opt/gz_sim_vendor/lib:/opt/ros/jazzy/opt/gz_sensors_vendor/lib:/opt/ros/jazzy/opt/gz_physics_vendor/lib:/opt/ros/jazzy/opt/sdformat_vendor/lib:/opt/ros/jazzy/opt/rviz_ogre_vendor/lib:/opt/ros/jazzy/lib/x86_64-linux-gnu:/opt/ros/jazzy/opt/gz_gui_vendor/lib:/opt/ros/jazzy/opt/gz_transport_vendor/lib:/opt/ros/jazzy/opt/gz_rendering_vendor/lib:/opt/ros/jazzy/opt/gz_plugin_vendor/lib:/opt/ros/jazzy/opt/gz_fuel_tools_vendor/lib:/opt/ros/jazzy/opt/gz_msgs_vendor/lib:/opt/ros/jazzy/opt/gz_common_vendor/lib:/opt/ros/jazzy/opt/gz_math_vendor/lib:/opt/ros/jazzy/opt/gz_utils_vendor/lib:/opt/ros/jazzy/opt/gz_tools_vendor/lib:/opt/ros/jazzy/opt/gz_ogre_next_vendor/lib:/opt/ros/jazzy/opt/gz_dartsim_vendor/lib:/opt/ros/jazzy/opt/gz_cmake_vendor/lib:/opt/ros/jazzy/lib /usr/bin/cmake --build /home/ws/build/temizlik_navigation -- -j12 -l12
[5.370s] Invoking command in '/home/ws/build/temizlik_navigation': CMAKE_PREFIX_PATH=/home/ws/install/opennav_coverage:/home/ws/install/opennav_coverage_msgs:/home/ws/install/fields2cover:/home/ws/install/opennav_coverage_bt:/opt/ros/jazzy/opt/gz_sim_vendor:/opt/ros/jazzy/opt/gz_sensors_vendor:/opt/ros/jazzy/opt/gz_physics_vendor:/opt/ros/jazzy/opt/sdformat_vendor:/opt/ros/jazzy/opt/gz_gui_vendor:/opt/ros/jazzy/opt/gz_transport_vendor:/opt/ros/jazzy/opt/gz_rendering_vendor:/opt/ros/jazzy/opt/gz_plugin_vendor:/opt/ros/jazzy/opt/gz_fuel_tools_vendor:/opt/ros/jazzy/opt/gz_msgs_vendor:/opt/ros/jazzy/opt/gz_common_vendor:/opt/ros/jazzy/opt/gz_math_vendor:/opt/ros/jazzy/opt/gz_utils_vendor:/opt/ros/jazzy/opt/gz_tools_vendor:/opt/ros/jazzy/opt/gz_ogre_next_vendor:/opt/ros/jazzy/opt/gz_dartsim_vendor:/opt/ros/jazzy/opt/gz_cmake_vendor:/opt/ros/jazzy LD_LIBRARY_PATH=/home/ws/install/opennav_coverage/lib:/home/ws/install/opennav_coverage_msgs/lib:/home/ws/install/fields2cover/lib:/home/ws/install/opennav_coverage_bt/lib:/opt/ros/jazzy/opt/gz_sim_vendor/lib:/opt/ros/jazzy/opt/gz_sensors_vendor/lib:/opt/ros/jazzy/opt/gz_physics_vendor/lib:/opt/ros/jazzy/opt/sdformat_vendor/lib:/opt/ros/jazzy/opt/rviz_ogre_vendor/lib:/opt/ros/jazzy/lib/x86_64-linux-gnu:/opt/ros/jazzy/opt/gz_gui_vendor/lib:/opt/ros/jazzy/opt/gz_transport_vendor/lib:/opt/ros/jazzy/opt/gz_rendering_vendor/lib:/opt/ros/jazzy/opt/gz_plugin_vendor/lib:/opt/ros/jazzy/opt/gz_fuel_tools_vendor/lib:/opt/ros/jazzy/opt/gz_msgs_vendor/lib:/opt/ros/jazzy/opt/gz_common_vendor/lib:/opt/ros/jazzy/opt/gz_math_vendor/lib:/opt/ros/jazzy/opt/gz_utils_vendor/lib:/opt/ros/jazzy/opt/gz_tools_vendor/lib:/opt/ros/jazzy/opt/gz_ogre_next_vendor/lib:/opt/ros/jazzy/opt/gz_dartsim_vendor/lib:/opt/ros/jazzy/opt/gz_cmake_vendor/lib:/opt/ros/jazzy/lib /usr/bin/cmake --install /home/ws/build/temizlik_navigation
[5.377s] -- Install configuration: ""
[5.377s] -- Installing: /home/ws/install/temizlik_navigation/lib/temizlik_navigation/f2c_smoke_test
[5.378s] -- Set non-toolchain portion of runtime path of "/home/ws/install/temizlik_navigation/lib/temizlik_navigation/f2c_smoke_test" to ""
[5.378s] -- Installing: /home/ws/install/temizlik_navigation/lib/temizlik_navigation/f2c_nav2_waypoint_node
[5.380s] -- Set non-toolchain portion of runtime path of "/home/ws/install/temizlik_navigation/lib/temizlik_navigation/f2c_nav2_waypoint_node" to ""
[5.380s] -- Installing: /home/ws/install/temizlik_navigation/share/temizlik_navigation/launch
[5.380s] -- Installing: /home/ws/install/temizlik_navigation/share/temizlik_navigation/launch/turtlebot3_nav2.launch.py
[5.380s] -- Installing: /home/ws/install/temizlik_navigation/share/temizlik_navigation/launch/turtlebot3_f2c_nav2.launch.py
[5.381s] -- Installing: /home/ws/install/temizlik_navigation/share/temizlik_navigation/launch/turtlebot3_nav2_coverage_server.launch.py
[5.381s] -- Installing: /home/ws/install/temizlik_navigation/share/temizlik_navigation/launch/__pycache__
[5.381s] -- Installing: /home/ws/install/temizlik_navigation/share/temizlik_navigation/launch/__pycache__/turtlebot3_gazebo_nav2.launch.cpython-310.pyc
[5.381s] -- Installing: /home/ws/install/temizlik_navigation/share/temizlik_navigation/launch/__pycache__/turtlebot3_nav2_coverage_server.launch.cpython-310.pyc
[5.381s] -- Installing: /home/ws/install/temizlik_navigation/share/temizlik_navigation/launch/__pycache__/turtlebot3_nav2.launch.cpython-310.pyc
[5.381s] -- Installing: /home/ws/install/temizlik_navigation/share/temizlik_navigation/launch/__pycache__/turtlebot3_f2c_nav2.launch.cpython-310.pyc
[5.381s] -- Installing: /home/ws/install/temizlik_navigation/share/temizlik_navigation/launch/turtlebot3_gazebo_nav2.launch.py
[5.381s] -- Installing: /home/ws/install/temizlik_navigation/share/temizlik_navigation/config
[5.381s] -- Installing: /home/ws/install/temizlik_navigation/share/temizlik_navigation/config/f2c_nav2_params.yaml
[5.381s] -- Installing: /home/ws/install/temizlik_navigation/share/temizlik_navigation/config/nav2_coverage_server_params.yaml
[5.381s] -- Installing: /home/ws/install/temizlik_navigation/share/ament_index/resource_index/package_run_dependencies/temizlik_navigation
[5.381s] -- Installing: /home/ws/install/temizlik_navigation/share/ament_index/resource_index/parent_prefix_path/temizlik_navigation
[5.382s] -- Installing: /home/ws/install/temizlik_navigation/share/temizlik_navigation/environment/ament_prefix_path.sh
[5.382s] -- Installing: /home/ws/install/temizlik_navigation/share/temizlik_navigation/environment/ament_prefix_path.dsv
[5.382s] -- Installing: /home/ws/install/temizlik_navigation/share/temizlik_navigation/environment/path.sh
[5.382s] -- Installing: /home/ws/install/temizlik_navigation/share/temizlik_navigation/environment/path.dsv
[5.382s] -- Installing: /home/ws/install/temizlik_navigation/share/temizlik_navigation/local_setup.bash
[5.382s] -- Installing: /home/ws/install/temizlik_navigation/share/temizlik_navigation/local_setup.sh
[5.382s] -- Installing: /home/ws/install/temizlik_navigation/share/temizlik_navigation/local_setup.zsh
[5.382s] -- Installing: /home/ws/install/temizlik_navigation/share/temizlik_navigation/local_setup.dsv
[5.382s] -- Installing: /home/ws/install/temizlik_navigation/share/temizlik_navigation/package.dsv
[5.382s] -- Installing: /home/ws/install/temizlik_navigation/share/ament_index/resource_index/packages/temizlik_navigation
[5.383s] -- Installing: /home/ws/install/temizlik_navigation/share/temizlik_navigation/cmake/temizlik_navigationConfig.cmake
[5.383s] -- Installing: /home/ws/install/temizlik_navigation/share/temizlik_navigation/cmake/temizlik_navigationConfig-version.cmake
[5.383s] -- Installing: /home/ws/install/temizlik_navigation/share/temizlik_navigation/package.xml
[5.384s] Invoked command in '/home/ws/build/temizlik_navigation' returned '0': CMAKE_PREFIX_PATH=/home/ws/install/opennav_coverage:/home/ws/install/opennav_coverage_msgs:/home/ws/install/fields2cover:/home/ws/install/opennav_coverage_bt:/opt/ros/jazzy/opt/gz_sim_vendor:/opt/ros/jazzy/opt/gz_sensors_vendor:/opt/ros/jazzy/opt/gz_physics_vendor:/opt/ros/jazzy/opt/sdformat_vendor:/opt/ros/jazzy/opt/gz_gui_vendor:/opt/ros/jazzy/opt/gz_transport_vendor:/opt/ros/jazzy/opt/gz_rendering_vendor:/opt/ros/jazzy/opt/gz_plugin_vendor:/opt/ros/jazzy/opt/gz_fuel_tools_vendor:/opt/ros/jazzy/opt/gz_msgs_vendor:/opt/ros/jazzy/opt/gz_common_vendor:/opt/ros/jazzy/opt/gz_math_vendor:/opt/ros/jazzy/opt/gz_utils_vendor:/opt/ros/jazzy/opt/gz_tools_vendor:/opt/ros/jazzy/opt/gz_ogre_next_vendor:/opt/ros/jazzy/opt/gz_dartsim_vendor:/opt/ros/jazzy/opt/gz_cmake_vendor:/opt/ros/jazzy LD_LIBRARY_PATH=/home/ws/install/opennav_coverage/lib:/home/ws/install/opennav_coverage_msgs/lib:/home/ws/install/fields2cover/lib:/home/ws/install/opennav_coverage_bt/lib:/opt/ros/jazzy/opt/gz_sim_vendor/lib:/opt/ros/jazzy/opt/gz_sensors_vendor/lib:/opt/ros/jazzy/opt/gz_physics_vendor/lib:/opt/ros/jazzy/opt/sdformat_vendor/lib:/opt/ros/jazzy/opt/rviz_ogre_vendor/lib:/opt/ros/jazzy/lib/x86_64-linux-gnu:/opt/ros/jazzy/opt/gz_gui_vendor/lib:/opt/ros/jazzy/opt/gz_transport_vendor/lib:/opt/ros/jazzy/opt/gz_rendering_vendor/lib:/opt/ros/jazzy/opt/gz_plugin_vendor/lib:/opt/ros/jazzy/opt/gz_fuel_tools_vendor/lib:/opt/ros/jazzy/opt/gz_msgs_vendor/lib:/opt/ros/jazzy/opt/gz_common_vendor/lib:/opt/ros/jazzy/opt/gz_math_vendor/lib:/opt/ros/jazzy/opt/gz_utils_vendor/lib:/opt/ros/jazzy/opt/gz_tools_vendor/lib:/opt/ros/jazzy/opt/gz_ogre_next_vendor/lib:/opt/ros/jazzy/opt/gz_dartsim_vendor/lib:/opt/ros/jazzy/opt/gz_cmake_vendor/lib:/opt/ros/jazzy/lib /usr/bin/cmake --install /home/ws/build/temizlik_navigation
