[0.013s] Invoking command in '/home/ws/build/opennav_coverage_navigator': CMAKE_PREFIX_PATH=${CMAKE_PREFIX_PATH}:/opt/ros/jazzy /usr/bin/cmake /home/ws/src/opennav_coverage/opennav_coverage_navigator -DCMAKE_INSTALL_PREFIX=/home/ws/install/opennav_coverage_navigator
[0.056s] -- The C compiler identification is GNU 13.3.0
[0.094s] -- The CXX compiler identification is GNU 13.3.0
[0.107s] -- Detecting C compiler ABI info
[0.176s] -- Detecting C compiler ABI info - done
[0.183s] -- Check for working C compiler: /usr/bin/cc - skipped
[0.183s] -- Detecting C compile features
[0.183s] -- Detecting C compile features - done
[0.190s] -- Detecting CXX compiler ABI info
[0.263s] -- Detecting CXX compiler ABI info - done
[0.269s] -- Check for working CXX compiler: /usr/bin/c++ - skipped
[0.270s] -- Detecting CXX compile features
[0.270s] -- Detecting CXX compile features - done
[0.276s] -- Found ament_cmake: 2.5.5 (/opt/ros/jazzy/share/ament_cmake/cmake)
[0.388s] -- Found Python3: /usr/bin/python3 (found version "3.12.3") found components: Interpreter 
[0.502s] -- Found rclcpp: 28.1.16 (/opt/ros/jazzy/share/rclcpp/cmake)
[0.557s] -- Found rosidl_generator_c: 4.6.7 (/opt/ros/jazzy/share/rosidl_generator_c/cmake)
[0.575s] -- Found rosidl_generator_cpp: 4.6.7 (/opt/ros/jazzy/share/rosidl_generator_cpp/cmake)
[0.595s] -- Using all available rosidl_typesupport_c: rosidl_typesupport_fastrtps_c;rosidl_typesupport_introspection_c
[0.617s] -- Using all available rosidl_typesupport_cpp: rosidl_typesupport_fastrtps_cpp;rosidl_typesupport_introspection_cpp
[0.699s] -- Found rmw_implementation_cmake: 7.3.3 (/opt/ros/jazzy/share/rmw_implementation_cmake/cmake)
[0.704s] -- Found rmw_fastrtps_cpp: 8.4.3 (/opt/ros/jazzy/share/rmw_fastrtps_cpp/cmake)
[0.781s] -- Found OpenSSL: /usr/lib/x86_64-linux-gnu/libcrypto.so (found version "3.0.13")  
[0.795s] -- Found FastRTPS: /opt/ros/jazzy/include (Required is at least version "2.13") 
[0.811s] -- Using RMW implementation 'rmw_fastrtps_cpp' as default
[0.881s] -- Found rclcpp_action: 28.1.16 (/opt/ros/jazzy/share/rclcpp_action/cmake)
[0.922s] -- Found std_msgs: 5.3.6 (/opt/ros/jazzy/share/std_msgs/cmake)
[0.935s] -- Found nav2_util: 1.3.10 (/opt/ros/jazzy/share/nav2_util/cmake)
[1.148s] -- Found eigen3_cmake_module: 0.3.0 (/opt/ros/jazzy/share/eigen3_cmake_module/cmake)
[1.149s] -- Found Eigen3: TRUE (found version "3.4.0") 
[1.149s] -- Ensuring Eigen3 include directory is part of orocos-kdl CMake target
[1.238s] -- Found nav2_core: 1.3.10 (/opt/ros/jazzy/share/nav2_core/cmake)
[1.412s] -- Found opennav_coverage_msgs: 0.0.1 (/home/ws/install/opennav_coverage_msgs/share/opennav_coverage_msgs/cmake)
[1.468s] -- Found ament_lint_auto: 0.17.4 (/opt/ros/jazzy/share/ament_lint_auto/cmake)
[1.473s] -- Found ament_cmake_gtest: 2.5.5 (/opt/ros/jazzy/share/ament_cmake_gtest/cmake)
[1.614s] -- Found gtest sources under '/opt/ros/jazzy/src/gtest_vendor': C++ tests using 'Google Test' will be built
[1.616s] -- Performing Test CMAKE_HAVE_LIBC_PTHREAD
[1.692s] -- Performing Test CMAKE_HAVE_LIBC_PTHREAD - Success
[1.693s] -- Found Threads: TRUE  
[1.727s] -- Added test 'copyright' to check source files copyright and LICENSE
[1.728s] -- Added test 'cppcheck' to perform static code analysis on C / C++ code
[1.728s] -- Configured cppcheck include dirs: /home/ws/src/opennav_coverage/opennav_coverage_navigator/include
[1.729s] -- Configured cppcheck exclude dirs and/or files: 
[1.730s] -- Added test 'cpplint' to check C / C++ code against the Google style
[1.730s] -- Configured cpplint exclude dirs and/or files: 
[1.731s] -- Added test 'lint_cmake' to check CMake code style
[1.732s] -- Added test 'uncrustify' to check C / C++ code style
[1.732s] -- Configured uncrustify additional arguments: 
[1.732s] -- Added test 'xmllint' to check XML markup files
[1.735s] -- Configuring done (1.7s)
[1.823s] -- Generating done (0.1s)
[1.832s] -- Build files have been written to: /home/ws/build/opennav_coverage_navigator
[1.847s] Invoked command in '/home/ws/build/opennav_coverage_navigator' returned '0': CMAKE_PREFIX_PATH=${CMAKE_PREFIX_PATH}:/opt/ros/jazzy /usr/bin/cmake /home/ws/src/opennav_coverage/opennav_coverage_navigator -DCMAKE_INSTALL_PREFIX=/home/ws/install/opennav_coverage_navigator
[1.847s] Invoking command in '/home/ws/build/opennav_coverage_navigator': CMAKE_PREFIX_PATH=${CMAKE_PREFIX_PATH}:/opt/ros/jazzy /usr/bin/cmake --build /home/ws/build/opennav_coverage_navigator -- -j12 -l12
[1.923s] [ 12%] [32mBuilding CXX object gtest/CMakeFiles/gtest.dir/src/gtest-all.cc.o[0m
[1.924s] [ 25%] [32mBuilding CXX object gtest/CMakeFiles/gtest_main.dir/src/gtest_main.cc.o[0m
[1.924s] [ 37%] [32mBuilding CXX object CMakeFiles/opennav_coverage_navigator.dir/src/coverage_navigator.cpp.o[0m
[2.583s] [ 50%] [32m[1mLinking CXX static library libgtest_main.a[0m
[2.626s] [ 50%] Built target gtest_main
[4.564s] [ 62%] [32m[1mLinking CXX static library libgtest.a[0m
[4.617s] [ 62%] Built target gtest
[8.646s] [ 75%] [32m[1mLinking CXX shared library libopennav_coverage_navigator.so[0m
[9.016s] [ 75%] Built target opennav_coverage_navigator
[9.036s] [ 87%] [32mBuilding CXX object test/CMakeFiles/test_coverage_navigator.dir/test_coverage_navigator.cpp.o[0m
[18.648s] [100%] [32m[1mLinking CXX executable test_coverage_navigator[0m
[19.333s] [100%] Built target test_coverage_navigator
