-- The C compiler identification is GNU 13.3.0
-- The CXX compiler identification is GNU 13.3.0
-- Detecting C compiler ABI info
-- Detecting C compiler ABI info - done
-- Check for working C compiler: /usr/bin/cc - skipped
-- Detecting C compile features
-- Detecting C compile features - done
-- Detecting CXX compiler ABI info
-- Detecting CXX compiler ABI info - done
-- Check for working CXX compiler: /usr/bin/c++ - skipped
-- Detecting CXX compile features
-- Detecting CXX compile features - done
-- Found ament_cmake: 2.5.5 (/opt/ros/jazzy/share/ament_cmake/cmake)
-- Found Python3: /usr/bin/python3 (found version "3.12.3") found components: Interpreter 
-- Found rclcpp: 28.1.16 (/opt/ros/jazzy/share/rclcpp/cmake)
-- Found rosidl_generator_c: 4.6.7 (/opt/ros/jazzy/share/rosidl_generator_c/cmake)
-- Found rosidl_generator_cpp: 4.6.7 (/opt/ros/jazzy/share/rosidl_generator_cpp/cmake)
-- Using all available rosidl_typesupport_c: rosidl_typesupport_fastrtps_c;rosidl_typesupport_introspection_c
-- Using all available rosidl_typesupport_cpp: rosidl_typesupport_fastrtps_cpp;rosidl_typesupport_introspection_cpp
-- Found rmw_implementation_cmake: 7.3.3 (/opt/ros/jazzy/share/rmw_implementation_cmake/cmake)
-- Found rmw_fastrtps_cpp: 8.4.3 (/opt/ros/jazzy/share/rmw_fastrtps_cpp/cmake)
-- Found OpenSSL: /usr/lib/x86_64-linux-gnu/libcrypto.so (found version "3.0.13")  
-- Found FastRTPS: /opt/ros/jazzy/include (Required is at least version "2.13") 
-- Using RMW implementation 'rmw_fastrtps_cpp' as default
-- Found rclcpp_action: 28.1.16 (/opt/ros/jazzy/share/rclcpp_action/cmake)
-- Found std_msgs: 5.3.6 (/opt/ros/jazzy/share/std_msgs/cmake)
-- Found nav2_util: 1.3.10 (/opt/ros/jazzy/share/nav2_util/cmake)
-- Found eigen3_cmake_module: 0.3.0 (/opt/ros/jazzy/share/eigen3_cmake_module/cmake)
-- Found Eigen3: TRUE (found version "3.4.0") 
-- Ensuring Eigen3 include directory is part of orocos-kdl CMake target
-- Found nav2_core: 1.3.10 (/opt/ros/jazzy/share/nav2_core/cmake)
-- Found opennav_coverage_msgs: 0.0.1 (/home/ws/install/opennav_coverage_msgs/share/opennav_coverage_msgs/cmake)
-- Found ament_lint_auto: 0.17.4 (/opt/ros/jazzy/share/ament_lint_auto/cmake)
-- Found ament_cmake_gtest: 2.5.5 (/opt/ros/jazzy/share/ament_cmake_gtest/cmake)
-- Found gtest sources under '/opt/ros/jazzy/src/gtest_vendor': C++ tests using 'Google Test' will be built
-- Performing Test CMAKE_HAVE_LIBC_PTHREAD
-- Performing Test CMAKE_HAVE_LIBC_PTHREAD - Success
-- Found Threads: TRUE  
-- Added test 'copyright' to check source files copyright and LICENSE
-- Added test 'cppcheck' to perform static code analysis on C / C++ code
-- Configured cppcheck include dirs: /home/ws/src/opennav_coverage/opennav_coverage_bt/include
-- Configured cppcheck exclude dirs and/or files: 
-- Added test 'cpplint' to check C / C++ code against the Google style
-- Configured cpplint exclude dirs and/or files: 
-- Added test 'lint_cmake' to check CMake code style
-- Added test 'uncrustify' to check C / C++ code style
-- Configured uncrustify additional arguments: 
-- Added test 'xmllint' to check XML markup files
-- Configuring done (2.3s)
-- Generating done (0.2s)
-- Build files have been written to: /home/ws/build/opennav_coverage_bt
[ 25%] [32mBuilding CXX object gtest/CMakeFiles/gtest.dir/src/gtest-all.cc.o[0m
[ 25%] [32mBuilding CXX object CMakeFiles/opennav_cancel_complete_coverage_action_bt_node.dir/src/cancel_complete_coverage_path.cpp.o[0m
[ 25%] [32mBuilding CXX object gtest/CMakeFiles/gtest_main.dir/src/gtest_main.cc.o[0m
[ 33%] [32mBuilding CXX object CMakeFiles/opennav_compute_complete_coverage_action_bt_node.dir/src/compute_complete_coverage_path.cpp.o[0m
[ 41%] [32m[1mLinking CXX static library libgtest_main.a[0m
[ 41%] Built target gtest_main
[ 50%] [32m[1mLinking CXX static library libgtest.a[0m
[ 50%] Built target gtest
[ 58%] [32m[1mLinking CXX shared library libopennav_cancel_complete_coverage_action_bt_node.so[0m
[ 58%] Built target opennav_cancel_complete_coverage_action_bt_node
[ 66%] [32mBuilding CXX object test/CMakeFiles/test_cancel_complete_coverage.dir/test_cancel_complete_coverage.cpp.o[0m
[ 75%] [32m[1mLinking CXX shared library libopennav_compute_complete_coverage_action_bt_node.so[0m
[ 75%] Built target opennav_compute_complete_coverage_action_bt_node
[ 83%] [32mBuilding CXX object test/CMakeFiles/test_compute_coverage_path.dir/test_compute_coverage_path.cpp.o[0m
[ 91%] [32m[1mLinking CXX executable test_cancel_complete_coverage[0m
[ 91%] Built target test_cancel_complete_coverage
[100%] [32m[1mLinking CXX executable test_compute_coverage_path[0m
[100%] Built target test_compute_coverage_path
-- Install configuration: ""
-- Installing: /home/ws/install/opennav_coverage_bt/lib/libopennav_compute_complete_coverage_action_bt_node.so
-- Set non-toolchain portion of runtime path of "/home/ws/install/opennav_coverage_bt/lib/libopennav_compute_complete_coverage_action_bt_node.so" to ""
-- Installing: /home/ws/install/opennav_coverage_bt/lib/libopennav_cancel_complete_coverage_action_bt_node.so
-- Set non-toolchain portion of runtime path of "/home/ws/install/opennav_coverage_bt/lib/libopennav_cancel_complete_coverage_action_bt_node.so" to ""
-- Installing: /home/ws/install/opennav_coverage_bt/include/
-- Installing: /home/ws/install/opennav_coverage_bt/include//opennav_coverage_bt
-- Installing: /home/ws/install/opennav_coverage_bt/include//opennav_coverage_bt/compute_complete_coverage_path.hpp
-- Installing: /home/ws/install/opennav_coverage_bt/include//opennav_coverage_bt/utils.hpp
-- Installing: /home/ws/install/opennav_coverage_bt/include//opennav_coverage_bt/cancel_complete_coverage_path.hpp
-- Installing: /home/ws/install/opennav_coverage_bt/share/opennav_coverage_bt/behavior_trees
-- Installing: /home/ws/install/opennav_coverage_bt/share/opennav_coverage_bt/behavior_trees/navigate_w_basic_row_complete_coverage.xml
-- Installing: /home/ws/install/opennav_coverage_bt/share/opennav_coverage_bt/behavior_trees/navigate_w_basic_complete_coverage_nav_to_start.xml
-- Installing: /home/ws/install/opennav_coverage_bt/share/opennav_coverage_bt/behavior_trees/navigate_w_basic_complete_coverage.xml
-- Installing: /home/ws/install/opennav_coverage_bt/share/opennav_coverage_bt/environment/library_path.sh
-- Installing: /home/ws/install/opennav_coverage_bt/share/opennav_coverage_bt/environment/library_path.dsv
-- Installing: /home/ws/install/opennav_coverage_bt/share/ament_index/resource_index/package_run_dependencies/opennav_coverage_bt
-- Installing: /home/ws/install/opennav_coverage_bt/share/ament_index/resource_index/parent_prefix_path/opennav_coverage_bt
-- Installing: /home/ws/install/opennav_coverage_bt/share/opennav_coverage_bt/environment/ament_prefix_path.sh
-- Installing: /home/ws/install/opennav_coverage_bt/share/opennav_coverage_bt/environment/ament_prefix_path.dsv
-- Installing: /home/ws/install/opennav_coverage_bt/share/opennav_coverage_bt/environment/path.sh
-- Installing: /home/ws/install/opennav_coverage_bt/share/opennav_coverage_bt/environment/path.dsv
-- Installing: /home/ws/install/opennav_coverage_bt/share/opennav_coverage_bt/local_setup.bash
-- Installing: /home/ws/install/opennav_coverage_bt/share/opennav_coverage_bt/local_setup.sh
-- Installing: /home/ws/install/opennav_coverage_bt/share/opennav_coverage_bt/local_setup.zsh
-- Installing: /home/ws/install/opennav_coverage_bt/share/opennav_coverage_bt/local_setup.dsv
-- Installing: /home/ws/install/opennav_coverage_bt/share/opennav_coverage_bt/package.dsv
-- Installing: /home/ws/install/opennav_coverage_bt/share/ament_index/resource_index/packages/opennav_coverage_bt
-- Installing: /home/ws/install/opennav_coverage_bt/share/opennav_coverage_bt/cmake/ament_cmake_export_include_directories-extras.cmake
-- Installing: /home/ws/install/opennav_coverage_bt/share/opennav_coverage_bt/cmake/ament_cmake_export_libraries-extras.cmake
-- Installing: /home/ws/install/opennav_coverage_bt/share/opennav_coverage_bt/cmake/ament_cmake_export_dependencies-extras.cmake
-- Installing: /home/ws/install/opennav_coverage_bt/share/opennav_coverage_bt/cmake/opennav_coverage_btConfig.cmake
-- Installing: /home/ws/install/opennav_coverage_bt/share/opennav_coverage_bt/cmake/opennav_coverage_btConfig-version.cmake
-- Installing: /home/ws/install/opennav_coverage_bt/share/opennav_coverage_bt/package.xml
