[0.008s] Invoking command in '/home/ws/build/opennav_coverage_bt': CMAKE_PREFIX_PATH=/home/ws/install/opennav_coverage_msgs:/home/ws/install/opennav_coverage_bt:/home/ws/install/opennav_coverage:/home/ws/install/fields2cover:/home/ws/install/temizlik_navigation:/opt/ros/jazzy/opt/gz_sim_vendor:/opt/ros/jazzy/opt/gz_sensors_vendor:/opt/ros/jazzy/opt/gz_physics_vendor:/opt/ros/jazzy/opt/sdformat_vendor:/opt/ros/jazzy/opt/gz_gui_vendor:/opt/ros/jazzy/opt/gz_transport_vendor:/opt/ros/jazzy/opt/gz_rendering_vendor:/opt/ros/jazzy/opt/gz_plugin_vendor:/opt/ros/jazzy/opt/gz_fuel_tools_vendor:/opt/ros/jazzy/opt/gz_msgs_vendor:/opt/ros/jazzy/opt/gz_common_vendor:/opt/ros/jazzy/opt/gz_math_vendor:/opt/ros/jazzy/opt/gz_utils_vendor:/opt/ros/jazzy/opt/gz_tools_vendor:/opt/ros/jazzy/opt/gz_ogre_next_vendor:/opt/ros/jazzy/opt/gz_dartsim_vendor:/opt/ros/jazzy/opt/gz_cmake_vendor:/opt/ros/jazzy LD_LIBRARY_PATH=/home/ws/install/opennav_coverage_msgs/lib:/home/ws/install/opennav_coverage_bt/lib:/home/ws/install/opennav_coverage/lib:/home/ws/install/fields2cover/lib:/opt/ros/jazzy/opt/gz_sim_vendor/lib:/opt/ros/jazzy/opt/gz_sensors_vendor/lib:/opt/ros/jazzy/opt/gz_physics_vendor/lib:/opt/ros/jazzy/opt/sdformat_vendor/lib:/opt/ros/jazzy/opt/rviz_ogre_vendor/lib:/opt/ros/jazzy/lib/x86_64-linux-gnu:/opt/ros/jazzy/opt/gz_gui_vendor/lib:/opt/ros/jazzy/opt/gz_transport_vendor/lib:/opt/ros/jazzy/opt/gz_rendering_vendor/lib:/opt/ros/jazzy/opt/gz_plugin_vendor/lib:/opt/ros/jazzy/opt/gz_fuel_tools_vendor/lib:/opt/ros/jazzy/opt/gz_msgs_vendor/lib:/opt/ros/jazzy/opt/gz_common_vendor/lib:/opt/ros/jazzy/opt/gz_math_vendor/lib:/opt/ros/jazzy/opt/gz_utils_vendor/lib:/opt/ros/jazzy/opt/gz_tools_vendor/lib:/opt/ros/jazzy/opt/gz_ogre_next_vendor/lib:/opt/ros/jazzy/opt/gz_dartsim_vendor/lib:/opt/ros/jazzy/opt/gz_cmake_vendor/lib:/opt/ros/jazzy/lib /usr/bin/cmake /home/ws/src/opennav_coverage/opennav_coverage_bt -DCMAKE_INSTALL_PREFIX=/home/ws/install/opennav_coverage_bt
[0.051s] -- The C compiler identification is GNU 13.3.0
[0.090s] -- The CXX compiler identification is GNU 13.3.0
[0.103s] -- Detecting C compiler ABI info
[0.177s] -- Detecting C compiler ABI info - done
[0.183s] -- Check for working C compiler: /usr/bin/cc - skipped
[0.183s] -- Detecting C compile features
[0.183s] -- Detecting C compile features - done
[0.191s] -- Detecting CXX compiler ABI info
[0.270s] -- Detecting CXX compiler ABI info - done
[0.276s] -- Check for working CXX compiler: /usr/bin/c++ - skipped
[0.276s] -- Detecting CXX compile features
[0.276s] -- Detecting CXX compile features - done
[0.281s] -- Found ament_cmake: 2.5.5 (/opt/ros/jazzy/share/ament_cmake/cmake)
[0.396s] -- Found Python3: /usr/bin/python3 (found version "3.12.3") found components: Interpreter 
[0.502s] -- Found rclcpp: 28.1.16 (/opt/ros/jazzy/share/rclcpp/cmake)
[0.555s] -- Found rosidl_generator_c: 4.6.7 (/opt/ros/jazzy/share/rosidl_generator_c/cmake)
[0.573s] -- Found rosidl_generator_cpp: 4.6.7 (/opt/ros/jazzy/share/rosidl_generator_cpp/cmake)
[0.592s] -- Using all available rosidl_typesupport_c: rosidl_typesupport_fastrtps_c;rosidl_typesupport_introspection_c
[0.612s] -- Using all available rosidl_typesupport_cpp: rosidl_typesupport_fastrtps_cpp;rosidl_typesupport_introspection_cpp
[0.695s] -- Found rmw_implementation_cmake: 7.3.3 (/opt/ros/jazzy/share/rmw_implementation_cmake/cmake)
[0.698s] -- Found rmw_fastrtps_cpp: 8.4.3 (/opt/ros/jazzy/share/rmw_fastrtps_cpp/cmake)
[0.784s] -- Found OpenSSL: /usr/lib/x86_64-linux-gnu/libcrypto.so (found version "3.0.13")  
[0.799s] -- Found FastRTPS: /opt/ros/jazzy/include (Required is at least version "2.13") 
[0.815s] -- Using RMW implementation 'rmw_fastrtps_cpp' as default
[0.885s] -- Found rclcpp_action: 28.1.16 (/opt/ros/jazzy/share/rclcpp_action/cmake)
[0.926s] -- Found std_msgs: 5.3.6 (/opt/ros/jazzy/share/std_msgs/cmake)
[0.938s] -- Found nav2_util: 1.3.10 (/opt/ros/jazzy/share/nav2_util/cmake)
[1.140s] -- Found eigen3_cmake_module: 0.3.0 (/opt/ros/jazzy/share/eigen3_cmake_module/cmake)
[1.140s] -- Found Eigen3: TRUE (found version "3.4.0") 
[1.140s] -- Ensuring Eigen3 include directory is part of orocos-kdl CMake target
[1.227s] -- Found nav2_core: 1.3.10 (/opt/ros/jazzy/share/nav2_core/cmake)
[1.536s] -- Found opennav_coverage_msgs: 0.0.1 (/home/ws/install/opennav_coverage_msgs/share/opennav_coverage_msgs/cmake)
[1.719s] -- Found ament_lint_auto: 0.17.4 (/opt/ros/jazzy/share/ament_lint_auto/cmake)
[1.727s] -- Found ament_cmake_gtest: 2.5.5 (/opt/ros/jazzy/share/ament_cmake_gtest/cmake)
[1.890s] -- Found gtest sources under '/opt/ros/jazzy/src/gtest_vendor': C++ tests using 'Google Test' will be built
[1.893s] -- Performing Test CMAKE_HAVE_LIBC_PTHREAD
[2.094s] -- Performing Test CMAKE_HAVE_LIBC_PTHREAD - Success
[2.095s] -- Found Threads: TRUE  
[2.269s] -- Added test 'copyright' to check source files copyright and LICENSE
[2.275s] -- Added test 'cppcheck' to perform static code analysis on C / C++ code
[2.275s] -- Configured cppcheck include dirs: /home/ws/src/opennav_coverage/opennav_coverage_bt/include
[2.275s] -- Configured cppcheck exclude dirs and/or files: 
[2.275s] -- Added test 'cpplint' to check C / C++ code against the Google style
[2.275s] -- Configured cpplint exclude dirs and/or files: 
[2.276s] -- Added test 'lint_cmake' to check CMake code style
[2.278s] -- Added test 'uncrustify' to check C / C++ code style
[2.278s] -- Configured uncrustify additional arguments: 
[2.279s] -- Added test 'xmllint' to check XML markup files
[2.291s] -- Configuring done (2.3s)
[2.546s] -- Generating done (0.2s)
[2.558s] -- Build files have been written to: /home/ws/build/opennav_coverage_bt
[2.573s] Invoked command in '/home/ws/build/opennav_coverage_bt' returned '0': CMAKE_PREFIX_PATH=/home/ws/install/opennav_coverage_msgs:/home/ws/install/opennav_coverage_bt:/home/ws/install/opennav_coverage:/home/ws/install/fields2cover:/home/ws/install/temizlik_navigation:/opt/ros/jazzy/opt/gz_sim_vendor:/opt/ros/jazzy/opt/gz_sensors_vendor:/opt/ros/jazzy/opt/gz_physics_vendor:/opt/ros/jazzy/opt/sdformat_vendor:/opt/ros/jazzy/opt/gz_gui_vendor:/opt/ros/jazzy/opt/gz_transport_vendor:/opt/ros/jazzy/opt/gz_rendering_vendor:/opt/ros/jazzy/opt/gz_plugin_vendor:/opt/ros/jazzy/opt/gz_fuel_tools_vendor:/opt/ros/jazzy/opt/gz_msgs_vendor:/opt/ros/jazzy/opt/gz_common_vendor:/opt/ros/jazzy/opt/gz_math_vendor:/opt/ros/jazzy/opt/gz_utils_vendor:/opt/ros/jazzy/opt/gz_tools_vendor:/opt/ros/jazzy/opt/gz_ogre_next_vendor:/opt/ros/jazzy/opt/gz_dartsim_vendor:/opt/ros/jazzy/opt/gz_cmake_vendor:/opt/ros/jazzy LD_LIBRARY_PATH=/home/ws/install/opennav_coverage_msgs/lib:/home/ws/install/opennav_coverage_bt/lib:/home/ws/install/opennav_coverage/lib:/home/ws/install/fields2cover/lib:/opt/ros/jazzy/opt/gz_sim_vendor/lib:/opt/ros/jazzy/opt/gz_sensors_vendor/lib:/opt/ros/jazzy/opt/gz_physics_vendor/lib:/opt/ros/jazzy/opt/sdformat_vendor/lib:/opt/ros/jazzy/opt/rviz_ogre_vendor/lib:/opt/ros/jazzy/lib/x86_64-linux-gnu:/opt/ros/jazzy/opt/gz_gui_vendor/lib:/opt/ros/jazzy/opt/gz_transport_vendor/lib:/opt/ros/jazzy/opt/gz_rendering_vendor/lib:/opt/ros/jazzy/opt/gz_plugin_vendor/lib:/opt/ros/jazzy/opt/gz_fuel_tools_vendor/lib:/opt/ros/jazzy/opt/gz_msgs_vendor/lib:/opt/ros/jazzy/opt/gz_common_vendor/lib:/opt/ros/jazzy/opt/gz_math_vendor/lib:/opt/ros/jazzy/opt/gz_utils_vendor/lib:/opt/ros/jazzy/opt/gz_tools_vendor/lib:/opt/ros/jazzy/opt/gz_ogre_next_vendor/lib:/opt/ros/jazzy/opt/gz_dartsim_vendor/lib:/opt/ros/jazzy/opt/gz_cmake_vendor/lib:/opt/ros/jazzy/lib /usr/bin/cmake /home/ws/src/opennav_coverage/opennav_coverage_bt -DCMAKE_INSTALL_PREFIX=/home/ws/install/opennav_coverage_bt
[2.574s] Invoking command in '/home/ws/build/opennav_coverage_bt': CMAKE_PREFIX_PATH=/home/ws/install/opennav_coverage_msgs:/home/ws/install/opennav_coverage_bt:/home/ws/install/opennav_coverage:/home/ws/install/fields2cover:/home/ws/install/temizlik_navigation:/opt/ros/jazzy/opt/gz_sim_vendor:/opt/ros/jazzy/opt/gz_sensors_vendor:/opt/ros/jazzy/opt/gz_physics_vendor:/opt/ros/jazzy/opt/sdformat_vendor:/opt/ros/jazzy/opt/gz_gui_vendor:/opt/ros/jazzy/opt/gz_transport_vendor:/opt/ros/jazzy/opt/gz_rendering_vendor:/opt/ros/jazzy/opt/gz_plugin_vendor:/opt/ros/jazzy/opt/gz_fuel_tools_vendor:/opt/ros/jazzy/opt/gz_msgs_vendor:/opt/ros/jazzy/opt/gz_common_vendor:/opt/ros/jazzy/opt/gz_math_vendor:/opt/ros/jazzy/opt/gz_utils_vendor:/opt/ros/jazzy/opt/gz_tools_vendor:/opt/ros/jazzy/opt/gz_ogre_next_vendor:/opt/ros/jazzy/opt/gz_dartsim_vendor:/opt/ros/jazzy/opt/gz_cmake_vendor:/opt/ros/jazzy LD_LIBRARY_PATH=/home/ws/install/opennav_coverage_msgs/lib:/home/ws/install/opennav_coverage_bt/lib:/home/ws/install/opennav_coverage/lib:/home/ws/install/fields2cover/lib:/opt/ros/jazzy/opt/gz_sim_vendor/lib:/opt/ros/jazzy/opt/gz_sensors_vendor/lib:/opt/ros/jazzy/opt/gz_physics_vendor/lib:/opt/ros/jazzy/opt/sdformat_vendor/lib:/opt/ros/jazzy/opt/rviz_ogre_vendor/lib:/opt/ros/jazzy/lib/x86_64-linux-gnu:/opt/ros/jazzy/opt/gz_gui_vendor/lib:/opt/ros/jazzy/opt/gz_transport_vendor/lib:/opt/ros/jazzy/opt/gz_rendering_vendor/lib:/opt/ros/jazzy/opt/gz_plugin_vendor/lib:/opt/ros/jazzy/opt/gz_fuel_tools_vendor/lib:/opt/ros/jazzy/opt/gz_msgs_vendor/lib:/opt/ros/jazzy/opt/gz_common_vendor/lib:/opt/ros/jazzy/opt/gz_math_vendor/lib:/opt/ros/jazzy/opt/gz_utils_vendor/lib:/opt/ros/jazzy/opt/gz_tools_vendor/lib:/opt/ros/jazzy/opt/gz_ogre_next_vendor/lib:/opt/ros/jazzy/opt/gz_dartsim_vendor/lib:/opt/ros/jazzy/opt/gz_cmake_vendor/lib:/opt/ros/jazzy/lib /usr/bin/cmake --build /home/ws/build/opennav_coverage_bt -- -j12 -l12
[2.647s] [ 25%] [32mBuilding CXX object gtest/CMakeFiles/gtest.dir/src/gtest-all.cc.o[0m
[2.647s] [ 25%] [32mBuilding CXX object CMakeFiles/opennav_cancel_complete_coverage_action_bt_node.dir/src/cancel_complete_coverage_path.cpp.o[0m
[2.647s] [ 25%] [32mBuilding CXX object gtest/CMakeFiles/gtest_main.dir/src/gtest_main.cc.o[0m
[2.647s] [ 33%] [32mBuilding CXX object CMakeFiles/opennav_compute_complete_coverage_action_bt_node.dir/src/compute_complete_coverage_path.cpp.o[0m
[3.271s] [ 41%] [32m[1mLinking CXX static library libgtest_main.a[0m
[3.382s] [ 41%] Built target gtest_main
[6.838s] [ 50%] [32m[1mLinking CXX static library libgtest.a[0m
[6.950s] [ 50%] Built target gtest
[9.232s] [ 58%] [32m[1mLinking CXX shared library libopennav_cancel_complete_coverage_action_bt_node.so[0m
[9.444s] [ 58%] Built target opennav_cancel_complete_coverage_action_bt_node
[9.466s] [ 66%] [32mBuilding CXX object test/CMakeFiles/test_cancel_complete_coverage.dir/test_cancel_complete_coverage.cpp.o[0m
[10.291s] [ 75%] [32m[1mLinking CXX shared library libopennav_compute_complete_coverage_action_bt_node.so[0m
[10.736s] [ 75%] Built target opennav_compute_complete_coverage_action_bt_node
[10.789s] [ 83%] [32mBuilding CXX object test/CMakeFiles/test_compute_coverage_path.dir/test_compute_coverage_path.cpp.o[0m
[18.151s] [ 91%] [32m[1mLinking CXX executable test_cancel_complete_coverage[0m
[19.154s] [ 91%] Built target test_cancel_complete_coverage
[20.420s] [100%] [32m[1mLinking CXX executable test_compute_coverage_path[0m
[20.905s] [100%] Built target test_compute_coverage_path
[20.920s] Invoked command in '/home/ws/build/opennav_coverage_bt' returned '0': CMAKE_PREFIX_PATH=/home/ws/install/opennav_coverage_msgs:/home/ws/install/opennav_coverage_bt:/home/ws/install/opennav_coverage:/home/ws/install/fields2cover:/home/ws/install/temizlik_navigation:/opt/ros/jazzy/opt/gz_sim_vendor:/opt/ros/jazzy/opt/gz_sensors_vendor:/opt/ros/jazzy/opt/gz_physics_vendor:/opt/ros/jazzy/opt/sdformat_vendor:/opt/ros/jazzy/opt/gz_gui_vendor:/opt/ros/jazzy/opt/gz_transport_vendor:/opt/ros/jazzy/opt/gz_rendering_vendor:/opt/ros/jazzy/opt/gz_plugin_vendor:/opt/ros/jazzy/opt/gz_fuel_tools_vendor:/opt/ros/jazzy/opt/gz_msgs_vendor:/opt/ros/jazzy/opt/gz_common_vendor:/opt/ros/jazzy/opt/gz_math_vendor:/opt/ros/jazzy/opt/gz_utils_vendor:/opt/ros/jazzy/opt/gz_tools_vendor:/opt/ros/jazzy/opt/gz_ogre_next_vendor:/opt/ros/jazzy/opt/gz_dartsim_vendor:/opt/ros/jazzy/opt/gz_cmake_vendor:/opt/ros/jazzy LD_LIBRARY_PATH=/home/ws/install/opennav_coverage_msgs/lib:/home/ws/install/opennav_coverage_bt/lib:/home/ws/install/opennav_coverage/lib:/home/ws/install/fields2cover/lib:/opt/ros/jazzy/opt/gz_sim_vendor/lib:/opt/ros/jazzy/opt/gz_sensors_vendor/lib:/opt/ros/jazzy/opt/gz_physics_vendor/lib:/opt/ros/jazzy/opt/sdformat_vendor/lib:/opt/ros/jazzy/opt/rviz_ogre_vendor/lib:/opt/ros/jazzy/lib/x86_64-linux-gnu:/opt/ros/jazzy/opt/gz_gui_vendor/lib:/opt/ros/jazzy/opt/gz_transport_vendor/lib:/opt/ros/jazzy/opt/gz_rendering_vendor/lib:/opt/ros/jazzy/opt/gz_plugin_vendor/lib:/opt/ros/jazzy/opt/gz_fuel_tools_vendor/lib:/opt/ros/jazzy/opt/gz_msgs_vendor/lib:/opt/ros/jazzy/opt/gz_common_vendor/lib:/opt/ros/jazzy/opt/gz_math_vendor/lib:/opt/ros/jazzy/opt/gz_utils_vendor/lib:/opt/ros/jazzy/opt/gz_tools_vendor/lib:/opt/ros/jazzy/opt/gz_ogre_next_vendor/lib:/opt/ros/jazzy/opt/gz_dartsim_vendor/lib:/opt/ros/jazzy/opt/gz_cmake_vendor/lib:/opt/ros/jazzy/lib /usr/bin/cmake --build /home/ws/build/opennav_coverage_bt -- -j12 -l12
[20.921s] Invoking command in '/home/ws/build/opennav_coverage_bt': CMAKE_PREFIX_PATH=/home/ws/install/opennav_coverage_msgs:/home/ws/install/opennav_coverage_bt:/home/ws/install/opennav_coverage:/home/ws/install/fields2cover:/home/ws/install/temizlik_navigation:/opt/ros/jazzy/opt/gz_sim_vendor:/opt/ros/jazzy/opt/gz_sensors_vendor:/opt/ros/jazzy/opt/gz_physics_vendor:/opt/ros/jazzy/opt/sdformat_vendor:/opt/ros/jazzy/opt/gz_gui_vendor:/opt/ros/jazzy/opt/gz_transport_vendor:/opt/ros/jazzy/opt/gz_rendering_vendor:/opt/ros/jazzy/opt/gz_plugin_vendor:/opt/ros/jazzy/opt/gz_fuel_tools_vendor:/opt/ros/jazzy/opt/gz_msgs_vendor:/opt/ros/jazzy/opt/gz_common_vendor:/opt/ros/jazzy/opt/gz_math_vendor:/opt/ros/jazzy/opt/gz_utils_vendor:/opt/ros/jazzy/opt/gz_tools_vendor:/opt/ros/jazzy/opt/gz_ogre_next_vendor:/opt/ros/jazzy/opt/gz_dartsim_vendor:/opt/ros/jazzy/opt/gz_cmake_vendor:/opt/ros/jazzy LD_LIBRARY_PATH=/home/ws/install/opennav_coverage_msgs/lib:/home/ws/install/opennav_coverage_bt/lib:/home/ws/install/opennav_coverage/lib:/home/ws/install/fields2cover/lib:/opt/ros/jazzy/opt/gz_sim_vendor/lib:/opt/ros/jazzy/opt/gz_sensors_vendor/lib:/opt/ros/jazzy/opt/gz_physics_vendor/lib:/opt/ros/jazzy/opt/sdformat_vendor/lib:/opt/ros/jazzy/opt/rviz_ogre_vendor/lib:/opt/ros/jazzy/lib/x86_64-linux-gnu:/opt/ros/jazzy/opt/gz_gui_vendor/lib:/opt/ros/jazzy/opt/gz_transport_vendor/lib:/opt/ros/jazzy/opt/gz_rendering_vendor/lib:/opt/ros/jazzy/opt/gz_plugin_vendor/lib:/opt/ros/jazzy/opt/gz_fuel_tools_vendor/lib:/opt/ros/jazzy/opt/gz_msgs_vendor/lib:/opt/ros/jazzy/opt/gz_common_vendor/lib:/opt/ros/jazzy/opt/gz_math_vendor/lib:/opt/ros/jazzy/opt/gz_utils_vendor/lib:/opt/ros/jazzy/opt/gz_tools_vendor/lib:/opt/ros/jazzy/opt/gz_ogre_next_vendor/lib:/opt/ros/jazzy/opt/gz_dartsim_vendor/lib:/opt/ros/jazzy/opt/gz_cmake_vendor/lib:/opt/ros/jazzy/lib /usr/bin/cmake --install /home/ws/build/opennav_coverage_bt
[20.928s] -- Install configuration: ""
[20.928s] -- Installing: /home/ws/install/opennav_coverage_bt/lib/libopennav_compute_complete_coverage_action_bt_node.so
[20.931s] -- Set non-toolchain portion of runtime path of "/home/ws/install/opennav_coverage_bt/lib/libopennav_compute_complete_coverage_action_bt_node.so" to ""
[20.931s] -- Installing: /home/ws/install/opennav_coverage_bt/lib/libopennav_cancel_complete_coverage_action_bt_node.so
[20.932s] -- Set non-toolchain portion of runtime path of "/home/ws/install/opennav_coverage_bt/lib/libopennav_cancel_complete_coverage_action_bt_node.so" to ""
[20.932s] -- Installing: /home/ws/install/opennav_coverage_bt/include/
[20.932s] -- Installing: /home/ws/install/opennav_coverage_bt/include//opennav_coverage_bt
[20.932s] -- Installing: /home/ws/install/opennav_coverage_bt/include//opennav_coverage_bt/compute_complete_coverage_path.hpp
[20.932s] -- Installing: /home/ws/install/opennav_coverage_bt/include//opennav_coverage_bt/utils.hpp
[20.932s] -- Installing: /home/ws/install/opennav_coverage_bt/include//opennav_coverage_bt/cancel_complete_coverage_path.hpp
[20.932s] -- Installing: /home/ws/install/opennav_coverage_bt/share/opennav_coverage_bt/behavior_trees
[20.932s] -- Installing: /home/ws/install/opennav_coverage_bt/share/opennav_coverage_bt/behavior_trees/navigate_w_basic_row_complete_coverage.xml
[20.932s] -- Installing: /home/ws/install/opennav_coverage_bt/share/opennav_coverage_bt/behavior_trees/navigate_w_basic_complete_coverage_nav_to_start.xml
[20.932s] -- Installing: /home/ws/install/opennav_coverage_bt/share/opennav_coverage_bt/behavior_trees/navigate_w_basic_complete_coverage.xml
[20.932s] -- Installing: /home/ws/install/opennav_coverage_bt/share/opennav_coverage_bt/environment/library_path.sh
[20.933s] -- Installing: /home/ws/install/opennav_coverage_bt/share/opennav_coverage_bt/environment/library_path.dsv
[20.933s] -- Installing: /home/ws/install/opennav_coverage_bt/share/ament_index/resource_index/package_run_dependencies/opennav_coverage_bt
[20.933s] -- Installing: /home/ws/install/opennav_coverage_bt/share/ament_index/resource_index/parent_prefix_path/opennav_coverage_bt
[20.933s] -- Installing: /home/ws/install/opennav_coverage_bt/share/opennav_coverage_bt/environment/ament_prefix_path.sh
[20.933s] -- Installing: /home/ws/install/opennav_coverage_bt/share/opennav_coverage_bt/environment/ament_prefix_path.dsv
[20.933s] -- Installing: /home/ws/install/opennav_coverage_bt/share/opennav_coverage_bt/environment/path.sh
[20.933s] -- Installing: /home/ws/install/opennav_coverage_bt/share/opennav_coverage_bt/environment/path.dsv
[20.933s] -- Installing: /home/ws/install/opennav_coverage_bt/share/opennav_coverage_bt/local_setup.bash
[20.934s] -- Installing: /home/ws/install/opennav_coverage_bt/share/opennav_coverage_bt/local_setup.sh
[20.934s] -- Installing: /home/ws/install/opennav_coverage_bt/share/opennav_coverage_bt/local_setup.zsh
[20.934s] -- Installing: /home/ws/install/opennav_coverage_bt/share/opennav_coverage_bt/local_setup.dsv
[20.934s] -- Installing: /home/ws/install/opennav_coverage_bt/share/opennav_coverage_bt/package.dsv
[20.934s] -- Installing: /home/ws/install/opennav_coverage_bt/share/ament_index/resource_index/packages/opennav_coverage_bt
[20.934s] -- Installing: /home/ws/install/opennav_coverage_bt/share/opennav_coverage_bt/cmake/ament_cmake_export_include_directories-extras.cmake
[20.934s] -- Installing: /home/ws/install/opennav_coverage_bt/share/opennav_coverage_bt/cmake/ament_cmake_export_libraries-extras.cmake
[20.934s] -- Installing: /home/ws/install/opennav_coverage_bt/share/opennav_coverage_bt/cmake/ament_cmake_export_dependencies-extras.cmake
[20.934s] -- Installing: /home/ws/install/opennav_coverage_bt/share/opennav_coverage_bt/cmake/opennav_coverage_btConfig.cmake
[20.934s] -- Installing: /home/ws/install/opennav_coverage_bt/share/opennav_coverage_bt/cmake/opennav_coverage_btConfig-version.cmake
[20.934s] -- Installing: /home/ws/install/opennav_coverage_bt/share/opennav_coverage_bt/package.xml
[20.936s] Invoked command in '/home/ws/build/opennav_coverage_bt' returned '0': CMAKE_PREFIX_PATH=/home/ws/install/opennav_coverage_msgs:/home/ws/install/opennav_coverage_bt:/home/ws/install/opennav_coverage:/home/ws/install/fields2cover:/home/ws/install/temizlik_navigation:/opt/ros/jazzy/opt/gz_sim_vendor:/opt/ros/jazzy/opt/gz_sensors_vendor:/opt/ros/jazzy/opt/gz_physics_vendor:/opt/ros/jazzy/opt/sdformat_vendor:/opt/ros/jazzy/opt/gz_gui_vendor:/opt/ros/jazzy/opt/gz_transport_vendor:/opt/ros/jazzy/opt/gz_rendering_vendor:/opt/ros/jazzy/opt/gz_plugin_vendor:/opt/ros/jazzy/opt/gz_fuel_tools_vendor:/opt/ros/jazzy/opt/gz_msgs_vendor:/opt/ros/jazzy/opt/gz_common_vendor:/opt/ros/jazzy/opt/gz_math_vendor:/opt/ros/jazzy/opt/gz_utils_vendor:/opt/ros/jazzy/opt/gz_tools_vendor:/opt/ros/jazzy/opt/gz_ogre_next_vendor:/opt/ros/jazzy/opt/gz_dartsim_vendor:/opt/ros/jazzy/opt/gz_cmake_vendor:/opt/ros/jazzy LD_LIBRARY_PATH=/home/ws/install/opennav_coverage_msgs/lib:/home/ws/install/opennav_coverage_bt/lib:/home/ws/install/opennav_coverage/lib:/home/ws/install/fields2cover/lib:/opt/ros/jazzy/opt/gz_sim_vendor/lib:/opt/ros/jazzy/opt/gz_sensors_vendor/lib:/opt/ros/jazzy/opt/gz_physics_vendor/lib:/opt/ros/jazzy/opt/sdformat_vendor/lib:/opt/ros/jazzy/opt/rviz_ogre_vendor/lib:/opt/ros/jazzy/lib/x86_64-linux-gnu:/opt/ros/jazzy/opt/gz_gui_vendor/lib:/opt/ros/jazzy/opt/gz_transport_vendor/lib:/opt/ros/jazzy/opt/gz_rendering_vendor/lib:/opt/ros/jazzy/opt/gz_plugin_vendor/lib:/opt/ros/jazzy/opt/gz_fuel_tools_vendor/lib:/opt/ros/jazzy/opt/gz_msgs_vendor/lib:/opt/ros/jazzy/opt/gz_common_vendor/lib:/opt/ros/jazzy/opt/gz_math_vendor/lib:/opt/ros/jazzy/opt/gz_utils_vendor/lib:/opt/ros/jazzy/opt/gz_tools_vendor/lib:/opt/ros/jazzy/opt/gz_ogre_next_vendor/lib:/opt/ros/jazzy/opt/gz_dartsim_vendor/lib:/opt/ros/jazzy/opt/gz_cmake_vendor/lib:/opt/ros/jazzy/lib /usr/bin/cmake --install /home/ws/build/opennav_coverage_bt
