-- The C compiler identification is GNU 13.3.0
-- The CXX compiler identification is GNU 13.3.0
-- Detecting C compiler ABI info
-- Detecting C compiler ABI info - done
-- Check for working C compiler: /usr/bin/cc - skipped
-- Detecting C compile features
-- Detecting C compile features - done
-- Detecting CXX compiler ABI info
-- Detecting CXX compiler ABI info - done
-- Check for working CXX compiler: /usr/bin/c++ - skipped
-- Detecting CXX compile features
-- Detecting CXX compile features - done
-- Found ament_cmake: 2.5.5 (/opt/ros/jazzy/share/ament_cmake/cmake)
-- Found Python3: /usr/bin/python3 (found version "3.12.3") found components: Interpreter 
-- Found builtin_interfaces: 2.0.3 (/opt/ros/jazzy/share/builtin_interfaces/cmake)
-- Found rosidl_generator_c: 4.6.7 (/opt/ros/jazzy/share/rosidl_generator_c/cmake)
-- Found rosidl_generator_cpp: 4.6.7 (/opt/ros/jazzy/share/rosidl_generator_cpp/cmake)
-- Using all available rosidl_typesupport_c: rosidl_typesupport_fastrtps_c;rosidl_typesupport_introspection_c
-- Using all available rosidl_typesupport_cpp: rosidl_typesupport_fastrtps_cpp;rosidl_typesupport_introspection_cpp
-- Found nav_msgs: 5.3.6 (/opt/ros/jazzy/share/nav_msgs/cmake)
-- Found rosidl_default_generators: 1.6.0 (/opt/ros/jazzy/share/rosidl_default_generators/cmake)
-- Found rosidl_adapter: 4.6.7 (/opt/ros/jazzy/share/rosidl_adapter/cmake)
-- Found action_msgs: 2.0.3 (/opt/ros/jazzy/share/action_msgs/cmake)
-- Found ament_cmake_ros: 0.12.0 (/opt/ros/jazzy/share/ament_cmake_ros/cmake)
-- Using all available rosidl_typesupport_c: rosidl_typesupport_fastrtps_c;rosidl_typesupport_introspection_c
-- Using all available rosidl_typesupport_cpp: rosidl_typesupport_fastrtps_cpp;rosidl_typesupport_introspection_cpp
-- Found python_cmake_module: 0.11.1 (/opt/ros/jazzy/share/python_cmake_module/cmake)
-- Found PythonExtra: /usr/bin/python3  
-- Found Python3: /usr/bin/python3 (found version "3.12.3") found components: Interpreter Development NumPy Development.Module Development.Embed 
-- Configuring done (2.4s)
-- Generating done (0.0s)
-- Build files have been written to: /home/ws/build/opennav_coverage_msgs
[  1%] [34m[1mGenerating type hashes for ROS interfaces[0m
[  1%] Built target ament_cmake_python_copy_opennav_coverage_msgs
running egg_info
creating opennav_coverage_msgs.egg-info
writing opennav_coverage_msgs.egg-info/PKG-INFO
writing dependency_links to opennav_coverage_msgs.egg-info/dependency_links.txt
writing top-level names to opennav_coverage_msgs.egg-info/top_level.txt
writing manifest file 'opennav_coverage_msgs.egg-info/SOURCES.txt'
reading manifest file 'opennav_coverage_msgs.egg-info/SOURCES.txt'
writing manifest file 'opennav_coverage_msgs.egg-info/SOURCES.txt'
[  1%] Built target ament_cmake_python_build_opennav_coverage_msgs_egg
[  1%] Built target opennav_coverage_msgs__rosidl_generator_type_description
[  2%] [34m[1mGenerating C code for ROS interfaces[0m
[  2%] [34m[1mGenerating C++ code for ROS interfaces[0m
[  2%] Built target opennav_coverage_msgs__cpp
[  2%] [32mBuilding C object CMakeFiles/opennav_coverage_msgs__rosidl_generator_c.dir/rosidl_generator_c/opennav_coverage_msgs/msg/detail/coordinate__description.c.o[0m
[  3%] [32mBuilding C object CMakeFiles/opennav_coverage_msgs__rosidl_generator_c.dir/rosidl_generator_c/opennav_coverage_msgs/msg/detail/coordinate__type_support.c.o[0m
[  4%] [32mBuilding C object CMakeFiles/opennav_coverage_msgs__rosidl_generator_c.dir/rosidl_generator_c/opennav_coverage_msgs/msg/detail/headland_mode__description.c.o[0m
[  5%] [32mBuilding C object CMakeFiles/opennav_coverage_msgs__rosidl_generator_c.dir/rosidl_generator_c/opennav_coverage_msgs/msg/detail/coordinates__type_support.c.o[0m
[  6%] [32mBuilding C object CMakeFiles/opennav_coverage_msgs__rosidl_generator_c.dir/rosidl_generator_c/opennav_coverage_msgs/msg/detail/coordinate__functions.c.o[0m
[  7%] [32mBuilding C object CMakeFiles/opennav_coverage_msgs__rosidl_generator_c.dir/rosidl_generator_c/opennav_coverage_msgs/msg/detail/swath_mode__description.c.o[0m
[  7%] [32mBuilding C object CMakeFiles/opennav_coverage_msgs__rosidl_generator_c.dir/rosidl_generator_c/opennav_coverage_msgs/msg/detail/headland_mode__type_support.c.o[0m
[  8%] [32mBuilding C object CMakeFiles/opennav_coverage_msgs__rosidl_generator_c.dir/rosidl_generator_c/opennav_coverage_msgs/msg/detail/coordinates__functions.c.o[0m
[  8%] [32mBuilding C object CMakeFiles/opennav_coverage_msgs__rosidl_generator_c.dir/rosidl_generator_c/opennav_coverage_msgs/msg/detail/headland_mode__functions.c.o[0m
[ 10%] [32mBuilding C object CMakeFiles/opennav_coverage_msgs__rosidl_generator_c.dir/rosidl_generator_c/opennav_coverage_msgs/msg/detail/coordinates__description.c.o[0m
[ 10%] [32mBuilding C object CMakeFiles/opennav_coverage_msgs__rosidl_generator_c.dir/rosidl_generator_c/opennav_coverage_msgs/msg/detail/swath_mode__functions.c.o[0m
[ 11%] [32mBuilding C object CMakeFiles/opennav_coverage_msgs__rosidl_generator_c.dir/rosidl_generator_c/opennav_coverage_msgs/msg/detail/swath_mode__type_support.c.o[0m
[ 12%] [32mBuilding C object CMakeFiles/opennav_coverage_msgs__rosidl_generator_c.dir/rosidl_generator_c/opennav_coverage_msgs/msg/detail/row_swath_mode__functions.c.o[0m
[ 12%] [32mBuilding C object CMakeFiles/opennav_coverage_msgs__rosidl_generator_c.dir/rosidl_generator_c/opennav_coverage_msgs/msg/detail/row_swath_mode__description.c.o[0m
[ 13%] [32mBuilding C object CMakeFiles/opennav_coverage_msgs__rosidl_generator_c.dir/rosidl_generator_c/opennav_coverage_msgs/msg/detail/row_swath_mode__type_support.c.o[0m
[ 14%] [32mBuilding C object CMakeFiles/opennav_coverage_msgs__rosidl_generator_c.dir/rosidl_generator_c/opennav_coverage_msgs/msg/detail/route_mode__description.c.o[0m
[ 14%] [32mBuilding C object CMakeFiles/opennav_coverage_msgs__rosidl_generator_c.dir/rosidl_generator_c/opennav_coverage_msgs/msg/detail/route_mode__functions.c.o[0m
[ 15%] [32mBuilding C object CMakeFiles/opennav_coverage_msgs__rosidl_generator_c.dir/rosidl_generator_c/opennav_coverage_msgs/msg/detail/route_mode__type_support.c.o[0m
[ 16%] [32mBuilding C object CMakeFiles/opennav_coverage_msgs__rosidl_generator_c.dir/rosidl_generator_c/opennav_coverage_msgs/msg/detail/path_mode__description.c.o[0m
[ 17%] [32mBuilding C object CMakeFiles/opennav_coverage_msgs__rosidl_generator_c.dir/rosidl_generator_c/opennav_coverage_msgs/msg/detail/path_mode__functions.c.o[0m
[ 17%] [32mBuilding C object CMakeFiles/opennav_coverage_msgs__rosidl_generator_c.dir/rosidl_generator_c/opennav_coverage_msgs/msg/detail/path_mode__type_support.c.o[0m
[ 18%] [32mBuilding C object CMakeFiles/opennav_coverage_msgs__rosidl_generator_c.dir/rosidl_generator_c/opennav_coverage_msgs/msg/detail/swath__description.c.o[0m
[ 19%] [32mBuilding C object CMakeFiles/opennav_coverage_msgs__rosidl_generator_c.dir/rosidl_generator_c/opennav_coverage_msgs/msg/detail/swath__functions.c.o[0m
[ 20%] [32mBuilding C object CMakeFiles/opennav_coverage_msgs__rosidl_generator_c.dir/rosidl_generator_c/opennav_coverage_msgs/msg/detail/swath__type_support.c.o[0m
[ 20%] [32mBuilding C object CMakeFiles/opennav_coverage_msgs__rosidl_generator_c.dir/rosidl_generator_c/opennav_coverage_msgs/msg/detail/path_components__description.c.o[0m
[ 21%] [32mBuilding C object CMakeFiles/opennav_coverage_msgs__rosidl_generator_c.dir/rosidl_generator_c/opennav_coverage_msgs/msg/detail/path_components__type_support.c.o[0m
[ 22%] [32mBuilding C object CMakeFiles/opennav_coverage_msgs__rosidl_generator_c.dir/rosidl_generator_c/opennav_coverage_msgs/msg/detail/path_components__functions.c.o[0m
[ 23%] [32mBuilding C object CMakeFiles/opennav_coverage_msgs__rosidl_generator_c.dir/rosidl_generator_c/opennav_coverage_msgs/action/detail/compute_coverage_path__description.c.o[0m
[ 23%] [32mBuilding C object CMakeFiles/opennav_coverage_msgs__rosidl_generator_c.dir/rosidl_generator_c/opennav_coverage_msgs/action/detail/compute_coverage_path__functions.c.o[0m
[ 26%] [32mBuilding C object CMakeFiles/opennav_coverage_msgs__rosidl_generator_c.dir/rosidl_generator_c/opennav_coverage_msgs/action/detail/navigate_complete_coverage__functions.c.o[0m
[ 26%] [32mBuilding C object CMakeFiles/opennav_coverage_msgs__rosidl_generator_c.dir/rosidl_generator_c/opennav_coverage_msgs/action/detail/navigate_complete_coverage__type_support.c.o[0m
[ 26%] [32mBuilding C object CMakeFiles/opennav_coverage_msgs__rosidl_generator_c.dir/rosidl_generator_c/opennav_coverage_msgs/action/detail/navigate_complete_coverage__description.c.o[0m
[ 26%] [32mBuilding C object CMakeFiles/opennav_coverage_msgs__rosidl_generator_c.dir/rosidl_generator_c/opennav_coverage_msgs/action/detail/compute_coverage_path__type_support.c.o[0m
[ 27%] [32m[1mLinking C shared library libopennav_coverage_msgs__rosidl_generator_c.so[0m
[ 27%] Built target opennav_coverage_msgs__rosidl_generator_c
[ 30%] [34m[1mGenerating C type support dispatch for ROS interfaces[0m
[ 30%] [34m[1mGenerating C introspection for ROS interfaces[0m
[ 30%] [34m[1mGenerating C++ type support for eProsima Fast-RTPS[0m
[ 30%] [34m[1mGenerating C++ type support dispatch for ROS interfaces[0m
[ 30%] [34m[1mGenerating C type support for eProsima Fast-RTPS[0m
[ 31%] [34m[1mGenerating C++ introspection for ROS interfaces[0m
[ 32%] [32mBuilding CXX object CMakeFiles/opennav_coverage_msgs__rosidl_typesupport_c.dir/rosidl_typesupport_c/opennav_coverage_msgs/msg/coordinate__type_support.cpp.o[0m
[ 32%] [32mBuilding CXX object CMakeFiles/opennav_coverage_msgs__rosidl_typesupport_c.dir/rosidl_typesupport_c/opennav_coverage_msgs/msg/headland_mode__type_support.cpp.o[0m
[ 33%] [32mBuilding CXX object CMakeFiles/opennav_coverage_msgs__rosidl_typesupport_c.dir/rosidl_typesupport_c/opennav_coverage_msgs/msg/coordinates__type_support.cpp.o[0m
[ 33%] [32mBuilding CXX object CMakeFiles/opennav_coverage_msgs__rosidl_typesupport_c.dir/rosidl_typesupport_c/opennav_coverage_msgs/msg/row_swath_mode__type_support.cpp.o[0m
[ 34%] [32mBuilding CXX object CMakeFiles/opennav_coverage_msgs__rosidl_typesupport_c.dir/rosidl_typesupport_c/opennav_coverage_msgs/msg/route_mode__type_support.cpp.o[0m
[ 35%] [32mBuilding CXX object CMakeFiles/opennav_coverage_msgs__rosidl_typesupport_c.dir/rosidl_typesupport_c/opennav_coverage_msgs/msg/path_mode__type_support.cpp.o[0m
[ 36%] [32mBuilding CXX object CMakeFiles/opennav_coverage_msgs__rosidl_typesupport_c.dir/rosidl_typesupport_c/opennav_coverage_msgs/msg/swath_mode__type_support.cpp.o[0m
[ 37%] [32mBuilding CXX object CMakeFiles/opennav_coverage_msgs__rosidl_typesupport_cpp.dir/rosidl_typesupport_cpp/opennav_coverage_msgs/msg/coordinate__type_support.cpp.o[0m
[ 39%] [32mBuilding CXX object CMakeFiles/opennav_coverage_msgs__rosidl_typesupport_c.dir/rosidl_typesupport_c/opennav_coverage_msgs/msg/swath__type_support.cpp.o[0m
[ 39%] [32mBuilding CXX object CMakeFiles/opennav_coverage_msgs__rosidl_typesupport_cpp.dir/rosidl_typesupport_cpp/opennav_coverage_msgs/msg/coordinates__type_support.cpp.o[0m
[ 40%] [32mBuilding CXX object CMakeFiles/opennav_coverage_msgs__rosidl_typesupport_cpp.dir/rosidl_typesupport_cpp/opennav_coverage_msgs/msg/headland_mode__type_support.cpp.o[0m
[ 41%] [32mBuilding CXX object CMakeFiles/opennav_coverage_msgs__rosidl_typesupport_c.dir/rosidl_typesupport_c/opennav_coverage_msgs/action/compute_coverage_path__type_support.cpp.o[0m
[ 41%] [32mBuilding CXX object CMakeFiles/opennav_coverage_msgs__rosidl_typesupport_c.dir/rosidl_typesupport_c/opennav_coverage_msgs/msg/path_components__type_support.cpp.o[0m
[ 42%] [32mBuilding CXX object CMakeFiles/opennav_coverage_msgs__rosidl_typesupport_c.dir/rosidl_typesupport_c/opennav_coverage_msgs/action/navigate_complete_coverage__type_support.cpp.o[0m
[ 42%] [32mBuilding CXX object CMakeFiles/opennav_coverage_msgs__rosidl_typesupport_cpp.dir/rosidl_typesupport_cpp/opennav_coverage_msgs/msg/swath_mode__type_support.cpp.o[0m
[ 43%] [32mBuilding CXX object CMakeFiles/opennav_coverage_msgs__rosidl_typesupport_cpp.dir/rosidl_typesupport_cpp/opennav_coverage_msgs/msg/row_swath_mode__type_support.cpp.o[0m
[ 44%] [32mBuilding CXX object CMakeFiles/opennav_coverage_msgs__rosidl_typesupport_cpp.dir/rosidl_typesupport_cpp/opennav_coverage_msgs/msg/route_mode__type_support.cpp.o[0m
[ 45%] [32m[1mLinking CXX shared library libopennav_coverage_msgs__rosidl_typesupport_c.so[0m
[ 45%] [32mBuilding CXX object CMakeFiles/opennav_coverage_msgs__rosidl_typesupport_cpp.dir/rosidl_typesupport_cpp/opennav_coverage_msgs/msg/path_mode__type_support.cpp.o[0m
[ 45%] Built target opennav_coverage_msgs__rosidl_typesupport_c
[ 46%] [32mBuilding CXX object CMakeFiles/opennav_coverage_msgs__rosidl_typesupport_cpp.dir/rosidl_typesupport_cpp/opennav_coverage_msgs/msg/swath__type_support.cpp.o[0m
[ 47%] [32mBuilding CXX object CMakeFiles/opennav_coverage_msgs__rosidl_typesupport_cpp.dir/rosidl_typesupport_cpp/opennav_coverage_msgs/msg/path_components__type_support.cpp.o[0m
[ 48%] [32mBuilding CXX object CMakeFiles/opennav_coverage_msgs__rosidl_typesupport_cpp.dir/rosidl_typesupport_cpp/opennav_coverage_msgs/action/compute_coverage_path__type_support.cpp.o[0m
[ 49%] [32mBuilding CXX object CMakeFiles/opennav_coverage_msgs__rosidl_typesupport_introspection_cpp.dir/rosidl_typesupport_introspection_cpp/opennav_coverage_msgs/msg/detail/coordinate__type_support.cpp.o[0m
[ 50%] [32mBuilding CXX object CMakeFiles/opennav_coverage_msgs__rosidl_typesupport_cpp.dir/rosidl_typesupport_cpp/opennav_coverage_msgs/action/navigate_complete_coverage__type_support.cpp.o[0m
[ 50%] [32mBuilding CXX object CMakeFiles/opennav_coverage_msgs__rosidl_typesupport_introspection_cpp.dir/rosidl_typesupport_introspection_cpp/opennav_coverage_msgs/msg/detail/coordinates__type_support.cpp.o[0m
[ 51%] [32mBuilding CXX object CMakeFiles/opennav_coverage_msgs__rosidl_typesupport_introspection_cpp.dir/rosidl_typesupport_introspection_cpp/opennav_coverage_msgs/msg/detail/swath_mode__type_support.cpp.o[0m
[ 51%] [32mBuilding CXX object CMakeFiles/opennav_coverage_msgs__rosidl_typesupport_introspection_cpp.dir/rosidl_typesupport_introspection_cpp/opennav_coverage_msgs/msg/detail/headland_mode__type_support.cpp.o[0m
[ 52%] [32mBuilding C object CMakeFiles/opennav_coverage_msgs__rosidl_typesupport_introspection_c.dir/rosidl_typesupport_introspection_c/opennav_coverage_msgs/msg/detail/coordinate__type_support.c.o[0m
[ 53%] [32mBuilding C object CMakeFiles/opennav_coverage_msgs__rosidl_typesupport_introspection_c.dir/rosidl_typesupport_introspection_c/opennav_coverage_msgs/msg/detail/coordinates__type_support.c.o[0m
[ 54%] [32mBuilding CXX object CMakeFiles/opennav_coverage_msgs__rosidl_typesupport_introspection_cpp.dir/rosidl_typesupport_introspection_cpp/opennav_coverage_msgs/msg/detail/row_swath_mode__type_support.cpp.o[0m
[ 55%] [32mBuilding C object CMakeFiles/opennav_coverage_msgs__rosidl_typesupport_introspection_c.dir/rosidl_typesupport_introspection_c/opennav_coverage_msgs/msg/detail/headland_mode__type_support.c.o[0m
[ 55%] [32mBuilding C object CMakeFiles/opennav_coverage_msgs__rosidl_typesupport_introspection_c.dir/rosidl_typesupport_introspection_c/opennav_coverage_msgs/msg/detail/swath_mode__type_support.c.o[0m
[ 56%] [32mBuilding CXX object CMakeFiles/opennav_coverage_msgs__rosidl_typesupport_introspection_cpp.dir/rosidl_typesupport_introspection_cpp/opennav_coverage_msgs/msg/detail/route_mode__type_support.cpp.o[0m
[ 57%] [32mBuilding C object CMakeFiles/opennav_coverage_msgs__rosidl_typesupport_introspection_c.dir/rosidl_typesupport_introspection_c/opennav_coverage_msgs/msg/detail/row_swath_mode__type_support.c.o[0m
[ 58%] [32mBuilding C object CMakeFiles/opennav_coverage_msgs__rosidl_typesupport_introspection_c.dir/rosidl_typesupport_introspection_c/opennav_coverage_msgs/msg/detail/path_mode__type_support.c.o[0m
[ 59%] [32mBuilding C object CMakeFiles/opennav_coverage_msgs__rosidl_typesupport_introspection_c.dir/rosidl_typesupport_introspection_c/opennav_coverage_msgs/msg/detail/route_mode__type_support.c.o[0m
[ 59%] [32mBuilding C object CMakeFiles/opennav_coverage_msgs__rosidl_typesupport_introspection_c.dir/rosidl_typesupport_introspection_c/opennav_coverage_msgs/msg/detail/swath__type_support.c.o[0m
[ 59%] [32mBuilding CXX object CMakeFiles/opennav_coverage_msgs__rosidl_typesupport_introspection_cpp.dir/rosidl_typesupport_introspection_cpp/opennav_coverage_msgs/msg/detail/path_mode__type_support.cpp.o[0m
[ 60%] [32mBuilding CXX object CMakeFiles/opennav_coverage_msgs__rosidl_typesupport_introspection_cpp.dir/rosidl_typesupport_introspection_cpp/opennav_coverage_msgs/msg/detail/swath__type_support.cpp.o[0m
[ 62%] [32mBuilding C object CMakeFiles/opennav_coverage_msgs__rosidl_typesupport_introspection_c.dir/rosidl_typesupport_introspection_c/opennav_coverage_msgs/msg/detail/path_components__type_support.c.o[0m
[ 62%] [32mBuilding CXX object CMakeFiles/opennav_coverage_msgs__rosidl_typesupport_introspection_cpp.dir/rosidl_typesupport_introspection_cpp/opennav_coverage_msgs/msg/detail/path_components__type_support.cpp.o[0m
[ 63%] [32mBuilding CXX object CMakeFiles/opennav_coverage_msgs__rosidl_typesupport_introspection_cpp.dir/rosidl_typesupport_introspection_cpp/opennav_coverage_msgs/action/detail/compute_coverage_path__type_support.cpp.o[0m
[ 64%] [32mBuilding C object CMakeFiles/opennav_coverage_msgs__rosidl_typesupport_introspection_c.dir/rosidl_typesupport_introspection_c/opennav_coverage_msgs/action/detail/compute_coverage_path__type_support.c.o[0m
[ 65%] [32mBuilding C object CMakeFiles/opennav_coverage_msgs__rosidl_typesupport_introspection_c.dir/rosidl_typesupport_introspection_c/opennav_coverage_msgs/action/detail/navigate_complete_coverage__type_support.c.o[0m
[ 65%] [32mBuilding CXX object CMakeFiles/opennav_coverage_msgs__rosidl_typesupport_introspection_cpp.dir/rosidl_typesupport_introspection_cpp/opennav_coverage_msgs/action/detail/navigate_complete_coverage__type_support.cpp.o[0m
[ 65%] [32mBuilding CXX object CMakeFiles/opennav_coverage_msgs__rosidl_typesupport_fastrtps_cpp.dir/rosidl_typesupport_fastrtps_cpp/opennav_coverage_msgs/msg/detail/dds_fastrtps/coordinate__type_support.cpp.o[0m
[ 66%] [32mBuilding CXX object CMakeFiles/opennav_coverage_msgs__rosidl_typesupport_fastrtps_cpp.dir/rosidl_typesupport_fastrtps_cpp/opennav_coverage_msgs/msg/detail/dds_fastrtps/coordinates__type_support.cpp.o[0m
[ 66%] [32m[1mLinking C shared library libopennav_coverage_msgs__rosidl_typesupport_introspection_c.so[0m
[ 66%] Built target opennav_coverage_msgs__rosidl_typesupport_introspection_c
[ 67%] [32mBuilding CXX object CMakeFiles/opennav_coverage_msgs__rosidl_typesupport_fastrtps_cpp.dir/rosidl_typesupport_fastrtps_cpp/opennav_coverage_msgs/msg/detail/dds_fastrtps/headland_mode__type_support.cpp.o[0m
[ 68%] [32mBuilding CXX object CMakeFiles/opennav_coverage_msgs__rosidl_typesupport_fastrtps_c.dir/rosidl_typesupport_fastrtps_c/opennav_coverage_msgs/msg/detail/coordinate__type_support_c.cpp.o[0m
[ 69%] [32mBuilding CXX object CMakeFiles/opennav_coverage_msgs__rosidl_typesupport_fastrtps_cpp.dir/rosidl_typesupport_fastrtps_cpp/opennav_coverage_msgs/msg/detail/dds_fastrtps/swath_mode__type_support.cpp.o[0m
[ 69%] [32mBuilding CXX object CMakeFiles/opennav_coverage_msgs__rosidl_typesupport_fastrtps_cpp.dir/rosidl_typesupport_fastrtps_cpp/opennav_coverage_msgs/msg/detail/dds_fastrtps/row_swath_mode__type_support.cpp.o[0m
[ 70%] [32mBuilding CXX object CMakeFiles/opennav_coverage_msgs__rosidl_typesupport_fastrtps_cpp.dir/rosidl_typesupport_fastrtps_cpp/opennav_coverage_msgs/msg/detail/dds_fastrtps/route_mode__type_support.cpp.o[0m
[ 71%] [32mBuilding CXX object CMakeFiles/opennav_coverage_msgs__rosidl_typesupport_fastrtps_cpp.dir/rosidl_typesupport_fastrtps_cpp/opennav_coverage_msgs/msg/detail/dds_fastrtps/path_mode__type_support.cpp.o[0m
[ 72%] [32m[1mLinking CXX shared library libopennav_coverage_msgs__rosidl_typesupport_cpp.so[0m
[ 73%] [32mBuilding CXX object CMakeFiles/opennav_coverage_msgs__rosidl_typesupport_fastrtps_cpp.dir/rosidl_typesupport_fastrtps_cpp/opennav_coverage_msgs/msg/detail/dds_fastrtps/swath__type_support.cpp.o[0m
[ 73%] [32mBuilding CXX object CMakeFiles/opennav_coverage_msgs__rosidl_typesupport_fastrtps_c.dir/rosidl_typesupport_fastrtps_c/opennav_coverage_msgs/msg/detail/coordinates__type_support_c.cpp.o[0m
[ 73%] [32mBuilding CXX object CMakeFiles/opennav_coverage_msgs__rosidl_typesupport_fastrtps_cpp.dir/rosidl_typesupport_fastrtps_cpp/opennav_coverage_msgs/msg/detail/dds_fastrtps/path_components__type_support.cpp.o[0m
[ 73%] Built target opennav_coverage_msgs__rosidl_typesupport_cpp
[ 74%] [32mBuilding CXX object CMakeFiles/opennav_coverage_msgs__rosidl_typesupport_fastrtps_cpp.dir/rosidl_typesupport_fastrtps_cpp/opennav_coverage_msgs/action/detail/dds_fastrtps/compute_coverage_path__type_support.cpp.o[0m
[ 75%] [32mBuilding CXX object CMakeFiles/opennav_coverage_msgs__rosidl_typesupport_fastrtps_cpp.dir/rosidl_typesupport_fastrtps_cpp/opennav_coverage_msgs/action/detail/dds_fastrtps/navigate_complete_coverage__type_support.cpp.o[0m
[ 76%] [32mBuilding CXX object CMakeFiles/opennav_coverage_msgs__rosidl_typesupport_fastrtps_c.dir/rosidl_typesupport_fastrtps_c/opennav_coverage_msgs/msg/detail/headland_mode__type_support_c.cpp.o[0m
[ 77%] [32mBuilding CXX object CMakeFiles/opennav_coverage_msgs__rosidl_typesupport_fastrtps_c.dir/rosidl_typesupport_fastrtps_c/opennav_coverage_msgs/msg/detail/swath_mode__type_support_c.cpp.o[0m
[ 78%] [32mBuilding CXX object CMakeFiles/opennav_coverage_msgs__rosidl_typesupport_fastrtps_c.dir/rosidl_typesupport_fastrtps_c/opennav_coverage_msgs/msg/detail/row_swath_mode__type_support_c.cpp.o[0m
[ 78%] [32mBuilding CXX object CMakeFiles/opennav_coverage_msgs__rosidl_typesupport_fastrtps_c.dir/rosidl_typesupport_fastrtps_c/opennav_coverage_msgs/msg/detail/route_mode__type_support_c.cpp.o[0m
[ 79%] [32mBuilding CXX object CMakeFiles/opennav_coverage_msgs__rosidl_typesupport_fastrtps_c.dir/rosidl_typesupport_fastrtps_c/opennav_coverage_msgs/msg/detail/path_mode__type_support_c.cpp.o[0m
[ 80%] [32mBuilding CXX object CMakeFiles/opennav_coverage_msgs__rosidl_typesupport_fastrtps_c.dir/rosidl_typesupport_fastrtps_c/opennav_coverage_msgs/msg/detail/swath__type_support_c.cpp.o[0m
[ 81%] [32mBuilding CXX object CMakeFiles/opennav_coverage_msgs__rosidl_typesupport_fastrtps_c.dir/rosidl_typesupport_fastrtps_c/opennav_coverage_msgs/msg/detail/path_components__type_support_c.cpp.o[0m
[ 81%] [32mBuilding CXX object CMakeFiles/opennav_coverage_msgs__rosidl_typesupport_fastrtps_c.dir/rosidl_typesupport_fastrtps_c/opennav_coverage_msgs/action/detail/compute_coverage_path__type_support_c.cpp.o[0m
[ 82%] [32m[1mLinking CXX shared library libopennav_coverage_msgs__rosidl_typesupport_introspection_cpp.so[0m
[ 83%] [32mBuilding CXX object CMakeFiles/opennav_coverage_msgs__rosidl_typesupport_fastrtps_c.dir/rosidl_typesupport_fastrtps_c/opennav_coverage_msgs/action/detail/navigate_complete_coverage__type_support_c.cpp.o[0m
[ 83%] Built target opennav_coverage_msgs__rosidl_typesupport_introspection_cpp
[ 84%] [32m[1mLinking CXX shared library libopennav_coverage_msgs__rosidl_typesupport_fastrtps_c.so[0m
[ 85%] [32m[1mLinking CXX shared library libopennav_coverage_msgs__rosidl_typesupport_fastrtps_cpp.so[0m
[ 85%] Built target opennav_coverage_msgs__rosidl_typesupport_fastrtps_c
[ 85%] Built target opennav_coverage_msgs__rosidl_typesupport_fastrtps_cpp
[ 85%] Built target opennav_coverage_msgs
[ 86%] [34m[1mGenerating Python code for ROS interfaces[0m
[ 86%] Built target opennav_coverage_msgs__py
[ 88%] [32mBuilding C object CMakeFiles/opennav_coverage_msgs__rosidl_generator_py.dir/rosidl_generator_py/opennav_coverage_msgs/msg/_coordinate_s.c.o[0m
[ 88%] [32mBuilding C object CMakeFiles/opennav_coverage_msgs__rosidl_generator_py.dir/rosidl_generator_py/opennav_coverage_msgs/msg/_headland_mode_s.c.o[0m
[ 90%] [32mBuilding C object CMakeFiles/opennav_coverage_msgs__rosidl_generator_py.dir/rosidl_generator_py/opennav_coverage_msgs/msg/_row_swath_mode_s.c.o[0m
[ 91%] [32mBuilding C object CMakeFiles/opennav_coverage_msgs__rosidl_generator_py.dir/rosidl_generator_py/opennav_coverage_msgs/msg/_path_components_s.c.o[0m
[ 91%] [32mBuilding C object CMakeFiles/opennav_coverage_msgs__rosidl_generator_py.dir/rosidl_generator_py/opennav_coverage_msgs/action/_navigate_complete_coverage_s.c.o[0m
[ 92%] [32mBuilding C object CMakeFiles/opennav_coverage_msgs__rosidl_generator_py.dir/rosidl_generator_py/opennav_coverage_msgs/msg/_swath_s.c.o[0m
[ 93%] [32mBuilding C object CMakeFiles/opennav_coverage_msgs__rosidl_generator_py.dir/rosidl_generator_py/opennav_coverage_msgs/action/_compute_coverage_path_s.c.o[0m
[ 93%] [32mBuilding C object CMakeFiles/opennav_coverage_msgs__rosidl_generator_py.dir/rosidl_generator_py/opennav_coverage_msgs/msg/_swath_mode_s.c.o[0m
[ 88%] [32mBuilding C object CMakeFiles/opennav_coverage_msgs__rosidl_generator_py.dir/rosidl_generator_py/opennav_coverage_msgs/msg/_path_mode_s.c.o[0m
[ 93%] [32mBuilding C object CMakeFiles/opennav_coverage_msgs__rosidl_generator_py.dir/rosidl_generator_py/opennav_coverage_msgs/msg/_route_mode_s.c.o[0m
[ 94%] [32mBuilding C object CMakeFiles/opennav_coverage_msgs__rosidl_generator_py.dir/rosidl_generator_py/opennav_coverage_msgs/msg/_coordinates_s.c.o[0m
[ 95%] [32m[1mLinking C shared library libopennav_coverage_msgs__rosidl_generator_py.so[0m
[ 95%] Built target opennav_coverage_msgs__rosidl_generator_py
[ 97%] [32mBuilding C object CMakeFiles/opennav_coverage_msgs_s__rosidl_typesupport_introspection_c.dir/rosidl_generator_py/opennav_coverage_msgs/_opennav_coverage_msgs_s.ep.rosidl_typesupport_introspection_c.c.o[0m
[ 97%] [32mBuilding C object CMakeFiles/opennav_coverage_msgs_s__rosidl_typesupport_fastrtps_c.dir/rosidl_generator_py/opennav_coverage_msgs/_opennav_coverage_msgs_s.ep.rosidl_typesupport_fastrtps_c.c.o[0m
[ 97%] [32mBuilding C object CMakeFiles/opennav_coverage_msgs_s__rosidl_typesupport_c.dir/rosidl_generator_py/opennav_coverage_msgs/_opennav_coverage_msgs_s.ep.rosidl_typesupport_c.c.o[0m
[ 99%] [32m[1mLinking C shared module rosidl_generator_py/opennav_coverage_msgs/opennav_coverage_msgs_s__rosidl_typesupport_introspection_c.so[0m
[ 99%] [32m[1mLinking C shared module rosidl_generator_py/opennav_coverage_msgs/opennav_coverage_msgs_s__rosidl_typesupport_c.so[0m
[100%] [32m[1mLinking C shared module rosidl_generator_py/opennav_coverage_msgs/opennav_coverage_msgs_s__rosidl_typesupport_fastrtps_c.so[0m
[100%] Built target opennav_coverage_msgs_s__rosidl_typesupport_c
[100%] Built target opennav_coverage_msgs_s__rosidl_typesupport_fastrtps_c
[100%] Built target opennav_coverage_msgs_s__rosidl_typesupport_introspection_c
-- Install configuration: ""
-- Installing: /home/ws/install/opennav_coverage_msgs/share/ament_index/resource_index/rosidl_interfaces/opennav_coverage_msgs
-- Installing: /home/ws/install/opennav_coverage_msgs/share/opennav_coverage_msgs/msg/Coordinate.json
-- Installing: /home/ws/install/opennav_coverage_msgs/share/opennav_coverage_msgs/msg/Coordinates.json
-- Installing: /home/ws/install/opennav_coverage_msgs/share/opennav_coverage_msgs/msg/HeadlandMode.json
-- Installing: /home/ws/install/opennav_coverage_msgs/share/opennav_coverage_msgs/msg/SwathMode.json
-- Installing: /home/ws/install/opennav_coverage_msgs/share/opennav_coverage_msgs/msg/RowSwathMode.json
-- Installing: /home/ws/install/opennav_coverage_msgs/share/opennav_coverage_msgs/msg/RouteMode.json
-- Installing: /home/ws/install/opennav_coverage_msgs/share/opennav_coverage_msgs/msg/PathMode.json
-- Installing: /home/ws/install/opennav_coverage_msgs/share/opennav_coverage_msgs/msg/Swath.json
-- Installing: /home/ws/install/opennav_coverage_msgs/share/opennav_coverage_msgs/msg/PathComponents.json
-- Installing: /home/ws/install/opennav_coverage_msgs/share/opennav_coverage_msgs/action/ComputeCoveragePath.json
-- Installing: /home/ws/install/opennav_coverage_msgs/share/opennav_coverage_msgs/action/NavigateCompleteCoverage.json
-- Installing: /home/ws/install/opennav_coverage_msgs/include/opennav_coverage_msgs/opennav_coverage_msgs
-- Installing: /home/ws/install/opennav_coverage_msgs/include/opennav_coverage_msgs/opennav_coverage_msgs/action
-- Installing: /home/ws/install/opennav_coverage_msgs/include/opennav_coverage_msgs/opennav_coverage_msgs/action/compute_coverage_path.h
-- Installing: /home/ws/install/opennav_coverage_msgs/include/opennav_coverage_msgs/opennav_coverage_msgs/action/navigate_complete_coverage.h
-- Installing: /home/ws/install/opennav_coverage_msgs/include/opennav_coverage_msgs/opennav_coverage_msgs/action/detail
-- Installing: /home/ws/install/opennav_coverage_msgs/include/opennav_coverage_msgs/opennav_coverage_msgs/action/detail/navigate_complete_coverage__struct.h
-- Installing: /home/ws/install/opennav_coverage_msgs/include/opennav_coverage_msgs/opennav_coverage_msgs/action/detail/navigate_complete_coverage__functions.h
-- Installing: /home/ws/install/opennav_coverage_msgs/include/opennav_coverage_msgs/opennav_coverage_msgs/action/detail/compute_coverage_path__functions.c
-- Installing: /home/ws/install/opennav_coverage_msgs/include/opennav_coverage_msgs/opennav_coverage_msgs/action/detail/navigate_complete_coverage__type_support.c
-- Installing: /home/ws/install/opennav_coverage_msgs/include/opennav_coverage_msgs/opennav_coverage_msgs/action/detail/compute_coverage_path__description.c
-- Installing: /home/ws/install/opennav_coverage_msgs/include/opennav_coverage_msgs/opennav_coverage_msgs/action/detail/compute_coverage_path__functions.h
-- Installing: /home/ws/install/opennav_coverage_msgs/include/opennav_coverage_msgs/opennav_coverage_msgs/action/detail/navigate_complete_coverage__description.c
-- Installing: /home/ws/install/opennav_coverage_msgs/include/opennav_coverage_msgs/opennav_coverage_msgs/action/detail/navigate_complete_coverage__type_support.h
-- Installing: /home/ws/install/opennav_coverage_msgs/include/opennav_coverage_msgs/opennav_coverage_msgs/action/detail/compute_coverage_path__type_support.h
-- Installing: /home/ws/install/opennav_coverage_msgs/include/opennav_coverage_msgs/opennav_coverage_msgs/action/detail/compute_coverage_path__type_support.c
-- Installing: /home/ws/install/opennav_coverage_msgs/include/opennav_coverage_msgs/opennav_coverage_msgs/action/detail/compute_coverage_path__struct.h
-- Installing: /home/ws/install/opennav_coverage_msgs/include/opennav_coverage_msgs/opennav_coverage_msgs/action/detail/navigate_complete_coverage__functions.c
-- Installing: /home/ws/install/opennav_coverage_msgs/include/opennav_coverage_msgs/opennav_coverage_msgs/msg
-- Installing: /home/ws/install/opennav_coverage_msgs/include/opennav_coverage_msgs/opennav_coverage_msgs/msg/path_mode.h
-- Installing: /home/ws/install/opennav_coverage_msgs/include/opennav_coverage_msgs/opennav_coverage_msgs/msg/headland_mode.h
-- Installing: /home/ws/install/opennav_coverage_msgs/include/opennav_coverage_msgs/opennav_coverage_msgs/msg/swath_mode.h
-- Installing: /home/ws/install/opennav_coverage_msgs/include/opennav_coverage_msgs/opennav_coverage_msgs/msg/coordinate.h
-- Installing: /home/ws/install/opennav_coverage_msgs/include/opennav_coverage_msgs/opennav_coverage_msgs/msg/path_components.h
-- Installing: /home/ws/install/opennav_coverage_msgs/include/opennav_coverage_msgs/opennav_coverage_msgs/msg/route_mode.h
-- Installing: /home/ws/install/opennav_coverage_msgs/include/opennav_coverage_msgs/opennav_coverage_msgs/msg/detail
-- Installing: /home/ws/install/opennav_coverage_msgs/include/opennav_coverage_msgs/opennav_coverage_msgs/msg/detail/path_components__description.c
-- Installing: /home/ws/install/opennav_coverage_msgs/include/opennav_coverage_msgs/opennav_coverage_msgs/msg/detail/path_mode__type_support.h
-- Installing: /home/ws/install/opennav_coverage_msgs/include/opennav_coverage_msgs/opennav_coverage_msgs/msg/detail/route_mode__type_support.h
-- Installing: /home/ws/install/opennav_coverage_msgs/include/opennav_coverage_msgs/opennav_coverage_msgs/msg/detail/swath_mode__functions.h
-- Installing: /home/ws/install/opennav_coverage_msgs/include/opennav_coverage_msgs/opennav_coverage_msgs/msg/detail/swath__description.c
-- Installing: /home/ws/install/opennav_coverage_msgs/include/opennav_coverage_msgs/opennav_coverage_msgs/msg/detail/path_mode__functions.h
-- Installing: /home/ws/install/opennav_coverage_msgs/include/opennav_coverage_msgs/opennav_coverage_msgs/msg/detail/path_components__functions.h
-- Installing: /home/ws/install/opennav_coverage_msgs/include/opennav_coverage_msgs/opennav_coverage_msgs/msg/detail/coordinates__description.c
-- Installing: /home/ws/install/opennav_coverage_msgs/include/opennav_coverage_msgs/opennav_coverage_msgs/msg/detail/swath__functions.c
-- Installing: /home/ws/install/opennav_coverage_msgs/include/opennav_coverage_msgs/opennav_coverage_msgs/msg/detail/route_mode__functions.c
-- Installing: /home/ws/install/opennav_coverage_msgs/include/opennav_coverage_msgs/opennav_coverage_msgs/msg/detail/swath_mode__type_support.h
-- Installing: /home/ws/install/opennav_coverage_msgs/include/opennav_coverage_msgs/opennav_coverage_msgs/msg/detail/row_swath_mode__type_support.c
-- Installing: /home/ws/install/opennav_coverage_msgs/include/opennav_coverage_msgs/opennav_coverage_msgs/msg/detail/path_mode__type_support.c
-- Installing: /home/ws/install/opennav_coverage_msgs/include/opennav_coverage_msgs/opennav_coverage_msgs/msg/detail/row_swath_mode__functions.c
-- Installing: /home/ws/install/opennav_coverage_msgs/include/opennav_coverage_msgs/opennav_coverage_msgs/msg/detail/route_mode__struct.h
-- Installing: /home/ws/install/opennav_coverage_msgs/include/opennav_coverage_msgs/opennav_coverage_msgs/msg/detail/coordinates__functions.h
-- Installing: /home/ws/install/opennav_coverage_msgs/include/opennav_coverage_msgs/opennav_coverage_msgs/msg/detail/swath_mode__struct.h
-- Installing: /home/ws/install/opennav_coverage_msgs/include/opennav_coverage_msgs/opennav_coverage_msgs/msg/detail/coordinate__description.c
-- Installing: /home/ws/install/opennav_coverage_msgs/include/opennav_coverage_msgs/opennav_coverage_msgs/msg/detail/headland_mode__functions.h
-- Installing: /home/ws/install/opennav_coverage_msgs/include/opennav_coverage_msgs/opennav_coverage_msgs/msg/detail/path_mode__functions.c
-- Installing: /home/ws/install/opennav_coverage_msgs/include/opennav_coverage_msgs/opennav_coverage_msgs/msg/detail/coordinates__functions.c
-- Installing: /home/ws/install/opennav_coverage_msgs/include/opennav_coverage_msgs/opennav_coverage_msgs/msg/detail/path_components__type_support.c
-- Installing: /home/ws/install/opennav_coverage_msgs/include/opennav_coverage_msgs/opennav_coverage_msgs/msg/detail/route_mode__functions.h
-- Installing: /home/ws/install/opennav_coverage_msgs/include/opennav_coverage_msgs/opennav_coverage_msgs/msg/detail/swath_mode__functions.c
-- Installing: /home/ws/install/opennav_coverage_msgs/include/opennav_coverage_msgs/opennav_coverage_msgs/msg/detail/coordinate__struct.h
-- Installing: /home/ws/install/opennav_coverage_msgs/include/opennav_coverage_msgs/opennav_coverage_msgs/msg/detail/path_mode__struct.h
-- Installing: /home/ws/install/opennav_coverage_msgs/include/opennav_coverage_msgs/opennav_coverage_msgs/msg/detail/headland_mode__description.c
-- Installing: /home/ws/install/opennav_coverage_msgs/include/opennav_coverage_msgs/opennav_coverage_msgs/msg/detail/row_swath_mode__type_support.h
-- Installing: /home/ws/install/opennav_coverage_msgs/include/opennav_coverage_msgs/opennav_coverage_msgs/msg/detail/headland_mode__type_support.h
-- Installing: /home/ws/install/opennav_coverage_msgs/include/opennav_coverage_msgs/opennav_coverage_msgs/msg/detail/path_components__struct.h
-- Installing: /home/ws/install/opennav_coverage_msgs/include/opennav_coverage_msgs/opennav_coverage_msgs/msg/detail/swath_mode__type_support.c
-- Installing: /home/ws/install/opennav_coverage_msgs/include/opennav_coverage_msgs/opennav_coverage_msgs/msg/detail/path_components__type_support.h
-- Installing: /home/ws/install/opennav_coverage_msgs/include/opennav_coverage_msgs/opennav_coverage_msgs/msg/detail/swath__struct.h
-- Installing: /home/ws/install/opennav_coverage_msgs/include/opennav_coverage_msgs/opennav_coverage_msgs/msg/detail/coordinates__type_support.h
-- Installing: /home/ws/install/opennav_coverage_msgs/include/opennav_coverage_msgs/opennav_coverage_msgs/msg/detail/swath__type_support.c
-- Installing: /home/ws/install/opennav_coverage_msgs/include/opennav_coverage_msgs/opennav_coverage_msgs/msg/detail/swath_mode__description.c
-- Installing: /home/ws/install/opennav_coverage_msgs/include/opennav_coverage_msgs/opennav_coverage_msgs/msg/detail/route_mode__type_support.c
-- Installing: /home/ws/install/opennav_coverage_msgs/include/opennav_coverage_msgs/opennav_coverage_msgs/msg/detail/route_mode__description.c
-- Installing: /home/ws/install/opennav_coverage_msgs/include/opennav_coverage_msgs/opennav_coverage_msgs/msg/detail/coordinate__type_support.c
-- Installing: /home/ws/install/opennav_coverage_msgs/include/opennav_coverage_msgs/opennav_coverage_msgs/msg/detail/headland_mode__struct.h
-- Installing: /home/ws/install/opennav_coverage_msgs/include/opennav_coverage_msgs/opennav_coverage_msgs/msg/detail/headland_mode__functions.c
-- Installing: /home/ws/install/opennav_coverage_msgs/include/opennav_coverage_msgs/opennav_coverage_msgs/msg/detail/path_components__functions.c
-- Installing: /home/ws/install/opennav_coverage_msgs/include/opennav_coverage_msgs/opennav_coverage_msgs/msg/detail/row_swath_mode__description.c
-- Installing: /home/ws/install/opennav_coverage_msgs/include/opennav_coverage_msgs/opennav_coverage_msgs/msg/detail/coordinates__type_support.c
-- Installing: /home/ws/install/opennav_coverage_msgs/include/opennav_coverage_msgs/opennav_coverage_msgs/msg/detail/row_swath_mode__struct.h
-- Installing: /home/ws/install/opennav_coverage_msgs/include/opennav_coverage_msgs/opennav_coverage_msgs/msg/detail/row_swath_mode__functions.h
-- Installing: /home/ws/install/opennav_coverage_msgs/include/opennav_coverage_msgs/opennav_coverage_msgs/msg/detail/coordinate__type_support.h
-- Installing: /home/ws/install/opennav_coverage_msgs/include/opennav_coverage_msgs/opennav_coverage_msgs/msg/detail/coordinates__struct.h
-- Installing: /home/ws/install/opennav_coverage_msgs/include/opennav_coverage_msgs/opennav_coverage_msgs/msg/detail/swath__functions.h
-- Installing: /home/ws/install/opennav_coverage_msgs/include/opennav_coverage_msgs/opennav_coverage_msgs/msg/detail/path_mode__description.c
-- Installing: /home/ws/install/opennav_coverage_msgs/include/opennav_coverage_msgs/opennav_coverage_msgs/msg/detail/swath__type_support.h
-- Installing: /home/ws/install/opennav_coverage_msgs/include/opennav_coverage_msgs/opennav_coverage_msgs/msg/detail/headland_mode__type_support.c
-- Installing: /home/ws/install/opennav_coverage_msgs/include/opennav_coverage_msgs/opennav_coverage_msgs/msg/detail/coordinate__functions.c
-- Installing: /home/ws/install/opennav_coverage_msgs/include/opennav_coverage_msgs/opennav_coverage_msgs/msg/detail/coordinate__functions.h
-- Installing: /home/ws/install/opennav_coverage_msgs/include/opennav_coverage_msgs/opennav_coverage_msgs/msg/coordinates.h
-- Installing: /home/ws/install/opennav_coverage_msgs/include/opennav_coverage_msgs/opennav_coverage_msgs/msg/swath.h
-- Installing: /home/ws/install/opennav_coverage_msgs/include/opennav_coverage_msgs/opennav_coverage_msgs/msg/rosidl_generator_c__visibility_control.h
-- Installing: /home/ws/install/opennav_coverage_msgs/include/opennav_coverage_msgs/opennav_coverage_msgs/msg/row_swath_mode.h
-- Installing: /home/ws/install/opennav_coverage_msgs/share/opennav_coverage_msgs/environment/library_path.sh
-- Installing: /home/ws/install/opennav_coverage_msgs/share/opennav_coverage_msgs/environment/library_path.dsv
-- Installing: /home/ws/install/opennav_coverage_msgs/lib/libopennav_coverage_msgs__rosidl_generator_c.so
-- Set non-toolchain portion of runtime path of "/home/ws/install/opennav_coverage_msgs/lib/libopennav_coverage_msgs__rosidl_generator_c.so" to ""
-- Up-to-date: /home/ws/install/opennav_coverage_msgs/include/opennav_coverage_msgs/opennav_coverage_msgs
-- Up-to-date: /home/ws/install/opennav_coverage_msgs/include/opennav_coverage_msgs/opennav_coverage_msgs/action
-- Up-to-date: /home/ws/install/opennav_coverage_msgs/include/opennav_coverage_msgs/opennav_coverage_msgs/action/detail
-- Installing: /home/ws/install/opennav_coverage_msgs/include/opennav_coverage_msgs/opennav_coverage_msgs/action/detail/navigate_complete_coverage__rosidl_typesupport_fastrtps_c.h
-- Installing: /home/ws/install/opennav_coverage_msgs/include/opennav_coverage_msgs/opennav_coverage_msgs/action/detail/compute_coverage_path__rosidl_typesupport_fastrtps_c.h
-- Up-to-date: /home/ws/install/opennav_coverage_msgs/include/opennav_coverage_msgs/opennav_coverage_msgs/msg
-- Installing: /home/ws/install/opennav_coverage_msgs/include/opennav_coverage_msgs/opennav_coverage_msgs/msg/rosidl_typesupport_fastrtps_c__visibility_control.h
-- Up-to-date: /home/ws/install/opennav_coverage_msgs/include/opennav_coverage_msgs/opennav_coverage_msgs/msg/detail
-- Installing: /home/ws/install/opennav_coverage_msgs/include/opennav_coverage_msgs/opennav_coverage_msgs/msg/detail/coordinates__rosidl_typesupport_fastrtps_c.h
-- Installing: /home/ws/install/opennav_coverage_msgs/include/opennav_coverage_msgs/opennav_coverage_msgs/msg/detail/path_components__rosidl_typesupport_fastrtps_c.h
-- Installing: /home/ws/install/opennav_coverage_msgs/include/opennav_coverage_msgs/opennav_coverage_msgs/msg/detail/coordinate__rosidl_typesupport_fastrtps_c.h
-- Installing: /home/ws/install/opennav_coverage_msgs/include/opennav_coverage_msgs/opennav_coverage_msgs/msg/detail/row_swath_mode__rosidl_typesupport_fastrtps_c.h
-- Installing: /home/ws/install/opennav_coverage_msgs/include/opennav_coverage_msgs/opennav_coverage_msgs/msg/detail/route_mode__rosidl_typesupport_fastrtps_c.h
-- Installing: /home/ws/install/opennav_coverage_msgs/include/opennav_coverage_msgs/opennav_coverage_msgs/msg/detail/swath__rosidl_typesupport_fastrtps_c.h
-- Installing: /home/ws/install/opennav_coverage_msgs/include/opennav_coverage_msgs/opennav_coverage_msgs/msg/detail/path_mode__rosidl_typesupport_fastrtps_c.h
-- Installing: /home/ws/install/opennav_coverage_msgs/include/opennav_coverage_msgs/opennav_coverage_msgs/msg/detail/swath_mode__rosidl_typesupport_fastrtps_c.h
-- Installing: /home/ws/install/opennav_coverage_msgs/include/opennav_coverage_msgs/opennav_coverage_msgs/msg/detail/headland_mode__rosidl_typesupport_fastrtps_c.h
-- Installing: /home/ws/install/opennav_coverage_msgs/lib/libopennav_coverage_msgs__rosidl_typesupport_fastrtps_c.so
-- Set non-toolchain portion of runtime path of "/home/ws/install/opennav_coverage_msgs/lib/libopennav_coverage_msgs__rosidl_typesupport_fastrtps_c.so" to ""
-- Up-to-date: /home/ws/install/opennav_coverage_msgs/include/opennav_coverage_msgs/opennav_coverage_msgs
-- Up-to-date: /home/ws/install/opennav_coverage_msgs/include/opennav_coverage_msgs/opennav_coverage_msgs/action
-- Installing: /home/ws/install/opennav_coverage_msgs/include/opennav_coverage_msgs/opennav_coverage_msgs/action/navigate_complete_coverage.hpp
-- Installing: /home/ws/install/opennav_coverage_msgs/include/opennav_coverage_msgs/opennav_coverage_msgs/action/compute_coverage_path.hpp
-- Up-to-date: /home/ws/install/opennav_coverage_msgs/include/opennav_coverage_msgs/opennav_coverage_msgs/action/detail
-- Installing: /home/ws/install/opennav_coverage_msgs/include/opennav_coverage_msgs/opennav_coverage_msgs/action/detail/navigate_complete_coverage__traits.hpp
-- Installing: /home/ws/install/opennav_coverage_msgs/include/opennav_coverage_msgs/opennav_coverage_msgs/action/detail/navigate_complete_coverage__struct.hpp
-- Installing: /home/ws/install/opennav_coverage_msgs/include/opennav_coverage_msgs/opennav_coverage_msgs/action/detail/navigate_complete_coverage__type_support.hpp
-- Installing: /home/ws/install/opennav_coverage_msgs/include/opennav_coverage_msgs/opennav_coverage_msgs/action/detail/compute_coverage_path__struct.hpp
-- Installing: /home/ws/install/opennav_coverage_msgs/include/opennav_coverage_msgs/opennav_coverage_msgs/action/detail/compute_coverage_path__traits.hpp
-- Installing: /home/ws/install/opennav_coverage_msgs/include/opennav_coverage_msgs/opennav_coverage_msgs/action/detail/compute_coverage_path__builder.hpp
-- Installing: /home/ws/install/opennav_coverage_msgs/include/opennav_coverage_msgs/opennav_coverage_msgs/action/detail/compute_coverage_path__type_support.hpp
-- Installing: /home/ws/install/opennav_coverage_msgs/include/opennav_coverage_msgs/opennav_coverage_msgs/action/detail/navigate_complete_coverage__builder.hpp
-- Up-to-date: /home/ws/install/opennav_coverage_msgs/include/opennav_coverage_msgs/opennav_coverage_msgs/msg
-- Installing: /home/ws/install/opennav_coverage_msgs/include/opennav_coverage_msgs/opennav_coverage_msgs/msg/path_mode.hpp
-- Installing: /home/ws/install/opennav_coverage_msgs/include/opennav_coverage_msgs/opennav_coverage_msgs/msg/coordinate.hpp
-- Installing: /home/ws/install/opennav_coverage_msgs/include/opennav_coverage_msgs/opennav_coverage_msgs/msg/swath_mode.hpp
-- Installing: /home/ws/install/opennav_coverage_msgs/include/opennav_coverage_msgs/opennav_coverage_msgs/msg/path_components.hpp
-- Installing: /home/ws/install/opennav_coverage_msgs/include/opennav_coverage_msgs/opennav_coverage_msgs/msg/row_swath_mode.hpp
-- Installing: /home/ws/install/opennav_coverage_msgs/include/opennav_coverage_msgs/opennav_coverage_msgs/msg/headland_mode.hpp
-- Installing: /home/ws/install/opennav_coverage_msgs/include/opennav_coverage_msgs/opennav_coverage_msgs/msg/swath.hpp
-- Installing: /home/ws/install/opennav_coverage_msgs/include/opennav_coverage_msgs/opennav_coverage_msgs/msg/coordinates.hpp
-- Installing: /home/ws/install/opennav_coverage_msgs/include/opennav_coverage_msgs/opennav_coverage_msgs/msg/route_mode.hpp
-- Up-to-date: /home/ws/install/opennav_coverage_msgs/include/opennav_coverage_msgs/opennav_coverage_msgs/msg/detail
-- Installing: /home/ws/install/opennav_coverage_msgs/include/opennav_coverage_msgs/opennav_coverage_msgs/msg/detail/headland_mode__builder.hpp
-- Installing: /home/ws/install/opennav_coverage_msgs/include/opennav_coverage_msgs/opennav_coverage_msgs/msg/detail/swath_mode__type_support.hpp
-- Installing: /home/ws/install/opennav_coverage_msgs/include/opennav_coverage_msgs/opennav_coverage_msgs/msg/detail/path_components__struct.hpp
-- Installing: /home/ws/install/opennav_coverage_msgs/include/opennav_coverage_msgs/opennav_coverage_msgs/msg/detail/headland_mode__type_support.hpp
-- Installing: /home/ws/install/opennav_coverage_msgs/include/opennav_coverage_msgs/opennav_coverage_msgs/msg/detail/coordinate__builder.hpp
-- Installing: /home/ws/install/opennav_coverage_msgs/include/opennav_coverage_msgs/opennav_coverage_msgs/msg/detail/route_mode__traits.hpp
-- Installing: /home/ws/install/opennav_coverage_msgs/include/opennav_coverage_msgs/opennav_coverage_msgs/msg/detail/path_mode__type_support.hpp
-- Installing: /home/ws/install/opennav_coverage_msgs/include/opennav_coverage_msgs/opennav_coverage_msgs/msg/detail/path_mode__builder.hpp
-- Installing: /home/ws/install/opennav_coverage_msgs/include/opennav_coverage_msgs/opennav_coverage_msgs/msg/detail/route_mode__builder.hpp
-- Installing: /home/ws/install/opennav_coverage_msgs/include/opennav_coverage_msgs/opennav_coverage_msgs/msg/detail/coordinate__type_support.hpp
-- Installing: /home/ws/install/opennav_coverage_msgs/include/opennav_coverage_msgs/opennav_coverage_msgs/msg/detail/row_swath_mode__builder.hpp
-- Installing: /home/ws/install/opennav_coverage_msgs/include/opennav_coverage_msgs/opennav_coverage_msgs/msg/detail/coordinates__type_support.hpp
-- Installing: /home/ws/install/opennav_coverage_msgs/include/opennav_coverage_msgs/opennav_coverage_msgs/msg/detail/swath_mode__traits.hpp
-- Installing: /home/ws/install/opennav_coverage_msgs/include/opennav_coverage_msgs/opennav_coverage_msgs/msg/detail/row_swath_mode__struct.hpp
-- Installing: /home/ws/install/opennav_coverage_msgs/include/opennav_coverage_msgs/opennav_coverage_msgs/msg/detail/coordinates__builder.hpp
-- Installing: /home/ws/install/opennav_coverage_msgs/include/opennav_coverage_msgs/opennav_coverage_msgs/msg/detail/path_mode__struct.hpp
-- Installing: /home/ws/install/opennav_coverage_msgs/include/opennav_coverage_msgs/opennav_coverage_msgs/msg/detail/headland_mode__struct.hpp
-- Installing: /home/ws/install/opennav_coverage_msgs/include/opennav_coverage_msgs/opennav_coverage_msgs/msg/detail/path_components__builder.hpp
-- Installing: /home/ws/install/opennav_coverage_msgs/include/opennav_coverage_msgs/opennav_coverage_msgs/msg/detail/path_components__traits.hpp
-- Installing: /home/ws/install/opennav_coverage_msgs/include/opennav_coverage_msgs/opennav_coverage_msgs/msg/detail/swath__builder.hpp
-- Installing: /home/ws/install/opennav_coverage_msgs/include/opennav_coverage_msgs/opennav_coverage_msgs/msg/detail/coordinates__traits.hpp
-- Installing: /home/ws/install/opennav_coverage_msgs/include/opennav_coverage_msgs/opennav_coverage_msgs/msg/detail/path_components__type_support.hpp
-- Installing: /home/ws/install/opennav_coverage_msgs/include/opennav_coverage_msgs/opennav_coverage_msgs/msg/detail/row_swath_mode__traits.hpp
-- Installing: /home/ws/install/opennav_coverage_msgs/include/opennav_coverage_msgs/opennav_coverage_msgs/msg/detail/path_mode__traits.hpp
-- Installing: /home/ws/install/opennav_coverage_msgs/include/opennav_coverage_msgs/opennav_coverage_msgs/msg/detail/route_mode__struct.hpp
-- Installing: /home/ws/install/opennav_coverage_msgs/include/opennav_coverage_msgs/opennav_coverage_msgs/msg/detail/coordinate__struct.hpp
-- Installing: /home/ws/install/opennav_coverage_msgs/include/opennav_coverage_msgs/opennav_coverage_msgs/msg/detail/coordinates__struct.hpp
-- Installing: /home/ws/install/opennav_coverage_msgs/include/opennav_coverage_msgs/opennav_coverage_msgs/msg/detail/swath__struct.hpp
-- Installing: /home/ws/install/opennav_coverage_msgs/include/opennav_coverage_msgs/opennav_coverage_msgs/msg/detail/coordinate__traits.hpp
-- Installing: /home/ws/install/opennav_coverage_msgs/include/opennav_coverage_msgs/opennav_coverage_msgs/msg/detail/headland_mode__traits.hpp
-- Installing: /home/ws/install/opennav_coverage_msgs/include/opennav_coverage_msgs/opennav_coverage_msgs/msg/detail/swath__traits.hpp
-- Installing: /home/ws/install/opennav_coverage_msgs/include/opennav_coverage_msgs/opennav_coverage_msgs/msg/detail/swath_mode__builder.hpp
-- Installing: /home/ws/install/opennav_coverage_msgs/include/opennav_coverage_msgs/opennav_coverage_msgs/msg/detail/swath_mode__struct.hpp
-- Installing: /home/ws/install/opennav_coverage_msgs/include/opennav_coverage_msgs/opennav_coverage_msgs/msg/detail/row_swath_mode__type_support.hpp
-- Installing: /home/ws/install/opennav_coverage_msgs/include/opennav_coverage_msgs/opennav_coverage_msgs/msg/detail/route_mode__type_support.hpp
-- Installing: /home/ws/install/opennav_coverage_msgs/include/opennav_coverage_msgs/opennav_coverage_msgs/msg/detail/swath__type_support.hpp
-- Installing: /home/ws/install/opennav_coverage_msgs/include/opennav_coverage_msgs/opennav_coverage_msgs/msg/rosidl_generator_cpp__visibility_control.hpp
-- Up-to-date: /home/ws/install/opennav_coverage_msgs/include/opennav_coverage_msgs/opennav_coverage_msgs
-- Up-to-date: /home/ws/install/opennav_coverage_msgs/include/opennav_coverage_msgs/opennav_coverage_msgs/action
-- Up-to-date: /home/ws/install/opennav_coverage_msgs/include/opennav_coverage_msgs/opennav_coverage_msgs/action/detail
-- Installing: /home/ws/install/opennav_coverage_msgs/include/opennav_coverage_msgs/opennav_coverage_msgs/action/detail/navigate_complete_coverage__rosidl_typesupport_fastrtps_cpp.hpp
-- Installing: /home/ws/install/opennav_coverage_msgs/include/opennav_coverage_msgs/opennav_coverage_msgs/action/detail/dds_fastrtps
-- Installing: /home/ws/install/opennav_coverage_msgs/include/opennav_coverage_msgs/opennav_coverage_msgs/action/detail/compute_coverage_path__rosidl_typesupport_fastrtps_cpp.hpp
-- Up-to-date: /home/ws/install/opennav_coverage_msgs/include/opennav_coverage_msgs/opennav_coverage_msgs/msg
-- Installing: /home/ws/install/opennav_coverage_msgs/include/opennav_coverage_msgs/opennav_coverage_msgs/msg/rosidl_typesupport_fastrtps_cpp__visibility_control.h
-- Up-to-date: /home/ws/install/opennav_coverage_msgs/include/opennav_coverage_msgs/opennav_coverage_msgs/msg/detail
-- Installing: /home/ws/install/opennav_coverage_msgs/include/opennav_coverage_msgs/opennav_coverage_msgs/msg/detail/headland_mode__rosidl_typesupport_fastrtps_cpp.hpp
-- Installing: /home/ws/install/opennav_coverage_msgs/include/opennav_coverage_msgs/opennav_coverage_msgs/msg/detail/row_swath_mode__rosidl_typesupport_fastrtps_cpp.hpp
-- Installing: /home/ws/install/opennav_coverage_msgs/include/opennav_coverage_msgs/opennav_coverage_msgs/msg/detail/dds_fastrtps
-- Installing: /home/ws/install/opennav_coverage_msgs/include/opennav_coverage_msgs/opennav_coverage_msgs/msg/detail/swath__rosidl_typesupport_fastrtps_cpp.hpp
-- Installing: /home/ws/install/opennav_coverage_msgs/include/opennav_coverage_msgs/opennav_coverage_msgs/msg/detail/path_mode__rosidl_typesupport_fastrtps_cpp.hpp
-- Installing: /home/ws/install/opennav_coverage_msgs/include/opennav_coverage_msgs/opennav_coverage_msgs/msg/detail/route_mode__rosidl_typesupport_fastrtps_cpp.hpp
-- Installing: /home/ws/install/opennav_coverage_msgs/include/opennav_coverage_msgs/opennav_coverage_msgs/msg/detail/coordinates__rosidl_typesupport_fastrtps_cpp.hpp
-- Installing: /home/ws/install/opennav_coverage_msgs/include/opennav_coverage_msgs/opennav_coverage_msgs/msg/detail/swath_mode__rosidl_typesupport_fastrtps_cpp.hpp
-- Installing: /home/ws/install/opennav_coverage_msgs/include/opennav_coverage_msgs/opennav_coverage_msgs/msg/detail/path_components__rosidl_typesupport_fastrtps_cpp.hpp
-- Installing: /home/ws/install/opennav_coverage_msgs/include/opennav_coverage_msgs/opennav_coverage_msgs/msg/detail/coordinate__rosidl_typesupport_fastrtps_cpp.hpp
-- Installing: /home/ws/install/opennav_coverage_msgs/lib/libopennav_coverage_msgs__rosidl_typesupport_fastrtps_cpp.so
-- Set non-toolchain portion of runtime path of "/home/ws/install/opennav_coverage_msgs/lib/libopennav_coverage_msgs__rosidl_typesupport_fastrtps_cpp.so" to ""
-- Up-to-date: /home/ws/install/opennav_coverage_msgs/include/opennav_coverage_msgs/opennav_coverage_msgs
-- Up-to-date: /home/ws/install/opennav_coverage_msgs/include/opennav_coverage_msgs/opennav_coverage_msgs/action
-- Up-to-date: /home/ws/install/opennav_coverage_msgs/include/opennav_coverage_msgs/opennav_coverage_msgs/action/detail
-- Installing: /home/ws/install/opennav_coverage_msgs/include/opennav_coverage_msgs/opennav_coverage_msgs/action/detail/compute_coverage_path__rosidl_typesupport_introspection_c.h
-- Installing: /home/ws/install/opennav_coverage_msgs/include/opennav_coverage_msgs/opennav_coverage_msgs/action/detail/navigate_complete_coverage__type_support.c
-- Installing: /home/ws/install/opennav_coverage_msgs/include/opennav_coverage_msgs/opennav_coverage_msgs/action/detail/compute_coverage_path__type_support.c
-- Installing: /home/ws/install/opennav_coverage_msgs/include/opennav_coverage_msgs/opennav_coverage_msgs/action/detail/navigate_complete_coverage__rosidl_typesupport_introspection_c.h
-- Up-to-date: /home/ws/install/opennav_coverage_msgs/include/opennav_coverage_msgs/opennav_coverage_msgs/msg
-- Installing: /home/ws/install/opennav_coverage_msgs/include/opennav_coverage_msgs/opennav_coverage_msgs/msg/rosidl_typesupport_introspection_c__visibility_control.h
-- Up-to-date: /home/ws/install/opennav_coverage_msgs/include/opennav_coverage_msgs/opennav_coverage_msgs/msg/detail
-- Installing: /home/ws/install/opennav_coverage_msgs/include/opennav_coverage_msgs/opennav_coverage_msgs/msg/detail/headland_mode__rosidl_typesupport_introspection_c.h
-- Installing: /home/ws/install/opennav_coverage_msgs/include/opennav_coverage_msgs/opennav_coverage_msgs/msg/detail/coordinates__rosidl_typesupport_introspection_c.h
-- Installing: /home/ws/install/opennav_coverage_msgs/include/opennav_coverage_msgs/opennav_coverage_msgs/msg/detail/swath__rosidl_typesupport_introspection_c.h
-- Installing: /home/ws/install/opennav_coverage_msgs/include/opennav_coverage_msgs/opennav_coverage_msgs/msg/detail/path_components__rosidl_typesupport_introspection_c.h
-- Installing: /home/ws/install/opennav_coverage_msgs/include/opennav_coverage_msgs/opennav_coverage_msgs/msg/detail/row_swath_mode__type_support.c
-- Installing: /home/ws/install/opennav_coverage_msgs/include/opennav_coverage_msgs/opennav_coverage_msgs/msg/detail/path_mode__type_support.c
-- Installing: /home/ws/install/opennav_coverage_msgs/include/opennav_coverage_msgs/opennav_coverage_msgs/msg/detail/row_swath_mode__rosidl_typesupport_introspection_c.h
-- Installing: /home/ws/install/opennav_coverage_msgs/include/opennav_coverage_msgs/opennav_coverage_msgs/msg/detail/route_mode__rosidl_typesupport_introspection_c.h
-- Installing: /home/ws/install/opennav_coverage_msgs/include/opennav_coverage_msgs/opennav_coverage_msgs/msg/detail/path_components__type_support.c
-- Installing: /home/ws/install/opennav_coverage_msgs/include/opennav_coverage_msgs/opennav_coverage_msgs/msg/detail/coordinate__rosidl_typesupport_introspection_c.h
-- Installing: /home/ws/install/opennav_coverage_msgs/include/opennav_coverage_msgs/opennav_coverage_msgs/msg/detail/swath_mode__type_support.c
-- Installing: /home/ws/install/opennav_coverage_msgs/include/opennav_coverage_msgs/opennav_coverage_msgs/msg/detail/path_mode__rosidl_typesupport_introspection_c.h
-- Installing: /home/ws/install/opennav_coverage_msgs/include/opennav_coverage_msgs/opennav_coverage_msgs/msg/detail/swath_mode__rosidl_typesupport_introspection_c.h
-- Installing: /home/ws/install/opennav_coverage_msgs/include/opennav_coverage_msgs/opennav_coverage_msgs/msg/detail/swath__type_support.c
-- Installing: /home/ws/install/opennav_coverage_msgs/include/opennav_coverage_msgs/opennav_coverage_msgs/msg/detail/route_mode__type_support.c
-- Installing: /home/ws/install/opennav_coverage_msgs/include/opennav_coverage_msgs/opennav_coverage_msgs/msg/detail/coordinate__type_support.c
-- Installing: /home/ws/install/opennav_coverage_msgs/include/opennav_coverage_msgs/opennav_coverage_msgs/msg/detail/coordinates__type_support.c
-- Installing: /home/ws/install/opennav_coverage_msgs/include/opennav_coverage_msgs/opennav_coverage_msgs/msg/detail/headland_mode__type_support.c
-- Installing: /home/ws/install/opennav_coverage_msgs/lib/libopennav_coverage_msgs__rosidl_typesupport_introspection_c.so
-- Set non-toolchain portion of runtime path of "/home/ws/install/opennav_coverage_msgs/lib/libopennav_coverage_msgs__rosidl_typesupport_introspection_c.so" to ""
-- Installing: /home/ws/install/opennav_coverage_msgs/lib/libopennav_coverage_msgs__rosidl_typesupport_c.so
-- Set non-toolchain portion of runtime path of "/home/ws/install/opennav_coverage_msgs/lib/libopennav_coverage_msgs__rosidl_typesupport_c.so" to ""
-- Up-to-date: /home/ws/install/opennav_coverage_msgs/include/opennav_coverage_msgs/opennav_coverage_msgs
-- Up-to-date: /home/ws/install/opennav_coverage_msgs/include/opennav_coverage_msgs/opennav_coverage_msgs/action
-- Up-to-date: /home/ws/install/opennav_coverage_msgs/include/opennav_coverage_msgs/opennav_coverage_msgs/action/detail
-- Installing: /home/ws/install/opennav_coverage_msgs/include/opennav_coverage_msgs/opennav_coverage_msgs/action/detail/compute_coverage_path__type_support.cpp
-- Installing: /home/ws/install/opennav_coverage_msgs/include/opennav_coverage_msgs/opennav_coverage_msgs/action/detail/navigate_complete_coverage__type_support.cpp
-- Installing: /home/ws/install/opennav_coverage_msgs/include/opennav_coverage_msgs/opennav_coverage_msgs/action/detail/compute_coverage_path__rosidl_typesupport_introspection_cpp.hpp
-- Installing: /home/ws/install/opennav_coverage_msgs/include/opennav_coverage_msgs/opennav_coverage_msgs/action/detail/navigate_complete_coverage__rosidl_typesupport_introspection_cpp.hpp
-- Up-to-date: /home/ws/install/opennav_coverage_msgs/include/opennav_coverage_msgs/opennav_coverage_msgs/msg
-- Up-to-date: /home/ws/install/opennav_coverage_msgs/include/opennav_coverage_msgs/opennav_coverage_msgs/msg/detail
-- Installing: /home/ws/install/opennav_coverage_msgs/include/opennav_coverage_msgs/opennav_coverage_msgs/msg/detail/path_mode__rosidl_typesupport_introspection_cpp.hpp
-- Installing: /home/ws/install/opennav_coverage_msgs/include/opennav_coverage_msgs/opennav_coverage_msgs/msg/detail/route_mode__rosidl_typesupport_introspection_cpp.hpp
-- Installing: /home/ws/install/opennav_coverage_msgs/include/opennav_coverage_msgs/opennav_coverage_msgs/msg/detail/coordinate__rosidl_typesupport_introspection_cpp.hpp
-- Installing: /home/ws/install/opennav_coverage_msgs/include/opennav_coverage_msgs/opennav_coverage_msgs/msg/detail/headland_mode__rosidl_typesupport_introspection_cpp.hpp
-- Installing: /home/ws/install/opennav_coverage_msgs/include/opennav_coverage_msgs/opennav_coverage_msgs/msg/detail/coordinates__rosidl_typesupport_introspection_cpp.hpp
-- Installing: /home/ws/install/opennav_coverage_msgs/include/opennav_coverage_msgs/opennav_coverage_msgs/msg/detail/coordinates__type_support.cpp
-- Installing: /home/ws/install/opennav_coverage_msgs/include/opennav_coverage_msgs/opennav_coverage_msgs/msg/detail/swath_mode__type_support.cpp
-- Installing: /home/ws/install/opennav_coverage_msgs/include/opennav_coverage_msgs/opennav_coverage_msgs/msg/detail/swath__rosidl_typesupport_introspection_cpp.hpp
-- Installing: /home/ws/install/opennav_coverage_msgs/include/opennav_coverage_msgs/opennav_coverage_msgs/msg/detail/path_mode__type_support.cpp
-- Installing: /home/ws/install/opennav_coverage_msgs/include/opennav_coverage_msgs/opennav_coverage_msgs/msg/detail/path_components__rosidl_typesupport_introspection_cpp.hpp
-- Installing: /home/ws/install/opennav_coverage_msgs/include/opennav_coverage_msgs/opennav_coverage_msgs/msg/detail/headland_mode__type_support.cpp
-- Installing: /home/ws/install/opennav_coverage_msgs/include/opennav_coverage_msgs/opennav_coverage_msgs/msg/detail/row_swath_mode__type_support.cpp
-- Installing: /home/ws/install/opennav_coverage_msgs/include/opennav_coverage_msgs/opennav_coverage_msgs/msg/detail/swath__type_support.cpp
-- Installing: /home/ws/install/opennav_coverage_msgs/include/opennav_coverage_msgs/opennav_coverage_msgs/msg/detail/route_mode__type_support.cpp
-- Installing: /home/ws/install/opennav_coverage_msgs/include/opennav_coverage_msgs/opennav_coverage_msgs/msg/detail/path_components__type_support.cpp
-- Installing: /home/ws/install/opennav_coverage_msgs/include/opennav_coverage_msgs/opennav_coverage_msgs/msg/detail/row_swath_mode__rosidl_typesupport_introspection_cpp.hpp
-- Installing: /home/ws/install/opennav_coverage_msgs/include/opennav_coverage_msgs/opennav_coverage_msgs/msg/detail/coordinate__type_support.cpp
-- Installing: /home/ws/install/opennav_coverage_msgs/include/opennav_coverage_msgs/opennav_coverage_msgs/msg/detail/swath_mode__rosidl_typesupport_introspection_cpp.hpp
-- Installing: /home/ws/install/opennav_coverage_msgs/lib/libopennav_coverage_msgs__rosidl_typesupport_introspection_cpp.so
-- Set non-toolchain portion of runtime path of "/home/ws/install/opennav_coverage_msgs/lib/libopennav_coverage_msgs__rosidl_typesupport_introspection_cpp.so" to ""
-- Installing: /home/ws/install/opennav_coverage_msgs/lib/libopennav_coverage_msgs__rosidl_typesupport_cpp.so
-- Set non-toolchain portion of runtime path of "/home/ws/install/opennav_coverage_msgs/lib/libopennav_coverage_msgs__rosidl_typesupport_cpp.so" to ""
-- Installing: /home/ws/install/opennav_coverage_msgs/share/opennav_coverage_msgs/environment/pythonpath.sh
-- Installing: /home/ws/install/opennav_coverage_msgs/share/opennav_coverage_msgs/environment/pythonpath.dsv
-- Installing: /home/ws/install/opennav_coverage_msgs/lib/python3.12/site-packages/opennav_coverage_msgs-0.0.1-py3.12.egg-info
-- Installing: /home/ws/install/opennav_coverage_msgs/lib/python3.12/site-packages/opennav_coverage_msgs-0.0.1-py3.12.egg-info/SOURCES.txt
-- Installing: /home/ws/install/opennav_coverage_msgs/lib/python3.12/site-packages/opennav_coverage_msgs-0.0.1-py3.12.egg-info/top_level.txt
-- Installing: /home/ws/install/opennav_coverage_msgs/lib/python3.12/site-packages/opennav_coverage_msgs-0.0.1-py3.12.egg-info/dependency_links.txt
-- Installing: /home/ws/install/opennav_coverage_msgs/lib/python3.12/site-packages/opennav_coverage_msgs-0.0.1-py3.12.egg-info/PKG-INFO
-- Installing: /home/ws/install/opennav_coverage_msgs/lib/python3.12/site-packages/opennav_coverage_msgs
-- Installing: /home/ws/install/opennav_coverage_msgs/lib/python3.12/site-packages/opennav_coverage_msgs/_opennav_coverage_msgs_s.ep.rosidl_typesupport_fastrtps_c.c
-- Installing: /home/ws/install/opennav_coverage_msgs/lib/python3.12/site-packages/opennav_coverage_msgs/_opennav_coverage_msgs_s.ep.rosidl_typesupport_introspection_c.c
-- Installing: /home/ws/install/opennav_coverage_msgs/lib/python3.12/site-packages/opennav_coverage_msgs/action
-- Installing: /home/ws/install/opennav_coverage_msgs/lib/python3.12/site-packages/opennav_coverage_msgs/action/_navigate_complete_coverage_s.c
-- Installing: /home/ws/install/opennav_coverage_msgs/lib/python3.12/site-packages/opennav_coverage_msgs/action/_compute_coverage_path.py
-- Installing: /home/ws/install/opennav_coverage_msgs/lib/python3.12/site-packages/opennav_coverage_msgs/action/_navigate_complete_coverage.py
-- Installing: /home/ws/install/opennav_coverage_msgs/lib/python3.12/site-packages/opennav_coverage_msgs/action/__init__.py
-- Installing: /home/ws/install/opennav_coverage_msgs/lib/python3.12/site-packages/opennav_coverage_msgs/action/_compute_coverage_path_s.c
-- Installing: /home/ws/install/opennav_coverage_msgs/lib/python3.12/site-packages/opennav_coverage_msgs/msg
-- Installing: /home/ws/install/opennav_coverage_msgs/lib/python3.12/site-packages/opennav_coverage_msgs/msg/_swath_s.c
-- Installing: /home/ws/install/opennav_coverage_msgs/lib/python3.12/site-packages/opennav_coverage_msgs/msg/_route_mode.py
-- Installing: /home/ws/install/opennav_coverage_msgs/lib/python3.12/site-packages/opennav_coverage_msgs/msg/_coordinates_s.c
-- Installing: /home/ws/install/opennav_coverage_msgs/lib/python3.12/site-packages/opennav_coverage_msgs/msg/_swath_mode_s.c
-- Installing: /home/ws/install/opennav_coverage_msgs/lib/python3.12/site-packages/opennav_coverage_msgs/msg/_swath.py
-- Installing: /home/ws/install/opennav_coverage_msgs/lib/python3.12/site-packages/opennav_coverage_msgs/msg/_swath_mode.py
-- Installing: /home/ws/install/opennav_coverage_msgs/lib/python3.12/site-packages/opennav_coverage_msgs/msg/_path_mode.py
-- Installing: /home/ws/install/opennav_coverage_msgs/lib/python3.12/site-packages/opennav_coverage_msgs/msg/_path_components_s.c
-- Installing: /home/ws/install/opennav_coverage_msgs/lib/python3.12/site-packages/opennav_coverage_msgs/msg/_coordinates.py
-- Installing: /home/ws/install/opennav_coverage_msgs/lib/python3.12/site-packages/opennav_coverage_msgs/msg/_row_swath_mode.py
-- Installing: /home/ws/install/opennav_coverage_msgs/lib/python3.12/site-packages/opennav_coverage_msgs/msg/_path_components.py
-- Installing: /home/ws/install/opennav_coverage_msgs/lib/python3.12/site-packages/opennav_coverage_msgs/msg/_coordinate_s.c
-- Installing: /home/ws/install/opennav_coverage_msgs/lib/python3.12/site-packages/opennav_coverage_msgs/msg/_headland_mode_s.c
-- Installing: /home/ws/install/opennav_coverage_msgs/lib/python3.12/site-packages/opennav_coverage_msgs/msg/__init__.py
-- Installing: /home/ws/install/opennav_coverage_msgs/lib/python3.12/site-packages/opennav_coverage_msgs/msg/_path_mode_s.c
-- Installing: /home/ws/install/opennav_coverage_msgs/lib/python3.12/site-packages/opennav_coverage_msgs/msg/_row_swath_mode_s.c
-- Installing: /home/ws/install/opennav_coverage_msgs/lib/python3.12/site-packages/opennav_coverage_msgs/msg/_route_mode_s.c
-- Installing: /home/ws/install/opennav_coverage_msgs/lib/python3.12/site-packages/opennav_coverage_msgs/msg/_coordinate.py
-- Installing: /home/ws/install/opennav_coverage_msgs/lib/python3.12/site-packages/opennav_coverage_msgs/msg/_headland_mode.py
-- Installing: /home/ws/install/opennav_coverage_msgs/lib/python3.12/site-packages/opennav_coverage_msgs/opennav_coverage_msgs_s__rosidl_typesupport_fastrtps_c.so
-- Installing: /home/ws/install/opennav_coverage_msgs/lib/python3.12/site-packages/opennav_coverage_msgs/opennav_coverage_msgs_s__rosidl_typesupport_introspection_c.so
-- Installing: /home/ws/install/opennav_coverage_msgs/lib/python3.12/site-packages/opennav_coverage_msgs/opennav_coverage_msgs_s__rosidl_typesupport_c.so
-- Installing: /home/ws/install/opennav_coverage_msgs/lib/python3.12/site-packages/opennav_coverage_msgs/__init__.py
-- Installing: /home/ws/install/opennav_coverage_msgs/lib/python3.12/site-packages/opennav_coverage_msgs/_opennav_coverage_msgs_s.ep.rosidl_typesupport_c.c
Listing '/home/ws/install/opennav_coverage_msgs/lib/python3.12/site-packages/opennav_coverage_msgs'...
Compiling '/home/ws/install/opennav_coverage_msgs/lib/python3.12/site-packages/opennav_coverage_msgs/__init__.py'...
Listing '/home/ws/install/opennav_coverage_msgs/lib/python3.12/site-packages/opennav_coverage_msgs/action'...
Compiling '/home/ws/install/opennav_coverage_msgs/lib/python3.12/site-packages/opennav_coverage_msgs/action/__init__.py'...
Compiling '/home/ws/install/opennav_coverage_msgs/lib/python3.12/site-packages/opennav_coverage_msgs/action/_compute_coverage_path.py'...
Compiling '/home/ws/install/opennav_coverage_msgs/lib/python3.12/site-packages/opennav_coverage_msgs/action/_navigate_complete_coverage.py'...
Listing '/home/ws/install/opennav_coverage_msgs/lib/python3.12/site-packages/opennav_coverage_msgs/msg'...
Compiling '/home/ws/install/opennav_coverage_msgs/lib/python3.12/site-packages/opennav_coverage_msgs/msg/__init__.py'...
Compiling '/home/ws/install/opennav_coverage_msgs/lib/python3.12/site-packages/opennav_coverage_msgs/msg/_coordinate.py'...
Compiling '/home/ws/install/opennav_coverage_msgs/lib/python3.12/site-packages/opennav_coverage_msgs/msg/_coordinates.py'...
Compiling '/home/ws/install/opennav_coverage_msgs/lib/python3.12/site-packages/opennav_coverage_msgs/msg/_headland_mode.py'...
Compiling '/home/ws/install/opennav_coverage_msgs/lib/python3.12/site-packages/opennav_coverage_msgs/msg/_path_components.py'...
Compiling '/home/ws/install/opennav_coverage_msgs/lib/python3.12/site-packages/opennav_coverage_msgs/msg/_path_mode.py'...
Compiling '/home/ws/install/opennav_coverage_msgs/lib/python3.12/site-packages/opennav_coverage_msgs/msg/_route_mode.py'...
Compiling '/home/ws/install/opennav_coverage_msgs/lib/python3.12/site-packages/opennav_coverage_msgs/msg/_row_swath_mode.py'...
Compiling '/home/ws/install/opennav_coverage_msgs/lib/python3.12/site-packages/opennav_coverage_msgs/msg/_swath.py'...
Compiling '/home/ws/install/opennav_coverage_msgs/lib/python3.12/site-packages/opennav_coverage_msgs/msg/_swath_mode.py'...
-- Installing: /home/ws/install/opennav_coverage_msgs/lib/python3.12/site-packages/opennav_coverage_msgs/opennav_coverage_msgs_s__rosidl_typesupport_fastrtps_c.so
-- Set non-toolchain portion of runtime path of "/home/ws/install/opennav_coverage_msgs/lib/python3.12/site-packages/opennav_coverage_msgs/opennav_coverage_msgs_s__rosidl_typesupport_fastrtps_c.so" to ""
-- Installing: /home/ws/install/opennav_coverage_msgs/lib/python3.12/site-packages/opennav_coverage_msgs/opennav_coverage_msgs_s__rosidl_typesupport_introspection_c.so
-- Set non-toolchain portion of runtime path of "/home/ws/install/opennav_coverage_msgs/lib/python3.12/site-packages/opennav_coverage_msgs/opennav_coverage_msgs_s__rosidl_typesupport_introspection_c.so" to ""
-- Installing: /home/ws/install/opennav_coverage_msgs/lib/python3.12/site-packages/opennav_coverage_msgs/opennav_coverage_msgs_s__rosidl_typesupport_c.so
-- Set non-toolchain portion of runtime path of "/home/ws/install/opennav_coverage_msgs/lib/python3.12/site-packages/opennav_coverage_msgs/opennav_coverage_msgs_s__rosidl_typesupport_c.so" to ""
-- Installing: /home/ws/install/opennav_coverage_msgs/lib/libopennav_coverage_msgs__rosidl_generator_py.so
-- Set non-toolchain portion of runtime path of "/home/ws/install/opennav_coverage_msgs/lib/libopennav_coverage_msgs__rosidl_generator_py.so" to ""
-- Installing: /home/ws/install/opennav_coverage_msgs/share/opennav_coverage_msgs/msg/Coordinate.idl
-- Installing: /home/ws/install/opennav_coverage_msgs/share/opennav_coverage_msgs/msg/Coordinates.idl
-- Installing: /home/ws/install/opennav_coverage_msgs/share/opennav_coverage_msgs/msg/HeadlandMode.idl
-- Installing: /home/ws/install/opennav_coverage_msgs/share/opennav_coverage_msgs/msg/SwathMode.idl
-- Installing: /home/ws/install/opennav_coverage_msgs/share/opennav_coverage_msgs/msg/RowSwathMode.idl
-- Installing: /home/ws/install/opennav_coverage_msgs/share/opennav_coverage_msgs/msg/RouteMode.idl
-- Installing: /home/ws/install/opennav_coverage_msgs/share/opennav_coverage_msgs/msg/PathMode.idl
-- Installing: /home/ws/install/opennav_coverage_msgs/share/opennav_coverage_msgs/msg/Swath.idl
-- Installing: /home/ws/install/opennav_coverage_msgs/share/opennav_coverage_msgs/msg/PathComponents.idl
-- Installing: /home/ws/install/opennav_coverage_msgs/share/opennav_coverage_msgs/action/ComputeCoveragePath.idl
-- Installing: /home/ws/install/opennav_coverage_msgs/share/opennav_coverage_msgs/action/NavigateCompleteCoverage.idl
-- Installing: /home/ws/install/opennav_coverage_msgs/share/opennav_coverage_msgs/msg/Coordinate.msg
-- Installing: /home/ws/install/opennav_coverage_msgs/share/opennav_coverage_msgs/msg/Coordinates.msg
-- Installing: /home/ws/install/opennav_coverage_msgs/share/opennav_coverage_msgs/msg/HeadlandMode.msg
-- Installing: /home/ws/install/opennav_coverage_msgs/share/opennav_coverage_msgs/msg/SwathMode.msg
-- Installing: /home/ws/install/opennav_coverage_msgs/share/opennav_coverage_msgs/msg/RowSwathMode.msg
-- Installing: /home/ws/install/opennav_coverage_msgs/share/opennav_coverage_msgs/msg/RouteMode.msg
-- Installing: /home/ws/install/opennav_coverage_msgs/share/opennav_coverage_msgs/msg/PathMode.msg
-- Installing: /home/ws/install/opennav_coverage_msgs/share/opennav_coverage_msgs/msg/Swath.msg
-- Installing: /home/ws/install/opennav_coverage_msgs/share/opennav_coverage_msgs/msg/PathComponents.msg
-- Installing: /home/ws/install/opennav_coverage_msgs/share/opennav_coverage_msgs/action/ComputeCoveragePath.action
-- Installing: /home/ws/install/opennav_coverage_msgs/share/opennav_coverage_msgs/action/NavigateCompleteCoverage.action
-- Installing: /home/ws/install/opennav_coverage_msgs/share/ament_index/resource_index/package_run_dependencies/opennav_coverage_msgs
-- Installing: /home/ws/install/opennav_coverage_msgs/share/ament_index/resource_index/parent_prefix_path/opennav_coverage_msgs
-- Installing: /home/ws/install/opennav_coverage_msgs/share/opennav_coverage_msgs/environment/ament_prefix_path.sh
-- Installing: /home/ws/install/opennav_coverage_msgs/share/opennav_coverage_msgs/environment/ament_prefix_path.dsv
-- Installing: /home/ws/install/opennav_coverage_msgs/share/opennav_coverage_msgs/environment/path.sh
-- Installing: /home/ws/install/opennav_coverage_msgs/share/opennav_coverage_msgs/environment/path.dsv
-- Installing: /home/ws/install/opennav_coverage_msgs/share/opennav_coverage_msgs/local_setup.bash
-- Installing: /home/ws/install/opennav_coverage_msgs/share/opennav_coverage_msgs/local_setup.sh
-- Installing: /home/ws/install/opennav_coverage_msgs/share/opennav_coverage_msgs/local_setup.zsh
-- Installing: /home/ws/install/opennav_coverage_msgs/share/opennav_coverage_msgs/local_setup.dsv
-- Installing: /home/ws/install/opennav_coverage_msgs/share/opennav_coverage_msgs/package.dsv
-- Installing: /home/ws/install/opennav_coverage_msgs/share/ament_index/resource_index/packages/opennav_coverage_msgs
-- Installing: /home/ws/install/opennav_coverage_msgs/share/opennav_coverage_msgs/cmake/export_opennav_coverage_msgs__rosidl_generator_cExport.cmake
-- Installing: /home/ws/install/opennav_coverage_msgs/share/opennav_coverage_msgs/cmake/export_opennav_coverage_msgs__rosidl_generator_cExport-noconfig.cmake
-- Installing: /home/ws/install/opennav_coverage_msgs/share/opennav_coverage_msgs/cmake/export_opennav_coverage_msgs__rosidl_typesupport_fastrtps_cExport.cmake
-- Installing: /home/ws/install/opennav_coverage_msgs/share/opennav_coverage_msgs/cmake/export_opennav_coverage_msgs__rosidl_typesupport_fastrtps_cExport-noconfig.cmake
-- Installing: /home/ws/install/opennav_coverage_msgs/share/opennav_coverage_msgs/cmake/export_opennav_coverage_msgs__rosidl_generator_cppExport.cmake
-- Installing: /home/ws/install/opennav_coverage_msgs/share/opennav_coverage_msgs/cmake/export_opennav_coverage_msgs__rosidl_typesupport_fastrtps_cppExport.cmake
-- Installing: /home/ws/install/opennav_coverage_msgs/share/opennav_coverage_msgs/cmake/export_opennav_coverage_msgs__rosidl_typesupport_fastrtps_cppExport-noconfig.cmake
-- Installing: /home/ws/install/opennav_coverage_msgs/share/opennav_coverage_msgs/cmake/opennav_coverage_msgs__rosidl_typesupport_introspection_cExport.cmake
-- Installing: /home/ws/install/opennav_coverage_msgs/share/opennav_coverage_msgs/cmake/opennav_coverage_msgs__rosidl_typesupport_introspection_cExport-noconfig.cmake
-- Installing: /home/ws/install/opennav_coverage_msgs/share/opennav_coverage_msgs/cmake/opennav_coverage_msgs__rosidl_typesupport_cExport.cmake
-- Installing: /home/ws/install/opennav_coverage_msgs/share/opennav_coverage_msgs/cmake/opennav_coverage_msgs__rosidl_typesupport_cExport-noconfig.cmake
-- Installing: /home/ws/install/opennav_coverage_msgs/share/opennav_coverage_msgs/cmake/opennav_coverage_msgs__rosidl_typesupport_introspection_cppExport.cmake
-- Installing: /home/ws/install/opennav_coverage_msgs/share/opennav_coverage_msgs/cmake/opennav_coverage_msgs__rosidl_typesupport_introspection_cppExport-noconfig.cmake
-- Installing: /home/ws/install/opennav_coverage_msgs/share/opennav_coverage_msgs/cmake/opennav_coverage_msgs__rosidl_typesupport_cppExport.cmake
-- Installing: /home/ws/install/opennav_coverage_msgs/share/opennav_coverage_msgs/cmake/opennav_coverage_msgs__rosidl_typesupport_cppExport-noconfig.cmake
-- Installing: /home/ws/install/opennav_coverage_msgs/share/opennav_coverage_msgs/cmake/export_opennav_coverage_msgs__rosidl_generator_pyExport.cmake
-- Installing: /home/ws/install/opennav_coverage_msgs/share/opennav_coverage_msgs/cmake/export_opennav_coverage_msgs__rosidl_generator_pyExport-noconfig.cmake
-- Installing: /home/ws/install/opennav_coverage_msgs/share/opennav_coverage_msgs/cmake/rosidl_cmake-extras.cmake
-- Installing: /home/ws/install/opennav_coverage_msgs/share/opennav_coverage_msgs/cmake/ament_cmake_export_dependencies-extras.cmake
-- Installing: /home/ws/install/opennav_coverage_msgs/share/opennav_coverage_msgs/cmake/ament_cmake_export_include_directories-extras.cmake
-- Installing: /home/ws/install/opennav_coverage_msgs/share/opennav_coverage_msgs/cmake/ament_cmake_export_libraries-extras.cmake
-- Installing: /home/ws/install/opennav_coverage_msgs/share/opennav_coverage_msgs/cmake/ament_cmake_export_targets-extras.cmake
-- Installing: /home/ws/install/opennav_coverage_msgs/share/opennav_coverage_msgs/cmake/rosidl_cmake_export_typesupport_targets-extras.cmake
-- Installing: /home/ws/install/opennav_coverage_msgs/share/opennav_coverage_msgs/cmake/rosidl_cmake_export_typesupport_libraries-extras.cmake
-- Installing: /home/ws/install/opennav_coverage_msgs/share/opennav_coverage_msgs/cmake/opennav_coverage_msgsConfig.cmake
-- Installing: /home/ws/install/opennav_coverage_msgs/share/opennav_coverage_msgs/cmake/opennav_coverage_msgsConfig-version.cmake
-- Installing: /home/ws/install/opennav_coverage_msgs/share/opennav_coverage_msgs/package.xml
