[0.009s] Invoking command in '/home/ws/build/opennav_coverage_msgs': CMAKE_PREFIX_PATH=${CMAKE_PREFIX_PATH}:/opt/ros/jazzy /usr/bin/cmake /home/ws/src/opennav_coverage/opennav_coverage_msgs -DCMAKE_INSTALL_PREFIX=/home/ws/install/opennav_coverage_msgs
[0.052s] -- The C compiler identification is GNU 13.3.0
[0.090s] -- The CXX compiler identification is GNU 13.3.0
[0.102s] -- Detecting C compiler ABI info
[0.172s] -- Detecting C compiler ABI info - done
[0.178s] -- Check for working C compiler: /usr/bin/cc - skipped
[0.179s] -- Detecting C compile features
[0.179s] -- Detecting C compile features - done
[0.187s] -- Detecting CXX compiler ABI info
[0.261s] -- Detecting CXX compiler ABI info - done
[0.267s] -- Check for working CXX compiler: /usr/bin/c++ - skipped
[0.267s] -- Detecting CXX compile features
[0.267s] -- Detecting CXX compile features - done
[0.272s] -- Found ament_cmake: 2.5.5 (/opt/ros/jazzy/share/ament_cmake/cmake)
[0.387s] -- Found Python3: /usr/bin/python3 (found version "3.12.3") found components: Interpreter 
[0.495s] -- Found builtin_interfaces: 2.0.3 (/opt/ros/jazzy/share/builtin_interfaces/cmake)
[0.542s] -- Found rosidl_generator_c: 4.6.7 (/opt/ros/jazzy/share/rosidl_generator_c/cmake)
[0.559s] -- Found rosidl_generator_cpp: 4.6.7 (/opt/ros/jazzy/share/rosidl_generator_cpp/cmake)
[0.578s] -- Using all available rosidl_typesupport_c: rosidl_typesupport_fastrtps_c;rosidl_typesupport_introspection_c
[0.597s] -- Using all available rosidl_typesupport_cpp: rosidl_typesupport_fastrtps_cpp;rosidl_typesupport_introspection_cpp
[0.617s] -- Found nav_msgs: 5.3.6 (/opt/ros/jazzy/share/nav_msgs/cmake)
[0.680s] -- Found rosidl_default_generators: 1.6.0 (/opt/ros/jazzy/share/rosidl_default_generators/cmake)
[0.702s] -- Found rosidl_adapter: 4.6.7 (/opt/ros/jazzy/share/rosidl_adapter/cmake)
[0.708s] -- Found action_msgs: 2.0.3 (/opt/ros/jazzy/share/action_msgs/cmake)
[1.170s] -- Found ament_cmake_ros: 0.12.0 (/opt/ros/jazzy/share/ament_cmake_ros/cmake)
[1.740s] -- Using all available rosidl_typesupport_c: rosidl_typesupport_fastrtps_c;rosidl_typesupport_introspection_c
[1.969s] -- Using all available rosidl_typesupport_cpp: rosidl_typesupport_fastrtps_cpp;rosidl_typesupport_introspection_cpp
[1.974s] -- Found python_cmake_module: 0.11.1 (/opt/ros/jazzy/share/python_cmake_module/cmake)
[2.065s] -- Found PythonExtra: /usr/bin/python3  
[2.354s] -- Found Python3: /usr/bin/python3 (found version "3.12.3") found components: Interpreter Development NumPy Development.Module Development.Embed 
[2.400s] -- Configuring done (2.4s)
[2.445s] -- Generating done (0.0s)
[2.454s] -- Build files have been written to: /home/ws/build/opennav_coverage_msgs
[2.461s] Invoked command in '/home/ws/build/opennav_coverage_msgs' returned '0': CMAKE_PREFIX_PATH=${CMAKE_PREFIX_PATH}:/opt/ros/jazzy /usr/bin/cmake /home/ws/src/opennav_coverage/opennav_coverage_msgs -DCMAKE_INSTALL_PREFIX=/home/ws/install/opennav_coverage_msgs
[2.462s] Invoking command in '/home/ws/build/opennav_coverage_msgs': CMAKE_PREFIX_PATH=${CMAKE_PREFIX_PATH}:/opt/ros/jazzy /usr/bin/cmake --build /home/ws/build/opennav_coverage_msgs -- -j12 -l12
[2.516s] [  1%] [34m[1mGenerating type hashes for ROS interfaces[0m
[2.524s] [  1%] Built target ament_cmake_python_copy_opennav_coverage_msgs
[2.650s] running egg_info
[2.650s] creating opennav_coverage_msgs.egg-info
[2.660s] writing opennav_coverage_msgs.egg-info/PKG-INFO
[2.660s] writing dependency_links to opennav_coverage_msgs.egg-info/dependency_links.txt
[2.660s] writing top-level names to opennav_coverage_msgs.egg-info/top_level.txt
[2.660s] writing manifest file 'opennav_coverage_msgs.egg-info/SOURCES.txt'
[2.688s] reading manifest file 'opennav_coverage_msgs.egg-info/SOURCES.txt'
[2.689s] writing manifest file 'opennav_coverage_msgs.egg-info/SOURCES.txt'
[2.712s] [  1%] Built target ament_cmake_python_build_opennav_coverage_msgs_egg
[2.904s] [  1%] Built target opennav_coverage_msgs__rosidl_generator_type_description
[2.915s] [  2%] [34m[1mGenerating C code for ROS interfaces[0m
[2.926s] [  2%] [34m[1mGenerating C++ code for ROS interfaces[0m
[3.769s] [  2%] Built target opennav_coverage_msgs__cpp
[3.905s] [  2%] [32mBuilding C object CMakeFiles/opennav_coverage_msgs__rosidl_generator_c.dir/rosidl_generator_c/opennav_coverage_msgs/msg/detail/coordinate__description.c.o[0m
[3.905s] [  3%] [32mBuilding C object CMakeFiles/opennav_coverage_msgs__rosidl_generator_c.dir/rosidl_generator_c/opennav_coverage_msgs/msg/detail/coordinate__type_support.c.o[0m
[3.905s] [  4%] [32mBuilding C object CMakeFiles/opennav_coverage_msgs__rosidl_generator_c.dir/rosidl_generator_c/opennav_coverage_msgs/msg/detail/headland_mode__description.c.o[0m
[3.905s] [  5%] [32mBuilding C object CMakeFiles/opennav_coverage_msgs__rosidl_generator_c.dir/rosidl_generator_c/opennav_coverage_msgs/msg/detail/coordinates__type_support.c.o[0m
[3.905s] [  6%] [32mBuilding C object CMakeFiles/opennav_coverage_msgs__rosidl_generator_c.dir/rosidl_generator_c/opennav_coverage_msgs/msg/detail/coordinate__functions.c.o[0m
[3.905s] [  7%] [32mBuilding C object CMakeFiles/opennav_coverage_msgs__rosidl_generator_c.dir/rosidl_generator_c/opennav_coverage_msgs/msg/detail/swath_mode__description.c.o[0m
[3.906s] [  7%] [32mBuilding C object CMakeFiles/opennav_coverage_msgs__rosidl_generator_c.dir/rosidl_generator_c/opennav_coverage_msgs/msg/detail/headland_mode__type_support.c.o[0m
[3.906s] [  8%] [32mBuilding C object CMakeFiles/opennav_coverage_msgs__rosidl_generator_c.dir/rosidl_generator_c/opennav_coverage_msgs/msg/detail/coordinates__functions.c.o[0m
[3.906s] [  8%] [32mBuilding C object CMakeFiles/opennav_coverage_msgs__rosidl_generator_c.dir/rosidl_generator_c/opennav_coverage_msgs/msg/detail/headland_mode__functions.c.o[0m
[3.906s] [ 10%] [32mBuilding C object CMakeFiles/opennav_coverage_msgs__rosidl_generator_c.dir/rosidl_generator_c/opennav_coverage_msgs/msg/detail/coordinates__description.c.o[0m
[3.906s] [ 10%] [32mBuilding C object CMakeFiles/opennav_coverage_msgs__rosidl_generator_c.dir/rosidl_generator_c/opennav_coverage_msgs/msg/detail/swath_mode__functions.c.o[0m
[3.914s] [ 11%] [32mBuilding C object CMakeFiles/opennav_coverage_msgs__rosidl_generator_c.dir/rosidl_generator_c/opennav_coverage_msgs/msg/detail/swath_mode__type_support.c.o[0m
[3.941s] [ 12%] [32mBuilding C object CMakeFiles/opennav_coverage_msgs__rosidl_generator_c.dir/rosidl_generator_c/opennav_coverage_msgs/msg/detail/row_swath_mode__functions.c.o[0m
[3.943s] [ 12%] [32mBuilding C object CMakeFiles/opennav_coverage_msgs__rosidl_generator_c.dir/rosidl_generator_c/opennav_coverage_msgs/msg/detail/row_swath_mode__description.c.o[0m
[3.944s] [ 13%] [32mBuilding C object CMakeFiles/opennav_coverage_msgs__rosidl_generator_c.dir/rosidl_generator_c/opennav_coverage_msgs/msg/detail/row_swath_mode__type_support.c.o[0m
[3.945s] [ 14%] [32mBuilding C object CMakeFiles/opennav_coverage_msgs__rosidl_generator_c.dir/rosidl_generator_c/opennav_coverage_msgs/msg/detail/route_mode__description.c.o[0m
[3.947s] [ 14%] [32mBuilding C object CMakeFiles/opennav_coverage_msgs__rosidl_generator_c.dir/rosidl_generator_c/opennav_coverage_msgs/msg/detail/route_mode__functions.c.o[0m
[3.948s] [ 15%] [32mBuilding C object CMakeFiles/opennav_coverage_msgs__rosidl_generator_c.dir/rosidl_generator_c/opennav_coverage_msgs/msg/detail/route_mode__type_support.c.o[0m
[3.950s] [ 16%] [32mBuilding C object CMakeFiles/opennav_coverage_msgs__rosidl_generator_c.dir/rosidl_generator_c/opennav_coverage_msgs/msg/detail/path_mode__description.c.o[0m
[3.956s] [ 17%] [32mBuilding C object CMakeFiles/opennav_coverage_msgs__rosidl_generator_c.dir/rosidl_generator_c/opennav_coverage_msgs/msg/detail/path_mode__functions.c.o[0m
[3.957s] [ 17%] [32mBuilding C object CMakeFiles/opennav_coverage_msgs__rosidl_generator_c.dir/rosidl_generator_c/opennav_coverage_msgs/msg/detail/path_mode__type_support.c.o[0m
[3.957s] [ 18%] [32mBuilding C object CMakeFiles/opennav_coverage_msgs__rosidl_generator_c.dir/rosidl_generator_c/opennav_coverage_msgs/msg/detail/swath__description.c.o[0m
[3.958s] [ 19%] [32mBuilding C object CMakeFiles/opennav_coverage_msgs__rosidl_generator_c.dir/rosidl_generator_c/opennav_coverage_msgs/msg/detail/swath__functions.c.o[0m
[3.961s] [ 20%] [32mBuilding C object CMakeFiles/opennav_coverage_msgs__rosidl_generator_c.dir/rosidl_generator_c/opennav_coverage_msgs/msg/detail/swath__type_support.c.o[0m
[3.986s] [ 20%] [32mBuilding C object CMakeFiles/opennav_coverage_msgs__rosidl_generator_c.dir/rosidl_generator_c/opennav_coverage_msgs/msg/detail/path_components__description.c.o[0m
[3.987s] [ 21%] [32mBuilding C object CMakeFiles/opennav_coverage_msgs__rosidl_generator_c.dir/rosidl_generator_c/opennav_coverage_msgs/msg/detail/path_components__type_support.c.o[0m
[3.987s] [ 22%] [32mBuilding C object CMakeFiles/opennav_coverage_msgs__rosidl_generator_c.dir/rosidl_generator_c/opennav_coverage_msgs/msg/detail/path_components__functions.c.o[0m
[3.994s] [ 23%] [32mBuilding C object CMakeFiles/opennav_coverage_msgs__rosidl_generator_c.dir/rosidl_generator_c/opennav_coverage_msgs/action/detail/compute_coverage_path__description.c.o[0m
[3.996s] [ 23%] [32mBuilding C object CMakeFiles/opennav_coverage_msgs__rosidl_generator_c.dir/rosidl_generator_c/opennav_coverage_msgs/action/detail/compute_coverage_path__functions.c.o[0m
[4.003s] [ 26%] [32mBuilding C object CMakeFiles/opennav_coverage_msgs__rosidl_generator_c.dir/rosidl_generator_c/opennav_coverage_msgs/action/detail/navigate_complete_coverage__functions.c.o[0m
[4.003s] [ 26%] [32mBuilding C object CMakeFiles/opennav_coverage_msgs__rosidl_generator_c.dir/rosidl_generator_c/opennav_coverage_msgs/action/detail/navigate_complete_coverage__type_support.c.o[0m
[4.004s] [ 26%] [32mBuilding C object CMakeFiles/opennav_coverage_msgs__rosidl_generator_c.dir/rosidl_generator_c/opennav_coverage_msgs/action/detail/navigate_complete_coverage__description.c.o[0m
[4.004s] [ 26%] [32mBuilding C object CMakeFiles/opennav_coverage_msgs__rosidl_generator_c.dir/rosidl_generator_c/opennav_coverage_msgs/action/detail/compute_coverage_path__type_support.c.o[0m
[4.110s] [ 27%] [32m[1mLinking C shared library libopennav_coverage_msgs__rosidl_generator_c.so[0m
[4.147s] [ 27%] Built target opennav_coverage_msgs__rosidl_generator_c
[4.157s] [ 30%] [34m[1mGenerating C type support dispatch for ROS interfaces[0m
[4.157s] [ 30%] [34m[1mGenerating C introspection for ROS interfaces[0m
[4.157s] [ 30%] [34m[1mGenerating C++ type support for eProsima Fast-RTPS[0m
[4.157s] [ 30%] [34m[1mGenerating C++ type support dispatch for ROS interfaces[0m
[4.157s] [ 30%] [34m[1mGenerating C type support for eProsima Fast-RTPS[0m
[4.157s] [ 31%] [34m[1mGenerating C++ introspection for ROS interfaces[0m
[4.700s] [ 32%] [32mBuilding CXX object CMakeFiles/opennav_coverage_msgs__rosidl_typesupport_c.dir/rosidl_typesupport_c/opennav_coverage_msgs/msg/coordinate__type_support.cpp.o[0m
[4.700s] [ 32%] [32mBuilding CXX object CMakeFiles/opennav_coverage_msgs__rosidl_typesupport_c.dir/rosidl_typesupport_c/opennav_coverage_msgs/msg/headland_mode__type_support.cpp.o[0m
[4.700s] [ 33%] [32mBuilding CXX object CMakeFiles/opennav_coverage_msgs__rosidl_typesupport_c.dir/rosidl_typesupport_c/opennav_coverage_msgs/msg/coordinates__type_support.cpp.o[0m
[4.701s] [ 33%] [32mBuilding CXX object CMakeFiles/opennav_coverage_msgs__rosidl_typesupport_c.dir/rosidl_typesupport_c/opennav_coverage_msgs/msg/row_swath_mode__type_support.cpp.o[0m
[4.703s] [ 34%] [32mBuilding CXX object CMakeFiles/opennav_coverage_msgs__rosidl_typesupport_c.dir/rosidl_typesupport_c/opennav_coverage_msgs/msg/route_mode__type_support.cpp.o[0m
[4.703s] [ 35%] [32mBuilding CXX object CMakeFiles/opennav_coverage_msgs__rosidl_typesupport_c.dir/rosidl_typesupport_c/opennav_coverage_msgs/msg/path_mode__type_support.cpp.o[0m
[4.703s] [ 36%] [32mBuilding CXX object CMakeFiles/opennav_coverage_msgs__rosidl_typesupport_c.dir/rosidl_typesupport_c/opennav_coverage_msgs/msg/swath_mode__type_support.cpp.o[0m
[4.712s] [ 37%] [32mBuilding CXX object CMakeFiles/opennav_coverage_msgs__rosidl_typesupport_cpp.dir/rosidl_typesupport_cpp/opennav_coverage_msgs/msg/coordinate__type_support.cpp.o[0m
[4.760s] [ 39%] [32mBuilding CXX object CMakeFiles/opennav_coverage_msgs__rosidl_typesupport_c.dir/rosidl_typesupport_c/opennav_coverage_msgs/msg/swath__type_support.cpp.o[0m
[4.760s] [ 39%] [32mBuilding CXX object CMakeFiles/opennav_coverage_msgs__rosidl_typesupport_cpp.dir/rosidl_typesupport_cpp/opennav_coverage_msgs/msg/coordinates__type_support.cpp.o[0m
[4.765s] [ 40%] [32mBuilding CXX object CMakeFiles/opennav_coverage_msgs__rosidl_typesupport_cpp.dir/rosidl_typesupport_cpp/opennav_coverage_msgs/msg/headland_mode__type_support.cpp.o[0m
[4.766s] [ 41%] [32mBuilding CXX object CMakeFiles/opennav_coverage_msgs__rosidl_typesupport_c.dir/rosidl_typesupport_c/opennav_coverage_msgs/action/compute_coverage_path__type_support.cpp.o[0m
[4.766s] [ 41%] [32mBuilding CXX object CMakeFiles/opennav_coverage_msgs__rosidl_typesupport_c.dir/rosidl_typesupport_c/opennav_coverage_msgs/msg/path_components__type_support.cpp.o[0m
[4.767s] [ 42%] [32mBuilding CXX object CMakeFiles/opennav_coverage_msgs__rosidl_typesupport_c.dir/rosidl_typesupport_c/opennav_coverage_msgs/action/navigate_complete_coverage__type_support.cpp.o[0m
[4.770s] [ 42%] [32mBuilding CXX object CMakeFiles/opennav_coverage_msgs__rosidl_typesupport_cpp.dir/rosidl_typesupport_cpp/opennav_coverage_msgs/msg/swath_mode__type_support.cpp.o[0m
[4.834s] [ 43%] [32mBuilding CXX object CMakeFiles/opennav_coverage_msgs__rosidl_typesupport_cpp.dir/rosidl_typesupport_cpp/opennav_coverage_msgs/msg/row_swath_mode__type_support.cpp.o[0m
[4.855s] [ 44%] [32mBuilding CXX object CMakeFiles/opennav_coverage_msgs__rosidl_typesupport_cpp.dir/rosidl_typesupport_cpp/opennav_coverage_msgs/msg/route_mode__type_support.cpp.o[0m
[4.865s] [ 45%] [32m[1mLinking CXX shared library libopennav_coverage_msgs__rosidl_typesupport_c.so[0m
[4.912s] [ 45%] [32mBuilding CXX object CMakeFiles/opennav_coverage_msgs__rosidl_typesupport_cpp.dir/rosidl_typesupport_cpp/opennav_coverage_msgs/msg/path_mode__type_support.cpp.o[0m
[4.947s] [ 45%] Built target opennav_coverage_msgs__rosidl_typesupport_c
[4.958s] [ 46%] [32mBuilding CXX object CMakeFiles/opennav_coverage_msgs__rosidl_typesupport_cpp.dir/rosidl_typesupport_cpp/opennav_coverage_msgs/msg/swath__type_support.cpp.o[0m
[5.059s] [ 47%] [32mBuilding CXX object CMakeFiles/opennav_coverage_msgs__rosidl_typesupport_cpp.dir/rosidl_typesupport_cpp/opennav_coverage_msgs/msg/path_components__type_support.cpp.o[0m
[5.092s] [ 48%] [32mBuilding CXX object CMakeFiles/opennav_coverage_msgs__rosidl_typesupport_cpp.dir/rosidl_typesupport_cpp/opennav_coverage_msgs/action/compute_coverage_path__type_support.cpp.o[0m
[5.114s] [ 49%] [32mBuilding CXX object CMakeFiles/opennav_coverage_msgs__rosidl_typesupport_introspection_cpp.dir/rosidl_typesupport_introspection_cpp/opennav_coverage_msgs/msg/detail/coordinate__type_support.cpp.o[0m
[5.147s] [ 50%] [32mBuilding CXX object CMakeFiles/opennav_coverage_msgs__rosidl_typesupport_cpp.dir/rosidl_typesupport_cpp/opennav_coverage_msgs/action/navigate_complete_coverage__type_support.cpp.o[0m
[5.148s] [ 50%] [32mBuilding CXX object CMakeFiles/opennav_coverage_msgs__rosidl_typesupport_introspection_cpp.dir/rosidl_typesupport_introspection_cpp/opennav_coverage_msgs/msg/detail/coordinates__type_support.cpp.o[0m
[5.154s] [ 51%] [32mBuilding CXX object CMakeFiles/opennav_coverage_msgs__rosidl_typesupport_introspection_cpp.dir/rosidl_typesupport_introspection_cpp/opennav_coverage_msgs/msg/detail/swath_mode__type_support.cpp.o[0m
[5.156s] [ 51%] [32mBuilding CXX object CMakeFiles/opennav_coverage_msgs__rosidl_typesupport_introspection_cpp.dir/rosidl_typesupport_introspection_cpp/opennav_coverage_msgs/msg/detail/headland_mode__type_support.cpp.o[0m
[5.171s] [ 52%] [32mBuilding C object CMakeFiles/opennav_coverage_msgs__rosidl_typesupport_introspection_c.dir/rosidl_typesupport_introspection_c/opennav_coverage_msgs/msg/detail/coordinate__type_support.c.o[0m
[5.219s] [ 53%] [32mBuilding C object CMakeFiles/opennav_coverage_msgs__rosidl_typesupport_introspection_c.dir/rosidl_typesupport_introspection_c/opennav_coverage_msgs/msg/detail/coordinates__type_support.c.o[0m
[5.221s] [ 54%] [32mBuilding CXX object CMakeFiles/opennav_coverage_msgs__rosidl_typesupport_introspection_cpp.dir/rosidl_typesupport_introspection_cpp/opennav_coverage_msgs/msg/detail/row_swath_mode__type_support.cpp.o[0m
[5.283s] [ 55%] [32mBuilding C object CMakeFiles/opennav_coverage_msgs__rosidl_typesupport_introspection_c.dir/rosidl_typesupport_introspection_c/opennav_coverage_msgs/msg/detail/headland_mode__type_support.c.o[0m
[5.310s] [ 55%] [32mBuilding C object CMakeFiles/opennav_coverage_msgs__rosidl_typesupport_introspection_c.dir/rosidl_typesupport_introspection_c/opennav_coverage_msgs/msg/detail/swath_mode__type_support.c.o[0m
[5.368s] [ 56%] [32mBuilding CXX object CMakeFiles/opennav_coverage_msgs__rosidl_typesupport_introspection_cpp.dir/rosidl_typesupport_introspection_cpp/opennav_coverage_msgs/msg/detail/route_mode__type_support.cpp.o[0m
[5.376s] [ 57%] [32mBuilding C object CMakeFiles/opennav_coverage_msgs__rosidl_typesupport_introspection_c.dir/rosidl_typesupport_introspection_c/opennav_coverage_msgs/msg/detail/row_swath_mode__type_support.c.o[0m
[5.447s] [ 58%] [32mBuilding C object CMakeFiles/opennav_coverage_msgs__rosidl_typesupport_introspection_c.dir/rosidl_typesupport_introspection_c/opennav_coverage_msgs/msg/detail/path_mode__type_support.c.o[0m
[5.448s] [ 59%] [32mBuilding C object CMakeFiles/opennav_coverage_msgs__rosidl_typesupport_introspection_c.dir/rosidl_typesupport_introspection_c/opennav_coverage_msgs/msg/detail/route_mode__type_support.c.o[0m
[5.460s] [ 59%] [32mBuilding C object CMakeFiles/opennav_coverage_msgs__rosidl_typesupport_introspection_c.dir/rosidl_typesupport_introspection_c/opennav_coverage_msgs/msg/detail/swath__type_support.c.o[0m
[5.486s] [ 59%] [32mBuilding CXX object CMakeFiles/opennav_coverage_msgs__rosidl_typesupport_introspection_cpp.dir/rosidl_typesupport_introspection_cpp/opennav_coverage_msgs/msg/detail/path_mode__type_support.cpp.o[0m
[5.488s] [ 60%] [32mBuilding CXX object CMakeFiles/opennav_coverage_msgs__rosidl_typesupport_introspection_cpp.dir/rosidl_typesupport_introspection_cpp/opennav_coverage_msgs/msg/detail/swath__type_support.cpp.o[0m
[5.518s] [ 62%] [32mBuilding C object CMakeFiles/opennav_coverage_msgs__rosidl_typesupport_introspection_c.dir/rosidl_typesupport_introspection_c/opennav_coverage_msgs/msg/detail/path_components__type_support.c.o[0m
[5.518s] [ 62%] [32mBuilding CXX object CMakeFiles/opennav_coverage_msgs__rosidl_typesupport_introspection_cpp.dir/rosidl_typesupport_introspection_cpp/opennav_coverage_msgs/msg/detail/path_components__type_support.cpp.o[0m
[5.540s] [ 63%] [32mBuilding CXX object CMakeFiles/opennav_coverage_msgs__rosidl_typesupport_introspection_cpp.dir/rosidl_typesupport_introspection_cpp/opennav_coverage_msgs/action/detail/compute_coverage_path__type_support.cpp.o[0m
[5.568s] [ 64%] [32mBuilding C object CMakeFiles/opennav_coverage_msgs__rosidl_typesupport_introspection_c.dir/rosidl_typesupport_introspection_c/opennav_coverage_msgs/action/detail/compute_coverage_path__type_support.c.o[0m
[5.576s] [ 65%] [32mBuilding C object CMakeFiles/opennav_coverage_msgs__rosidl_typesupport_introspection_c.dir/rosidl_typesupport_introspection_c/opennav_coverage_msgs/action/detail/navigate_complete_coverage__type_support.c.o[0m
[5.576s] [ 65%] [32mBuilding CXX object CMakeFiles/opennav_coverage_msgs__rosidl_typesupport_introspection_cpp.dir/rosidl_typesupport_introspection_cpp/opennav_coverage_msgs/action/detail/navigate_complete_coverage__type_support.cpp.o[0m
[5.596s] [ 65%] [32mBuilding CXX object CMakeFiles/opennav_coverage_msgs__rosidl_typesupport_fastrtps_cpp.dir/rosidl_typesupport_fastrtps_cpp/opennav_coverage_msgs/msg/detail/dds_fastrtps/coordinate__type_support.cpp.o[0m
[5.657s] [ 66%] [32mBuilding CXX object CMakeFiles/opennav_coverage_msgs__rosidl_typesupport_fastrtps_cpp.dir/rosidl_typesupport_fastrtps_cpp/opennav_coverage_msgs/msg/detail/dds_fastrtps/coordinates__type_support.cpp.o[0m
[5.661s] [ 66%] [32m[1mLinking C shared library libopennav_coverage_msgs__rosidl_typesupport_introspection_c.so[0m
[5.735s] [ 66%] Built target opennav_coverage_msgs__rosidl_typesupport_introspection_c
[5.752s] [ 67%] [32mBuilding CXX object CMakeFiles/opennav_coverage_msgs__rosidl_typesupport_fastrtps_cpp.dir/rosidl_typesupport_fastrtps_cpp/opennav_coverage_msgs/msg/detail/dds_fastrtps/headland_mode__type_support.cpp.o[0m
[5.760s] [ 68%] [32mBuilding CXX object CMakeFiles/opennav_coverage_msgs__rosidl_typesupport_fastrtps_c.dir/rosidl_typesupport_fastrtps_c/opennav_coverage_msgs/msg/detail/coordinate__type_support_c.cpp.o[0m
[5.763s] [ 69%] [32mBuilding CXX object CMakeFiles/opennav_coverage_msgs__rosidl_typesupport_fastrtps_cpp.dir/rosidl_typesupport_fastrtps_cpp/opennav_coverage_msgs/msg/detail/dds_fastrtps/swath_mode__type_support.cpp.o[0m
[5.770s] [ 69%] [32mBuilding CXX object CMakeFiles/opennav_coverage_msgs__rosidl_typesupport_fastrtps_cpp.dir/rosidl_typesupport_fastrtps_cpp/opennav_coverage_msgs/msg/detail/dds_fastrtps/row_swath_mode__type_support.cpp.o[0m
[5.860s] [ 70%] [32mBuilding CXX object CMakeFiles/opennav_coverage_msgs__rosidl_typesupport_fastrtps_cpp.dir/rosidl_typesupport_fastrtps_cpp/opennav_coverage_msgs/msg/detail/dds_fastrtps/route_mode__type_support.cpp.o[0m
[5.986s] [ 71%] [32mBuilding CXX object CMakeFiles/opennav_coverage_msgs__rosidl_typesupport_fastrtps_cpp.dir/rosidl_typesupport_fastrtps_cpp/opennav_coverage_msgs/msg/detail/dds_fastrtps/path_mode__type_support.cpp.o[0m
[6.053s] [ 72%] [32m[1mLinking CXX shared library libopennav_coverage_msgs__rosidl_typesupport_cpp.so[0m
[6.093s] [ 73%] [32mBuilding CXX object CMakeFiles/opennav_coverage_msgs__rosidl_typesupport_fastrtps_cpp.dir/rosidl_typesupport_fastrtps_cpp/opennav_coverage_msgs/msg/detail/dds_fastrtps/swath__type_support.cpp.o[0m
[6.151s] [ 73%] [32mBuilding CXX object CMakeFiles/opennav_coverage_msgs__rosidl_typesupport_fastrtps_c.dir/rosidl_typesupport_fastrtps_c/opennav_coverage_msgs/msg/detail/coordinates__type_support_c.cpp.o[0m
[6.197s] [ 73%] [32mBuilding CXX object CMakeFiles/opennav_coverage_msgs__rosidl_typesupport_fastrtps_cpp.dir/rosidl_typesupport_fastrtps_cpp/opennav_coverage_msgs/msg/detail/dds_fastrtps/path_components__type_support.cpp.o[0m
[6.201s] [ 73%] Built target opennav_coverage_msgs__rosidl_typesupport_cpp
[6.230s] [ 74%] [32mBuilding CXX object CMakeFiles/opennav_coverage_msgs__rosidl_typesupport_fastrtps_cpp.dir/rosidl_typesupport_fastrtps_cpp/opennav_coverage_msgs/action/detail/dds_fastrtps/compute_coverage_path__type_support.cpp.o[0m
[6.243s] [ 75%] [32mBuilding CXX object CMakeFiles/opennav_coverage_msgs__rosidl_typesupport_fastrtps_cpp.dir/rosidl_typesupport_fastrtps_cpp/opennav_coverage_msgs/action/detail/dds_fastrtps/navigate_complete_coverage__type_support.cpp.o[0m
[6.244s] [ 76%] [32mBuilding CXX object CMakeFiles/opennav_coverage_msgs__rosidl_typesupport_fastrtps_c.dir/rosidl_typesupport_fastrtps_c/opennav_coverage_msgs/msg/detail/headland_mode__type_support_c.cpp.o[0m
[6.304s] [ 77%] [32mBuilding CXX object CMakeFiles/opennav_coverage_msgs__rosidl_typesupport_fastrtps_c.dir/rosidl_typesupport_fastrtps_c/opennav_coverage_msgs/msg/detail/swath_mode__type_support_c.cpp.o[0m
[6.322s] [ 78%] [32mBuilding CXX object CMakeFiles/opennav_coverage_msgs__rosidl_typesupport_fastrtps_c.dir/rosidl_typesupport_fastrtps_c/opennav_coverage_msgs/msg/detail/row_swath_mode__type_support_c.cpp.o[0m
[6.391s] [ 78%] [32mBuilding CXX object CMakeFiles/opennav_coverage_msgs__rosidl_typesupport_fastrtps_c.dir/rosidl_typesupport_fastrtps_c/opennav_coverage_msgs/msg/detail/route_mode__type_support_c.cpp.o[0m
[6.395s] [ 79%] [32mBuilding CXX object CMakeFiles/opennav_coverage_msgs__rosidl_typesupport_fastrtps_c.dir/rosidl_typesupport_fastrtps_c/opennav_coverage_msgs/msg/detail/path_mode__type_support_c.cpp.o[0m
[6.491s] [ 80%] [32mBuilding CXX object CMakeFiles/opennav_coverage_msgs__rosidl_typesupport_fastrtps_c.dir/rosidl_typesupport_fastrtps_c/opennav_coverage_msgs/msg/detail/swath__type_support_c.cpp.o[0m
[6.504s] [ 81%] [32mBuilding CXX object CMakeFiles/opennav_coverage_msgs__rosidl_typesupport_fastrtps_c.dir/rosidl_typesupport_fastrtps_c/opennav_coverage_msgs/msg/detail/path_components__type_support_c.cpp.o[0m
[6.606s] [ 81%] [32mBuilding CXX object CMakeFiles/opennav_coverage_msgs__rosidl_typesupport_fastrtps_c.dir/rosidl_typesupport_fastrtps_c/opennav_coverage_msgs/action/detail/compute_coverage_path__type_support_c.cpp.o[0m
[6.702s] [ 82%] [32m[1mLinking CXX shared library libopennav_coverage_msgs__rosidl_typesupport_introspection_cpp.so[0m
[6.724s] [ 83%] [32mBuilding CXX object CMakeFiles/opennav_coverage_msgs__rosidl_typesupport_fastrtps_c.dir/rosidl_typesupport_fastrtps_c/opennav_coverage_msgs/action/detail/navigate_complete_coverage__type_support_c.cpp.o[0m
[6.824s] [ 83%] Built target opennav_coverage_msgs__rosidl_typesupport_introspection_cpp
[7.118s] [ 84%] [32m[1mLinking CXX shared library libopennav_coverage_msgs__rosidl_typesupport_fastrtps_c.so[0m
[7.172s] [ 85%] [32m[1mLinking CXX shared library libopennav_coverage_msgs__rosidl_typesupport_fastrtps_cpp.so[0m
[7.177s] [ 85%] Built target opennav_coverage_msgs__rosidl_typesupport_fastrtps_c
[7.241s] [ 85%] Built target opennav_coverage_msgs__rosidl_typesupport_fastrtps_cpp
[7.261s] [ 85%] Built target opennav_coverage_msgs
[7.281s] [ 86%] [34m[1mGenerating Python code for ROS interfaces[0m
[8.541s] [ 86%] Built target opennav_coverage_msgs__py
[8.564s] [ 88%] [32mBuilding C object CMakeFiles/opennav_coverage_msgs__rosidl_generator_py.dir/rosidl_generator_py/opennav_coverage_msgs/msg/_coordinate_s.c.o[0m
[8.564s] [ 88%] [32mBuilding C object CMakeFiles/opennav_coverage_msgs__rosidl_generator_py.dir/rosidl_generator_py/opennav_coverage_msgs/msg/_headland_mode_s.c.o[0m
[8.564s] [ 90%] [32mBuilding C object CMakeFiles/opennav_coverage_msgs__rosidl_generator_py.dir/rosidl_generator_py/opennav_coverage_msgs/msg/_row_swath_mode_s.c.o[0m
[8.565s] [ 91%] [32mBuilding C object CMakeFiles/opennav_coverage_msgs__rosidl_generator_py.dir/rosidl_generator_py/opennav_coverage_msgs/msg/_path_components_s.c.o[0m
[8.565s] [ 91%] [32mBuilding C object CMakeFiles/opennav_coverage_msgs__rosidl_generator_py.dir/rosidl_generator_py/opennav_coverage_msgs/action/_navigate_complete_coverage_s.c.o[0m
[8.565s] [ 92%] [32mBuilding C object CMakeFiles/opennav_coverage_msgs__rosidl_generator_py.dir/rosidl_generator_py/opennav_coverage_msgs/msg/_swath_s.c.o[0m
[8.565s] [ 93%] [32mBuilding C object CMakeFiles/opennav_coverage_msgs__rosidl_generator_py.dir/rosidl_generator_py/opennav_coverage_msgs/action/_compute_coverage_path_s.c.o[0m
[8.565s] [ 93%] [32mBuilding C object CMakeFiles/opennav_coverage_msgs__rosidl_generator_py.dir/rosidl_generator_py/opennav_coverage_msgs/msg/_swath_mode_s.c.o[0m
[8.565s] [ 88%] [32mBuilding C object CMakeFiles/opennav_coverage_msgs__rosidl_generator_py.dir/rosidl_generator_py/opennav_coverage_msgs/msg/_path_mode_s.c.o[0m
[8.565s] [ 93%] [32mBuilding C object CMakeFiles/opennav_coverage_msgs__rosidl_generator_py.dir/rosidl_generator_py/opennav_coverage_msgs/msg/_route_mode_s.c.o[0m
[8.568s] [ 94%] [32mBuilding C object CMakeFiles/opennav_coverage_msgs__rosidl_generator_py.dir/rosidl_generator_py/opennav_coverage_msgs/msg/_coordinates_s.c.o[0m
[8.794s] [ 95%] [32m[1mLinking C shared library libopennav_coverage_msgs__rosidl_generator_py.so[0m
[8.838s] [ 95%] Built target opennav_coverage_msgs__rosidl_generator_py
[8.855s] [ 97%] [32mBuilding C object CMakeFiles/opennav_coverage_msgs_s__rosidl_typesupport_introspection_c.dir/rosidl_generator_py/opennav_coverage_msgs/_opennav_coverage_msgs_s.ep.rosidl_typesupport_introspection_c.c.o[0m
[8.856s] [ 97%] [32mBuilding C object CMakeFiles/opennav_coverage_msgs_s__rosidl_typesupport_fastrtps_c.dir/rosidl_generator_py/opennav_coverage_msgs/_opennav_coverage_msgs_s.ep.rosidl_typesupport_fastrtps_c.c.o[0m
[8.856s] [ 97%] [32mBuilding C object CMakeFiles/opennav_coverage_msgs_s__rosidl_typesupport_c.dir/rosidl_generator_py/opennav_coverage_msgs/_opennav_coverage_msgs_s.ep.rosidl_typesupport_c.c.o[0m
[8.973s] [ 99%] [32m[1mLinking C shared module rosidl_generator_py/opennav_coverage_msgs/opennav_coverage_msgs_s__rosidl_typesupport_introspection_c.so[0m
[8.973s] [ 99%] [32m[1mLinking C shared module rosidl_generator_py/opennav_coverage_msgs/opennav_coverage_msgs_s__rosidl_typesupport_c.so[0m
[8.975s] [100%] [32m[1mLinking C shared module rosidl_generator_py/opennav_coverage_msgs/opennav_coverage_msgs_s__rosidl_typesupport_fastrtps_c.so[0m
[9.004s] [100%] Built target opennav_coverage_msgs_s__rosidl_typesupport_c
[9.004s] [100%] Built target opennav_coverage_msgs_s__rosidl_typesupport_fastrtps_c
[9.007s] [100%] Built target opennav_coverage_msgs_s__rosidl_typesupport_introspection_c
[9.018s] Invoked command in '/home/ws/build/opennav_coverage_msgs' returned '0': CMAKE_PREFIX_PATH=${CMAKE_PREFIX_PATH}:/opt/ros/jazzy /usr/bin/cmake --build /home/ws/build/opennav_coverage_msgs -- -j12 -l12
[9.026s] Invoking command in '/home/ws/build/opennav_coverage_msgs': CMAKE_PREFIX_PATH=${CMAKE_PREFIX_PATH}:/opt/ros/jazzy /usr/bin/cmake --install /home/ws/build/opennav_coverage_msgs
[9.034s] -- Install configuration: ""
[9.034s] -- Installing: /home/ws/install/opennav_coverage_msgs/share/ament_index/resource_index/rosidl_interfaces/opennav_coverage_msgs
[9.034s] -- Installing: /home/ws/install/opennav_coverage_msgs/share/opennav_coverage_msgs/msg/Coordinate.json
[9.034s] -- Installing: /home/ws/install/opennav_coverage_msgs/share/opennav_coverage_msgs/msg/Coordinates.json
[9.034s] -- Installing: /home/ws/install/opennav_coverage_msgs/share/opennav_coverage_msgs/msg/HeadlandMode.json
[9.035s] -- Installing: /home/ws/install/opennav_coverage_msgs/share/opennav_coverage_msgs/msg/SwathMode.json
[9.035s] -- Installing: /home/ws/install/opennav_coverage_msgs/share/opennav_coverage_msgs/msg/RowSwathMode.json
[9.035s] -- Installing: /home/ws/install/opennav_coverage_msgs/share/opennav_coverage_msgs/msg/RouteMode.json
[9.035s] -- Installing: /home/ws/install/opennav_coverage_msgs/share/opennav_coverage_msgs/msg/PathMode.json
[9.035s] -- Installing: /home/ws/install/opennav_coverage_msgs/share/opennav_coverage_msgs/msg/Swath.json
[9.035s] -- Installing: /home/ws/install/opennav_coverage_msgs/share/opennav_coverage_msgs/msg/PathComponents.json
[9.035s] -- Installing: /home/ws/install/opennav_coverage_msgs/share/opennav_coverage_msgs/action/ComputeCoveragePath.json
[9.035s] -- Installing: /home/ws/install/opennav_coverage_msgs/share/opennav_coverage_msgs/action/NavigateCompleteCoverage.json
[9.035s] -- Installing: /home/ws/install/opennav_coverage_msgs/include/opennav_coverage_msgs/opennav_coverage_msgs
[9.035s] -- Installing: /home/ws/install/opennav_coverage_msgs/include/opennav_coverage_msgs/opennav_coverage_msgs/action
[9.035s] -- Installing: /home/ws/install/opennav_coverage_msgs/include/opennav_coverage_msgs/opennav_coverage_msgs/action/compute_coverage_path.h
[9.035s] -- Installing: /home/ws/install/opennav_coverage_msgs/include/opennav_coverage_msgs/opennav_coverage_msgs/action/navigate_complete_coverage.h
[9.036s] -- Installing: /home/ws/install/opennav_coverage_msgs/include/opennav_coverage_msgs/opennav_coverage_msgs/action/detail
[9.036s] -- Installing: /home/ws/install/opennav_coverage_msgs/include/opennav_coverage_msgs/opennav_coverage_msgs/action/detail/navigate_complete_coverage__struct.h
[9.036s] -- Installing: /home/ws/install/opennav_coverage_msgs/include/opennav_coverage_msgs/opennav_coverage_msgs/action/detail/navigate_complete_coverage__functions.h
[9.036s] -- Installing: /home/ws/install/opennav_coverage_msgs/include/opennav_coverage_msgs/opennav_coverage_msgs/action/detail/compute_coverage_path__functions.c
[9.036s] -- Installing: /home/ws/install/opennav_coverage_msgs/include/opennav_coverage_msgs/opennav_coverage_msgs/action/detail/navigate_complete_coverage__type_support.c
[9.036s] -- Installing: /home/ws/install/opennav_coverage_msgs/include/opennav_coverage_msgs/opennav_coverage_msgs/action/detail/compute_coverage_path__description.c
[9.036s] -- Installing: /home/ws/install/opennav_coverage_msgs/include/opennav_coverage_msgs/opennav_coverage_msgs/action/detail/compute_coverage_path__functions.h
[9.036s] -- Installing: /home/ws/install/opennav_coverage_msgs/include/opennav_coverage_msgs/opennav_coverage_msgs/action/detail/navigate_complete_coverage__description.c
[9.037s] -- Installing: /home/ws/install/opennav_coverage_msgs/include/opennav_coverage_msgs/opennav_coverage_msgs/action/detail/navigate_complete_coverage__type_support.h
[9.037s] -- Installing: /home/ws/install/opennav_coverage_msgs/include/opennav_coverage_msgs/opennav_coverage_msgs/action/detail/compute_coverage_path__type_support.h
[9.037s] -- Installing: /home/ws/install/opennav_coverage_msgs/include/opennav_coverage_msgs/opennav_coverage_msgs/action/detail/compute_coverage_path__type_support.c
[9.037s] -- Installing: /home/ws/install/opennav_coverage_msgs/include/opennav_coverage_msgs/opennav_coverage_msgs/action/detail/compute_coverage_path__struct.h
[9.037s] -- Installing: /home/ws/install/opennav_coverage_msgs/include/opennav_coverage_msgs/opennav_coverage_msgs/action/detail/navigate_complete_coverage__functions.c
[9.037s] -- Installing: /home/ws/install/opennav_coverage_msgs/include/opennav_coverage_msgs/opennav_coverage_msgs/msg
[9.037s] -- Installing: /home/ws/install/opennav_coverage_msgs/include/opennav_coverage_msgs/opennav_coverage_msgs/msg/path_mode.h
[9.037s] -- Installing: /home/ws/install/opennav_coverage_msgs/include/opennav_coverage_msgs/opennav_coverage_msgs/msg/headland_mode.h
[9.037s] -- Installing: /home/ws/install/opennav_coverage_msgs/include/opennav_coverage_msgs/opennav_coverage_msgs/msg/swath_mode.h
[9.037s] -- Installing: /home/ws/install/opennav_coverage_msgs/include/opennav_coverage_msgs/opennav_coverage_msgs/msg/coordinate.h
[9.037s] -- Installing: /home/ws/install/opennav_coverage_msgs/include/opennav_coverage_msgs/opennav_coverage_msgs/msg/path_components.h
[9.037s] -- Installing: /home/ws/install/opennav_coverage_msgs/include/opennav_coverage_msgs/opennav_coverage_msgs/msg/route_mode.h
[9.037s] -- Installing: /home/ws/install/opennav_coverage_msgs/include/opennav_coverage_msgs/opennav_coverage_msgs/msg/detail
[9.038s] -- Installing: /home/ws/install/opennav_coverage_msgs/include/opennav_coverage_msgs/opennav_coverage_msgs/msg/detail/path_components__description.c
[9.038s] -- Installing: /home/ws/install/opennav_coverage_msgs/include/opennav_coverage_msgs/opennav_coverage_msgs/msg/detail/path_mode__type_support.h
[9.038s] -- Installing: /home/ws/install/opennav_coverage_msgs/include/opennav_coverage_msgs/opennav_coverage_msgs/msg/detail/route_mode__type_support.h
[9.038s] -- Installing: /home/ws/install/opennav_coverage_msgs/include/opennav_coverage_msgs/opennav_coverage_msgs/msg/detail/swath_mode__functions.h
[9.038s] -- Installing: /home/ws/install/opennav_coverage_msgs/include/opennav_coverage_msgs/opennav_coverage_msgs/msg/detail/swath__description.c
[9.038s] -- Installing: /home/ws/install/opennav_coverage_msgs/include/opennav_coverage_msgs/opennav_coverage_msgs/msg/detail/path_mode__functions.h
[9.038s] -- Installing: /home/ws/install/opennav_coverage_msgs/include/opennav_coverage_msgs/opennav_coverage_msgs/msg/detail/path_components__functions.h
[9.038s] -- Installing: /home/ws/install/opennav_coverage_msgs/include/opennav_coverage_msgs/opennav_coverage_msgs/msg/detail/coordinates__description.c
[9.038s] -- Installing: /home/ws/install/opennav_coverage_msgs/include/opennav_coverage_msgs/opennav_coverage_msgs/msg/detail/swath__functions.c
[9.038s] -- Installing: /home/ws/install/opennav_coverage_msgs/include/opennav_coverage_msgs/opennav_coverage_msgs/msg/detail/route_mode__functions.c
[9.038s] -- Installing: /home/ws/install/opennav_coverage_msgs/include/opennav_coverage_msgs/opennav_coverage_msgs/msg/detail/swath_mode__type_support.h
[9.038s] -- Installing: /home/ws/install/opennav_coverage_msgs/include/opennav_coverage_msgs/opennav_coverage_msgs/msg/detail/row_swath_mode__type_support.c
[9.039s] -- Installing: /home/ws/install/opennav_coverage_msgs/include/opennav_coverage_msgs/opennav_coverage_msgs/msg/detail/path_mode__type_support.c
[9.039s] -- Installing: /home/ws/install/opennav_coverage_msgs/include/opennav_coverage_msgs/opennav_coverage_msgs/msg/detail/row_swath_mode__functions.c
[9.039s] -- Installing: /home/ws/install/opennav_coverage_msgs/include/opennav_coverage_msgs/opennav_coverage_msgs/msg/detail/route_mode__struct.h
[9.039s] -- Installing: /home/ws/install/opennav_coverage_msgs/include/opennav_coverage_msgs/opennav_coverage_msgs/msg/detail/coordinates__functions.h
[9.039s] -- Installing: /home/ws/install/opennav_coverage_msgs/include/opennav_coverage_msgs/opennav_coverage_msgs/msg/detail/swath_mode__struct.h
[9.039s] -- Installing: /home/ws/install/opennav_coverage_msgs/include/opennav_coverage_msgs/opennav_coverage_msgs/msg/detail/coordinate__description.c
[9.039s] -- Installing: /home/ws/install/opennav_coverage_msgs/include/opennav_coverage_msgs/opennav_coverage_msgs/msg/detail/headland_mode__functions.h
[9.039s] -- Installing: /home/ws/install/opennav_coverage_msgs/include/opennav_coverage_msgs/opennav_coverage_msgs/msg/detail/path_mode__functions.c
[9.039s] -- Installing: /home/ws/install/opennav_coverage_msgs/include/opennav_coverage_msgs/opennav_coverage_msgs/msg/detail/coordinates__functions.c
[9.039s] -- Installing: /home/ws/install/opennav_coverage_msgs/include/opennav_coverage_msgs/opennav_coverage_msgs/msg/detail/path_components__type_support.c
[9.039s] -- Installing: /home/ws/install/opennav_coverage_msgs/include/opennav_coverage_msgs/opennav_coverage_msgs/msg/detail/route_mode__functions.h
[9.039s] -- Installing: /home/ws/install/opennav_coverage_msgs/include/opennav_coverage_msgs/opennav_coverage_msgs/msg/detail/swath_mode__functions.c
[9.039s] -- Installing: /home/ws/install/opennav_coverage_msgs/include/opennav_coverage_msgs/opennav_coverage_msgs/msg/detail/coordinate__struct.h
[9.040s] -- Installing: /home/ws/install/opennav_coverage_msgs/include/opennav_coverage_msgs/opennav_coverage_msgs/msg/detail/path_mode__struct.h
[9.040s] -- Installing: /home/ws/install/opennav_coverage_msgs/include/opennav_coverage_msgs/opennav_coverage_msgs/msg/detail/headland_mode__description.c
[9.040s] -- Installing: /home/ws/install/opennav_coverage_msgs/include/opennav_coverage_msgs/opennav_coverage_msgs/msg/detail/row_swath_mode__type_support.h
[9.040s] -- Installing: /home/ws/install/opennav_coverage_msgs/include/opennav_coverage_msgs/opennav_coverage_msgs/msg/detail/headland_mode__type_support.h
[9.040s] -- Installing: /home/ws/install/opennav_coverage_msgs/include/opennav_coverage_msgs/opennav_coverage_msgs/msg/detail/path_components__struct.h
[9.040s] -- Installing: /home/ws/install/opennav_coverage_msgs/include/opennav_coverage_msgs/opennav_coverage_msgs/msg/detail/swath_mode__type_support.c
[9.040s] -- Installing: /home/ws/install/opennav_coverage_msgs/include/opennav_coverage_msgs/opennav_coverage_msgs/msg/detail/path_components__type_support.h
[9.040s] -- Installing: /home/ws/install/opennav_coverage_msgs/include/opennav_coverage_msgs/opennav_coverage_msgs/msg/detail/swath__struct.h
[9.040s] -- Installing: /home/ws/install/opennav_coverage_msgs/include/opennav_coverage_msgs/opennav_coverage_msgs/msg/detail/coordinates__type_support.h
[9.040s] -- Installing: /home/ws/install/opennav_coverage_msgs/include/opennav_coverage_msgs/opennav_coverage_msgs/msg/detail/swath__type_support.c
[9.040s] -- Installing: /home/ws/install/opennav_coverage_msgs/include/opennav_coverage_msgs/opennav_coverage_msgs/msg/detail/swath_mode__description.c
[9.040s] -- Installing: /home/ws/install/opennav_coverage_msgs/include/opennav_coverage_msgs/opennav_coverage_msgs/msg/detail/route_mode__type_support.c
[9.040s] -- Installing: /home/ws/install/opennav_coverage_msgs/include/opennav_coverage_msgs/opennav_coverage_msgs/msg/detail/route_mode__description.c
[9.040s] -- Installing: /home/ws/install/opennav_coverage_msgs/include/opennav_coverage_msgs/opennav_coverage_msgs/msg/detail/coordinate__type_support.c
[9.041s] -- Installing: /home/ws/install/opennav_coverage_msgs/include/opennav_coverage_msgs/opennav_coverage_msgs/msg/detail/headland_mode__struct.h
[9.041s] -- Installing: /home/ws/install/opennav_coverage_msgs/include/opennav_coverage_msgs/opennav_coverage_msgs/msg/detail/headland_mode__functions.c
[9.041s] -- Installing: /home/ws/install/opennav_coverage_msgs/include/opennav_coverage_msgs/opennav_coverage_msgs/msg/detail/path_components__functions.c
[9.041s] -- Installing: /home/ws/install/opennav_coverage_msgs/include/opennav_coverage_msgs/opennav_coverage_msgs/msg/detail/row_swath_mode__description.c
[9.041s] -- Installing: /home/ws/install/opennav_coverage_msgs/include/opennav_coverage_msgs/opennav_coverage_msgs/msg/detail/coordinates__type_support.c
[9.041s] -- Installing: /home/ws/install/opennav_coverage_msgs/include/opennav_coverage_msgs/opennav_coverage_msgs/msg/detail/row_swath_mode__struct.h
[9.041s] -- Installing: /home/ws/install/opennav_coverage_msgs/include/opennav_coverage_msgs/opennav_coverage_msgs/msg/detail/row_swath_mode__functions.h
[9.041s] -- Installing: /home/ws/install/opennav_coverage_msgs/include/opennav_coverage_msgs/opennav_coverage_msgs/msg/detail/coordinate__type_support.h
[9.041s] -- Installing: /home/ws/install/opennav_coverage_msgs/include/opennav_coverage_msgs/opennav_coverage_msgs/msg/detail/coordinates__struct.h
[9.041s] -- Installing: /home/ws/install/opennav_coverage_msgs/include/opennav_coverage_msgs/opennav_coverage_msgs/msg/detail/swath__functions.h
[9.042s] -- Installing: /home/ws/install/opennav_coverage_msgs/include/opennav_coverage_msgs/opennav_coverage_msgs/msg/detail/path_mode__description.c
[9.042s] -- Installing: /home/ws/install/opennav_coverage_msgs/include/opennav_coverage_msgs/opennav_coverage_msgs/msg/detail/swath__type_support.h
[9.042s] -- Installing: /home/ws/install/opennav_coverage_msgs/include/opennav_coverage_msgs/opennav_coverage_msgs/msg/detail/headland_mode__type_support.c
[9.042s] -- Installing: /home/ws/install/opennav_coverage_msgs/include/opennav_coverage_msgs/opennav_coverage_msgs/msg/detail/coordinate__functions.c
[9.042s] -- Installing: /home/ws/install/opennav_coverage_msgs/include/opennav_coverage_msgs/opennav_coverage_msgs/msg/detail/coordinate__functions.h
[9.042s] -- Installing: /home/ws/install/opennav_coverage_msgs/include/opennav_coverage_msgs/opennav_coverage_msgs/msg/coordinates.h
[9.042s] -- Installing: /home/ws/install/opennav_coverage_msgs/include/opennav_coverage_msgs/opennav_coverage_msgs/msg/swath.h
[9.042s] -- Installing: /home/ws/install/opennav_coverage_msgs/include/opennav_coverage_msgs/opennav_coverage_msgs/msg/rosidl_generator_c__visibility_control.h
[9.042s] -- Installing: /home/ws/install/opennav_coverage_msgs/include/opennav_coverage_msgs/opennav_coverage_msgs/msg/row_swath_mode.h
[9.042s] -- Installing: /home/ws/install/opennav_coverage_msgs/share/opennav_coverage_msgs/environment/library_path.sh
[9.042s] -- Installing: /home/ws/install/opennav_coverage_msgs/share/opennav_coverage_msgs/environment/library_path.dsv
[9.043s] -- Installing: /home/ws/install/opennav_coverage_msgs/lib/libopennav_coverage_msgs__rosidl_generator_c.so
[9.043s] -- Set non-toolchain portion of runtime path of "/home/ws/install/opennav_coverage_msgs/lib/libopennav_coverage_msgs__rosidl_generator_c.so" to ""
[9.043s] -- Up-to-date: /home/ws/install/opennav_coverage_msgs/include/opennav_coverage_msgs/opennav_coverage_msgs
[9.043s] -- Up-to-date: /home/ws/install/opennav_coverage_msgs/include/opennav_coverage_msgs/opennav_coverage_msgs/action
[9.043s] -- Up-to-date: /home/ws/install/opennav_coverage_msgs/include/opennav_coverage_msgs/opennav_coverage_msgs/action/detail
[9.043s] -- Installing: /home/ws/install/opennav_coverage_msgs/include/opennav_coverage_msgs/opennav_coverage_msgs/action/detail/navigate_complete_coverage__rosidl_typesupport_fastrtps_c.h
[9.043s] -- Installing: /home/ws/install/opennav_coverage_msgs/include/opennav_coverage_msgs/opennav_coverage_msgs/action/detail/compute_coverage_path__rosidl_typesupport_fastrtps_c.h
[9.044s] -- Up-to-date: /home/ws/install/opennav_coverage_msgs/include/opennav_coverage_msgs/opennav_coverage_msgs/msg
[9.044s] -- Installing: /home/ws/install/opennav_coverage_msgs/include/opennav_coverage_msgs/opennav_coverage_msgs/msg/rosidl_typesupport_fastrtps_c__visibility_control.h
[9.044s] -- Up-to-date: /home/ws/install/opennav_coverage_msgs/include/opennav_coverage_msgs/opennav_coverage_msgs/msg/detail
[9.044s] -- Installing: /home/ws/install/opennav_coverage_msgs/include/opennav_coverage_msgs/opennav_coverage_msgs/msg/detail/coordinates__rosidl_typesupport_fastrtps_c.h
[9.044s] -- Installing: /home/ws/install/opennav_coverage_msgs/include/opennav_coverage_msgs/opennav_coverage_msgs/msg/detail/path_components__rosidl_typesupport_fastrtps_c.h
[9.044s] -- Installing: /home/ws/install/opennav_coverage_msgs/include/opennav_coverage_msgs/opennav_coverage_msgs/msg/detail/coordinate__rosidl_typesupport_fastrtps_c.h
[9.044s] -- Installing: /home/ws/install/opennav_coverage_msgs/include/opennav_coverage_msgs/opennav_coverage_msgs/msg/detail/row_swath_mode__rosidl_typesupport_fastrtps_c.h
[9.044s] -- Installing: /home/ws/install/opennav_coverage_msgs/include/opennav_coverage_msgs/opennav_coverage_msgs/msg/detail/route_mode__rosidl_typesupport_fastrtps_c.h
[9.044s] -- Installing: /home/ws/install/opennav_coverage_msgs/include/opennav_coverage_msgs/opennav_coverage_msgs/msg/detail/swath__rosidl_typesupport_fastrtps_c.h
[9.044s] -- Installing: /home/ws/install/opennav_coverage_msgs/include/opennav_coverage_msgs/opennav_coverage_msgs/msg/detail/path_mode__rosidl_typesupport_fastrtps_c.h
[9.044s] -- Installing: /home/ws/install/opennav_coverage_msgs/include/opennav_coverage_msgs/opennav_coverage_msgs/msg/detail/swath_mode__rosidl_typesupport_fastrtps_c.h
[9.044s] -- Installing: /home/ws/install/opennav_coverage_msgs/include/opennav_coverage_msgs/opennav_coverage_msgs/msg/detail/headland_mode__rosidl_typesupport_fastrtps_c.h
[9.045s] -- Installing: /home/ws/install/opennav_coverage_msgs/lib/libopennav_coverage_msgs__rosidl_typesupport_fastrtps_c.so
[9.045s] -- Set non-toolchain portion of runtime path of "/home/ws/install/opennav_coverage_msgs/lib/libopennav_coverage_msgs__rosidl_typesupport_fastrtps_c.so" to ""
[9.045s] -- Up-to-date: /home/ws/install/opennav_coverage_msgs/include/opennav_coverage_msgs/opennav_coverage_msgs
[9.045s] -- Up-to-date: /home/ws/install/opennav_coverage_msgs/include/opennav_coverage_msgs/opennav_coverage_msgs/action
[9.045s] -- Installing: /home/ws/install/opennav_coverage_msgs/include/opennav_coverage_msgs/opennav_coverage_msgs/action/navigate_complete_coverage.hpp
[9.045s] -- Installing: /home/ws/install/opennav_coverage_msgs/include/opennav_coverage_msgs/opennav_coverage_msgs/action/compute_coverage_path.hpp
[9.045s] -- Up-to-date: /home/ws/install/opennav_coverage_msgs/include/opennav_coverage_msgs/opennav_coverage_msgs/action/detail
[9.045s] -- Installing: /home/ws/install/opennav_coverage_msgs/include/opennav_coverage_msgs/opennav_coverage_msgs/action/detail/navigate_complete_coverage__traits.hpp
[9.046s] -- Installing: /home/ws/install/opennav_coverage_msgs/include/opennav_coverage_msgs/opennav_coverage_msgs/action/detail/navigate_complete_coverage__struct.hpp
[9.046s] -- Installing: /home/ws/install/opennav_coverage_msgs/include/opennav_coverage_msgs/opennav_coverage_msgs/action/detail/navigate_complete_coverage__type_support.hpp
[9.046s] -- Installing: /home/ws/install/opennav_coverage_msgs/include/opennav_coverage_msgs/opennav_coverage_msgs/action/detail/compute_coverage_path__struct.hpp
[9.046s] -- Installing: /home/ws/install/opennav_coverage_msgs/include/opennav_coverage_msgs/opennav_coverage_msgs/action/detail/compute_coverage_path__traits.hpp
[9.046s] -- Installing: /home/ws/install/opennav_coverage_msgs/include/opennav_coverage_msgs/opennav_coverage_msgs/action/detail/compute_coverage_path__builder.hpp
[9.046s] -- Installing: /home/ws/install/opennav_coverage_msgs/include/opennav_coverage_msgs/opennav_coverage_msgs/action/detail/compute_coverage_path__type_support.hpp
[9.046s] -- Installing: /home/ws/install/opennav_coverage_msgs/include/opennav_coverage_msgs/opennav_coverage_msgs/action/detail/navigate_complete_coverage__builder.hpp
[9.046s] -- Up-to-date: /home/ws/install/opennav_coverage_msgs/include/opennav_coverage_msgs/opennav_coverage_msgs/msg
[9.046s] -- Installing: /home/ws/install/opennav_coverage_msgs/include/opennav_coverage_msgs/opennav_coverage_msgs/msg/path_mode.hpp
[9.046s] -- Installing: /home/ws/install/opennav_coverage_msgs/include/opennav_coverage_msgs/opennav_coverage_msgs/msg/coordinate.hpp
[9.046s] -- Installing: /home/ws/install/opennav_coverage_msgs/include/opennav_coverage_msgs/opennav_coverage_msgs/msg/swath_mode.hpp
[9.047s] -- Installing: /home/ws/install/opennav_coverage_msgs/include/opennav_coverage_msgs/opennav_coverage_msgs/msg/path_components.hpp
[9.047s] -- Installing: /home/ws/install/opennav_coverage_msgs/include/opennav_coverage_msgs/opennav_coverage_msgs/msg/row_swath_mode.hpp
[9.047s] -- Installing: /home/ws/install/opennav_coverage_msgs/include/opennav_coverage_msgs/opennav_coverage_msgs/msg/headland_mode.hpp
[9.047s] -- Installing: /home/ws/install/opennav_coverage_msgs/include/opennav_coverage_msgs/opennav_coverage_msgs/msg/swath.hpp
[9.047s] -- Installing: /home/ws/install/opennav_coverage_msgs/include/opennav_coverage_msgs/opennav_coverage_msgs/msg/coordinates.hpp
[9.047s] -- Installing: /home/ws/install/opennav_coverage_msgs/include/opennav_coverage_msgs/opennav_coverage_msgs/msg/route_mode.hpp
[9.047s] -- Up-to-date: /home/ws/install/opennav_coverage_msgs/include/opennav_coverage_msgs/opennav_coverage_msgs/msg/detail
[9.047s] -- Installing: /home/ws/install/opennav_coverage_msgs/include/opennav_coverage_msgs/opennav_coverage_msgs/msg/detail/headland_mode__builder.hpp
[9.047s] -- Installing: /home/ws/install/opennav_coverage_msgs/include/opennav_coverage_msgs/opennav_coverage_msgs/msg/detail/swath_mode__type_support.hpp
[9.047s] -- Installing: /home/ws/install/opennav_coverage_msgs/include/opennav_coverage_msgs/opennav_coverage_msgs/msg/detail/path_components__struct.hpp
[9.047s] -- Installing: /home/ws/install/opennav_coverage_msgs/include/opennav_coverage_msgs/opennav_coverage_msgs/msg/detail/headland_mode__type_support.hpp
[9.047s] -- Installing: /home/ws/install/opennav_coverage_msgs/include/opennav_coverage_msgs/opennav_coverage_msgs/msg/detail/coordinate__builder.hpp
[9.047s] -- Installing: /home/ws/install/opennav_coverage_msgs/include/opennav_coverage_msgs/opennav_coverage_msgs/msg/detail/route_mode__traits.hpp
[9.048s] -- Installing: /home/ws/install/opennav_coverage_msgs/include/opennav_coverage_msgs/opennav_coverage_msgs/msg/detail/path_mode__type_support.hpp
[9.048s] -- Installing: /home/ws/install/opennav_coverage_msgs/include/opennav_coverage_msgs/opennav_coverage_msgs/msg/detail/path_mode__builder.hpp
[9.048s] -- Installing: /home/ws/install/opennav_coverage_msgs/include/opennav_coverage_msgs/opennav_coverage_msgs/msg/detail/route_mode__builder.hpp
[9.048s] -- Installing: /home/ws/install/opennav_coverage_msgs/include/opennav_coverage_msgs/opennav_coverage_msgs/msg/detail/coordinate__type_support.hpp
[9.048s] -- Installing: /home/ws/install/opennav_coverage_msgs/include/opennav_coverage_msgs/opennav_coverage_msgs/msg/detail/row_swath_mode__builder.hpp
[9.048s] -- Installing: /home/ws/install/opennav_coverage_msgs/include/opennav_coverage_msgs/opennav_coverage_msgs/msg/detail/coordinates__type_support.hpp
[9.048s] -- Installing: /home/ws/install/opennav_coverage_msgs/include/opennav_coverage_msgs/opennav_coverage_msgs/msg/detail/swath_mode__traits.hpp
[9.048s] -- Installing: /home/ws/install/opennav_coverage_msgs/include/opennav_coverage_msgs/opennav_coverage_msgs/msg/detail/row_swath_mode__struct.hpp
[9.049s] -- Installing: /home/ws/install/opennav_coverage_msgs/include/opennav_coverage_msgs/opennav_coverage_msgs/msg/detail/coordinates__builder.hpp
[9.049s] -- Installing: /home/ws/install/opennav_coverage_msgs/include/opennav_coverage_msgs/opennav_coverage_msgs/msg/detail/path_mode__struct.hpp
[9.049s] -- Installing: /home/ws/install/opennav_coverage_msgs/include/opennav_coverage_msgs/opennav_coverage_msgs/msg/detail/headland_mode__struct.hpp
[9.049s] -- Installing: /home/ws/install/opennav_coverage_msgs/include/opennav_coverage_msgs/opennav_coverage_msgs/msg/detail/path_components__builder.hpp
[9.049s] -- Installing: /home/ws/install/opennav_coverage_msgs/include/opennav_coverage_msgs/opennav_coverage_msgs/msg/detail/path_components__traits.hpp
[9.049s] -- Installing: /home/ws/install/opennav_coverage_msgs/include/opennav_coverage_msgs/opennav_coverage_msgs/msg/detail/swath__builder.hpp
[9.049s] -- Installing: /home/ws/install/opennav_coverage_msgs/include/opennav_coverage_msgs/opennav_coverage_msgs/msg/detail/coordinates__traits.hpp
[9.049s] -- Installing: /home/ws/install/opennav_coverage_msgs/include/opennav_coverage_msgs/opennav_coverage_msgs/msg/detail/path_components__type_support.hpp
[9.049s] -- Installing: /home/ws/install/opennav_coverage_msgs/include/opennav_coverage_msgs/opennav_coverage_msgs/msg/detail/row_swath_mode__traits.hpp
[9.049s] -- Installing: /home/ws/install/opennav_coverage_msgs/include/opennav_coverage_msgs/opennav_coverage_msgs/msg/detail/path_mode__traits.hpp
[9.050s] -- Installing: /home/ws/install/opennav_coverage_msgs/include/opennav_coverage_msgs/opennav_coverage_msgs/msg/detail/route_mode__struct.hpp
[9.050s] -- Installing: /home/ws/install/opennav_coverage_msgs/include/opennav_coverage_msgs/opennav_coverage_msgs/msg/detail/coordinate__struct.hpp
[9.050s] -- Installing: /home/ws/install/opennav_coverage_msgs/include/opennav_coverage_msgs/opennav_coverage_msgs/msg/detail/coordinates__struct.hpp
[9.050s] -- Installing: /home/ws/install/opennav_coverage_msgs/include/opennav_coverage_msgs/opennav_coverage_msgs/msg/detail/swath__struct.hpp
[9.050s] -- Installing: /home/ws/install/opennav_coverage_msgs/include/opennav_coverage_msgs/opennav_coverage_msgs/msg/detail/coordinate__traits.hpp
[9.050s] -- Installing: /home/ws/install/opennav_coverage_msgs/include/opennav_coverage_msgs/opennav_coverage_msgs/msg/detail/headland_mode__traits.hpp
[9.050s] -- Installing: /home/ws/install/opennav_coverage_msgs/include/opennav_coverage_msgs/opennav_coverage_msgs/msg/detail/swath__traits.hpp
[9.050s] -- Installing: /home/ws/install/opennav_coverage_msgs/include/opennav_coverage_msgs/opennav_coverage_msgs/msg/detail/swath_mode__builder.hpp
[9.050s] -- Installing: /home/ws/install/opennav_coverage_msgs/include/opennav_coverage_msgs/opennav_coverage_msgs/msg/detail/swath_mode__struct.hpp
[9.051s] -- Installing: /home/ws/install/opennav_coverage_msgs/include/opennav_coverage_msgs/opennav_coverage_msgs/msg/detail/row_swath_mode__type_support.hpp
[9.051s] -- Installing: /home/ws/install/opennav_coverage_msgs/include/opennav_coverage_msgs/opennav_coverage_msgs/msg/detail/route_mode__type_support.hpp
[9.051s] -- Installing: /home/ws/install/opennav_coverage_msgs/include/opennav_coverage_msgs/opennav_coverage_msgs/msg/detail/swath__type_support.hpp
[9.051s] -- Installing: /home/ws/install/opennav_coverage_msgs/include/opennav_coverage_msgs/opennav_coverage_msgs/msg/rosidl_generator_cpp__visibility_control.hpp
[9.051s] -- Up-to-date: /home/ws/install/opennav_coverage_msgs/include/opennav_coverage_msgs/opennav_coverage_msgs
[9.051s] -- Up-to-date: /home/ws/install/opennav_coverage_msgs/include/opennav_coverage_msgs/opennav_coverage_msgs/action
[9.051s] -- Up-to-date: /home/ws/install/opennav_coverage_msgs/include/opennav_coverage_msgs/opennav_coverage_msgs/action/detail
[9.051s] -- Installing: /home/ws/install/opennav_coverage_msgs/include/opennav_coverage_msgs/opennav_coverage_msgs/action/detail/navigate_complete_coverage__rosidl_typesupport_fastrtps_cpp.hpp
[9.051s] -- Installing: /home/ws/install/opennav_coverage_msgs/include/opennav_coverage_msgs/opennav_coverage_msgs/action/detail/dds_fastrtps
[9.051s] -- Installing: /home/ws/install/opennav_coverage_msgs/include/opennav_coverage_msgs/opennav_coverage_msgs/action/detail/compute_coverage_path__rosidl_typesupport_fastrtps_cpp.hpp
[9.052s] -- Up-to-date: /home/ws/install/opennav_coverage_msgs/include/opennav_coverage_msgs/opennav_coverage_msgs/msg
[9.052s] -- Installing: /home/ws/install/opennav_coverage_msgs/include/opennav_coverage_msgs/opennav_coverage_msgs/msg/rosidl_typesupport_fastrtps_cpp__visibility_control.h
[9.052s] -- Up-to-date: /home/ws/install/opennav_coverage_msgs/include/opennav_coverage_msgs/opennav_coverage_msgs/msg/detail
[9.052s] -- Installing: /home/ws/install/opennav_coverage_msgs/include/opennav_coverage_msgs/opennav_coverage_msgs/msg/detail/headland_mode__rosidl_typesupport_fastrtps_cpp.hpp
[9.052s] -- Installing: /home/ws/install/opennav_coverage_msgs/include/opennav_coverage_msgs/opennav_coverage_msgs/msg/detail/row_swath_mode__rosidl_typesupport_fastrtps_cpp.hpp
[9.052s] -- Installing: /home/ws/install/opennav_coverage_msgs/include/opennav_coverage_msgs/opennav_coverage_msgs/msg/detail/dds_fastrtps
[9.052s] -- Installing: /home/ws/install/opennav_coverage_msgs/include/opennav_coverage_msgs/opennav_coverage_msgs/msg/detail/swath__rosidl_typesupport_fastrtps_cpp.hpp
[9.052s] -- Installing: /home/ws/install/opennav_coverage_msgs/include/opennav_coverage_msgs/opennav_coverage_msgs/msg/detail/path_mode__rosidl_typesupport_fastrtps_cpp.hpp
[9.052s] -- Installing: /home/ws/install/opennav_coverage_msgs/include/opennav_coverage_msgs/opennav_coverage_msgs/msg/detail/route_mode__rosidl_typesupport_fastrtps_cpp.hpp
[9.052s] -- Installing: /home/ws/install/opennav_coverage_msgs/include/opennav_coverage_msgs/opennav_coverage_msgs/msg/detail/coordinates__rosidl_typesupport_fastrtps_cpp.hpp
[9.052s] -- Installing: /home/ws/install/opennav_coverage_msgs/include/opennav_coverage_msgs/opennav_coverage_msgs/msg/detail/swath_mode__rosidl_typesupport_fastrtps_cpp.hpp
[9.052s] -- Installing: /home/ws/install/opennav_coverage_msgs/include/opennav_coverage_msgs/opennav_coverage_msgs/msg/detail/path_components__rosidl_typesupport_fastrtps_cpp.hpp
[9.053s] -- Installing: /home/ws/install/opennav_coverage_msgs/include/opennav_coverage_msgs/opennav_coverage_msgs/msg/detail/coordinate__rosidl_typesupport_fastrtps_cpp.hpp
[9.053s] -- Installing: /home/ws/install/opennav_coverage_msgs/lib/libopennav_coverage_msgs__rosidl_typesupport_fastrtps_cpp.so
[9.054s] -- Set non-toolchain portion of runtime path of "/home/ws/install/opennav_coverage_msgs/lib/libopennav_coverage_msgs__rosidl_typesupport_fastrtps_cpp.so" to ""
[9.054s] -- Up-to-date: /home/ws/install/opennav_coverage_msgs/include/opennav_coverage_msgs/opennav_coverage_msgs
[9.054s] -- Up-to-date: /home/ws/install/opennav_coverage_msgs/include/opennav_coverage_msgs/opennav_coverage_msgs/action
[9.054s] -- Up-to-date: /home/ws/install/opennav_coverage_msgs/include/opennav_coverage_msgs/opennav_coverage_msgs/action/detail
[9.054s] -- Installing: /home/ws/install/opennav_coverage_msgs/include/opennav_coverage_msgs/opennav_coverage_msgs/action/detail/compute_coverage_path__rosidl_typesupport_introspection_c.h
[9.054s] -- Installing: /home/ws/install/opennav_coverage_msgs/include/opennav_coverage_msgs/opennav_coverage_msgs/action/detail/navigate_complete_coverage__type_support.c
[9.054s] -- Installing: /home/ws/install/opennav_coverage_msgs/include/opennav_coverage_msgs/opennav_coverage_msgs/action/detail/compute_coverage_path__type_support.c
[9.054s] -- Installing: /home/ws/install/opennav_coverage_msgs/include/opennav_coverage_msgs/opennav_coverage_msgs/action/detail/navigate_complete_coverage__rosidl_typesupport_introspection_c.h
[9.054s] -- Up-to-date: /home/ws/install/opennav_coverage_msgs/include/opennav_coverage_msgs/opennav_coverage_msgs/msg
[9.054s] -- Installing: /home/ws/install/opennav_coverage_msgs/include/opennav_coverage_msgs/opennav_coverage_msgs/msg/rosidl_typesupport_introspection_c__visibility_control.h
[9.055s] -- Up-to-date: /home/ws/install/opennav_coverage_msgs/include/opennav_coverage_msgs/opennav_coverage_msgs/msg/detail
[9.055s] -- Installing: /home/ws/install/opennav_coverage_msgs/include/opennav_coverage_msgs/opennav_coverage_msgs/msg/detail/headland_mode__rosidl_typesupport_introspection_c.h
[9.055s] -- Installing: /home/ws/install/opennav_coverage_msgs/include/opennav_coverage_msgs/opennav_coverage_msgs/msg/detail/coordinates__rosidl_typesupport_introspection_c.h
[9.055s] -- Installing: /home/ws/install/opennav_coverage_msgs/include/opennav_coverage_msgs/opennav_coverage_msgs/msg/detail/swath__rosidl_typesupport_introspection_c.h
[9.055s] -- Installing: /home/ws/install/opennav_coverage_msgs/include/opennav_coverage_msgs/opennav_coverage_msgs/msg/detail/path_components__rosidl_typesupport_introspection_c.h
[9.055s] -- Installing: /home/ws/install/opennav_coverage_msgs/include/opennav_coverage_msgs/opennav_coverage_msgs/msg/detail/row_swath_mode__type_support.c
[9.055s] -- Installing: /home/ws/install/opennav_coverage_msgs/include/opennav_coverage_msgs/opennav_coverage_msgs/msg/detail/path_mode__type_support.c
[9.055s] -- Installing: /home/ws/install/opennav_coverage_msgs/include/opennav_coverage_msgs/opennav_coverage_msgs/msg/detail/row_swath_mode__rosidl_typesupport_introspection_c.h
[9.055s] -- Installing: /home/ws/install/opennav_coverage_msgs/include/opennav_coverage_msgs/opennav_coverage_msgs/msg/detail/route_mode__rosidl_typesupport_introspection_c.h
[9.055s] -- Installing: /home/ws/install/opennav_coverage_msgs/include/opennav_coverage_msgs/opennav_coverage_msgs/msg/detail/path_components__type_support.c
[9.055s] -- Installing: /home/ws/install/opennav_coverage_msgs/include/opennav_coverage_msgs/opennav_coverage_msgs/msg/detail/coordinate__rosidl_typesupport_introspection_c.h
[9.055s] -- Installing: /home/ws/install/opennav_coverage_msgs/include/opennav_coverage_msgs/opennav_coverage_msgs/msg/detail/swath_mode__type_support.c
[9.056s] -- Installing: /home/ws/install/opennav_coverage_msgs/include/opennav_coverage_msgs/opennav_coverage_msgs/msg/detail/path_mode__rosidl_typesupport_introspection_c.h
[9.056s] -- Installing: /home/ws/install/opennav_coverage_msgs/include/opennav_coverage_msgs/opennav_coverage_msgs/msg/detail/swath_mode__rosidl_typesupport_introspection_c.h
[9.056s] -- Installing: /home/ws/install/opennav_coverage_msgs/include/opennav_coverage_msgs/opennav_coverage_msgs/msg/detail/swath__type_support.c
[9.056s] -- Installing: /home/ws/install/opennav_coverage_msgs/include/opennav_coverage_msgs/opennav_coverage_msgs/msg/detail/route_mode__type_support.c
[9.056s] -- Installing: /home/ws/install/opennav_coverage_msgs/include/opennav_coverage_msgs/opennav_coverage_msgs/msg/detail/coordinate__type_support.c
[9.056s] -- Installing: /home/ws/install/opennav_coverage_msgs/include/opennav_coverage_msgs/opennav_coverage_msgs/msg/detail/coordinates__type_support.c
[9.056s] -- Installing: /home/ws/install/opennav_coverage_msgs/include/opennav_coverage_msgs/opennav_coverage_msgs/msg/detail/headland_mode__type_support.c
[9.056s] -- Installing: /home/ws/install/opennav_coverage_msgs/lib/libopennav_coverage_msgs__rosidl_typesupport_introspection_c.so
[9.057s] -- Set non-toolchain portion of runtime path of "/home/ws/install/opennav_coverage_msgs/lib/libopennav_coverage_msgs__rosidl_typesupport_introspection_c.so" to ""
[9.057s] -- Installing: /home/ws/install/opennav_coverage_msgs/lib/libopennav_coverage_msgs__rosidl_typesupport_c.so
[9.057s] -- Set non-toolchain portion of runtime path of "/home/ws/install/opennav_coverage_msgs/lib/libopennav_coverage_msgs__rosidl_typesupport_c.so" to ""
[9.057s] -- Up-to-date: /home/ws/install/opennav_coverage_msgs/include/opennav_coverage_msgs/opennav_coverage_msgs
[9.057s] -- Up-to-date: /home/ws/install/opennav_coverage_msgs/include/opennav_coverage_msgs/opennav_coverage_msgs/action
[9.057s] -- Up-to-date: /home/ws/install/opennav_coverage_msgs/include/opennav_coverage_msgs/opennav_coverage_msgs/action/detail
[9.057s] -- Installing: /home/ws/install/opennav_coverage_msgs/include/opennav_coverage_msgs/opennav_coverage_msgs/action/detail/compute_coverage_path__type_support.cpp
[9.057s] -- Installing: /home/ws/install/opennav_coverage_msgs/include/opennav_coverage_msgs/opennav_coverage_msgs/action/detail/navigate_complete_coverage__type_support.cpp
[9.058s] -- Installing: /home/ws/install/opennav_coverage_msgs/include/opennav_coverage_msgs/opennav_coverage_msgs/action/detail/compute_coverage_path__rosidl_typesupport_introspection_cpp.hpp
[9.058s] -- Installing: /home/ws/install/opennav_coverage_msgs/include/opennav_coverage_msgs/opennav_coverage_msgs/action/detail/navigate_complete_coverage__rosidl_typesupport_introspection_cpp.hpp
[9.058s] -- Up-to-date: /home/ws/install/opennav_coverage_msgs/include/opennav_coverage_msgs/opennav_coverage_msgs/msg
[9.058s] -- Up-to-date: /home/ws/install/opennav_coverage_msgs/include/opennav_coverage_msgs/opennav_coverage_msgs/msg/detail
[9.058s] -- Installing: /home/ws/install/opennav_coverage_msgs/include/opennav_coverage_msgs/opennav_coverage_msgs/msg/detail/path_mode__rosidl_typesupport_introspection_cpp.hpp
[9.058s] -- Installing: /home/ws/install/opennav_coverage_msgs/include/opennav_coverage_msgs/opennav_coverage_msgs/msg/detail/route_mode__rosidl_typesupport_introspection_cpp.hpp
[9.058s] -- Installing: /home/ws/install/opennav_coverage_msgs/include/opennav_coverage_msgs/opennav_coverage_msgs/msg/detail/coordinate__rosidl_typesupport_introspection_cpp.hpp
[9.058s] -- Installing: /home/ws/install/opennav_coverage_msgs/include/opennav_coverage_msgs/opennav_coverage_msgs/msg/detail/headland_mode__rosidl_typesupport_introspection_cpp.hpp
[9.058s] -- Installing: /home/ws/install/opennav_coverage_msgs/include/opennav_coverage_msgs/opennav_coverage_msgs/msg/detail/coordinates__rosidl_typesupport_introspection_cpp.hpp
[9.058s] -- Installing: /home/ws/install/opennav_coverage_msgs/include/opennav_coverage_msgs/opennav_coverage_msgs/msg/detail/coordinates__type_support.cpp
[9.058s] -- Installing: /home/ws/install/opennav_coverage_msgs/include/opennav_coverage_msgs/opennav_coverage_msgs/msg/detail/swath_mode__type_support.cpp
[9.058s] -- Installing: /home/ws/install/opennav_coverage_msgs/include/opennav_coverage_msgs/opennav_coverage_msgs/msg/detail/swath__rosidl_typesupport_introspection_cpp.hpp
[9.059s] -- Installing: /home/ws/install/opennav_coverage_msgs/include/opennav_coverage_msgs/opennav_coverage_msgs/msg/detail/path_mode__type_support.cpp
[9.059s] -- Installing: /home/ws/install/opennav_coverage_msgs/include/opennav_coverage_msgs/opennav_coverage_msgs/msg/detail/path_components__rosidl_typesupport_introspection_cpp.hpp
[9.059s] -- Installing: /home/ws/install/opennav_coverage_msgs/include/opennav_coverage_msgs/opennav_coverage_msgs/msg/detail/headland_mode__type_support.cpp
[9.059s] -- Installing: /home/ws/install/opennav_coverage_msgs/include/opennav_coverage_msgs/opennav_coverage_msgs/msg/detail/row_swath_mode__type_support.cpp
[9.059s] -- Installing: /home/ws/install/opennav_coverage_msgs/include/opennav_coverage_msgs/opennav_coverage_msgs/msg/detail/swath__type_support.cpp
[9.059s] -- Installing: /home/ws/install/opennav_coverage_msgs/include/opennav_coverage_msgs/opennav_coverage_msgs/msg/detail/route_mode__type_support.cpp
[9.059s] -- Installing: /home/ws/install/opennav_coverage_msgs/include/opennav_coverage_msgs/opennav_coverage_msgs/msg/detail/path_components__type_support.cpp
[9.059s] -- Installing: /home/ws/install/opennav_coverage_msgs/include/opennav_coverage_msgs/opennav_coverage_msgs/msg/detail/row_swath_mode__rosidl_typesupport_introspection_cpp.hpp
[9.059s] -- Installing: /home/ws/install/opennav_coverage_msgs/include/opennav_coverage_msgs/opennav_coverage_msgs/msg/detail/coordinate__type_support.cpp
[9.059s] -- Installing: /home/ws/install/opennav_coverage_msgs/include/opennav_coverage_msgs/opennav_coverage_msgs/msg/detail/swath_mode__rosidl_typesupport_introspection_cpp.hpp
[9.059s] -- Installing: /home/ws/install/opennav_coverage_msgs/lib/libopennav_coverage_msgs__rosidl_typesupport_introspection_cpp.so
[9.061s] -- Set non-toolchain portion of runtime path of "/home/ws/install/opennav_coverage_msgs/lib/libopennav_coverage_msgs__rosidl_typesupport_introspection_cpp.so" to ""
[9.061s] -- Installing: /home/ws/install/opennav_coverage_msgs/lib/libopennav_coverage_msgs__rosidl_typesupport_cpp.so
[9.062s] -- Set non-toolchain portion of runtime path of "/home/ws/install/opennav_coverage_msgs/lib/libopennav_coverage_msgs__rosidl_typesupport_cpp.so" to ""
[9.062s] -- Installing: /home/ws/install/opennav_coverage_msgs/share/opennav_coverage_msgs/environment/pythonpath.sh
[9.062s] -- Installing: /home/ws/install/opennav_coverage_msgs/share/opennav_coverage_msgs/environment/pythonpath.dsv
[9.062s] -- Installing: /home/ws/install/opennav_coverage_msgs/lib/python3.12/site-packages/opennav_coverage_msgs-0.0.1-py3.12.egg-info
[9.062s] -- Installing: /home/ws/install/opennav_coverage_msgs/lib/python3.12/site-packages/opennav_coverage_msgs-0.0.1-py3.12.egg-info/SOURCES.txt
[9.062s] -- Installing: /home/ws/install/opennav_coverage_msgs/lib/python3.12/site-packages/opennav_coverage_msgs-0.0.1-py3.12.egg-info/top_level.txt
[9.062s] -- Installing: /home/ws/install/opennav_coverage_msgs/lib/python3.12/site-packages/opennav_coverage_msgs-0.0.1-py3.12.egg-info/dependency_links.txt
[9.062s] -- Installing: /home/ws/install/opennav_coverage_msgs/lib/python3.12/site-packages/opennav_coverage_msgs-0.0.1-py3.12.egg-info/PKG-INFO
[9.062s] -- Installing: /home/ws/install/opennav_coverage_msgs/lib/python3.12/site-packages/opennav_coverage_msgs
[9.062s] -- Installing: /home/ws/install/opennav_coverage_msgs/lib/python3.12/site-packages/opennav_coverage_msgs/_opennav_coverage_msgs_s.ep.rosidl_typesupport_fastrtps_c.c
[9.063s] -- Installing: /home/ws/install/opennav_coverage_msgs/lib/python3.12/site-packages/opennav_coverage_msgs/_opennav_coverage_msgs_s.ep.rosidl_typesupport_introspection_c.c
[9.063s] -- Installing: /home/ws/install/opennav_coverage_msgs/lib/python3.12/site-packages/opennav_coverage_msgs/action
[9.063s] -- Installing: /home/ws/install/opennav_coverage_msgs/lib/python3.12/site-packages/opennav_coverage_msgs/action/_navigate_complete_coverage_s.c
[9.063s] -- Installing: /home/ws/install/opennav_coverage_msgs/lib/python3.12/site-packages/opennav_coverage_msgs/action/_compute_coverage_path.py
[9.063s] -- Installing: /home/ws/install/opennav_coverage_msgs/lib/python3.12/site-packages/opennav_coverage_msgs/action/_navigate_complete_coverage.py
[9.064s] -- Installing: /home/ws/install/opennav_coverage_msgs/lib/python3.12/site-packages/opennav_coverage_msgs/action/__init__.py
[9.064s] -- Installing: /home/ws/install/opennav_coverage_msgs/lib/python3.12/site-packages/opennav_coverage_msgs/action/_compute_coverage_path_s.c
[9.064s] -- Installing: /home/ws/install/opennav_coverage_msgs/lib/python3.12/site-packages/opennav_coverage_msgs/msg
[9.064s] -- Installing: /home/ws/install/opennav_coverage_msgs/lib/python3.12/site-packages/opennav_coverage_msgs/msg/_swath_s.c
[9.064s] -- Installing: /home/ws/install/opennav_coverage_msgs/lib/python3.12/site-packages/opennav_coverage_msgs/msg/_route_mode.py
[9.064s] -- Installing: /home/ws/install/opennav_coverage_msgs/lib/python3.12/site-packages/opennav_coverage_msgs/msg/_coordinates_s.c
[9.064s] -- Installing: /home/ws/install/opennav_coverage_msgs/lib/python3.12/site-packages/opennav_coverage_msgs/msg/_swath_mode_s.c
[9.064s] -- Installing: /home/ws/install/opennav_coverage_msgs/lib/python3.12/site-packages/opennav_coverage_msgs/msg/_swath.py
[9.064s] -- Installing: /home/ws/install/opennav_coverage_msgs/lib/python3.12/site-packages/opennav_coverage_msgs/msg/_swath_mode.py
[9.064s] -- Installing: /home/ws/install/opennav_coverage_msgs/lib/python3.12/site-packages/opennav_coverage_msgs/msg/_path_mode.py
[9.064s] -- Installing: /home/ws/install/opennav_coverage_msgs/lib/python3.12/site-packages/opennav_coverage_msgs/msg/_path_components_s.c
[9.065s] -- Installing: /home/ws/install/opennav_coverage_msgs/lib/python3.12/site-packages/opennav_coverage_msgs/msg/_coordinates.py
[9.065s] -- Installing: /home/ws/install/opennav_coverage_msgs/lib/python3.12/site-packages/opennav_coverage_msgs/msg/_row_swath_mode.py
[9.065s] -- Installing: /home/ws/install/opennav_coverage_msgs/lib/python3.12/site-packages/opennav_coverage_msgs/msg/_path_components.py
[9.065s] -- Installing: /home/ws/install/opennav_coverage_msgs/lib/python3.12/site-packages/opennav_coverage_msgs/msg/_coordinate_s.c
[9.065s] -- Installing: /home/ws/install/opennav_coverage_msgs/lib/python3.12/site-packages/opennav_coverage_msgs/msg/_headland_mode_s.c
[9.065s] -- Installing: /home/ws/install/opennav_coverage_msgs/lib/python3.12/site-packages/opennav_coverage_msgs/msg/__init__.py
[9.065s] -- Installing: /home/ws/install/opennav_coverage_msgs/lib/python3.12/site-packages/opennav_coverage_msgs/msg/_path_mode_s.c
[9.065s] -- Installing: /home/ws/install/opennav_coverage_msgs/lib/python3.12/site-packages/opennav_coverage_msgs/msg/_row_swath_mode_s.c
[9.065s] -- Installing: /home/ws/install/opennav_coverage_msgs/lib/python3.12/site-packages/opennav_coverage_msgs/msg/_route_mode_s.c
[9.065s] -- Installing: /home/ws/install/opennav_coverage_msgs/lib/python3.12/site-packages/opennav_coverage_msgs/msg/_coordinate.py
[9.065s] -- Installing: /home/ws/install/opennav_coverage_msgs/lib/python3.12/site-packages/opennav_coverage_msgs/msg/_headland_mode.py
[9.065s] -- Installing: /home/ws/install/opennav_coverage_msgs/lib/python3.12/site-packages/opennav_coverage_msgs/opennav_coverage_msgs_s__rosidl_typesupport_fastrtps_c.so
[9.066s] -- Installing: /home/ws/install/opennav_coverage_msgs/lib/python3.12/site-packages/opennav_coverage_msgs/opennav_coverage_msgs_s__rosidl_typesupport_introspection_c.so
[9.066s] -- Installing: /home/ws/install/opennav_coverage_msgs/lib/python3.12/site-packages/opennav_coverage_msgs/opennav_coverage_msgs_s__rosidl_typesupport_c.so
[9.066s] -- Installing: /home/ws/install/opennav_coverage_msgs/lib/python3.12/site-packages/opennav_coverage_msgs/__init__.py
[9.066s] -- Installing: /home/ws/install/opennav_coverage_msgs/lib/python3.12/site-packages/opennav_coverage_msgs/_opennav_coverage_msgs_s.ep.rosidl_typesupport_c.c
[9.108s] Listing '/home/ws/install/opennav_coverage_msgs/lib/python3.12/site-packages/opennav_coverage_msgs'...
[9.108s] Compiling '/home/ws/install/opennav_coverage_msgs/lib/python3.12/site-packages/opennav_coverage_msgs/__init__.py'...
[9.108s] Listing '/home/ws/install/opennav_coverage_msgs/lib/python3.12/site-packages/opennav_coverage_msgs/action'...
[9.108s] Compiling '/home/ws/install/opennav_coverage_msgs/lib/python3.12/site-packages/opennav_coverage_msgs/action/__init__.py'...
[9.108s] Compiling '/home/ws/install/opennav_coverage_msgs/lib/python3.12/site-packages/opennav_coverage_msgs/action/_compute_coverage_path.py'...
[9.108s] Compiling '/home/ws/install/opennav_coverage_msgs/lib/python3.12/site-packages/opennav_coverage_msgs/action/_navigate_complete_coverage.py'...
[9.108s] Listing '/home/ws/install/opennav_coverage_msgs/lib/python3.12/site-packages/opennav_coverage_msgs/msg'...
[9.108s] Compiling '/home/ws/install/opennav_coverage_msgs/lib/python3.12/site-packages/opennav_coverage_msgs/msg/__init__.py'...
[9.108s] Compiling '/home/ws/install/opennav_coverage_msgs/lib/python3.12/site-packages/opennav_coverage_msgs/msg/_coordinate.py'...
[9.108s] Compiling '/home/ws/install/opennav_coverage_msgs/lib/python3.12/site-packages/opennav_coverage_msgs/msg/_coordinates.py'...
[9.108s] Compiling '/home/ws/install/opennav_coverage_msgs/lib/python3.12/site-packages/opennav_coverage_msgs/msg/_headland_mode.py'...
[9.108s] Compiling '/home/ws/install/opennav_coverage_msgs/lib/python3.12/site-packages/opennav_coverage_msgs/msg/_path_components.py'...
[9.108s] Compiling '/home/ws/install/opennav_coverage_msgs/lib/python3.12/site-packages/opennav_coverage_msgs/msg/_path_mode.py'...
[9.108s] Compiling '/home/ws/install/opennav_coverage_msgs/lib/python3.12/site-packages/opennav_coverage_msgs/msg/_route_mode.py'...
[9.108s] Compiling '/home/ws/install/opennav_coverage_msgs/lib/python3.12/site-packages/opennav_coverage_msgs/msg/_row_swath_mode.py'...
[9.108s] Compiling '/home/ws/install/opennav_coverage_msgs/lib/python3.12/site-packages/opennav_coverage_msgs/msg/_swath.py'...
[9.108s] Compiling '/home/ws/install/opennav_coverage_msgs/lib/python3.12/site-packages/opennav_coverage_msgs/msg/_swath_mode.py'...
[9.112s] -- Installing: /home/ws/install/opennav_coverage_msgs/lib/python3.12/site-packages/opennav_coverage_msgs/opennav_coverage_msgs_s__rosidl_typesupport_fastrtps_c.so
[9.112s] -- Set non-toolchain portion of runtime path of "/home/ws/install/opennav_coverage_msgs/lib/python3.12/site-packages/opennav_coverage_msgs/opennav_coverage_msgs_s__rosidl_typesupport_fastrtps_c.so" to ""
[9.112s] -- Installing: /home/ws/install/opennav_coverage_msgs/lib/python3.12/site-packages/opennav_coverage_msgs/opennav_coverage_msgs_s__rosidl_typesupport_introspection_c.so
[9.112s] -- Set non-toolchain portion of runtime path of "/home/ws/install/opennav_coverage_msgs/lib/python3.12/site-packages/opennav_coverage_msgs/opennav_coverage_msgs_s__rosidl_typesupport_introspection_c.so" to ""
[9.113s] -- Installing: /home/ws/install/opennav_coverage_msgs/lib/python3.12/site-packages/opennav_coverage_msgs/opennav_coverage_msgs_s__rosidl_typesupport_c.so
[9.113s] -- Set non-toolchain portion of runtime path of "/home/ws/install/opennav_coverage_msgs/lib/python3.12/site-packages/opennav_coverage_msgs/opennav_coverage_msgs_s__rosidl_typesupport_c.so" to ""
[9.113s] -- Installing: /home/ws/install/opennav_coverage_msgs/lib/libopennav_coverage_msgs__rosidl_generator_py.so
[9.113s] -- Set non-toolchain portion of runtime path of "/home/ws/install/opennav_coverage_msgs/lib/libopennav_coverage_msgs__rosidl_generator_py.so" to ""
[9.114s] -- Installing: /home/ws/install/opennav_coverage_msgs/share/opennav_coverage_msgs/msg/Coordinate.idl
[9.114s] -- Installing: /home/ws/install/opennav_coverage_msgs/share/opennav_coverage_msgs/msg/Coordinates.idl
[9.114s] -- Installing: /home/ws/install/opennav_coverage_msgs/share/opennav_coverage_msgs/msg/HeadlandMode.idl
[9.114s] -- Installing: /home/ws/install/opennav_coverage_msgs/share/opennav_coverage_msgs/msg/SwathMode.idl
[9.114s] -- Installing: /home/ws/install/opennav_coverage_msgs/share/opennav_coverage_msgs/msg/RowSwathMode.idl
[9.114s] -- Installing: /home/ws/install/opennav_coverage_msgs/share/opennav_coverage_msgs/msg/RouteMode.idl
[9.114s] -- Installing: /home/ws/install/opennav_coverage_msgs/share/opennav_coverage_msgs/msg/PathMode.idl
[9.114s] -- Installing: /home/ws/install/opennav_coverage_msgs/share/opennav_coverage_msgs/msg/Swath.idl
[9.114s] -- Installing: /home/ws/install/opennav_coverage_msgs/share/opennav_coverage_msgs/msg/PathComponents.idl
[9.114s] -- Installing: /home/ws/install/opennav_coverage_msgs/share/opennav_coverage_msgs/action/ComputeCoveragePath.idl
[9.114s] -- Installing: /home/ws/install/opennav_coverage_msgs/share/opennav_coverage_msgs/action/NavigateCompleteCoverage.idl
[9.115s] -- Installing: /home/ws/install/opennav_coverage_msgs/share/opennav_coverage_msgs/msg/Coordinate.msg
[9.115s] -- Installing: /home/ws/install/opennav_coverage_msgs/share/opennav_coverage_msgs/msg/Coordinates.msg
[9.115s] -- Installing: /home/ws/install/opennav_coverage_msgs/share/opennav_coverage_msgs/msg/HeadlandMode.msg
[9.115s] -- Installing: /home/ws/install/opennav_coverage_msgs/share/opennav_coverage_msgs/msg/SwathMode.msg
[9.115s] -- Installing: /home/ws/install/opennav_coverage_msgs/share/opennav_coverage_msgs/msg/RowSwathMode.msg
[9.115s] -- Installing: /home/ws/install/opennav_coverage_msgs/share/opennav_coverage_msgs/msg/RouteMode.msg
[9.115s] -- Installing: /home/ws/install/opennav_coverage_msgs/share/opennav_coverage_msgs/msg/PathMode.msg
[9.115s] -- Installing: /home/ws/install/opennav_coverage_msgs/share/opennav_coverage_msgs/msg/Swath.msg
[9.115s] -- Installing: /home/ws/install/opennav_coverage_msgs/share/opennav_coverage_msgs/msg/PathComponents.msg
[9.115s] -- Installing: /home/ws/install/opennav_coverage_msgs/share/opennav_coverage_msgs/action/ComputeCoveragePath.action
[9.116s] -- Installing: /home/ws/install/opennav_coverage_msgs/share/opennav_coverage_msgs/action/NavigateCompleteCoverage.action
[9.116s] -- Installing: /home/ws/install/opennav_coverage_msgs/share/ament_index/resource_index/package_run_dependencies/opennav_coverage_msgs
[9.116s] -- Installing: /home/ws/install/opennav_coverage_msgs/share/ament_index/resource_index/parent_prefix_path/opennav_coverage_msgs
[9.116s] -- Installing: /home/ws/install/opennav_coverage_msgs/share/opennav_coverage_msgs/environment/ament_prefix_path.sh
[9.116s] -- Installing: /home/ws/install/opennav_coverage_msgs/share/opennav_coverage_msgs/environment/ament_prefix_path.dsv
[9.116s] -- Installing: /home/ws/install/opennav_coverage_msgs/share/opennav_coverage_msgs/environment/path.sh
[9.116s] -- Installing: /home/ws/install/opennav_coverage_msgs/share/opennav_coverage_msgs/environment/path.dsv
[9.116s] -- Installing: /home/ws/install/opennav_coverage_msgs/share/opennav_coverage_msgs/local_setup.bash
[9.116s] -- Installing: /home/ws/install/opennav_coverage_msgs/share/opennav_coverage_msgs/local_setup.sh
[9.117s] -- Installing: /home/ws/install/opennav_coverage_msgs/share/opennav_coverage_msgs/local_setup.zsh
[9.117s] -- Installing: /home/ws/install/opennav_coverage_msgs/share/opennav_coverage_msgs/local_setup.dsv
[9.117s] -- Installing: /home/ws/install/opennav_coverage_msgs/share/opennav_coverage_msgs/package.dsv
[9.117s] -- Installing: /home/ws/install/opennav_coverage_msgs/share/ament_index/resource_index/packages/opennav_coverage_msgs
[9.117s] -- Installing: /home/ws/install/opennav_coverage_msgs/share/opennav_coverage_msgs/cmake/export_opennav_coverage_msgs__rosidl_generator_cExport.cmake
[9.117s] -- Installing: /home/ws/install/opennav_coverage_msgs/share/opennav_coverage_msgs/cmake/export_opennav_coverage_msgs__rosidl_generator_cExport-noconfig.cmake
[9.117s] -- Installing: /home/ws/install/opennav_coverage_msgs/share/opennav_coverage_msgs/cmake/export_opennav_coverage_msgs__rosidl_typesupport_fastrtps_cExport.cmake
[9.117s] -- Installing: /home/ws/install/opennav_coverage_msgs/share/opennav_coverage_msgs/cmake/export_opennav_coverage_msgs__rosidl_typesupport_fastrtps_cExport-noconfig.cmake
[9.118s] -- Installing: /home/ws/install/opennav_coverage_msgs/share/opennav_coverage_msgs/cmake/export_opennav_coverage_msgs__rosidl_generator_cppExport.cmake
[9.118s] -- Installing: /home/ws/install/opennav_coverage_msgs/share/opennav_coverage_msgs/cmake/export_opennav_coverage_msgs__rosidl_typesupport_fastrtps_cppExport.cmake
[9.118s] -- Installing: /home/ws/install/opennav_coverage_msgs/share/opennav_coverage_msgs/cmake/export_opennav_coverage_msgs__rosidl_typesupport_fastrtps_cppExport-noconfig.cmake
[9.118s] -- Installing: /home/ws/install/opennav_coverage_msgs/share/opennav_coverage_msgs/cmake/opennav_coverage_msgs__rosidl_typesupport_introspection_cExport.cmake
[9.118s] -- Installing: /home/ws/install/opennav_coverage_msgs/share/opennav_coverage_msgs/cmake/opennav_coverage_msgs__rosidl_typesupport_introspection_cExport-noconfig.cmake
[9.118s] -- Installing: /home/ws/install/opennav_coverage_msgs/share/opennav_coverage_msgs/cmake/opennav_coverage_msgs__rosidl_typesupport_cExport.cmake
[9.118s] -- Installing: /home/ws/install/opennav_coverage_msgs/share/opennav_coverage_msgs/cmake/opennav_coverage_msgs__rosidl_typesupport_cExport-noconfig.cmake
[9.118s] -- Installing: /home/ws/install/opennav_coverage_msgs/share/opennav_coverage_msgs/cmake/opennav_coverage_msgs__rosidl_typesupport_introspection_cppExport.cmake
[9.118s] -- Installing: /home/ws/install/opennav_coverage_msgs/share/opennav_coverage_msgs/cmake/opennav_coverage_msgs__rosidl_typesupport_introspection_cppExport-noconfig.cmake
[9.119s] -- Installing: /home/ws/install/opennav_coverage_msgs/share/opennav_coverage_msgs/cmake/opennav_coverage_msgs__rosidl_typesupport_cppExport.cmake
[9.119s] -- Installing: /home/ws/install/opennav_coverage_msgs/share/opennav_coverage_msgs/cmake/opennav_coverage_msgs__rosidl_typesupport_cppExport-noconfig.cmake
[9.119s] -- Installing: /home/ws/install/opennav_coverage_msgs/share/opennav_coverage_msgs/cmake/export_opennav_coverage_msgs__rosidl_generator_pyExport.cmake
[9.119s] -- Installing: /home/ws/install/opennav_coverage_msgs/share/opennav_coverage_msgs/cmake/export_opennav_coverage_msgs__rosidl_generator_pyExport-noconfig.cmake
[9.119s] -- Installing: /home/ws/install/opennav_coverage_msgs/share/opennav_coverage_msgs/cmake/rosidl_cmake-extras.cmake
[9.119s] -- Installing: /home/ws/install/opennav_coverage_msgs/share/opennav_coverage_msgs/cmake/ament_cmake_export_dependencies-extras.cmake
[9.119s] -- Installing: /home/ws/install/opennav_coverage_msgs/share/opennav_coverage_msgs/cmake/ament_cmake_export_include_directories-extras.cmake
[9.119s] -- Installing: /home/ws/install/opennav_coverage_msgs/share/opennav_coverage_msgs/cmake/ament_cmake_export_libraries-extras.cmake
[9.119s] -- Installing: /home/ws/install/opennav_coverage_msgs/share/opennav_coverage_msgs/cmake/ament_cmake_export_targets-extras.cmake
[9.119s] -- Installing: /home/ws/install/opennav_coverage_msgs/share/opennav_coverage_msgs/cmake/rosidl_cmake_export_typesupport_targets-extras.cmake
[9.120s] -- Installing: /home/ws/install/opennav_coverage_msgs/share/opennav_coverage_msgs/cmake/rosidl_cmake_export_typesupport_libraries-extras.cmake
[9.120s] -- Installing: /home/ws/install/opennav_coverage_msgs/share/opennav_coverage_msgs/cmake/opennav_coverage_msgsConfig.cmake
[9.120s] -- Installing: /home/ws/install/opennav_coverage_msgs/share/opennav_coverage_msgs/cmake/opennav_coverage_msgsConfig-version.cmake
[9.120s] -- Installing: /home/ws/install/opennav_coverage_msgs/share/opennav_coverage_msgs/package.xml
[9.121s] Invoked command in '/home/ws/build/opennav_coverage_msgs' returned '0': CMAKE_PREFIX_PATH=${CMAKE_PREFIX_PATH}:/opt/ros/jazzy /usr/bin/cmake --install /home/ws/build/opennav_coverage_msgs
