[0.013s] Invoking command in '/home/ws/build/opennav_coverage_navigator': CMAKE_PREFIX_PATH=${CMAKE_PREFIX_PATH}:/opt/ros/jazzy /usr/bin/cmake --build /home/ws/build/opennav_coverage_navigator -- -j12 -l12
[0.072s] [ 25%] Built target gtest_main
[0.073s] [ 50%] Built target gtest
[0.086s] [ 75%] Built target opennav_coverage_navigator
[0.130s] [100%] Built target test_coverage_navigator
[0.142s] Invoked command in '/home/ws/build/opennav_coverage_navigator' returned '0': CMAKE_PREFIX_PATH=${CMAKE_PREFIX_PATH}:/opt/ros/jazzy /usr/bin/cmake --build /home/ws/build/opennav_coverage_navigator -- -j12 -l12
[0.142s] Invoking command in '/home/ws/build/opennav_coverage_navigator': CMAKE_PREFIX_PATH=${CMAKE_PREFIX_PATH}:/opt/ros/jazzy /usr/bin/cmake --install /home/ws/build/opennav_coverage_navigator
[0.151s] -- Install configuration: ""
[0.151s] -- Installing: /home/ws/install/opennav_coverage_navigator/share/opennav_coverage_navigator/navigator_plugins.xml
[0.151s] -- Installing: /home/ws/install/opennav_coverage_navigator/lib/libopennav_coverage_navigator.so
[0.155s] -- Set non-toolchain portion of runtime path of "/home/ws/install/opennav_coverage_navigator/lib/libopennav_coverage_navigator.so" to ""
[0.155s] -- Installing: /home/ws/install/opennav_coverage_navigator/include/
[0.155s] -- Installing: /home/ws/install/opennav_coverage_navigator/include//opennav_coverage_navigator
[0.155s] -- Installing: /home/ws/install/opennav_coverage_navigator/include//opennav_coverage_navigator/coverage_navigator.hpp
[0.155s] -- Installing: /home/ws/install/opennav_coverage_navigator/share/opennav_coverage_navigator/environment/library_path.sh
[0.155s] -- Installing: /home/ws/install/opennav_coverage_navigator/share/opennav_coverage_navigator/environment/library_path.dsv
[0.155s] -- Installing: /home/ws/install/opennav_coverage_navigator/share/ament_index/resource_index/package_run_dependencies/opennav_coverage_navigator
[0.155s] -- Installing: /home/ws/install/opennav_coverage_navigator/share/ament_index/resource_index/parent_prefix_path/opennav_coverage_navigator
[0.155s] -- Installing: /home/ws/install/opennav_coverage_navigator/share/opennav_coverage_navigator/environment/ament_prefix_path.sh
[0.155s] -- Installing: /home/ws/install/opennav_coverage_navigator/share/opennav_coverage_navigator/environment/ament_prefix_path.dsv
[0.156s] -- Installing: /home/ws/install/opennav_coverage_navigator/share/opennav_coverage_navigator/environment/path.sh
[0.156s] -- Installing: /home/ws/install/opennav_coverage_navigator/share/opennav_coverage_navigator/environment/path.dsv
[0.156s] -- Installing: /home/ws/install/opennav_coverage_navigator/share/opennav_coverage_navigator/local_setup.bash
[0.156s] -- Installing: /home/ws/install/opennav_coverage_navigator/share/opennav_coverage_navigator/local_setup.sh
[0.156s] -- Installing: /home/ws/install/opennav_coverage_navigator/share/opennav_coverage_navigator/local_setup.zsh
[0.156s] -- Installing: /home/ws/install/opennav_coverage_navigator/share/opennav_coverage_navigator/local_setup.dsv
[0.156s] -- Installing: /home/ws/install/opennav_coverage_navigator/share/opennav_coverage_navigator/package.dsv
[0.156s] -- Installing: /home/ws/install/opennav_coverage_navigator/share/ament_index/resource_index/packages/opennav_coverage_navigator
[0.156s] -- Installing: /home/ws/install/opennav_coverage_navigator/share/ament_index/resource_index/nav2_core__pluginlib__plugin/opennav_coverage_navigator
[0.156s] -- Installing: /home/ws/install/opennav_coverage_navigator/share/opennav_coverage_navigator/cmake/ament_cmake_export_include_directories-extras.cmake
[0.157s] -- Installing: /home/ws/install/opennav_coverage_navigator/share/opennav_coverage_navigator/cmake/ament_cmake_export_libraries-extras.cmake
[0.157s] -- Installing: /home/ws/install/opennav_coverage_navigator/share/opennav_coverage_navigator/cmake/ament_cmake_export_dependencies-extras.cmake
[0.157s] -- Installing: /home/ws/install/opennav_coverage_navigator/share/opennav_coverage_navigator/cmake/opennav_coverage_navigatorConfig.cmake
[0.157s] -- Installing: /home/ws/install/opennav_coverage_navigator/share/opennav_coverage_navigator/cmake/opennav_coverage_navigatorConfig-version.cmake
[0.157s] -- Installing: /home/ws/install/opennav_coverage_navigator/share/opennav_coverage_navigator/package.xml
[0.158s] Invoked command in '/home/ws/build/opennav_coverage_navigator' returned '0': CMAKE_PREFIX_PATH=${CMAKE_PREFIX_PATH}:/opt/ros/jazzy /usr/bin/cmake --install /home/ws/build/opennav_coverage_navigator
