[0.010s] Invoking command in '/home/ws/build/temizlik_navigation': CMAKE_PREFIX_PATH=/home/ws/install/opennav_coverage:/home/ws/install/opennav_coverage_msgs:/home/ws/install/fields2cover:/home/ws/install/opennav_coverage_bt:/home/ws/install/temizlik_navigation:/opt/ros/jazzy/opt/gz_sim_vendor:/opt/ros/jazzy/opt/gz_sensors_vendor:/opt/ros/jazzy/opt/gz_physics_vendor:/opt/ros/jazzy/opt/sdformat_vendor:/opt/ros/jazzy/opt/gz_gui_vendor:/opt/ros/jazzy/opt/gz_transport_vendor:/opt/ros/jazzy/opt/gz_rendering_vendor:/opt/ros/jazzy/opt/gz_plugin_vendor:/opt/ros/jazzy/opt/gz_fuel_tools_vendor:/opt/ros/jazzy/opt/gz_msgs_vendor:/opt/ros/jazzy/opt/gz_common_vendor:/opt/ros/jazzy/opt/gz_math_vendor:/opt/ros/jazzy/opt/gz_utils_vendor:/opt/ros/jazzy/opt/gz_tools_vendor:/opt/ros/jazzy/opt/gz_ogre_next_vendor:/opt/ros/jazzy/opt/gz_dartsim_vendor:/opt/ros/jazzy/opt/gz_cmake_vendor:/opt/ros/jazzy LD_LIBRARY_PATH=/home/ws/install/opennav_coverage/lib:/home/ws/install/opennav_coverage_msgs/lib:/home/ws/install/fields2cover/lib:/home/ws/install/opennav_coverage_bt/lib:/opt/ros/jazzy/opt/gz_sim_vendor/lib:/opt/ros/jazzy/opt/gz_sensors_vendor/lib:/opt/ros/jazzy/opt/gz_physics_vendor/lib:/opt/ros/jazzy/opt/sdformat_vendor/lib:/opt/ros/jazzy/opt/rviz_ogre_vendor/lib:/opt/ros/jazzy/lib/x86_64-linux-gnu:/opt/ros/jazzy/opt/gz_gui_vendor/lib:/opt/ros/jazzy/opt/gz_transport_vendor/lib:/opt/ros/jazzy/opt/gz_rendering_vendor/lib:/opt/ros/jazzy/opt/gz_plugin_vendor/lib:/opt/ros/jazzy/opt/gz_fuel_tools_vendor/lib:/opt/ros/jazzy/opt/gz_msgs_vendor/lib:/opt/ros/jazzy/opt/gz_common_vendor/lib:/opt/ros/jazzy/opt/gz_math_vendor/lib:/opt/ros/jazzy/opt/gz_utils_vendor/lib:/opt/ros/jazzy/opt/gz_tools_vendor/lib:/opt/ros/jazzy/opt/gz_ogre_next_vendor/lib:/opt/ros/jazzy/opt/gz_dartsim_vendor/lib:/opt/ros/jazzy/opt/gz_cmake_vendor/lib:/opt/ros/jazzy/lib /usr/bin/cmake /home/ws/src/temizlik_navigation -DCMAKE_INSTALL_PREFIX=/home/ws/install/temizlik_navigation
[0.049s] -- The C compiler identification is GNU 13.3.0
[0.088s] -- The CXX compiler identification is GNU 13.3.0
[0.101s] -- Detecting C compiler ABI info
[0.169s] -- Detecting C compiler ABI info - done
[0.175s] -- Check for working C compiler: /usr/bin/cc - skipped
[0.175s] -- Detecting C compile features
[0.175s] -- Detecting C compile features - done
[0.182s] -- Detecting CXX compiler ABI info
[0.256s] -- Detecting CXX compiler ABI info - done
[0.262s] -- Check for working CXX compiler: /usr/bin/c++ - skipped
[0.262s] -- Detecting CXX compile features
[0.262s] -- Detecting CXX compile features - done
[0.268s] -- Found ament_cmake: 2.5.5 (/opt/ros/jazzy/share/ament_cmake/cmake)
[0.381s] -- Found Python3: /usr/bin/python3 (found version "3.12.3") found components: Interpreter 
[0.511s] -- Found GDAL: /usr/lib/x86_64-linux-gnu/libgdal.so (found suitable version "3.8.4", minimum required is "3.0") 
[0.516s] -- Found rclcpp: 28.1.16 (/opt/ros/jazzy/share/rclcpp/cmake)
[0.567s] -- Found rosidl_generator_c: 4.6.7 (/opt/ros/jazzy/share/rosidl_generator_c/cmake)
[0.584s] -- Found rosidl_generator_cpp: 4.6.7 (/opt/ros/jazzy/share/rosidl_generator_cpp/cmake)
[0.604s] -- Using all available rosidl_typesupport_c: rosidl_typesupport_fastrtps_c;rosidl_typesupport_introspection_c
[0.624s] -- Using all available rosidl_typesupport_cpp: rosidl_typesupport_fastrtps_cpp;rosidl_typesupport_introspection_cpp
[0.704s] -- Found rmw_implementation_cmake: 7.3.3 (/opt/ros/jazzy/share/rmw_implementation_cmake/cmake)
[0.709s] -- Found rmw_fastrtps_cpp: 8.4.3 (/opt/ros/jazzy/share/rmw_fastrtps_cpp/cmake)
[0.785s] -- Found OpenSSL: /usr/lib/x86_64-linux-gnu/libcrypto.so (found version "3.0.13")  
[0.799s] -- Found FastRTPS: /opt/ros/jazzy/include (Required is at least version "2.13") 
[0.817s] -- Using RMW implementation 'rmw_fastrtps_cpp' as default
[0.891s] -- Found rclcpp_action: 28.1.16 (/opt/ros/jazzy/share/rclcpp_action/cmake)
[0.932s] -- Found geometry_msgs: 5.3.6 (/opt/ros/jazzy/share/geometry_msgs/cmake)
[0.961s] -- Found nav_msgs: 5.3.6 (/opt/ros/jazzy/share/nav_msgs/cmake)
[0.984s] -- Found nav2_msgs: 1.3.10 (/opt/ros/jazzy/share/nav2_msgs/cmake)
[1.054s] -- Found std_srvs: 5.3.6 (/opt/ros/jazzy/share/std_srvs/cmake)
[1.069s] -- Found visualization_msgs: 5.3.6 (/opt/ros/jazzy/share/visualization_msgs/cmake)
[1.169s] -- Configuring done (1.2s)
[1.182s] -- Generating done (0.0s)
[1.185s] -- Build files have been written to: /home/ws/build/temizlik_navigation
[1.192s] Invoked command in '/home/ws/build/temizlik_navigation' returned '0': CMAKE_PREFIX_PATH=/home/ws/install/opennav_coverage:/home/ws/install/opennav_coverage_msgs:/home/ws/install/fields2cover:/home/ws/install/opennav_coverage_bt:/home/ws/install/temizlik_navigation:/opt/ros/jazzy/opt/gz_sim_vendor:/opt/ros/jazzy/opt/gz_sensors_vendor:/opt/ros/jazzy/opt/gz_physics_vendor:/opt/ros/jazzy/opt/sdformat_vendor:/opt/ros/jazzy/opt/gz_gui_vendor:/opt/ros/jazzy/opt/gz_transport_vendor:/opt/ros/jazzy/opt/gz_rendering_vendor:/opt/ros/jazzy/opt/gz_plugin_vendor:/opt/ros/jazzy/opt/gz_fuel_tools_vendor:/opt/ros/jazzy/opt/gz_msgs_vendor:/opt/ros/jazzy/opt/gz_common_vendor:/opt/ros/jazzy/opt/gz_math_vendor:/opt/ros/jazzy/opt/gz_utils_vendor:/opt/ros/jazzy/opt/gz_tools_vendor:/opt/ros/jazzy/opt/gz_ogre_next_vendor:/opt/ros/jazzy/opt/gz_dartsim_vendor:/opt/ros/jazzy/opt/gz_cmake_vendor:/opt/ros/jazzy LD_LIBRARY_PATH=/home/ws/install/opennav_coverage/lib:/home/ws/install/opennav_coverage_msgs/lib:/home/ws/install/fields2cover/lib:/home/ws/install/opennav_coverage_bt/lib:/opt/ros/jazzy/opt/gz_sim_vendor/lib:/opt/ros/jazzy/opt/gz_sensors_vendor/lib:/opt/ros/jazzy/opt/gz_physics_vendor/lib:/opt/ros/jazzy/opt/sdformat_vendor/lib:/opt/ros/jazzy/opt/rviz_ogre_vendor/lib:/opt/ros/jazzy/lib/x86_64-linux-gnu:/opt/ros/jazzy/opt/gz_gui_vendor/lib:/opt/ros/jazzy/opt/gz_transport_vendor/lib:/opt/ros/jazzy/opt/gz_rendering_vendor/lib:/opt/ros/jazzy/opt/gz_plugin_vendor/lib:/opt/ros/jazzy/opt/gz_fuel_tools_vendor/lib:/opt/ros/jazzy/opt/gz_msgs_vendor/lib:/opt/ros/jazzy/opt/gz_common_vendor/lib:/opt/ros/jazzy/opt/gz_math_vendor/lib:/opt/ros/jazzy/opt/gz_utils_vendor/lib:/opt/ros/jazzy/opt/gz_tools_vendor/lib:/opt/ros/jazzy/opt/gz_ogre_next_vendor/lib:/opt/ros/jazzy/opt/gz_dartsim_vendor/lib:/opt/ros/jazzy/opt/gz_cmake_vendor/lib:/opt/ros/jazzy/lib /usr/bin/cmake /home/ws/src/temizlik_navigation -DCMAKE_INSTALL_PREFIX=/home/ws/install/temizlik_navigation
[1.193s] Invoking command in '/home/ws/build/temizlik_navigation': CMAKE_PREFIX_PATH=/home/ws/install/opennav_coverage:/home/ws/install/opennav_coverage_msgs:/home/ws/install/fields2cover:/home/ws/install/opennav_coverage_bt:/home/ws/install/temizlik_navigation:/opt/ros/jazzy/opt/gz_sim_vendor:/opt/ros/jazzy/opt/gz_sensors_vendor:/opt/ros/jazzy/opt/gz_physics_vendor:/opt/ros/jazzy/opt/sdformat_vendor:/opt/ros/jazzy/opt/gz_gui_vendor:/opt/ros/jazzy/opt/gz_transport_vendor:/opt/ros/jazzy/opt/gz_rendering_vendor:/opt/ros/jazzy/opt/gz_plugin_vendor:/opt/ros/jazzy/opt/gz_fuel_tools_vendor:/opt/ros/jazzy/opt/gz_msgs_vendor:/opt/ros/jazzy/opt/gz_common_vendor:/opt/ros/jazzy/opt/gz_math_vendor:/opt/ros/jazzy/opt/gz_utils_vendor:/opt/ros/jazzy/opt/gz_tools_vendor:/opt/ros/jazzy/opt/gz_ogre_next_vendor:/opt/ros/jazzy/opt/gz_dartsim_vendor:/opt/ros/jazzy/opt/gz_cmake_vendor:/opt/ros/jazzy LD_LIBRARY_PATH=/home/ws/install/opennav_coverage/lib:/home/ws/install/opennav_coverage_msgs/lib:/home/ws/install/fields2cover/lib:/home/ws/install/opennav_coverage_bt/lib:/opt/ros/jazzy/opt/gz_sim_vendor/lib:/opt/ros/jazzy/opt/gz_sensors_vendor/lib:/opt/ros/jazzy/opt/gz_physics_vendor/lib:/opt/ros/jazzy/opt/sdformat_vendor/lib:/opt/ros/jazzy/opt/rviz_ogre_vendor/lib:/opt/ros/jazzy/lib/x86_64-linux-gnu:/opt/ros/jazzy/opt/gz_gui_vendor/lib:/opt/ros/jazzy/opt/gz_transport_vendor/lib:/opt/ros/jazzy/opt/gz_rendering_vendor/lib:/opt/ros/jazzy/opt/gz_plugin_vendor/lib:/opt/ros/jazzy/opt/gz_fuel_tools_vendor/lib:/opt/ros/jazzy/opt/gz_msgs_vendor/lib:/opt/ros/jazzy/opt/gz_common_vendor/lib:/opt/ros/jazzy/opt/gz_math_vendor/lib:/opt/ros/jazzy/opt/gz_utils_vendor/lib:/opt/ros/jazzy/opt/gz_tools_vendor/lib:/opt/ros/jazzy/opt/gz_ogre_next_vendor/lib:/opt/ros/jazzy/opt/gz_dartsim_vendor/lib:/opt/ros/jazzy/opt/gz_cmake_vendor/lib:/opt/ros/jazzy/lib /usr/bin/cmake --build /home/ws/build/temizlik_navigation -- -j12 -l12
[1.242s] [ 50%] [32mBuilding CXX object CMakeFiles/f2c_smoke_test.dir/src/f2c_smoke_test.cpp.o[0m
[1.242s] [ 50%] [32mBuilding CXX object CMakeFiles/f2c_nav2_waypoint_node.dir/src/f2c_nav2_waypoint_node.cpp.o[0m
[1.891s] [01m[K/home/ws/src/temizlik_navigation/src/f2c_smoke_test.cpp:[m[K In function ‘[01m[Kint[01;32m[K main[m[K()[m[K’:
[1.892s] [01m[K/home/ws/src/temizlik_navigation/src/f2c_smoke_test.cpp:7:36:[m[K [01;31m[Kerror: [m[Kno matching function for call to ‘[01m[Kf2c::types::Robot::Robot(double, double, double, double)[m[K’
[1.892s]     7 |   F2CRobot robot(0.4, 0.4, 1.0, 0.3[01;31m[K)[m[K;
[1.892s]       |                                    [01;31m[K^[m[K
[1.892s] In file included from [01m[K/home/ws/install/fields2cover/include/fields2cover/types.h:31[m[K,
[1.892s]                  from [01m[K/home/ws/install/fields2cover/include/fields2cover.h:11[m[K,
[1.892s]                  from [01m[K/home/ws/src/temizlik_navigation/src/f2c_smoke_test.cpp:4[m[K:
[1.892s] [01m[K/home/ws/install/fields2cover/include/fields2cover/types/Robot.h:51:3:[m[K [01;36m[Knote: [m[Kcandidate: ‘[01m[Kconstexpr f2c::types::Robot::[01;32m[KRobot[m[K(f2c::types::Robot&&)[m[K’
[1.892s]    51 |   [01;36m[KRobot[m[K(Robot &&) = default;
[1.892s]       |   [01;36m[K^~~~~[m[K
[1.892s] [01m[K/home/ws/install/fields2cover/include/fields2cover/types/Robot.h:51:3:[m[K [01;36m[Knote: [m[K  candidate expects 1 argument, 4 provided
[1.892s] [01m[K/home/ws/install/fields2cover/include/fields2cover/types/Robot.h:50:3:[m[K [01;36m[Knote: [m[Kcandidate: ‘[01m[Kconstexpr f2c::types::Robot::[01;32m[KRobot[m[K(const f2c::types::Robot&)[m[K’
[1.892s]    50 |   [01;36m[KRobot[m[K(const Robot&) = default;
[1.892s]       |   [01;36m[K^~~~~[m[K
[1.892s] [01m[K/home/ws/install/fields2cover/include/fields2cover/types/Robot.h:50:3:[m[K [01;36m[Knote: [m[K  candidate expects 1 argument, 4 provided
[1.892s] [01m[K/home/ws/install/fields2cover/include/fields2cover/types/Robot.h:48:3:[m[K [01;36m[Knote: [m[Kcandidate: ‘[01m[Kconstexpr f2c::types::Robot::[01;32m[KRobot[m[K()[m[K’
[1.892s]    48 |   [01;36m[KRobot[m[K() = default;
[1.892s]       |   [01;36m[K^~~~~[m[K
[1.892s] [01m[K/home/ws/install/fields2cover/include/fields2cover/types/Robot.h:48:3:[m[K [01;36m[Knote: [m[K  candidate expects 0 arguments, 4 provided
[1.892s] [01m[K/home/ws/install/fields2cover/include/fields2cover/types/Robot.h:37:12:[m[K [01;36m[Knote: [m[Kcandidate: ‘[01m[Kf2c::types::Robot::[01;32m[KRobot[m[K(double, double)[m[K’
[1.892s]    37 |   explicit [01;36m[KRobot[m[K(
[1.892s]       |            [01;36m[K^~~~~[m[K
[1.892s] [01m[K/home/ws/install/fields2cover/include/fields2cover/types/Robot.h:37:12:[m[K [01;36m[Knote: [m[K  candidate expects 2 arguments, 4 provided
[1.892s] [01m[K/home/ws/src/temizlik_navigation/src/f2c_smoke_test.cpp:12:8:[m[K [01;31m[Kerror: [m[K‘[01m[KOptions[m[K’ is not a member of ‘[01m[Kf2c[m[K’
[1.892s]    12 |   f2c::[01;31m[KOptions[m[K options;
[1.892s]       |        [01;31m[K^~~~~~~[m[K
[1.895s] [01m[K/home/ws/src/temizlik_navigation/src/f2c_smoke_test.cpp:13:3:[m[K [01;31m[Kerror: [m[K‘[01m[Koptions[m[K’ was not declared in this scope; did you mean ‘[01m[Koptind[m[K’?
[1.895s]    13 |   [01;31m[Koptions[m[K.pp_alg = f2c::PPAlg::DUBINS;
[1.895s]       |   [01;31m[K^~~~~~~[m[K
[1.895s]       |   [32m[Koptind[m[K
[1.896s] [01m[K/home/ws/src/temizlik_navigation/src/f2c_smoke_test.cpp:13:25:[m[K [01;31m[Kerror: [m[K‘[01m[Kf2c::PPAlg[m[K’ has not been declared
[1.896s]    13 |   options.pp_alg = f2c::[01;31m[KPPAlg[m[K::DUBINS;
[1.896s]       |                         [01;31m[K^~~~~[m[K
[1.896s] [01m[K/home/ws/src/temizlik_navigation/src/f2c_smoke_test.cpp:15:23:[m[K [01;31m[Kerror: [m[K‘[01m[KplanCovPath[m[K’ is not a member of ‘[01m[Kf2c[m[K’
[1.896s]    15 |   F2CPath path = f2c::[01;31m[KplanCovPath[m[K(robot, cell, options);
[1.896s]       |                       [01;31m[K^~~~~~~~~~~[m[K
[1.896s] [01m[K/home/ws/src/temizlik_navigation/src/f2c_smoke_test.cpp:17:28:[m[K [01;31m[Kerror: [m[K‘[01m[Kusing F2CCell = struct f2c::types::Cell[m[K’ {aka ‘[01m[Kstruct f2c::types::Cell[m[K’} has no member named ‘[01m[Karea[m[K’
[1.896s]    17 |   const double area = cell.[01;31m[Karea[m[K();
[1.896s]       |                            [01;31m[K^~~~[m[K
[2.003s] gmake[2]: *** [CMakeFiles/f2c_smoke_test.dir/build.make:76: CMakeFiles/f2c_smoke_test.dir/src/f2c_smoke_test.cpp.o] Error 1
[2.003s] gmake[1]: *** [CMakeFiles/Makefile2:139: CMakeFiles/f2c_smoke_test.dir/all] Error 2
[2.003s] gmake[1]: *** Waiting for unfinished jobs....
[3.726s] [01m[K/home/ws/src/temizlik_navigation/src/f2c_nav2_waypoint_node.cpp:83:8:[m[K [01;31m[Kerror: [m[K‘[01m[KPPAlg[m[K’ in namespace ‘[01m[Kf2c[m[K’ does not name a type
[3.726s]    83 |   f2c::[01;31m[KPPAlg[m[K parse_pp_alg(const std::string &alg_name) {
[3.726s]       |        [01;31m[K^~~~~[m[K
[3.759s] [01m[K/home/ws/src/temizlik_navigation/src/f2c_nav2_waypoint_node.cpp:[m[K In member function ‘[01m[Kvoid F2CNav2WaypointNode::[01;32m[Kgenerate_waypoints[m[K()[m[K’:
[3.759s] [01m[K/home/ws/src/temizlik_navigation/src/f2c_nav2_waypoint_node.cpp:152:76:[m[K [01;31m[Kerror: [m[Kno matching function for call to ‘[01m[Kf2c::types::Robot::Robot(double&, double&, double&, double&)[m[K’
[3.759s]   152 |     F2CRobot robot(robot_width_, coverage_width_, max_curv_, max_diff_curv_[01;31m[K)[m[K;
[3.759s]       |                                                                            [01;31m[K^[m[K
[3.759s] In file included from [01m[K/home/ws/install/fields2cover/include/fields2cover/types.h:31[m[K,
[3.759s]                  from [01m[K/home/ws/install/fields2cover/include/fields2cover.h:11[m[K,
[3.759s]                  from [01m[K/home/ws/src/temizlik_navigation/src/f2c_nav2_waypoint_node.cpp:8[m[K:
[3.759s] [01m[K/home/ws/install/fields2cover/include/fields2cover/types/Robot.h:51:3:[m[K [01;36m[Knote: [m[Kcandidate: ‘[01m[Kconstexpr f2c::types::Robot::[01;32m[KRobot[m[K(f2c::types::Robot&&)[m[K’
[3.759s]    51 |   [01;36m[KRobot[m[K(Robot &&) = default;
[3.759s]       |   [01;36m[K^~~~~[m[K
[3.759s] [01m[K/home/ws/install/fields2cover/include/fields2cover/types/Robot.h:51:3:[m[K [01;36m[Knote: [m[K  candidate expects 1 argument, 4 provided
[3.759s] [01m[K/home/ws/install/fields2cover/include/fields2cover/types/Robot.h:50:3:[m[K [01;36m[Knote: [m[Kcandidate: ‘[01m[Kconstexpr f2c::types::Robot::[01;32m[KRobot[m[K(const f2c::types::Robot&)[m[K’
[3.759s]    50 |   [01;36m[KRobot[m[K(const Robot&) = default;
[3.759s]       |   [01;36m[K^~~~~[m[K
[3.760s] [01m[K/home/ws/install/fields2cover/include/fields2cover/types/Robot.h:50:3:[m[K [01;36m[Knote: [m[K  candidate expects 1 argument, 4 provided
[3.760s] [01m[K/home/ws/install/fields2cover/include/fields2cover/types/Robot.h:48:3:[m[K [01;36m[Knote: [m[Kcandidate: ‘[01m[Kconstexpr f2c::types::Robot::[01;32m[KRobot[m[K()[m[K’
[3.760s]    48 |   [01;36m[KRobot[m[K() = default;
[3.760s]       |   [01;36m[K^~~~~[m[K
[3.760s] [01m[K/home/ws/install/fields2cover/include/fields2cover/types/Robot.h:48:3:[m[K [01;36m[Knote: [m[K  candidate expects 0 arguments, 4 provided
[3.760s] [01m[K/home/ws/install/fields2cover/include/fields2cover/types/Robot.h:37:12:[m[K [01;36m[Knote: [m[Kcandidate: ‘[01m[Kf2c::types::Robot::[01;32m[KRobot[m[K(double, double)[m[K’
[3.760s]    37 |   explicit [01;36m[KRobot[m[K(
[3.760s]       |            [01;36m[K^~~~~[m[K
[3.760s] [01m[K/home/ws/install/fields2cover/include/fields2cover/types/Robot.h:37:12:[m[K [01;36m[Knote: [m[K  candidate expects 2 arguments, 4 provided
[3.760s] [01m[K/home/ws/src/temizlik_navigation/src/f2c_nav2_waypoint_node.cpp:170:43:[m[K [01;31m[Kerror: [m[K‘[01m[Kusing F2CCells = struct f2c::types::Cells[m[K’ {aka ‘[01m[Kstruct f2c::types::Cells[m[K’} has no member named ‘[01m[Kdifference[m[K’; did you mean ‘[01m[KDifference[m[K’?
[3.760s]   170 |       const auto diff_cells = work_cells_.[01;31m[Kdifference[m[K(ex_cell);
[3.760s]       |                                           [01;31m[K^~~~~~~~~~[m[K
[3.760s]       |                                           [32m[KDifference[m[K
[3.761s] [01m[K/home/ws/src/temizlik_navigation/src/f2c_nav2_waypoint_node.cpp:180:10:[m[K [01;31m[Kerror: [m[K‘[01m[KOptions[m[K’ is not a member of ‘[01m[Kf2c[m[K’
[3.761s]   180 |     f2c::[01;31m[KOptions[m[K options;
[3.761s]       |          [01;31m[K^~~~~~~[m[K
[3.768s] [01m[K/home/ws/src/temizlik_navigation/src/f2c_nav2_waypoint_node.cpp:181:5:[m[K [01;31m[Kerror: [m[K‘[01m[Koptions[m[K’ was not declared in this scope; did you mean ‘[01m[Koptind[m[K’?
[3.768s]   181 |     [01;31m[Koptions[m[K.pp_alg = parse_pp_alg(pp_alg_);
[3.768s]       |     [01;31m[K^~~~~~~[m[K
[3.768s]       |     [32m[Koptind[m[K
[3.778s] [01m[K/home/ws/src/temizlik_navigation/src/f2c_nav2_waypoint_node.cpp:181:22:[m[K [01;31m[Kerror: [m[K‘[01m[Kparse_pp_alg[m[K’ was not declared in this scope
[3.778s]   181 |     options.pp_alg = [01;31m[Kparse_pp_alg[m[K(pp_alg_);
[3.778s]       |                      [01;31m[K^~~~~~~~~~~~[m[K
[3.779s] [01m[K/home/ws/src/temizlik_navigation/src/f2c_nav2_waypoint_node.cpp:183:31:[m[K [01;31m[Kerror: [m[K‘[01m[KplanCovPath[m[K’ is not a member of ‘[01m[Kf2c[m[K’
[3.779s]   183 |     const F2CPath path = f2c::[01;31m[KplanCovPath[m[K(robot, field_cell_, options);
[3.779s]       |                               [01;31m[K^~~~~~~~~~~[m[K
[3.779s] [01m[K/home/ws/src/temizlik_navigation/src/f2c_nav2_waypoint_node.cpp:197:35:[m[K [01;31m[Kerror: [m[K‘[01m[Kconst F2CPath[m[K’ {aka ‘[01m[Kconst struct f2c::types::Path[m[K’} has no member named ‘[01m[KgetStates[m[K’; did you mean ‘[01m[Kstates[m[K’?
[3.779s]   197 |     for (const auto &state : path.[01;31m[KgetStates[m[K()) {
[3.779s]       |                                   [01;31m[K^~~~~~~~~[m[K
[3.779s]       |                                   [32m[Kstates[m[K
[5.110s] gmake[2]: *** [CMakeFiles/f2c_nav2_waypoint_node.dir/build.make:76: CMakeFiles/f2c_nav2_waypoint_node.dir/src/f2c_nav2_waypoint_node.cpp.o] Error 1
[5.110s] gmake[1]: *** [CMakeFiles/Makefile2:165: CMakeFiles/f2c_nav2_waypoint_node.dir/all] Error 2
[5.110s] gmake: *** [Makefile:146: all] Error 2
[5.112s] Invoked command in '/home/ws/build/temizlik_navigation' returned '2': CMAKE_PREFIX_PATH=/home/ws/install/opennav_coverage:/home/ws/install/opennav_coverage_msgs:/home/ws/install/fields2cover:/home/ws/install/opennav_coverage_bt:/home/ws/install/temizlik_navigation:/opt/ros/jazzy/opt/gz_sim_vendor:/opt/ros/jazzy/opt/gz_sensors_vendor:/opt/ros/jazzy/opt/gz_physics_vendor:/opt/ros/jazzy/opt/sdformat_vendor:/opt/ros/jazzy/opt/gz_gui_vendor:/opt/ros/jazzy/opt/gz_transport_vendor:/opt/ros/jazzy/opt/gz_rendering_vendor:/opt/ros/jazzy/opt/gz_plugin_vendor:/opt/ros/jazzy/opt/gz_fuel_tools_vendor:/opt/ros/jazzy/opt/gz_msgs_vendor:/opt/ros/jazzy/opt/gz_common_vendor:/opt/ros/jazzy/opt/gz_math_vendor:/opt/ros/jazzy/opt/gz_utils_vendor:/opt/ros/jazzy/opt/gz_tools_vendor:/opt/ros/jazzy/opt/gz_ogre_next_vendor:/opt/ros/jazzy/opt/gz_dartsim_vendor:/opt/ros/jazzy/opt/gz_cmake_vendor:/opt/ros/jazzy LD_LIBRARY_PATH=/home/ws/install/opennav_coverage/lib:/home/ws/install/opennav_coverage_msgs/lib:/home/ws/install/fields2cover/lib:/home/ws/install/opennav_coverage_bt/lib:/opt/ros/jazzy/opt/gz_sim_vendor/lib:/opt/ros/jazzy/opt/gz_sensors_vendor/lib:/opt/ros/jazzy/opt/gz_physics_vendor/lib:/opt/ros/jazzy/opt/sdformat_vendor/lib:/opt/ros/jazzy/opt/rviz_ogre_vendor/lib:/opt/ros/jazzy/lib/x86_64-linux-gnu:/opt/ros/jazzy/opt/gz_gui_vendor/lib:/opt/ros/jazzy/opt/gz_transport_vendor/lib:/opt/ros/jazzy/opt/gz_rendering_vendor/lib:/opt/ros/jazzy/opt/gz_plugin_vendor/lib:/opt/ros/jazzy/opt/gz_fuel_tools_vendor/lib:/opt/ros/jazzy/opt/gz_msgs_vendor/lib:/opt/ros/jazzy/opt/gz_common_vendor/lib:/opt/ros/jazzy/opt/gz_math_vendor/lib:/opt/ros/jazzy/opt/gz_utils_vendor/lib:/opt/ros/jazzy/opt/gz_tools_vendor/lib:/opt/ros/jazzy/opt/gz_ogre_next_vendor/lib:/opt/ros/jazzy/opt/gz_dartsim_vendor/lib:/opt/ros/jazzy/opt/gz_cmake_vendor/lib:/opt/ros/jazzy/lib /usr/bin/cmake --build /home/ws/build/temizlik_navigation -- -j12 -l12
