running egg_info
creating ../../../build/opennav_coverage_demo/opennav_coverage_demo.egg-info
writing ../../../build/opennav_coverage_demo/opennav_coverage_demo.egg-info/PKG-INFO
writing dependency_links to ../../../build/opennav_coverage_demo/opennav_coverage_demo.egg-info/dependency_links.txt
writing entry points to ../../../build/opennav_coverage_demo/opennav_coverage_demo.egg-info/entry_points.txt
writing requirements to ../../../build/opennav_coverage_demo/opennav_coverage_demo.egg-info/requires.txt
writing top-level names to ../../../build/opennav_coverage_demo/opennav_coverage_demo.egg-info/top_level.txt
writing manifest file '../../../build/opennav_coverage_demo/opennav_coverage_demo.egg-info/SOURCES.txt'
reading manifest file '../../../build/opennav_coverage_demo/opennav_coverage_demo.egg-info/SOURCES.txt'
writing manifest file '../../../build/opennav_coverage_demo/opennav_coverage_demo.egg-info/SOURCES.txt'
running build
running build_py
creating /home/ws/build/opennav_coverage_demo/build
creating /home/ws/build/opennav_coverage_demo/build/lib
creating /home/ws/build/opennav_coverage_demo/build/lib/opennav_coverage_demo
copying opennav_coverage_demo/demo_row_coverage.py -> /home/ws/build/opennav_coverage_demo/build/lib/opennav_coverage_demo
copying opennav_coverage_demo/demo_coverage.py -> /home/ws/build/opennav_coverage_demo/build/lib/opennav_coverage_demo
copying opennav_coverage_demo/__init__.py -> /home/ws/build/opennav_coverage_demo/build/lib/opennav_coverage_demo
running install
running install_lib
creating /home/ws/install/opennav_coverage_demo/lib/python3.12/site-packages/opennav_coverage_demo
copying /home/ws/build/opennav_coverage_demo/build/lib/opennav_coverage_demo/demo_row_coverage.py -> /home/ws/install/opennav_coverage_demo/lib/python3.12/site-packages/opennav_coverage_demo
copying /home/ws/build/opennav_coverage_demo/build/lib/opennav_coverage_demo/demo_coverage.py -> /home/ws/install/opennav_coverage_demo/lib/python3.12/site-packages/opennav_coverage_demo
copying /home/ws/build/opennav_coverage_demo/build/lib/opennav_coverage_demo/__init__.py -> /home/ws/install/opennav_coverage_demo/lib/python3.12/site-packages/opennav_coverage_demo
byte-compiling /home/ws/install/opennav_coverage_demo/lib/python3.12/site-packages/opennav_coverage_demo/demo_row_coverage.py to demo_row_coverage.cpython-312.pyc
byte-compiling /home/ws/install/opennav_coverage_demo/lib/python3.12/site-packages/opennav_coverage_demo/demo_coverage.py to demo_coverage.cpython-312.pyc
byte-compiling /home/ws/install/opennav_coverage_demo/lib/python3.12/site-packages/opennav_coverage_demo/__init__.py to __init__.cpython-312.pyc
running install_data
creating /home/ws/install/opennav_coverage_demo/share/ament_index
creating /home/ws/install/opennav_coverage_demo/share/ament_index/resource_index
creating /home/ws/install/opennav_coverage_demo/share/ament_index/resource_index/packages
copying resource/opennav_coverage_demo -> /home/ws/install/opennav_coverage_demo/share/ament_index/resource_index/packages
copying package.xml -> /home/ws/install/opennav_coverage_demo/share/opennav_coverage_demo
copying launch/row_bringup_launch.py -> /home/ws/install/opennav_coverage_demo/share/opennav_coverage_demo
copying launch/bringup_launch.py -> /home/ws/install/opennav_coverage_demo/share/opennav_coverage_demo
copying launch/coverage_demo_launch.py -> /home/ws/install/opennav_coverage_demo/share/opennav_coverage_demo
copying launch/row_coverage_demo_launch.py -> /home/ws/install/opennav_coverage_demo/share/opennav_coverage_demo
copying world/blank.world -> /home/ws/install/opennav_coverage_demo/share/opennav_coverage_demo
copying params/demo_params.yaml -> /home/ws/install/opennav_coverage_demo/share/opennav_coverage_demo
copying params/rviz_config.rviz -> /home/ws/install/opennav_coverage_demo/share/opennav_coverage_demo
running install_egg_info
Copying ../../../build/opennav_coverage_demo/opennav_coverage_demo.egg-info to /home/ws/install/opennav_coverage_demo/lib/python3.12/site-packages/opennav_coverage_demo-1.0.0-py3.12.egg-info
running install_scripts
Installing demo_coverage script to /home/ws/install/opennav_coverage_demo/lib/opennav_coverage_demo
Installing demo_row_coverage script to /home/ws/install/opennav_coverage_demo/lib/opennav_coverage_demo
writing list of installed files to '/home/ws/build/opennav_coverage_demo/install.log'
