[0.496s] Invoking command in '/home/ws/src/opennav_coverage/opennav_coverage_demo': AMENT_PREFIX_PATH=/home/ws/install/opennav_row_coverage:/home/ws/install/opennav_coverage_navigator:${AMENT_PREFIX_PATH} CMAKE_PREFIX_PATH=/home/ws/install/opennav_row_coverage:/home/ws/install/opennav_coverage_navigator:${CMAKE_PREFIX_PATH} LD_LIBRARY_PATH=/home/ws/install/opennav_row_coverage/lib:/home/ws/install/opennav_coverage_navigator/lib:${LD_LIBRARY_PATH} PYTHONPATH=/home/ws/build/opennav_coverage_demo/prefix_override:/usr/lib/python3/dist-packages/colcon_core/task/python/colcon_distutils_commands:/home/ws/install/opennav_coverage_demo/lib/python3.12/site-packages:${PYTHONPATH} /usr/bin/python3 -W ignore:setup.py install is deprecated -W ignore:easy_install command is deprecated setup.py egg_info --egg-base ../../../build/opennav_coverage_demo build --build-base /home/ws/build/opennav_coverage_demo/build install --record /home/ws/build/opennav_coverage_demo/install.log --single-version-externally-managed install_data
[0.637s] running egg_info
[0.637s] creating ../../../build/opennav_coverage_demo/opennav_coverage_demo.egg-info
[0.645s] writing ../../../build/opennav_coverage_demo/opennav_coverage_demo.egg-info/PKG-INFO
[0.645s] writing dependency_links to ../../../build/opennav_coverage_demo/opennav_coverage_demo.egg-info/dependency_links.txt
[0.645s] writing entry points to ../../../build/opennav_coverage_demo/opennav_coverage_demo.egg-info/entry_points.txt
[0.645s] writing requirements to ../../../build/opennav_coverage_demo/opennav_coverage_demo.egg-info/requires.txt
[0.645s] writing top-level names to ../../../build/opennav_coverage_demo/opennav_coverage_demo.egg-info/top_level.txt
[0.645s] writing manifest file '../../../build/opennav_coverage_demo/opennav_coverage_demo.egg-info/SOURCES.txt'
[0.663s] reading manifest file '../../../build/opennav_coverage_demo/opennav_coverage_demo.egg-info/SOURCES.txt'
[0.664s] writing manifest file '../../../build/opennav_coverage_demo/opennav_coverage_demo.egg-info/SOURCES.txt'
[0.664s] running build
[0.664s] running build_py
[0.664s] creating /home/ws/build/opennav_coverage_demo/build
[0.664s] creating /home/ws/build/opennav_coverage_demo/build/lib
[0.664s] creating /home/ws/build/opennav_coverage_demo/build/lib/opennav_coverage_demo
[0.664s] copying opennav_coverage_demo/demo_row_coverage.py -> /home/ws/build/opennav_coverage_demo/build/lib/opennav_coverage_demo
[0.664s] copying opennav_coverage_demo/demo_coverage.py -> /home/ws/build/opennav_coverage_demo/build/lib/opennav_coverage_demo
[0.664s] copying opennav_coverage_demo/__init__.py -> /home/ws/build/opennav_coverage_demo/build/lib/opennav_coverage_demo
[0.665s] running install
[0.669s] running install_lib
[0.678s] creating /home/ws/install/opennav_coverage_demo/lib/python3.12/site-packages/opennav_coverage_demo
[0.678s] copying /home/ws/build/opennav_coverage_demo/build/lib/opennav_coverage_demo/demo_row_coverage.py -> /home/ws/install/opennav_coverage_demo/lib/python3.12/site-packages/opennav_coverage_demo
[0.678s] copying /home/ws/build/opennav_coverage_demo/build/lib/opennav_coverage_demo/demo_coverage.py -> /home/ws/install/opennav_coverage_demo/lib/python3.12/site-packages/opennav_coverage_demo
[0.678s] copying /home/ws/build/opennav_coverage_demo/build/lib/opennav_coverage_demo/__init__.py -> /home/ws/install/opennav_coverage_demo/lib/python3.12/site-packages/opennav_coverage_demo
[0.678s] byte-compiling /home/ws/install/opennav_coverage_demo/lib/python3.12/site-packages/opennav_coverage_demo/demo_row_coverage.py to demo_row_coverage.cpython-312.pyc
[0.679s] byte-compiling /home/ws/install/opennav_coverage_demo/lib/python3.12/site-packages/opennav_coverage_demo/demo_coverage.py to demo_coverage.cpython-312.pyc
[0.680s] byte-compiling /home/ws/install/opennav_coverage_demo/lib/python3.12/site-packages/opennav_coverage_demo/__init__.py to __init__.cpython-312.pyc
[0.680s] running install_data
[0.680s] creating /home/ws/install/opennav_coverage_demo/share/ament_index
[0.680s] creating /home/ws/install/opennav_coverage_demo/share/ament_index/resource_index
[0.680s] creating /home/ws/install/opennav_coverage_demo/share/ament_index/resource_index/packages
[0.680s] copying resource/opennav_coverage_demo -> /home/ws/install/opennav_coverage_demo/share/ament_index/resource_index/packages
[0.680s] copying package.xml -> /home/ws/install/opennav_coverage_demo/share/opennav_coverage_demo
[0.680s] copying launch/row_bringup_launch.py -> /home/ws/install/opennav_coverage_demo/share/opennav_coverage_demo
[0.680s] copying launch/bringup_launch.py -> /home/ws/install/opennav_coverage_demo/share/opennav_coverage_demo
[0.680s] copying launch/coverage_demo_launch.py -> /home/ws/install/opennav_coverage_demo/share/opennav_coverage_demo
[0.680s] copying launch/row_coverage_demo_launch.py -> /home/ws/install/opennav_coverage_demo/share/opennav_coverage_demo
[0.681s] copying world/blank.world -> /home/ws/install/opennav_coverage_demo/share/opennav_coverage_demo
[0.681s] copying params/demo_params.yaml -> /home/ws/install/opennav_coverage_demo/share/opennav_coverage_demo
[0.681s] copying params/rviz_config.rviz -> /home/ws/install/opennav_coverage_demo/share/opennav_coverage_demo
[0.681s] running install_egg_info
[0.690s] Copying ../../../build/opennav_coverage_demo/opennav_coverage_demo.egg-info to /home/ws/install/opennav_coverage_demo/lib/python3.12/site-packages/opennav_coverage_demo-1.0.0-py3.12.egg-info
[0.691s] running install_scripts
[0.763s] Installing demo_coverage script to /home/ws/install/opennav_coverage_demo/lib/opennav_coverage_demo
[0.763s] Installing demo_row_coverage script to /home/ws/install/opennav_coverage_demo/lib/opennav_coverage_demo
[0.763s] writing list of installed files to '/home/ws/build/opennav_coverage_demo/install.log'
[0.780s] Invoked command in '/home/ws/src/opennav_coverage/opennav_coverage_demo' returned '0': AMENT_PREFIX_PATH=/home/ws/install/opennav_row_coverage:/home/ws/install/opennav_coverage_navigator:${AMENT_PREFIX_PATH} CMAKE_PREFIX_PATH=/home/ws/install/opennav_row_coverage:/home/ws/install/opennav_coverage_navigator:${CMAKE_PREFIX_PATH} LD_LIBRARY_PATH=/home/ws/install/opennav_row_coverage/lib:/home/ws/install/opennav_coverage_navigator/lib:${LD_LIBRARY_PATH} PYTHONPATH=/home/ws/build/opennav_coverage_demo/prefix_override:/usr/lib/python3/dist-packages/colcon_core/task/python/colcon_distutils_commands:/home/ws/install/opennav_coverage_demo/lib/python3.12/site-packages:${PYTHONPATH} /usr/bin/python3 -W ignore:setup.py install is deprecated -W ignore:easy_install command is deprecated setup.py egg_info --egg-base ../../../build/opennav_coverage_demo build --build-base /home/ws/build/opennav_coverage_demo/build install --record /home/ws/build/opennav_coverage_demo/install.log --single-version-externally-managed install_data
