[0.017s] Invoking command in '/home/ws/build/temizlik_navigation': CMAKE_PREFIX_PATH=/home/ws/install/opennav_coverage_navigator:/home/ws/install/opennav_coverage_bt:/home/ws/install/opennav_coverage:/home/ws/install/opennav_coverage_msgs:/home/ws/install/fields2cover:/home/ws/install/temizlik_navigation:/home/ws/install/opennav_row_coverage:/opt/ros/jazzy/opt/gz_sim_vendor:/opt/ros/jazzy/opt/gz_sensors_vendor:/opt/ros/jazzy/opt/gz_physics_vendor:/opt/ros/jazzy/opt/sdformat_vendor:/opt/ros/jazzy/opt/gz_gui_vendor:/opt/ros/jazzy/opt/gz_transport_vendor:/opt/ros/jazzy/opt/gz_rendering_vendor:/opt/ros/jazzy/opt/gz_plugin_vendor:/opt/ros/jazzy/opt/gz_fuel_tools_vendor:/opt/ros/jazzy/opt/gz_msgs_vendor:/opt/ros/jazzy/opt/gz_common_vendor:/opt/ros/jazzy/opt/gz_math_vendor:/opt/ros/jazzy/opt/gz_utils_vendor:/opt/ros/jazzy/opt/gz_tools_vendor:/opt/ros/jazzy/opt/gz_ogre_next_vendor:/opt/ros/jazzy/opt/gz_dartsim_vendor:/opt/ros/jazzy/opt/gz_cmake_vendor:/home/ws/install/opennav_coverage_demo:/opt/ros/jazzy LD_LIBRARY_PATH=/home/ws/install/opennav_coverage_navigator/lib:/home/ws/install/opennav_coverage_bt/lib:/home/ws/install/opennav_coverage/lib:/home/ws/install/opennav_coverage_msgs/lib:/home/ws/install/fields2cover/lib:/home/ws/install/opennav_row_coverage/lib:/opt/ros/jazzy/opt/gz_sim_vendor/lib:/opt/ros/jazzy/opt/gz_sensors_vendor/lib:/opt/ros/jazzy/opt/gz_physics_vendor/lib:/opt/ros/jazzy/opt/sdformat_vendor/lib:/opt/ros/jazzy/opt/rviz_ogre_vendor/lib:/opt/ros/jazzy/lib/x86_64-linux-gnu:/opt/ros/jazzy/opt/gz_gui_vendor/lib:/opt/ros/jazzy/opt/gz_transport_vendor/lib:/opt/ros/jazzy/opt/gz_rendering_vendor/lib:/opt/ros/jazzy/opt/gz_plugin_vendor/lib:/opt/ros/jazzy/opt/gz_fuel_tools_vendor/lib:/opt/ros/jazzy/opt/gz_msgs_vendor/lib:/opt/ros/jazzy/opt/gz_common_vendor/lib:/opt/ros/jazzy/opt/gz_math_vendor/lib:/opt/ros/jazzy/opt/gz_utils_vendor/lib:/opt/ros/jazzy/opt/gz_tools_vendor/lib:/opt/ros/jazzy/opt/gz_ogre_next_vendor/lib:/opt/ros/jazzy/opt/gz_dartsim_vendor/lib:/opt/ros/jazzy/opt/gz_cmake_vendor/lib:/opt/ros/jazzy/lib PYTHONPATH=/home/ws/install/opennav_coverage_msgs/lib/python3.12/site-packages:/home/ws/install/opennav_coverage_demo/lib/python3.12/site-packages:/opt/ros/jazzy/lib/python3.12/site-packages /usr/bin/cmake --build /home/ws/build/temizlik_navigation -- -j12 -l12
[0.043s] -- Found ament_cmake: 2.5.5 (/opt/ros/jazzy/share/ament_cmake/cmake)
[0.191s] -- Found rclcpp: 28.1.16 (/opt/ros/jazzy/share/rclcpp/cmake)
[0.212s] -- Found rosidl_generator_c: 4.6.7 (/opt/ros/jazzy/share/rosidl_generator_c/cmake)
[0.217s] -- Found rosidl_generator_cpp: 4.6.7 (/opt/ros/jazzy/share/rosidl_generator_cpp/cmake)
[0.233s] -- Using all available rosidl_typesupport_c: rosidl_typesupport_fastrtps_c;rosidl_typesupport_introspection_c
[0.245s] -- Using all available rosidl_typesupport_cpp: rosidl_typesupport_fastrtps_cpp;rosidl_typesupport_introspection_cpp
[0.285s] -- Found rmw_implementation_cmake: 7.3.3 (/opt/ros/jazzy/share/rmw_implementation_cmake/cmake)
[0.286s] -- Found rmw_fastrtps_cpp: 8.4.3 (/opt/ros/jazzy/share/rmw_fastrtps_cpp/cmake)
[0.328s] -- Using RMW implementation 'rmw_fastrtps_cpp' as default
[0.367s] -- Found rclcpp_action: 28.1.16 (/opt/ros/jazzy/share/rclcpp_action/cmake)
[0.391s] -- Found geometry_msgs: 5.3.6 (/opt/ros/jazzy/share/geometry_msgs/cmake)
[0.409s] -- Found nav_msgs: 5.3.6 (/opt/ros/jazzy/share/nav_msgs/cmake)
[0.425s] -- Found nav2_msgs: 1.3.10 (/opt/ros/jazzy/share/nav2_msgs/cmake)
[0.481s] -- Found std_srvs: 5.3.6 (/opt/ros/jazzy/share/std_srvs/cmake)
[0.490s] -- Found visualization_msgs: 5.3.6 (/opt/ros/jazzy/share/visualization_msgs/cmake)
[0.576s] -- Configuring done (0.5s)
[0.589s] -- Generating done (0.0s)
[0.592s] -- Build files have been written to: /home/ws/build/temizlik_navigation
[0.635s] [ 50%] Built target f2c_smoke_test
[0.646s] [100%] Built target f2c_nav2_waypoint_node
[0.656s] Invoked command in '/home/ws/build/temizlik_navigation' returned '0': CMAKE_PREFIX_PATH=/home/ws/install/opennav_coverage_navigator:/home/ws/install/opennav_coverage_bt:/home/ws/install/opennav_coverage:/home/ws/install/opennav_coverage_msgs:/home/ws/install/fields2cover:/home/ws/install/temizlik_navigation:/home/ws/install/opennav_row_coverage:/opt/ros/jazzy/opt/gz_sim_vendor:/opt/ros/jazzy/opt/gz_sensors_vendor:/opt/ros/jazzy/opt/gz_physics_vendor:/opt/ros/jazzy/opt/sdformat_vendor:/opt/ros/jazzy/opt/gz_gui_vendor:/opt/ros/jazzy/opt/gz_transport_vendor:/opt/ros/jazzy/opt/gz_rendering_vendor:/opt/ros/jazzy/opt/gz_plugin_vendor:/opt/ros/jazzy/opt/gz_fuel_tools_vendor:/opt/ros/jazzy/opt/gz_msgs_vendor:/opt/ros/jazzy/opt/gz_common_vendor:/opt/ros/jazzy/opt/gz_math_vendor:/opt/ros/jazzy/opt/gz_utils_vendor:/opt/ros/jazzy/opt/gz_tools_vendor:/opt/ros/jazzy/opt/gz_ogre_next_vendor:/opt/ros/jazzy/opt/gz_dartsim_vendor:/opt/ros/jazzy/opt/gz_cmake_vendor:/home/ws/install/opennav_coverage_demo:/opt/ros/jazzy LD_LIBRARY_PATH=/home/ws/install/opennav_coverage_navigator/lib:/home/ws/install/opennav_coverage_bt/lib:/home/ws/install/opennav_coverage/lib:/home/ws/install/opennav_coverage_msgs/lib:/home/ws/install/fields2cover/lib:/home/ws/install/opennav_row_coverage/lib:/opt/ros/jazzy/opt/gz_sim_vendor/lib:/opt/ros/jazzy/opt/gz_sensors_vendor/lib:/opt/ros/jazzy/opt/gz_physics_vendor/lib:/opt/ros/jazzy/opt/sdformat_vendor/lib:/opt/ros/jazzy/opt/rviz_ogre_vendor/lib:/opt/ros/jazzy/lib/x86_64-linux-gnu:/opt/ros/jazzy/opt/gz_gui_vendor/lib:/opt/ros/jazzy/opt/gz_transport_vendor/lib:/opt/ros/jazzy/opt/gz_rendering_vendor/lib:/opt/ros/jazzy/opt/gz_plugin_vendor/lib:/opt/ros/jazzy/opt/gz_fuel_tools_vendor/lib:/opt/ros/jazzy/opt/gz_msgs_vendor/lib:/opt/ros/jazzy/opt/gz_common_vendor/lib:/opt/ros/jazzy/opt/gz_math_vendor/lib:/opt/ros/jazzy/opt/gz_utils_vendor/lib:/opt/ros/jazzy/opt/gz_tools_vendor/lib:/opt/ros/jazzy/opt/gz_ogre_next_vendor/lib:/opt/ros/jazzy/opt/gz_dartsim_vendor/lib:/opt/ros/jazzy/opt/gz_cmake_vendor/lib:/opt/ros/jazzy/lib PYTHONPATH=/home/ws/install/opennav_coverage_msgs/lib/python3.12/site-packages:/home/ws/install/opennav_coverage_demo/lib/python3.12/site-packages:/opt/ros/jazzy/lib/python3.12/site-packages /usr/bin/cmake --build /home/ws/build/temizlik_navigation -- -j12 -l12
[0.656s] Invoking command in '/home/ws/build/temizlik_navigation': CMAKE_PREFIX_PATH=/home/ws/install/opennav_coverage_navigator:/home/ws/install/opennav_coverage_bt:/home/ws/install/opennav_coverage:/home/ws/install/opennav_coverage_msgs:/home/ws/install/fields2cover:/home/ws/install/temizlik_navigation:/home/ws/install/opennav_row_coverage:/opt/ros/jazzy/opt/gz_sim_vendor:/opt/ros/jazzy/opt/gz_sensors_vendor:/opt/ros/jazzy/opt/gz_physics_vendor:/opt/ros/jazzy/opt/sdformat_vendor:/opt/ros/jazzy/opt/gz_gui_vendor:/opt/ros/jazzy/opt/gz_transport_vendor:/opt/ros/jazzy/opt/gz_rendering_vendor:/opt/ros/jazzy/opt/gz_plugin_vendor:/opt/ros/jazzy/opt/gz_fuel_tools_vendor:/opt/ros/jazzy/opt/gz_msgs_vendor:/opt/ros/jazzy/opt/gz_common_vendor:/opt/ros/jazzy/opt/gz_math_vendor:/opt/ros/jazzy/opt/gz_utils_vendor:/opt/ros/jazzy/opt/gz_tools_vendor:/opt/ros/jazzy/opt/gz_ogre_next_vendor:/opt/ros/jazzy/opt/gz_dartsim_vendor:/opt/ros/jazzy/opt/gz_cmake_vendor:/home/ws/install/opennav_coverage_demo:/opt/ros/jazzy LD_LIBRARY_PATH=/home/ws/install/opennav_coverage_navigator/lib:/home/ws/install/opennav_coverage_bt/lib:/home/ws/install/opennav_coverage/lib:/home/ws/install/opennav_coverage_msgs/lib:/home/ws/install/fields2cover/lib:/home/ws/install/opennav_row_coverage/lib:/opt/ros/jazzy/opt/gz_sim_vendor/lib:/opt/ros/jazzy/opt/gz_sensors_vendor/lib:/opt/ros/jazzy/opt/gz_physics_vendor/lib:/opt/ros/jazzy/opt/sdformat_vendor/lib:/opt/ros/jazzy/opt/rviz_ogre_vendor/lib:/opt/ros/jazzy/lib/x86_64-linux-gnu:/opt/ros/jazzy/opt/gz_gui_vendor/lib:/opt/ros/jazzy/opt/gz_transport_vendor/lib:/opt/ros/jazzy/opt/gz_rendering_vendor/lib:/opt/ros/jazzy/opt/gz_plugin_vendor/lib:/opt/ros/jazzy/opt/gz_fuel_tools_vendor/lib:/opt/ros/jazzy/opt/gz_msgs_vendor/lib:/opt/ros/jazzy/opt/gz_common_vendor/lib:/opt/ros/jazzy/opt/gz_math_vendor/lib:/opt/ros/jazzy/opt/gz_utils_vendor/lib:/opt/ros/jazzy/opt/gz_tools_vendor/lib:/opt/ros/jazzy/opt/gz_ogre_next_vendor/lib:/opt/ros/jazzy/opt/gz_dartsim_vendor/lib:/opt/ros/jazzy/opt/gz_cmake_vendor/lib:/opt/ros/jazzy/lib PYTHONPATH=/home/ws/install/opennav_coverage_msgs/lib/python3.12/site-packages:/home/ws/install/opennav_coverage_demo/lib/python3.12/site-packages:/opt/ros/jazzy/lib/python3.12/site-packages /usr/bin/cmake --install /home/ws/build/temizlik_navigation
[0.664s] -- Install configuration: ""
[0.664s] -- Up-to-date: /home/ws/install/temizlik_navigation/lib/temizlik_navigation/f2c_smoke_test
[0.664s] -- Up-to-date: /home/ws/install/temizlik_navigation/lib/temizlik_navigation/f2c_nav2_waypoint_node
[0.664s] -- Installing: /home/ws/install/temizlik_navigation/lib/temizlik_navigation/opennav_coverage_waypoint_node.py
[0.664s] -- Up-to-date: /home/ws/install/temizlik_navigation/share/temizlik_navigation/launch
[0.664s] -- Up-to-date: /home/ws/install/temizlik_navigation/share/temizlik_navigation/launch/turtlebot3_nav2.launch.py
[0.664s] -- Up-to-date: /home/ws/install/temizlik_navigation/share/temizlik_navigation/launch/turtlebot3_f2c_nav2.launch.py
[0.664s] -- Up-to-date: /home/ws/install/temizlik_navigation/share/temizlik_navigation/launch/turtlebot3_nav2_coverage_server.launch.py
[0.664s] -- Installing: /home/ws/install/temizlik_navigation/share/temizlik_navigation/launch/turtlebot3_opennav_coverage_drive.launch.py
[0.665s] -- Installing: /home/ws/install/temizlik_navigation/share/temizlik_navigation/launch/turtlebot3_opennav_coverage_bt.launch.py
[0.665s] -- Up-to-date: /home/ws/install/temizlik_navigation/share/temizlik_navigation/launch/__pycache__
[0.665s] -- Up-to-date: /home/ws/install/temizlik_navigation/share/temizlik_navigation/launch/__pycache__/turtlebot3_gazebo_nav2.launch.cpython-310.pyc
[0.665s] -- Installing: /home/ws/install/temizlik_navigation/share/temizlik_navigation/launch/__pycache__/turtlebot3_opennav_coverage_bt.launch.cpython-310.pyc
[0.665s] -- Installing: /home/ws/install/temizlik_navigation/share/temizlik_navigation/launch/__pycache__/turtlebot3_nav2_coverage_server.launch.cpython-310.pyc
[0.665s] -- Up-to-date: /home/ws/install/temizlik_navigation/share/temizlik_navigation/launch/__pycache__/turtlebot3_nav2.launch.cpython-310.pyc
[0.665s] -- Up-to-date: /home/ws/install/temizlik_navigation/share/temizlik_navigation/launch/__pycache__/turtlebot3_f2c_nav2.launch.cpython-310.pyc
[0.665s] -- Installing: /home/ws/install/temizlik_navigation/share/temizlik_navigation/launch/__pycache__/turtlebot3_opennav_coverage_drive.launch.cpython-310.pyc
[0.665s] -- Up-to-date: /home/ws/install/temizlik_navigation/share/temizlik_navigation/launch/turtlebot3_gazebo_nav2.launch.py
[0.665s] -- Up-to-date: /home/ws/install/temizlik_navigation/share/temizlik_navigation/config
[0.665s] -- Up-to-date: /home/ws/install/temizlik_navigation/share/temizlik_navigation/config/f2c_nav2_params.yaml
[0.665s] -- Installing: /home/ws/install/temizlik_navigation/share/temizlik_navigation/config/opennav_coverage_nav2_params.yaml
[0.665s] -- Up-to-date: /home/ws/install/temizlik_navigation/share/temizlik_navigation/config/nav2_coverage_server_params.yaml
[0.665s] -- Installing: /home/ws/install/temizlik_navigation/share/ament_index/resource_index/package_run_dependencies/temizlik_navigation
[0.665s] -- Installing: /home/ws/install/temizlik_navigation/share/ament_index/resource_index/parent_prefix_path/temizlik_navigation
[0.666s] -- Up-to-date: /home/ws/install/temizlik_navigation/share/temizlik_navigation/environment/ament_prefix_path.sh
[0.666s] -- Up-to-date: /home/ws/install/temizlik_navigation/share/temizlik_navigation/environment/ament_prefix_path.dsv
[0.666s] -- Up-to-date: /home/ws/install/temizlik_navigation/share/temizlik_navigation/environment/path.sh
[0.666s] -- Up-to-date: /home/ws/install/temizlik_navigation/share/temizlik_navigation/environment/path.dsv
[0.666s] -- Up-to-date: /home/ws/install/temizlik_navigation/share/temizlik_navigation/local_setup.bash
[0.666s] -- Up-to-date: /home/ws/install/temizlik_navigation/share/temizlik_navigation/local_setup.sh
[0.666s] -- Up-to-date: /home/ws/install/temizlik_navigation/share/temizlik_navigation/local_setup.zsh
[0.666s] -- Up-to-date: /home/ws/install/temizlik_navigation/share/temizlik_navigation/local_setup.dsv
[0.666s] -- Installing: /home/ws/install/temizlik_navigation/share/temizlik_navigation/package.dsv
[0.666s] -- Up-to-date: /home/ws/install/temizlik_navigation/share/ament_index/resource_index/packages/temizlik_navigation
[0.666s] -- Up-to-date: /home/ws/install/temizlik_navigation/share/temizlik_navigation/cmake/temizlik_navigationConfig.cmake
[0.666s] -- Up-to-date: /home/ws/install/temizlik_navigation/share/temizlik_navigation/cmake/temizlik_navigationConfig-version.cmake
[0.666s] -- Installing: /home/ws/install/temizlik_navigation/share/temizlik_navigation/package.xml
[0.667s] Invoked command in '/home/ws/build/temizlik_navigation' returned '0': CMAKE_PREFIX_PATH=/home/ws/install/opennav_coverage_navigator:/home/ws/install/opennav_coverage_bt:/home/ws/install/opennav_coverage:/home/ws/install/opennav_coverage_msgs:/home/ws/install/fields2cover:/home/ws/install/temizlik_navigation:/home/ws/install/opennav_row_coverage:/opt/ros/jazzy/opt/gz_sim_vendor:/opt/ros/jazzy/opt/gz_sensors_vendor:/opt/ros/jazzy/opt/gz_physics_vendor:/opt/ros/jazzy/opt/sdformat_vendor:/opt/ros/jazzy/opt/gz_gui_vendor:/opt/ros/jazzy/opt/gz_transport_vendor:/opt/ros/jazzy/opt/gz_rendering_vendor:/opt/ros/jazzy/opt/gz_plugin_vendor:/opt/ros/jazzy/opt/gz_fuel_tools_vendor:/opt/ros/jazzy/opt/gz_msgs_vendor:/opt/ros/jazzy/opt/gz_common_vendor:/opt/ros/jazzy/opt/gz_math_vendor:/opt/ros/jazzy/opt/gz_utils_vendor:/opt/ros/jazzy/opt/gz_tools_vendor:/opt/ros/jazzy/opt/gz_ogre_next_vendor:/opt/ros/jazzy/opt/gz_dartsim_vendor:/opt/ros/jazzy/opt/gz_cmake_vendor:/home/ws/install/opennav_coverage_demo:/opt/ros/jazzy LD_LIBRARY_PATH=/home/ws/install/opennav_coverage_navigator/lib:/home/ws/install/opennav_coverage_bt/lib:/home/ws/install/opennav_coverage/lib:/home/ws/install/opennav_coverage_msgs/lib:/home/ws/install/fields2cover/lib:/home/ws/install/opennav_row_coverage/lib:/opt/ros/jazzy/opt/gz_sim_vendor/lib:/opt/ros/jazzy/opt/gz_sensors_vendor/lib:/opt/ros/jazzy/opt/gz_physics_vendor/lib:/opt/ros/jazzy/opt/sdformat_vendor/lib:/opt/ros/jazzy/opt/rviz_ogre_vendor/lib:/opt/ros/jazzy/lib/x86_64-linux-gnu:/opt/ros/jazzy/opt/gz_gui_vendor/lib:/opt/ros/jazzy/opt/gz_transport_vendor/lib:/opt/ros/jazzy/opt/gz_rendering_vendor/lib:/opt/ros/jazzy/opt/gz_plugin_vendor/lib:/opt/ros/jazzy/opt/gz_fuel_tools_vendor/lib:/opt/ros/jazzy/opt/gz_msgs_vendor/lib:/opt/ros/jazzy/opt/gz_common_vendor/lib:/opt/ros/jazzy/opt/gz_math_vendor/lib:/opt/ros/jazzy/opt/gz_utils_vendor/lib:/opt/ros/jazzy/opt/gz_tools_vendor/lib:/opt/ros/jazzy/opt/gz_ogre_next_vendor/lib:/opt/ros/jazzy/opt/gz_dartsim_vendor/lib:/opt/ros/jazzy/opt/gz_cmake_vendor/lib:/opt/ros/jazzy/lib PYTHONPATH=/home/ws/install/opennav_coverage_msgs/lib/python3.12/site-packages:/home/ws/install/opennav_coverage_demo/lib/python3.12/site-packages:/opt/ros/jazzy/lib/python3.12/site-packages /usr/bin/cmake --install /home/ws/build/temizlik_navigation
