running egg_info
writing ../../../build/opennav_coverage_demo/opennav_coverage_demo.egg-info/PKG-INFO
writing dependency_links to ../../../build/opennav_coverage_demo/opennav_coverage_demo.egg-info/dependency_links.txt
writing entry points to ../../../build/opennav_coverage_demo/opennav_coverage_demo.egg-info/entry_points.txt
writing requirements to ../../../build/opennav_coverage_demo/opennav_coverage_demo.egg-info/requires.txt
writing top-level names to ../../../build/opennav_coverage_demo/opennav_coverage_demo.egg-info/top_level.txt
reading manifest file '../../../build/opennav_coverage_demo/opennav_coverage_demo.egg-info/SOURCES.txt'
writing manifest file '../../../build/opennav_coverage_demo/opennav_coverage_demo.egg-info/SOURCES.txt'
running build
running build_py
running install
running install_lib
running install_data
running install_egg_info
removing '/home/ws/install/opennav_coverage_demo/lib/python3.12/site-packages/opennav_coverage_demo-1.0.0-py3.12.egg-info' (and everything under it)
Copying ../../../build/opennav_coverage_demo/opennav_coverage_demo.egg-info to /home/ws/install/opennav_coverage_demo/lib/python3.12/site-packages/opennav_coverage_demo-1.0.0-py3.12.egg-info
running install_scripts
Installing demo_coverage script to /home/ws/install/opennav_coverage_demo/lib/opennav_coverage_demo
Installing demo_row_coverage script to /home/ws/install/opennav_coverage_demo/lib/opennav_coverage_demo
writing list of installed files to '/home/ws/build/opennav_coverage_demo/install.log'
