[0.455s] Invoking command in '/home/ws/src/opennav_coverage/opennav_coverage_demo': CMAKE_PREFIX_PATH=/home/ws/install/opennav_row_coverage:/home/ws/install/opennav_coverage_navigator:/home/ws/install/opennav_coverage_bt:/home/ws/install/opennav_coverage:/home/ws/install/opennav_coverage_msgs:/home/ws/install/fields2cover:/home/ws/install/temizlik_navigation:/opt/ros/jazzy/opt/gz_sim_vendor:/opt/ros/jazzy/opt/gz_sensors_vendor:/opt/ros/jazzy/opt/gz_physics_vendor:/opt/ros/jazzy/opt/sdformat_vendor:/opt/ros/jazzy/opt/gz_gui_vendor:/opt/ros/jazzy/opt/gz_transport_vendor:/opt/ros/jazzy/opt/gz_rendering_vendor:/opt/ros/jazzy/opt/gz_plugin_vendor:/opt/ros/jazzy/opt/gz_fuel_tools_vendor:/opt/ros/jazzy/opt/gz_msgs_vendor:/opt/ros/jazzy/opt/gz_common_vendor:/opt/ros/jazzy/opt/gz_math_vendor:/opt/ros/jazzy/opt/gz_utils_vendor:/opt/ros/jazzy/opt/gz_tools_vendor:/opt/ros/jazzy/opt/gz_ogre_next_vendor:/opt/ros/jazzy/opt/gz_dartsim_vendor:/opt/ros/jazzy/opt/gz_cmake_vendor PYTHONPATH=/home/ws/build/opennav_coverage_demo/prefix_override:/usr/lib/python3/dist-packages/colcon_core/task/python/colcon_distutils_commands:/home/ws/install/opennav_coverage_demo/lib/python3.12/site-packages:/home/ws/install/opennav_coverage_msgs/lib/python3.12/site-packages:/home/ws/install/opennav_coverage_demo/lib/python3.12/site-packages:/opt/ros/jazzy/lib/python3.12/site-packages /usr/bin/python3 -W ignore:setup.py install is deprecated -W ignore:easy_install command is deprecated setup.py egg_info --egg-base ../../../build/opennav_coverage_demo build --build-base /home/ws/build/opennav_coverage_demo/build install --record /home/ws/build/opennav_coverage_demo/install.log --single-version-externally-managed install_data
[0.584s] running egg_info
[0.592s] writing ../../../build/opennav_coverage_demo/opennav_coverage_demo.egg-info/PKG-INFO
[0.592s] writing dependency_links to ../../../build/opennav_coverage_demo/opennav_coverage_demo.egg-info/dependency_links.txt
[0.592s] writing entry points to ../../../build/opennav_coverage_demo/opennav_coverage_demo.egg-info/entry_points.txt
[0.592s] writing requirements to ../../../build/opennav_coverage_demo/opennav_coverage_demo.egg-info/requires.txt
[0.593s] writing top-level names to ../../../build/opennav_coverage_demo/opennav_coverage_demo.egg-info/top_level.txt
[0.610s] reading manifest file '../../../build/opennav_coverage_demo/opennav_coverage_demo.egg-info/SOURCES.txt'
[0.611s] writing manifest file '../../../build/opennav_coverage_demo/opennav_coverage_demo.egg-info/SOURCES.txt'
[0.611s] running build
[0.611s] running build_py
[0.611s] running install
[0.614s] running install_lib
[0.623s] running install_data
[0.623s] running install_egg_info
[0.633s] removing '/home/ws/install/opennav_coverage_demo/lib/python3.12/site-packages/opennav_coverage_demo-1.0.0-py3.12.egg-info' (and everything under it)
[0.633s] Copying ../../../build/opennav_coverage_demo/opennav_coverage_demo.egg-info to /home/ws/install/opennav_coverage_demo/lib/python3.12/site-packages/opennav_coverage_demo-1.0.0-py3.12.egg-info
[0.634s] running install_scripts
[0.703s] Installing demo_coverage script to /home/ws/install/opennav_coverage_demo/lib/opennav_coverage_demo
[0.703s] Installing demo_row_coverage script to /home/ws/install/opennav_coverage_demo/lib/opennav_coverage_demo
[0.703s] writing list of installed files to '/home/ws/build/opennav_coverage_demo/install.log'
[0.719s] Invoked command in '/home/ws/src/opennav_coverage/opennav_coverage_demo' returned '0': CMAKE_PREFIX_PATH=/home/ws/install/opennav_row_coverage:/home/ws/install/opennav_coverage_navigator:/home/ws/install/opennav_coverage_bt:/home/ws/install/opennav_coverage:/home/ws/install/opennav_coverage_msgs:/home/ws/install/fields2cover:/home/ws/install/temizlik_navigation:/opt/ros/jazzy/opt/gz_sim_vendor:/opt/ros/jazzy/opt/gz_sensors_vendor:/opt/ros/jazzy/opt/gz_physics_vendor:/opt/ros/jazzy/opt/sdformat_vendor:/opt/ros/jazzy/opt/gz_gui_vendor:/opt/ros/jazzy/opt/gz_transport_vendor:/opt/ros/jazzy/opt/gz_rendering_vendor:/opt/ros/jazzy/opt/gz_plugin_vendor:/opt/ros/jazzy/opt/gz_fuel_tools_vendor:/opt/ros/jazzy/opt/gz_msgs_vendor:/opt/ros/jazzy/opt/gz_common_vendor:/opt/ros/jazzy/opt/gz_math_vendor:/opt/ros/jazzy/opt/gz_utils_vendor:/opt/ros/jazzy/opt/gz_tools_vendor:/opt/ros/jazzy/opt/gz_ogre_next_vendor:/opt/ros/jazzy/opt/gz_dartsim_vendor:/opt/ros/jazzy/opt/gz_cmake_vendor PYTHONPATH=/home/ws/build/opennav_coverage_demo/prefix_override:/usr/lib/python3/dist-packages/colcon_core/task/python/colcon_distutils_commands:/home/ws/install/opennav_coverage_demo/lib/python3.12/site-packages:/home/ws/install/opennav_coverage_msgs/lib/python3.12/site-packages:/home/ws/install/opennav_coverage_demo/lib/python3.12/site-packages:/opt/ros/jazzy/lib/python3.12/site-packages /usr/bin/python3 -W ignore:setup.py install is deprecated -W ignore:easy_install command is deprecated setup.py egg_info --egg-base ../../../build/opennav_coverage_demo build --build-base /home/ws/build/opennav_coverage_demo/build install --record /home/ws/build/opennav_coverage_demo/install.log --single-version-externally-managed install_data
